
  Determining projects to restore...
  All projects are up-to-date for restore.
C:\program files\dotnet\sdk\11.0.100-preview.2.26159.112\Sdks\Microsoft.NET.Sdk\targets\Microsoft.NET.RuntimeIdentifierInference.targets(383,5): message NETSDK1057: You are using a preview version of .NET. See: https://aka.ms/dotnet-support-policy [C:\Users\koosh\Dino\src\Runtime\DINOForge.Runtime.csproj]
C:\Users\koosh\Dino\src\Runtime\Plugin.cs(1471,21): warning CS8602: Dereference of a possibly null reference. [C:\Users\koosh\Dino\src\Runtime\DINOForge.Runtime.csproj]
  DINOForge.Runtime -> G:\SteamLibrary\steamapps\common\Diplomacy is Not an Option\BepInEx\plugins\DINOForge.Runtime.dll
  Deployed packs to G:\SteamLibrary\steamapps\common\Diplomacy is Not an Option\BepInEx\dinoforge_packs

Build succeeded.

C:\Users\koosh\Dino\src\Runtime\Plugin.cs(1471,21): warning CS8602: Dereference of a possibly null reference. [C:\Users\koosh\Dino\src\Runtime\DINOForge.Runtime.csproj]
    1 Warning(s)
    0 Error(s)

Time Elapsed 00:00:02.63
