crates\species\src\pop_pressure.rs:87:9: warning: unused variable: `pressure`: help: if this is intentional, prefix it with an underscore: `_pressure`
warning: unnecessary parentheses around assigned value
    --> crates\needs\src\lib.rs:1127:23
     |
1127 |         birth_prob /= (1.0 + overcrowding_factor);
     |                       ^                         ^
     |
     = note: `#[warn(unused_parens)]` (part of `#[warn(unused)]`) on by default
help: remove these parentheses
     |
1127 -         birth_prob /= (1.0 + overcrowding_factor);
1127 +         birth_prob /= 1.0 + overcrowding_factor;
     |

warning: unused variable: `age_u16`
  --> crates\needs\src\lifecycle.rs:20:9
   |
20 |     let age_u16 = age.clamp(0.0, u16::MAX as f32) as u16;
   |         ^^^^^^^ help: if this is intentional, prefix it with an underscore: `_age_u16`
   |
   = note: `#[warn(unused_variables)]` (part of `#[warn(unused)]`) on by default

warning: `civ-species` (lib) generated 1 warning (run `cargo fix --lib -p civ-species` to apply 1 suggestion)
warning: `civ-needs` (lib) generated 2 warnings (run `cargo fix --lib -p civ-needs` to apply 2 suggestions)
warning: struct `PlannedAllocator` is never constructed
  --> crates\economy\src\allocation.rs:38:12
   |
38 | pub struct PlannedAllocator;
   |            ^^^^^^^^^^^^^^^^
   |
   = note: `#[warn(dead_code)]` (part of `#[warn(unused)]`) on by default

warning: struct `JouleAllocator` is never constructed
  --> crates\economy\src\allocation.rs:53:12
   |
53 | pub struct JouleAllocator;
   |            ^^^^^^^^^^^^^^

warning: enum `PriorityTier` is never used
   --> crates\economy\src\allocation.rs:124:10
    |
124 | pub enum PriorityTier {
    |          ^^^^^^^^^^^^

warning: function `allocate_by_priority` is never used
   --> crates\economy\src\allocation.rs:141:8
    |
141 | pub fn allocate_by_priority(
    |        ^^^^^^^^^^^^^^^^^^^^

warning: enum `AllocationRegime` is never used
   --> crates\economy\src\allocation.rs:172:10
    |
172 | pub enum AllocationRegime {
    |          ^^^^^^^^^^^^^^^^

warning: function `allocate_with` is never used
   --> crates\economy\src\allocation.rs:188:8
    |
188 | pub fn allocate_with(regime: AllocationRegime, budget: i64, demand: i64) -> i64 {
    |        ^^^^^^^^^^^^^

warning: type alias `GoodId` is never used
   --> crates\economy\src\allocation.rs:202:10
    |
202 | pub type GoodId = u32;
    |          ^^^^^^

warning: constant `SCALE` is never used
   --> crates\economy\src\allocation.rs:211:7
    |
211 | const SCALE: i64 = 10;
    |       ^^^^^

warning: enum `NeedKind` is never used
   --> crates\economy\src\allocation.rs:217:10
    |
217 | pub enum NeedKind {
    |          ^^^^^^^^

warning: struct `AgentNeed` is never constructed
   --> crates\economy\src\allocation.rs:230:12
    |
230 | pub struct AgentNeed {
    |            ^^^^^^^^^

warning: methods `deficit` and `need_units` are never used
   --> crates\economy\src\allocation.rs:243:8
    |
241 | impl AgentNeed {
    | -------------- methods in this implementation
242 |     /// Deficit in `[0.0, 1.0]` (1.0 minus satisfaction, clamped at 0).
243 |     fn deficit(&self) -> f64 {
    |        ^^^^^^^
...
255 |     fn need_units(&self) -> i64 {
    |        ^^^^^^^^^^

warning: struct `AllocationOutcome` is never constructed
   --> crates\economy\src\allocation.rs:280:12
    |
280 | pub struct AllocationOutcome {
    |            ^^^^^^^^^^^^^^^^^

warning: function `subsistence_first_allocate` is never used
   --> crates\economy\src\allocation.rs:317:8
    |
317 | pub fn subsistence_first_allocate(
    |        ^^^^^^^^^^^^^^^^^^^^^^^^^^

warning: constant `STABLE_INFLATION_BP10` is never used
  --> crates\economy\src\currency_trust.rs:61:7
   |
61 | const STABLE_INFLATION_BP10: i64 = 500; // 5 % per tick
   |       ^^^^^^^^^^^^^^^^^^^^^

warning: struct `SettlementTradeFlow` is never constructed
   --> crates\economy\src\market.rs:168:12
    |
168 | pub struct SettlementTradeFlow {
    |            ^^^^^^^^^^^^^^^^^^^

warning: function `settlement_trade_flow` is never used
   --> crates\economy\src\market.rs:190:8
    |
190 | pub fn settlement_trade_flow(
    |        ^^^^^^^^^^^^^^^^^^^^^

warning: struct `TradeOffer` is never constructed
   --> crates\economy\src\stocks.rs:167:12
    |
167 | pub struct TradeOffer {
    |            ^^^^^^^^^^

warning: function `deficit_was_clamped` is never used
   --> crates\economy\src\stocks.rs:182:4
    |
182 | fn deficit_was_clamped(flow: i64, applied: i64) -> bool {
    |    ^^^^^^^^^^^^^^^^^^^

warning: function `step_stocks` is never used
   --> crates\economy\src\stocks.rs:190:8
    |
190 | pub fn step_stocks(stocks: &mut Stocks, profile: &ProductionProfile) {
    |        ^^^^^^^^^^^

warning: function `comparative_advantage` is never used
   --> crates\economy\src\stocks.rs:223:8
    |
223 | pub fn comparative_advantage(profile: &ProductionProfile) -> Good {
    |        ^^^^^^^^^^^^^^^^^^^^^

warning: function `trade_gain` is never used
   --> crates\economy\src\stocks.rs:238:8
    |
238 | pub fn trade_gain(a: &ProductionProfile, b: &ProductionProfile) -> i64 {
    |        ^^^^^^^^^^

warning: function `propose_trade` is never used
   --> crates\economy\src\stocks.rs:252:8
    |
252 | pub fn propose_trade(
    |        ^^^^^^^^^^^^^

warning: function `offer_better` is never used
   --> crates\economy\src\stocks.rs:310:4
    |
310 | fn offer_better(candidate: &TradeOffer, current: &TradeOffer) -> bool {
    |    ^^^^^^^^^^^^

warning: function `apply_trade` is never used
   --> crates\economy\src\stocks.rs:317:8
    |
317 | pub fn apply_trade(a: &mut Stocks, b: &mut Stocks, offer: &TradeOffer) {
    |        ^^^^^^^^^^^

warning: `civ-economy` (lib) generated 24 warnings
warning: missing documentation for a module
  --> crates\civ-emergence-metrics\src\lib.rs:55:1
   |
55 | pub mod sample_snapshot;
   | ^^^^^^^^^^^^^^^^^^^^^^^
   |
note: the lint level is defined here
  --> crates\civ-emergence-metrics\src\lib.rs:47:9
   |
47 | #![warn(missing_docs)]
   |         ^^^^^^^^^^^^

warning: `civ-emergence-metrics` (lib) generated 1 warning
    Checking civ-engine v0.1.0 (C:\Users\koosh\Dev\Civis-cxA\crates\engine)
warning: unused import: `crate::culture::CultureSnapshot`
  --> crates\engine\src\building_layouts.rs:13:5
   |
13 | use crate::culture::CultureSnapshot;
   |     ^^^^^^^^^^^^^^^^^^^^^^^^^^^^^^^
   |
   = note: `#[warn(unused_imports)]` (part of `#[warn(unused)]`) on by default

warning: unused import: `crate::demographics::DemographicsSnapshot`
  --> crates\engine\src\building_layouts.rs:14:5
   |
14 | use crate::demographics::DemographicsSnapshot;
   |     ^^^^^^^^^^^^^^^^^^^^^^^^^^^^^^^^^^^^^^^^^

warning: unnecessary parentheses around assigned value
   --> crates\engine\src\culture.rs:197:25
    |
197 |             let noise = (rng.gen_range(-0.5f32..0.5f32) * 2.0 * drift_strength);
    |                         ^                                                     ^
    |
    = note: `#[warn(unused_parens)]` (part of `#[warn(unused)]`) on by default
help: remove these parentheses
    |
197 -             let noise = (rng.gen_range(-0.5f32..0.5f32) * 2.0 * drift_strength);
197 +             let noise = rng.gen_range(-0.5f32..0.5f32) * 2.0 * drift_strength;
    |

warning: unnecessary parentheses around assigned value
   --> crates\engine\src\culture.rs:210:30
    |
210 |             let norm_noise = (rng.gen_range(-0.5f32..0.5f32) * 0.015 * (1.0 - 0.65 * isolation));
    |                              ^                                                                 ^
    |
help: remove these parentheses
    |
210 -             let norm_noise = (rng.gen_range(-0.5f32..0.5f32) * 0.015 * (1.0 - 0.65 * isolation));
210 +             let norm_noise = rng.gen_range(-0.5f32..0.5f32) * 0.015 * (1.0 - 0.65 * isolation);
    |

warning: unused imports: `SeedSet` and `spawn_genome_with_divergence`
  --> crates\engine\src\emergence.rs:19:20
   |
19 |     Dna, DnaClass, spawn_genome_with_divergence, SeedDefinition, SeedLibrary, SeedSet,
   |                    ^^^^^^^^^^^^^^^^^^^^^^^^^^^^                               ^^^^^^^

warning: unused import: `CapitalistAllocator`
  --> crates\engine\src\engine.rs:16:37
   |
16 | use civ_economy::{AllocationEngine, CapitalistAllocator, EconomyState, LaborCapacityAllocator, MarketState};
   |                                     ^^^^^^^^^^^^^^^^^^^

warning: unused imports: `SubstrateGradients`, `apply_big_gods_response`, `last_religion_sample`, and `substrate_gradients_for`
  --> crates\engine\src\engine.rs:54:5
   |
54 |     apply_big_gods_response, last_religion_sample, substrate_gradients_for,
   |     ^^^^^^^^^^^^^^^^^^^^^^^  ^^^^^^^^^^^^^^^^^^^^  ^^^^^^^^^^^^^^^^^^^^^^^
55 |     ReligiousProfile, SubstrateGradients,
   |                       ^^^^^^^^^^^^^^^^^^

warning: unused imports: `PACKED_DIRT` and `SAND`
   --> crates\engine\src\godtools.rs:108:41
    |
108 |     material::{GRAVEL, LAVA, MOSS, ORE, PACKED_DIRT, PLANT, SAND, SNOW, STEAM, STONE, WATER, WOOD},
    |                                         ^^^^^^^^^^^         ^^^^

warning: unused import: `InstitutionKind`
  --> crates\engine\src\save.rs:12:64
   |
12 |     Building, CombatDamagePulse, DoctrineLibrary, Institution, InstitutionKind, MilitaryUnit,
   |                                                                ^^^^^^^^^^^^^^^

warning: use of deprecated function `religion::emerge_belief`: Bool-gated emergence replaced by continuous apply_big_gods_response
  --> crates\engine\src\lib.rs:42:20
   |
42 | pub use religion::{emerge_belief, spread_religion, Belief, BeliefConcept, Religion};
   |                    ^^^^^^^^^^^^^
   |
   = note: `#[warn(deprecated)]` on by default

warning: use of deprecated function `religion::spread_religion`: Self-contained spread replaced by gradient-coupled response + substrate writes
  --> crates\engine\src\lib.rs:42:35
   |
42 | pub use religion::{emerge_belief, spread_religion, Belief, BeliefConcept, Religion};
   |                                   ^^^^^^^^^^^^^^^

warning: use of deprecated struct `religion::Belief`: Authored belief list is replaced by ReligiousProfile (monitoring, mythic_coherence, uncertainty_reduction)
  --> crates\engine\src\lib.rs:42:52
   |
42 | pub use religion::{emerge_belief, spread_religion, Belief, BeliefConcept, Religion};
   |                                                    ^^^^^^

warning: use of deprecated enum `religion::BeliefConcept`: Authored theology violates the emergence charter; use ReligiousProfile + display_label
  --> crates\engine\src\lib.rs:42:60
   |
42 | pub use religion::{emerge_belief, spread_religion, Belief, BeliefConcept, Religion};
   |                                                            ^^^^^^^^^^^^^

warning: use of deprecated struct `religion::Religion`: Replaced by ReligiousProfile — see spec §2 / §9
  --> crates\engine\src\lib.rs:42:75
   |
42 | pub use religion::{emerge_belief, spread_religion, Belief, BeliefConcept, Religion};
   |                                                                           ^^^^^^^^

warning: use of deprecated enum `religion::BeliefConcept`: Authored theology violates the emergence charter; use ReligiousProfile + display_label
   --> crates\engine\src\religion.rs:462:18
    |
462 |     pub concept: BeliefConcept,
    |                  ^^^^^^^^^^^^^

warning: use of deprecated struct `religion::Belief`: Authored belief list is replaced by ReligiousProfile (monitoring, mythic_coherence, uncertainty_reduction)
   --> crates\engine\src\religion.rs:475:22
    |
475 |     pub beliefs: Vec<Belief>,
    |                      ^^^^^^

warning: use of deprecated struct `religion::Belief`: Authored belief list is replaced by ReligiousProfile (monitoring, mythic_coherence, uncertainty_reduction)
   --> crates\engine\src\religion.rs:489:94
    |
489 | pub fn emerge_belief(_hardship: f32, _group_size: u32, _agent_detection_bias: f32) -> Option<Belief> {
    |                                                                                              ^^^^^^

warning: use of deprecated struct `religion::Religion`: Replaced by ReligiousProfile — see spec §2 / §9
   --> crates\engine\src\religion.rs:500:35
    |
500 | pub fn spread_religion(_rel: &mut Religion, _nearby_agents: u32, _tick: u64) {}
    |                                   ^^^^^^^^

warning: unused variable: `metal_available`
  --> crates\engine\src\building_layouts.rs:61:9
   |
61 |         metal_available: f32,
   |         ^^^^^^^^^^^^^^^ help: if this is intentional, prefix it with an underscore: `_metal_available`
   |
   = note: `#[warn(unused_variables)]` (part of `#[warn(unused)]`) on by default

warning: value assigned to `casualties` is never read
   --> crates\engine\src\disasters.rs:187:26
    |
187 |     let mut casualties = 0u32;
    |                          ^^^^ this value is reassigned later and never used
...
211 |             casualties = impact.1;
    |             --------------------- `casualties` is overwritten here before the previous value is read
    |
    = note: `#[warn(unused_assignments)]` (part of `#[warn(unused)]`) on by default

warning: value assigned to `impact` is never read
   --> crates\engine\src\disasters.rs:188:22
    |
188 |       let mut impact = (0i32, 0u32, 0.0_f32);
    |                        ^^^^^^^^^^^^^^^^^^^^^ this value is reassigned later and never used
...
205 | /             impact = hit_agents(
206 | |                 sim,
207 | |                 pos,
208 | |                 radius,
209 | |                 DisasterEffect::new(0.28, 0.35, 0.25, 0.55, true),
210 | |             );
    | |_____________- `impact` is overwritten here before the previous value is read

warning: variable `cumulative` is assigned to, but never used
    --> crates\engine\src\engine.rs:1137:9
     |
1137 |     let mut cumulative = 0.0_f64;
     |         ^^^^^^^^^^^^^^
     |
     = note: consider using `_cumulative` instead

warning: value assigned to `cumulative` is never read
    --> crates\engine\src\engine.rs:1140:9
     |
1140 |         cumulative += *w as f64;
     |         ^^^^^^^^^^^^^^^^^^^^^^^
     |
     = help: maybe it is overwritten before being read?

warning: unused variable: `id`
    --> crates\engine\src\engine.rs:3344:30
     |
3344 |                 for (entity, id, mut sample) in candidates.into_iter().take(migration_count) {
     |                              ^^ help: if this is intentional, prefix it with an underscore: `_id`

warning: value assigned to `sample` is never read
    --> crates\engine\src\engine.rs:3352:25
     |
3352 |                         sample.x = nx;
     |                         ^^^^^^^^^^^^^
     |
     = help: maybe it is overwritten before being read?

warning: value assigned to `sample` is never read
    --> crates\engine\src\engine.rs:3353:25
     |
3353 |                         sample.y = ny;
     |                         ^^^^^^^^^^^^^
     |
     = help: maybe it is overwritten before being read?

warning: unused variable: `civ`
   --> crates\engine\src\godtools.rs:783:37
    |
783 |         .filter_map(|(entity, (pos, civ))| {
    |                                     ^^^ help: if this is intentional, prefix it with an underscore: `_civ`

warning: unused variable: `idx`
   --> crates\engine\src\language.rs:138:9
    |
138 |     for idx in 0..feature_len {
    |         ^^^ help: if this is intentional, prefix it with an underscore: `_idx`

warning: function `select_seed_for_position` is never used
   --> crates\engine\src\emergence.rs:133:4
    |
133 | fn select_seed_for_position<'a>(
    |    ^^^^^^^^^^^^^^^^^^^^^^^^
    |
    = note: `#[warn(dead_code)]` (part of `#[warn(unused)]`) on by default

warning: associated function `default_emergence_state` is never used
   --> crates\engine\src\emergence.rs:159:19
    |
158 | impl Simulation {
    | --------------- associated function in this implementation
159 |     pub(crate) fn default_emergence_state(seed: u64) -> EmergenceState {
    |                   ^^^^^^^^^^^^^^^^^^^^^^^

warning: constant `SUBCRITICAL_TICK_ALARM` is never used
  --> crates\engine\src\emergence_metrics.rs:76:7
   |
76 | const SUBCRITICAL_TICK_ALARM: u32 = 100;
   |       ^^^^^^^^^^^^^^^^^^^^^^

warning: constant `SUPERCRITICAL_AVALANCHE_ALARM` is never used
  --> crates\engine\src\emergence_metrics.rs:79:7
   |
79 | const SUPERCRITICAL_AVALANCHE_ALARM: u32 = 10;
   |       ^^^^^^^^^^^^^^^^^^^^^^^^^^^^^

warning: methods `phase_emergence_events_close`, `close_open_avalanche`, `refresh_branching_metrics`, `record_unrest_micro_activity`, and `sample_emergence_with_ca_grid` are never used
   --> crates\engine\src\emergence_metrics.rs:320:19
    |
294 | impl Simulation {
    | --------------- methods in this implementation
...
320 |     pub(crate) fn phase_emergence_events_close(&mut self) {
    |                   ^^^^^^^^^^^^^^^^^^^^^^^^^^^^
...
365 |     fn close_open_avalanche(&mut self, open: OpenAvalanche, ratio: f32, close_tick: u64) {
    |        ^^^^^^^^^^^^^^^^^^^^
...
384 |     fn refresh_branching_metrics(&mut self, silence: bool) {
    |        ^^^^^^^^^^^^^^^^^^^^^^^^^
...
435 |     pub(crate) fn record_unrest_micro_activity(&mut self, units: u32) {
    |                   ^^^^^^^^^^^^^^^^^^^^^^^^^^^^
...
455 |     pub(crate) fn sample_emergence_with_ca_grid(&mut self, grid: &CaGrid) -> bool {
    |                   ^^^^^^^^^^^^^^^^^^^^^^^^^^^^^

warning: function `civilian_to_health` is never used
   --> crates\engine\src\engine.rs:374:4
    |
374 | fn civilian_to_health(needs: &Needs) -> civ_needs::Health {
    |    ^^^^^^^^^^^^^^^^^^

warning: fields `households` and `household_band_set` are never read
   --> crates\engine\src\engine.rs:779:5
    |
600 | pub struct Simulation {
    |            ---------- fields in this struct
...
779 |     households: BTreeMap<u64, ()>,
    |     ^^^^^^^^^^
...
786 |     household_band_set: BTreeSet<(u32, u64, StratBand)>,
    |     ^^^^^^^^^^^^^^^^^^

warning: function `contact_pressure_for` is never used
    --> crates\engine\src\engine.rs:1369:4
     |
1369 | fn contact_pressure_for(
     |    ^^^^^^^^^^^^^^^^^^^^

warning: constant `CHRONICLE_MAX_LEN` is never used
    --> crates\engine\src\engine.rs:4778:7
     |
4778 | const CHRONICLE_MAX_LEN: usize = 200;
     |       ^^^^^^^^^^^^^^^^^

warning: constant `CLUSTER_FOOD_PRODUCTION_PER_MEMBER` is never used
    --> crates\engine\src\engine.rs:4782:7
     |
4782 | const CLUSTER_FOOD_PRODUCTION_PER_MEMBER: i64 = 1;
     |       ^^^^^^^^^^^^^^^^^^^^^^^^^^^^^^^^^^

warning: constant `CLUSTER_FOOD_CONSUMPTION_PER_MEMBER` is never used
    --> crates\engine\src\engine.rs:4787:7
     |
4787 | const CLUSTER_FOOD_CONSUMPTION_PER_MEMBER: i64 = 1;
     |       ^^^^^^^^^^^^^^^^^^^^^^^^^^^^^^^^^^^

warning: constant `SETTLEMENT_FOOD_MARKET_WEIGHT` is never used
    --> crates\engine\src\engine.rs:4789:7
     |
4789 | const SETTLEMENT_FOOD_MARKET_WEIGHT: i64 = 2;
     |       ^^^^^^^^^^^^^^^^^^^^^^^^^^^^^

warning: constant `FOOD_MARKET_PRESSURE_SCALE` is never used
    --> crates\engine\src\engine.rs:4793:7
     |
4793 | const FOOD_MARKET_PRESSURE_SCALE: i64 = 500_000;
     |       ^^^^^^^^^^^^^^^^^^^^^^^^^^

warning: constant `FOOD_SCARCITY_BASELINE` is never used
    --> crates\engine\src\engine.rs:4797:7
     |
4797 | const FOOD_SCARCITY_BASELINE: i64 = 1_000;
     |       ^^^^^^^^^^^^^^^^^^^^^^

warning: function `tech_unlocks_for_tier` is never used
    --> crates\engine\src\engine.rs:4808:4
     |
4808 | fn tech_unlocks_for_tier(research_tier: u64) -> u64 {
     |    ^^^^^^^^^^^^^^^^^^^^^

warning: function `food_scarcity_birth_factor` is never used
    --> crates\engine\src\engine.rs:4843:4
     |
4843 | fn food_scarcity_birth_factor(food_price: i64) -> f64 {
     |    ^^^^^^^^^^^^^^^^^^^^^^^^^^

warning: function `unrest_delta` is never used
    --> crates\engine\src\engine.rs:4853:4
     |
4853 | fn unrest_delta(food_price: i64) -> i64 {
     |    ^^^^^^^^^^^^

warning: function `commodity_unrest_delta` is never used
    --> crates\engine\src\engine.rs:4871:4
     |
4871 | fn commodity_unrest_delta(prices: &std::collections::BTreeMap<String, i64>) -> i64 {
     |    ^^^^^^^^^^^^^^^^^^^^^^

warning: function `faction_wealth_scarcity_shadow` is never used
    --> crates\engine\src\engine.rs:4892:4
     |
4892 | fn faction_wealth_scarcity_shadow(treasury: Fixed, resources: &Resources) -> i64 {
     |    ^^^^^^^^^^^^^^^^^^^^^^^^^^^^^^

warning: function `faction_unrest_delta_from_shadow` is never used
    --> crates\engine\src\engine.rs:4911:4
     |
4911 | fn faction_unrest_delta_from_shadow(scarcity_shadow: i64) -> i64 {
     |    ^^^^^^^^^^^^^^^^^^^^^^^^^^^^^^^^

warning: function `energy_scarcity_unrest` is never used
    --> crates\engine\src\engine.rs:4919:4
     |
4919 | fn energy_scarcity_unrest(energy_budget: Fixed) -> i64 {
     |    ^^^^^^^^^^^^^^^^^^^^^^

warning: function `agent_misery_unrest` is never used
    --> crates\engine\src\engine.rs:4931:4
     |
4931 | fn agent_misery_unrest(world: &hecs::World) -> i64 {
     |    ^^^^^^^^^^^^^^^^^^^

warning: function `micro_cohesion_delta` is never used
    --> crates\engine\src\engine.rs:4946:4
     |
4946 | fn micro_cohesion_delta(world: &hecs::World) -> i64 {
     |    ^^^^^^^^^^^^^^^^^^^^

warning: function `micro_social_trust_permille` is never used
    --> crates\engine\src\engine.rs:4977:4
     |
4977 | fn micro_social_trust_permille(world: &hecs::World) -> u64 {
     |    ^^^^^^^^^^^^^^^^^^^^^^^^^^^

warning: function `avg_psyche_maturity` is never used
    --> crates\engine\src\engine.rs:5001:4
     |
5001 | fn avg_psyche_maturity(world: &hecs::World) -> f32 {
     |    ^^^^^^^^^^^^^^^^^^^

warning: function `avg_faction_kinship` is never used
    --> crates\engine\src\engine.rs:5013:4
     |
5013 | fn avg_faction_kinship(world: &hecs::World) -> f32 {
     |    ^^^^^^^^^^^^^^^^^^^

warning: function `sentience_research_bonus` is never used
    --> crates\engine\src\engine.rs:5106:4
     |
5106 | fn sentience_research_bonus(world: &hecs::World) -> u64 {
     |    ^^^^^^^^^^^^^^^^^^^^^^^^

warning: function `production_yield_factor` is never used
    --> crates\engine\src\engine.rs:5154:4
     |
5154 | fn production_yield_factor(research_tier: u64) -> Fixed {
     |    ^^^^^^^^^^^^^^^^^^^^^^^

warning: function `biome_yield_factor` is never used
    --> crates\engine\src\engine.rs:5163:4
     |
5163 | fn biome_yield_factor(biome: civ_planet::BiomeKind) -> Fixed {
     |    ^^^^^^^^^^^^^^^^^^

warning: function `aggregate_biome_yield` is never used
    --> crates\engine\src\engine.rs:5187:4
     |
5187 | fn aggregate_biome_yield(biomes: &[civ_planet::BiomeKind]) -> Fixed {
     |    ^^^^^^^^^^^^^^^^^^^^^

warning: function `morale_recovery_rate` is never used
    --> crates\engine\src\engine.rs:5204:4
     |
5204 | fn morale_recovery_rate(cohesion: u64) -> Fixed {
     |    ^^^^^^^^^^^^^^^^^^^^

warning: function `overcrowding_unrest` is never used
    --> crates\engine\src\engine.rs:5215:4
     |
5215 | fn overcrowding_unrest(population: u64, capacity: i64) -> i64 {
     |    ^^^^^^^^^^^^^^^^^^^

warning: function `cohesion_research_bonus_permille` is never used
    --> crates\engine\src\engine.rs:5228:4
     |
5228 | fn cohesion_research_bonus_permille(cohesion: u64) -> u64 {
     |    ^^^^^^^^^^^^^^^^^^^^^^^^^^^^^^^^

warning: function `faction_treasury_spread` is never used
    --> crates\engine\src\engine.rs:5234:4
     |
5234 | fn faction_treasury_spread(treasury: &HashMap<u32, Fixed>) -> i64 {
     |    ^^^^^^^^^^^^^^^^^^^^^^^

warning: function `inequality_unrest` is never used
    --> crates\engine\src\engine.rs:5252:4
     |
5252 | fn inequality_unrest(treasury_spread: i64) -> i64 {
     |    ^^^^^^^^^^^^^^^^^

warning: function `dispossession_target_permille` is never used
    --> crates\engine\src\engine.rs:5261:4
     |
5261 | fn dispossession_target_permille(treasury_spread: i64, cohesion: u64) -> u64 {
     |    ^^^^^^^^^^^^^^^^^^^^^^^^^^^^^

warning: function `institution_target_level` is never used
    --> crates\engine\src\engine.rs:5273:4
     |
5273 | fn institution_target_level(signal: u64, per_level: u64) -> u32 {
     |    ^^^^^^^^^^^^^^^^^^^^^^^^

warning: function `institution_step` is never used
    --> crates\engine\src\engine.rs:5279:4
     |
5279 | fn institution_step(current: u32, target: u32) -> u32 {
     |    ^^^^^^^^^^^^^^^^

warning: function `dispossession_step` is never used
    --> crates\engine\src\engine.rs:5291:4
     |
5291 | fn dispossession_step(current: u64, target: u64) -> u64 {
     |    ^^^^^^^^^^^^^^^^^^

warning: function `dispossession_unrest` is never used
    --> crates\engine\src\engine.rs:5301:4
     |
5301 | fn dispossession_unrest(dispossessed_permille: u64) -> i64 {
     |    ^^^^^^^^^^^^^^^^^^^^

warning: function `research_unrest_mitigation` is never used
    --> crates\engine\src\engine.rs:5311:4
     |
5311 | fn research_unrest_mitigation(rise: i64, research_tier: u64) -> i64 {
     |    ^^^^^^^^^^^^^^^^^^^^^^^^^^

warning: function `building_cadence` is never used
    --> crates\engine\src\engine.rs:5323:4
     |
5323 | fn building_cadence(research_tier: u64) -> u64 {
     |    ^^^^^^^^^^^^^^^^

warning: function `building_demand_signals` is never used
    --> crates\engine\src\engine.rs:5334:4
     |
5334 | fn building_demand_signals(
     |    ^^^^^^^^^^^^^^^^^^^^^^^

warning: constant `BUILDING_WOOD_PER_PARCEL` is never used
    --> crates\engine\src\engine.rs:5366:7
     |
5366 | const BUILDING_WOOD_PER_PARCEL: i64 = 10;
     |       ^^^^^^^^^^^^^^^^^^^^^^^^

warning: constant `BUILDING_METAL_PER_PARCEL` is never used
    --> crates\engine\src\engine.rs:5368:7
     |
5368 | const BUILDING_METAL_PER_PARCEL: i64 = 5;
     |       ^^^^^^^^^^^^^^^^^^^^^^^^^

warning: constant `BUILDING_MATERIAL_GATE` is never used
    --> crates\engine\src\engine.rs:5370:7
     |
5370 | const BUILDING_MATERIAL_GATE: i64 = 500;
     |       ^^^^^^^^^^^^^^^^^^^^^^

warning: constant `FC3_COMMERCIAL_PARCEL_THRESHOLD` is never used
    --> crates\engine\src\engine.rs:5371:7
     |
5371 | const FC3_COMMERCIAL_PARCEL_THRESHOLD: f32 = 0.5;
     |       ^^^^^^^^^^^^^^^^^^^^^^^^^^^^^^^

warning: function `building_material_headroom_permille` is never used
    --> crates\engine\src\engine.rs:5374:4
     |
5374 | fn building_material_headroom_permille(stock: Fixed, reserve_units: i64, gate_units: i64) -> u64 {
     |    ^^^^^^^^^^^^^^^^^^^^^^^^^^^^^^^^^^^

warning: function `building_affordable_parcel_count` is never used
    --> crates\engine\src\engine.rs:5386:4
     |
5386 | fn building_affordable_parcel_count(wood: Fixed, metal: Fixed) -> usize {
     |    ^^^^^^^^^^^^^^^^^^^^^^^^^^^^^^^^

warning: function `building_signals_limited` is never used
    --> crates\engine\src\engine.rs:5403:4
     |
5403 | fn building_signals_limited(signals: DemandSignals, max_parcels: usize) -> DemandSignals {
     |    ^^^^^^^^^^^^^^^^^^^^^^^^

warning: function `fc3_commercial_metal_steady_ceiling_i64` is never used
    --> crates\engine\src\engine.rs:5435:4
     |
5435 | fn fc3_commercial_metal_steady_ceiling_i64(cohesion: u64) -> i64 {
     |    ^^^^^^^^^^^^^^^^^^^^^^^^^^^^^^^^^^^^^^^

warning: function `building_parcel_count` is never used
    --> crates\engine\src\engine.rs:5446:4
     |
5446 | fn building_parcel_count(signals: &DemandSignals) -> usize {
     |    ^^^^^^^^^^^^^^^^^^^^^

warning: function `building_material_cost` is never used
    --> crates\engine\src\engine.rs:5459:4
     |
5459 | fn building_material_cost(parcel_count: usize) -> (Fixed, Fixed) {
     |    ^^^^^^^^^^^^^^^^^^^^^^

warning: function `building_materials_affordable` is never used
    --> crates\engine\src\engine.rs:5469:4
     |
5469 | fn building_materials_affordable(wood: Fixed, metal: Fixed, parcel_count: usize) -> bool {
     |    ^^^^^^^^^^^^^^^^^^^^^^^^^^^^^

warning: constant `COHESION_BELIEF_DIVISOR` is never used
    --> crates\engine\src\engine.rs:5475:7
     |
5475 | const COHESION_BELIEF_DIVISOR: u64 = 200;
     |       ^^^^^^^^^^^^^^^^^^^^^^^

warning: constant `COHESION_UNREST_DIVISOR` is never used
    --> crates\engine\src\engine.rs:5477:7
     |
5477 | const COHESION_UNREST_DIVISOR: u64 = 50;
     |       ^^^^^^^^^^^^^^^^^^^^^^^

warning: function `cohesion_delta` is never used
    --> crates\engine\src\engine.rs:5483:4
     |
5483 | fn cohesion_delta(belief: u64, unrest: u64) -> i64 {
     |    ^^^^^^^^^^^^^^

warning: function `cohesion_unrest_damp` is never used
    --> crates\engine\src\engine.rs:5525:4
     |
5525 | fn cohesion_unrest_damp(rise: i64, cohesion: u64) -> i64 {
     |    ^^^^^^^^^^^^^^^^^^^^

warning: constant `UNREST_TRADE_FLOOR_PERMILLE` is never used
    --> crates\engine\src\engine.rs:5551:7
     |
5551 | const UNREST_TRADE_FLOOR_PERMILLE: i64 = 500;
     |       ^^^^^^^^^^^^^^^^^^^^^^^^^^^

warning: constant `UNREST_PER_TRADE_PERMILLE` is never used
    --> crates\engine\src\engine.rs:5553:7
     |
5553 | const UNREST_PER_TRADE_PERMILLE: u64 = 4;
     |       ^^^^^^^^^^^^^^^^^^^^^^^^^

warning: function `unrest_trade_factor` is never used
    --> crates\engine\src\engine.rs:5559:4
     |
5559 | fn unrest_trade_factor(unrest: u64) -> Fixed {
     |    ^^^^^^^^^^^^^^^^^^^

warning: constant `COHESION_PER_TRADE_PERMILLE` is never used
    --> crates\engine\src\engine.rs:5566:7
     |
5566 | const COHESION_PER_TRADE_PERMILLE: u64 = 4;
     |       ^^^^^^^^^^^^^^^^^^^^^^^^^^^

warning: constant `COHESION_TRADE_CAP_PERMILLE` is never used
    --> crates\engine\src\engine.rs:5568:7
     |
5568 | const COHESION_TRADE_CAP_PERMILLE: i64 = 500;
     |       ^^^^^^^^^^^^^^^^^^^^^^^^^^^

warning: constant `MICRO_TRUST_CAP_PERMILLE` is never used
    --> crates\engine\src\engine.rs:5570:7
     |
5570 | const MICRO_TRUST_CAP_PERMILLE: u64 = 250;
     |       ^^^^^^^^^^^^^^^^^^^^^^^^

warning: constant `SOCIETY_TRADE_BOOST_CAP_PERMILLE` is never used
    --> crates\engine\src\engine.rs:5572:7
     |
5572 | const SOCIETY_TRADE_BOOST_CAP_PERMILLE: i64 = 750;
     |       ^^^^^^^^^^^^^^^^^^^^^^^^^^^^^^^^

warning: function `society_trade_factor` is never used
    --> crates\engine\src\engine.rs:5576:4
     |
5576 | fn society_trade_factor(cohesion: u64, micro_trust_permille: u64) -> Fixed {
     |    ^^^^^^^^^^^^^^^^^^^^

warning: function `cohesion_trade_factor` is never used
    --> crates\engine\src\engine.rs:5587:4
     |
5587 | fn cohesion_trade_factor(cohesion: u64) -> Fixed {
     |    ^^^^^^^^^^^^^^^^^^^^^

warning: function `relation_trade_factor` is never used
    --> crates\engine\src\engine.rs:5593:4
     |
5593 | fn relation_trade_factor(relation: f32) -> Fixed {
     |    ^^^^^^^^^^^^^^^^^^^^^

warning: constant `LANGUAGE_TRADE_PENALTY_PERMILLE` is never used
    --> crates\engine\src\engine.rs:5601:7
     |
5601 | const LANGUAGE_TRADE_PENALTY_PERMILLE: i64 = 500;
     |       ^^^^^^^^^^^^^^^^^^^^^^^^^^^^^^^

warning: function `language_trade_factor` is never used
    --> crates\engine\src\engine.rs:5604:4
     |
5604 | fn language_trade_factor(distance: f32) -> Fixed {
     |    ^^^^^^^^^^^^^^^^^^^^^

warning: constant `FACTION_RELATION_DECAY_FACTOR` is never used
    --> crates\engine\src\engine.rs:5618:7
     |
5618 | const FACTION_RELATION_DECAY_FACTOR: f32 = 0.98;
     |       ^^^^^^^^^^^^^^^^^^^^^^^^^^^^^

warning: constant `DIPLOMACY_TRADE_DRIFT` is never used
    --> crates\engine\src\engine.rs:5620:7
     |
5620 | const DIPLOMACY_TRADE_DRIFT: f32 = 0.08;
     |       ^^^^^^^^^^^^^^^^^^^^^

warning: constant `DIPLOMACY_COMPETITION_DRIFT` is never used
    --> crates\engine\src\engine.rs:5622:7
     |
5622 | const DIPLOMACY_COMPETITION_DRIFT: f32 = 0.12;
     |       ^^^^^^^^^^^^^^^^^^^^^^^^^^^

warning: function `decay_faction_relations` is never used
    --> crates\engine\src\engine.rs:5954:4
     |
5954 | fn decay_faction_relations(matrix: &mut DiplomacyMatrix, factor: f32) {
     |    ^^^^^^^^^^^^^^^^^^^^^^^

warning: constant `TRADE_ROUTE_UNUSED_DECAY_TICKS` is never used
    --> crates\engine\src\engine.rs:5993:7
     |
5993 | const TRADE_ROUTE_UNUSED_DECAY_TICKS: u32 = 2_000;
     |       ^^^^^^^^^^^^^^^^^^^^^^^^^^^^^^

warning: function `diplomacy_faction_pair` is never used
    --> crates\engine\src\engine.rs:6009:4
     |
6009 | fn diplomacy_faction_pair(faction_ids: &[u32], tick: u64) -> (u32, u32) {
     |    ^^^^^^^^^^^^^^^^^^^^^^

warning: function `decay_idle_emergent_trade_routes` is never used
    --> crates\engine\src\engine.rs:6244:4
     |
6244 | fn decay_idle_emergent_trade_routes(
     |    ^^^^^^^^^^^^^^^^^^^^^^^^^^^^^^^^

warning: structure field `grad_T` should have a snake case name
   --> crates\engine\src\religion.rs:213:9
    |
213 |     pub grad_T: f32,
    |         ^^^^^^ help: convert the identifier to snake case: `grad_t`
    |
    = note: `#[warn(non_snake_case)]` (part of `#[warn(nonstandard_style)]`) on by default

warning: structure field `grad_M` should have a snake case name
   --> crates\engine\src\religion.rs:215:9
    |
215 |     pub grad_M: f32,
    |         ^^^^^^ help: convert the identifier to snake case: `grad_m`

warning: structure field `grad_B` should have a snake case name
   --> crates\engine\src\religion.rs:217:9
    |
217 |     pub grad_B: f32,
    |         ^^^^^^ help: convert the identifier to snake case: `grad_b`

warning: `civ-engine` (lib) generated 108 warnings (run `cargo fix --lib -p civ-engine` to apply 13 suggestions)
    Finished `dev` profile [unoptimized + debuginfo] target(s) in 3.27s
