crates\species\src\pop_pressure.rs:87:9: [1m[93mwarning[0m: unused variable: `pressure`: help: if this is intentional, prefix it with an underscore: `_pressure`
[1m[93mwarning[0m: `civ-species` (lib) generated 1 warning (run `cargo fix --lib -p civ-species` to apply 1 suggestion)
[1m[93mwarning[0m[1m[97m: struct `PlannedAllocator` is never constructed[0m
  [1m[96m--> [0mcrates\economy\src\allocation.rs:38:12
   [1m[96m|[0m
[1m[96m38[0m [1m[96m|[0m pub struct PlannedAllocator;
   [1m[96m|[0m            [1m[93m^^^^^^^^^^^^^^^^[0m
   [1m[96m|[0m
   [1m[96m= [0m[1m[97mnote[0m: `#[warn(dead_code)]` (part of `#[warn(unused)]`) on by default

[1m[93mwarning[0m[1m[97m: struct `JouleAllocator` is never constructed[0m
  [1m[96m--> [0mcrates\economy\src\allocation.rs:53:12
   [1m[96m|[0m
[1m[96m53[0m [1m[96m|[0m pub struct JouleAllocator;
   [1m[96m|[0m            [1m[93m^^^^^^^^^^^^^^[0m

[1m[93mwarning[0m[1m[97m: struct `LaborCapacityAllocator` is never constructed[0m
  [1m[96m--> [0mcrates\economy\src\allocation.rs:77:12
   [1m[96m|[0m
[1m[96m77[0m [1m[96m|[0m pub struct LaborCapacityAllocator {
   [1m[96m|[0m            [1m[93m^^^^^^^^^^^^^^^^^^^^^^[0m

[1m[93mwarning[0m[1m[97m: associated function `new` is never used[0m
  [1m[96m--> [0mcrates\economy\src\allocation.rs:86:12
   [1m[96m|[0m
[1m[96m84[0m [1m[96m|[0m impl LaborCapacityAllocator {
   [1m[96m|[0m [1m[96m---------------------------[0m [1m[96massociated function in this implementation[0m
[1m[96m85[0m [1m[96m|[0m     /// Construct a labor-capacity allocator from raw `fraction` (clamped).
[1m[96m86[0m [1m[96m|[0m     pub fn new(fraction: f64) -> Self {
   [1m[96m|[0m            [1m[93m^^^[0m

[1m[93mwarning[0m[1m[97m: enum `PriorityTier` is never used[0m
   [1m[96m--> [0mcrates\economy\src\allocation.rs:124:10
    [1m[96m|[0m
[1m[96m124[0m [1m[96m|[0m pub enum PriorityTier {
    [1m[96m|[0m          [1m[93m^^^^^^^^^^^^[0m

[1m[93mwarning[0m[1m[97m: function `allocate_by_priority` is never used[0m
   [1m[96m--> [0mcrates\economy\src\allocation.rs:141:8
    [1m[96m|[0m
[1m[96m141[0m [1m[96m|[0m pub fn allocate_by_priority(
    [1m[96m|[0m        [1m[93m^^^^^^^^^^^^^^^^^^^^[0m

[1m[93mwarning[0m[1m[97m: enum `AllocationRegime` is never used[0m
   [1m[96m--> [0mcrates\economy\src\allocation.rs:172:10
    [1m[96m|[0m
[1m[96m172[0m [1m[96m|[0m pub enum AllocationRegime {
    [1m[96m|[0m          [1m[93m^^^^^^^^^^^^^^^^[0m

[1m[93mwarning[0m[1m[97m: function `allocate_with` is never used[0m
   [1m[96m--> [0mcrates\economy\src\allocation.rs:188:8
    [1m[96m|[0m
[1m[96m188[0m [1m[96m|[0m pub fn allocate_with(regime: AllocationRegime, budget: i64, demand: i64) -> i64 {
    [1m[96m|[0m        [1m[93m^^^^^^^^^^^^^[0m

[1m[93mwarning[0m[1m[97m: type alias `GoodId` is never used[0m
   [1m[96m--> [0mcrates\economy\src\allocation.rs:202:10
    [1m[96m|[0m
[1m[96m202[0m [1m[96m|[0m pub type GoodId = u32;
    [1m[96m|[0m          [1m[93m^^^^^^[0m

[1m[93mwarning[0m[1m[97m: constant `SCALE` is never used[0m
   [1m[96m--> [0mcrates\economy\src\allocation.rs:211:7
    [1m[96m|[0m
[1m[96m211[0m [1m[96m|[0m const SCALE: i64 = 10;
    [1m[96m|[0m       [1m[93m^^^^^[0m

[1m[93mwarning[0m[1m[97m: enum `NeedKind` is never used[0m
   [1m[96m--> [0mcrates\economy\src\allocation.rs:217:10
    [1m[96m|[0m
[1m[96m217[0m [1m[96m|[0m pub enum NeedKind {
    [1m[96m|[0m          [1m[93m^^^^^^^^[0m

[1m[93mwarning[0m[1m[97m: struct `AgentNeed` is never constructed[0m
   [1m[96m--> [0mcrates\economy\src\allocation.rs:230:12
    [1m[96m|[0m
[1m[96m230[0m [1m[96m|[0m pub struct AgentNeed {
    [1m[96m|[0m            [1m[93m^^^^^^^^^[0m

[1m[93mwarning[0m[1m[97m: methods `deficit` and `need_units` are never used[0m
   [1m[96m--> [0mcrates\economy\src\allocation.rs:243:8
    [1m[96m|[0m
[1m[96m241[0m [1m[96m|[0m impl AgentNeed {
    [1m[96m|[0m [1m[96m--------------[0m [1m[96mmethods in this implementation[0m
[1m[96m242[0m [1m[96m|[0m     /// Deficit in `[0.0, 1.0]` (1.0 minus satisfaction, clamped at 0).
[1m[96m243[0m [1m[96m|[0m     fn deficit(&self) -> f64 {
    [1m[96m|[0m        [1m[93m^^^^^^^[0m
[1m[96m...[0m
[1m[96m255[0m [1m[96m|[0m     fn need_units(&self) -> i64 {
    [1m[96m|[0m        [1m[93m^^^^^^^^^^[0m

[1m[93mwarning[0m[1m[97m: struct `AllocationOutcome` is never constructed[0m
   [1m[96m--> [0mcrates\economy\src\allocation.rs:280:12
    [1m[96m|[0m
[1m[96m280[0m [1m[96m|[0m pub struct AllocationOutcome {
    [1m[96m|[0m            [1m[93m^^^^^^^^^^^^^^^^^[0m

[1m[93mwarning[0m[1m[97m: function `subsistence_first_allocate` is never used[0m
   [1m[96m--> [0mcrates\economy\src\allocation.rs:317:8
    [1m[96m|[0m
[1m[96m317[0m [1m[96m|[0m pub fn subsistence_first_allocate(
    [1m[96m|[0m        [1m[93m^^^^^^^^^^^^^^^^^^^^^^^^^^[0m

[1m[93mwarning[0m[1m[97m: constant `STABLE_INFLATION_BP10` is never used[0m
  [1m[96m--> [0mcrates\economy\src\currency_trust.rs:61:7
   [1m[96m|[0m
[1m[96m61[0m [1m[96m|[0m const STABLE_INFLATION_BP10: i64 = 500; // 5 % per tick
   [1m[96m|[0m       [1m[93m^^^^^^^^^^^^^^^^^^^^^[0m

[1m[93mwarning[0m[1m[97m: struct `SettlementTradeFlow` is never constructed[0m
   [1m[96m--> [0mcrates\economy\src\market.rs:168:12
    [1m[96m|[0m
[1m[96m168[0m [1m[96m|[0m pub struct SettlementTradeFlow {
    [1m[96m|[0m            [1m[93m^^^^^^^^^^^^^^^^^^^[0m

[1m[93mwarning[0m[1m[97m: function `settlement_trade_flow` is never used[0m
   [1m[96m--> [0mcrates\economy\src\market.rs:190:8
    [1m[96m|[0m
[1m[96m190[0m [1m[96m|[0m pub fn settlement_trade_flow(
    [1m[96m|[0m        [1m[93m^^^^^^^^^^^^^^^^^^^^^[0m

[1m[93mwarning[0m[1m[97m: struct `TradeOffer` is never constructed[0m
   [1m[96m--> [0mcrates\economy\src\stocks.rs:167:12
    [1m[96m|[0m
[1m[96m167[0m [1m[96m|[0m pub struct TradeOffer {
    [1m[96m|[0m            [1m[93m^^^^^^^^^^[0m

[1m[93mwarning[0m[1m[97m: function `deficit_was_clamped` is never used[0m
   [1m[96m--> [0mcrates\economy\src\stocks.rs:182:4
    [1m[96m|[0m
[1m[96m182[0m [1m[96m|[0m fn deficit_was_clamped(flow: i64, applied: i64) -> bool {
    [1m[96m|[0m    [1m[93m^^^^^^^^^^^^^^^^^^^[0m

[1m[93mwarning[0m[1m[97m: function `step_stocks` is never used[0m
   [1m[96m--> [0mcrates\economy\src\stocks.rs:190:8
    [1m[96m|[0m
[1m[96m190[0m [1m[96m|[0m pub fn step_stocks(stocks: &mut Stocks, profile: &ProductionProfile) {
    [1m[96m|[0m        [1m[93m^^^^^^^^^^^[0m

[1m[93mwarning[0m[1m[97m: function `comparative_advantage` is never used[0m
   [1m[96m--> [0mcrates\economy\src\stocks.rs:223:8
    [1m[96m|[0m
[1m[96m223[0m [1m[96m|[0m pub fn comparative_advantage(profile: &ProductionProfile) -> Good {
    [1m[96m|[0m        [1m[93m^^^^^^^^^^^^^^^^^^^^^[0m

[1m[93mwarning[0m[1m[97m: function `trade_gain` is never used[0m
   [1m[96m--> [0mcrates\economy\src\stocks.rs:238:8
    [1m[96m|[0m
[1m[96m238[0m [1m[96m|[0m pub fn trade_gain(a: &ProductionProfile, b: &ProductionProfile) -> i64 {
    [1m[96m|[0m        [1m[93m^^^^^^^^^^[0m

[1m[93mwarning[0m[1m[97m: function `propose_trade` is never used[0m
   [1m[96m--> [0mcrates\economy\src\stocks.rs:252:8
    [1m[96m|[0m
[1m[96m252[0m [1m[96m|[0m pub fn propose_trade(
    [1m[96m|[0m        [1m[93m^^^^^^^^^^^^^[0m

[1m[93mwarning[0m[1m[97m: function `offer_better` is never used[0m
   [1m[96m--> [0mcrates\economy\src\stocks.rs:310:4
    [1m[96m|[0m
[1m[96m310[0m [1m[96m|[0m fn offer_better(candidate: &TradeOffer, current: &TradeOffer) -> bool {
    [1m[96m|[0m    [1m[93m^^^^^^^^^^^^[0m

[1m[93mwarning[0m[1m[97m: function `apply_trade` is never used[0m
   [1m[96m--> [0mcrates\economy\src\stocks.rs:317:8
    [1m[96m|[0m
[1m[96m317[0m [1m[96m|[0m pub fn apply_trade(a: &mut Stocks, b: &mut Stocks, offer: &TradeOffer) {
    [1m[96m|[0m        [1m[93m^^^^^^^^^^^[0m

[1m[93mwarning[0m: `civ-economy` (lib) generated 26 warnings
crates\civ-emergence-metrics\src\lib.rs:55:1: [1m[93mwarning[0m: missing documentation for a module
[1m[93mwarning[0m: `civ-emergence-metrics` (lib) generated 1 warning
[1m[92m    Checking[0m civ-engine v0.1.0 (C:\Users\koosh\Dev\Civis-cxA\crates\engine)
[1m[91merror[0m[1m[97m: expected one of `,` or `>`, found `{`[0m
  [1m[96m--> [0mcrates\engine\src\culture.rs:65:45
   [1m[96m|[0m
[1m[96m65[0m [1m[96m|[0m ) -> BTreeMap<u32, ([f32; DIM], [f32; DIM]) {
   [1m[96m|[0m                                             [1m[91m^[0m [1m[91mexpected one of `,` or `>`[0m
   [1m[96m|[0m
[1m[96mhelp[0m: you might have meant to end the type parameters here
   [1m[96m|[0m
[1m[96m65[0m [1m[96m| [0m) -> BTreeMap<u32, ([f32; DIM], [f32; DIM])[92m>[0m {
   [1m[96m|[0m                                            [92m+[0m

[1m[91merror[0m[1m[97m: variant field name `kind` conflicts with internal tag[0m
   [1m[96m--> [0mcrates\engine\src\godtools.rs:598:1
    [1m[96m|[0m
[1m[96m598[0m [1m[96m|[0m [1m[91m/[0m /// Result of a successful god-tool application. The Bevy
[1m[96m599[0m [1m[96m|[0m [1m[91m|[0m /// dispatcher surfaces this to the HUD/palette for feedback
[1m[96m600[0m [1m[96m|[0m [1m[91m|[0m /// (HUD toast, palette chip, undo stack push).
[1m[96m601[0m [1m[96m|[0m [1m[91m|[0m #[derive(Debug, Clone, PartialEq, Serialize, Deserialize)]
[1m[96m...[0m   [1m[91m|[0m
[1m[96m679[0m [1m[96m|[0m [1m[91m|[0m     },
[1m[96m680[0m [1m[96m|[0m [1m[91m|[0m }
    [1m[96m|[0m [1m[91m|_^[0m

[1m[91merror[E0432][0m[1m[97m: unresolved import `crate::DoctrineLibrary`[0m
  [1m[96m--> [0mcrates\engine\src\save.rs:12:34
   [1m[96m|[0m
[1m[96m12[0m [1m[96m|[0m     Building, CombatDamagePulse, DoctrineLibrary, Institution, InstitutionKind, Position,
   [1m[96m|[0m                                  [1m[91m^^^^^^^^^^^^^^^[0m [1m[91mno `DoctrineLibrary` in the root[0m

[1m[91merror[E0364][0m[1m[97m: `awakening_cohesion_gain` is only public within the crate, and cannot be re-exported outside[0m
  [1m[96m--> [0mcrates\engine\src\lib.rs:57:28
   [1m[96m|[0m
[1m[96m57[0m [1m[96m|[0m     awakening_belief_gain, awakening_cohesion_gain, Building, BuildingType,
   [1m[96m|[0m                            [1m[91m^^^^^^^^^^^^^^^^^^^^^^^[0m
   [1m[96m|[0m
[1m[92mnote[0m: consider marking `awakening_cohesion_gain` as `pub` in the imported module
  [1m[96m--> [0mcrates\engine\src\lib.rs:57:28
   [1m[96m|[0m
[1m[96m57[0m [1m[96m|[0m     awakening_belief_gain, awakening_cohesion_gain, Building, BuildingType,
   [1m[96m|[0m                            [1m[92m^^^^^^^^^^^^^^^^^^^^^^^[0m

[1m[91merror[E0432][0m[1m[97m: unresolved import `crate::demographics::DemographicsSnapshot`[0m
  [1m[96m--> [0mcrates\engine\src\building_layouts.rs:14:5
   [1m[96m|[0m
[1m[96m14[0m [1m[96m|[0m use crate::demographics::DemographicsSnapshot;
   [1m[96m|[0m     [1m[91m^^^^^^^^^^^^^^^^^^^^^^^^^^^^^^^^^^^^^^^^^[0m [1m[91mno `DemographicsSnapshot` in `demographics`[0m

[1m[91merror[E0432][0m[1m[97m: unresolved imports `engine::add_cohesion`, `engine::add_trust`, `engine::faction_count`, `engine::last_tick_cohesion`, `engine::last_tick_cohesion_snapshot`, `engine::CohesionCause`, `engine::CohesionEdge`, `engine::CohesionKind`[0m
   [1m[96m--> [0mcrates\engine\src\lib.rs:114:5
    [1m[96m|[0m
[1m[96m114[0m [1m[96m|[0m     add_cohesion, add_trust, faction_count, last_tick_cohesion, last_tick_cohesion_snapshot,
    [1m[96m|[0m     [1m[91m^^^^^^^^^^^^[0m  [1m[91m^^^^^^^^^[0m  [1m[91m^^^^^^^^^^^^^[0m  [1m[91m^^^^^^^^^^^^^^^^^^[0m  [1m[91m^^^^^^^^^^^^^^^^^^^^^^^^^^^[0m [1m[91mno `last_tick_cohesion_snapshot` in `engine`[0m
    [1m[96m|[0m     [1m[91m|[0m             [1m[91m|[0m          [1m[91m|[0m              [1m[91m|[0m
    [1m[96m|[0m     [1m[91m|[0m             [1m[91m|[0m          [1m[91m|[0m              [1m[91mno `last_tick_cohesion` in `engine`[0m
    [1m[96m|[0m     [1m[91m|[0m             [1m[91m|[0m          [1m[91mno `faction_count` in `engine`[0m
    [1m[96m|[0m     [1m[91m|[0m             [1m[91mno `add_trust` in `engine`[0m
    [1m[96m|[0m     [1m[91mno `add_cohesion` in `engine`[0m
[1m[96m115[0m [1m[96m|[0m     CohesionCause, CohesionEdge, CohesionEvent, CohesionEventKind, CohesionKind, CohesionSnapshot,
    [1m[96m|[0m     [1m[91m^^^^^^^^^^^^^[0m  [1m[91m^^^^^^^^^^^^[0m [1m[91mno `CohesionEdge` in `engine`[0m      [1m[91m^^^^^^^^^^^^[0m [1m[91mno `CohesionKind` in `engine`[0m
    [1m[96m|[0m     [1m[91m|[0m
    [1m[96m|[0m     [1m[91mno `CohesionCause` in `engine`[0m
    [1m[96m|[0m
[1m[96mhelp[0m: a similar name exists in the module
    [1m[96m|[0m
[1m[96m115[0m [91m- [0m    CohesionCause, [91mCohesionEdge[0m, CohesionEvent, CohesionEventKind, CohesionKind, CohesionSnapshot,
[1m[96m115[0m [92m+ [0m    CohesionCause, [92mCohesionEvent[0m, CohesionEvent, CohesionEventKind, CohesionKind, CohesionSnapshot,
    [1m[96m|[0m
[1m[96mhelp[0m: a similar name exists in the module
    [1m[96m|[0m
[1m[96m115[0m [91m- [0m    CohesionCause, CohesionEdge, CohesionEvent, CohesionEventKind, [91mCohesionKind[0m, CohesionSnapshot,
[1m[96m115[0m [92m+ [0m    CohesionCause, CohesionEdge, CohesionEvent, CohesionEventKind, [92mCohesionEvent[0m, CohesionSnapshot,
    [1m[96m|[0m

[1m[91merror[E0432][0m[1m[97m: unresolved imports `engine::last_tick_unrest`, `engine::last_tick_unrest_settlement`, `engine::set_settlement_gini`, `engine::unrest_level`, `engine::UnrestEventKind`[0m
   [1m[96m--> [0mcrates\engine\src\lib.rs:123:5
    [1m[96m|[0m
[1m[96m123[0m [1m[96m|[0m     last_tick_unrest, last_tick_unrest_settlement, set_settlement_gini, unrest_level,
    [1m[96m|[0m     [1m[91m^^^^^^^^^^^^^^^^[0m  [1m[91m^^^^^^^^^^^^^^^^^^^^^^^^^^^[0m  [1m[91m^^^^^^^^^^^^^^^^^^^[0m  [1m[91m^^^^^^^^^^^^[0m [1m[91mno `unrest_level` in `engine`[0m
    [1m[96m|[0m     [1m[91m|[0m                 [1m[91m|[0m                            [1m[91m|[0m
    [1m[96m|[0m     [1m[91m|[0m                 [1m[91m|[0m                            [1m[91mno `set_settlement_gini` in `engine`[0m
    [1m[96m|[0m     [1m[91m|[0m                 [1m[91mno `last_tick_unrest_settlement` in `engine`[0m
    [1m[96m|[0m     [1m[91mno `last_tick_unrest` in `engine`[0m
[1m[96m124[0m [1m[96m|[0m     UnrestEvent, UnrestEventKind, UnrestLevel, UnrestSnapshot,
    [1m[96m|[0m                  [1m[91m^^^^^^^^^^^^^^^[0m [1m[91mno `UnrestEventKind` in `engine`[0m
    [1m[96m|[0m
[1m[96mhelp[0m: a similar name exists in the module
    [1m[96m|[0m
[1m[96m123[0m [91m- [0m    last_tick_unrest, last_tick_unrest_settlement, set_settlement_gini, [91munrest_level[0m,
[1m[96m123[0m [92m+ [0m    last_tick_unrest, last_tick_unrest_settlement, set_settlement_gini, [92mUnrestLevel[0m,
    [1m[96m|[0m
[1m[96mhelp[0m: a similar name exists in the module
    [1m[96m|[0m
[1m[96m124[0m [91m- [0m    UnrestEvent, [91mUnrestEventKind[0m, UnrestLevel, UnrestSnapshot,
[1m[96m124[0m [92m+ [0m    UnrestEvent, [92mUnrestEvent[0m, UnrestLevel, UnrestSnapshot,
    [1m[96m|[0m

[1m[91merror[E0433][0m[1m[97m: cannot find `genetics` in `crate`[0m
   [1m[96m--> [0mcrates\engine\src\engine.rs:719:44
    [1m[96m|[0m
[1m[96m719[0m [1m[96m|[0m     last_tick_sentience_events: Vec<crate::genetics::sentience::SentienceEvent>,
    [1m[96m|[0m                                            [1m[91m^^^^^^^^[0m [1m[91mcould not find `genetics` in the crate root[0m

[1m[91merror[E0433][0m[1m[97m: cannot find `genetics` in `crate`[0m
    [1m[96m--> [0mcrates\engine\src\engine.rs:3929:32
     [1m[96m|[0m
[1m[96m3929[0m [1m[96m|[0m             events.push(crate::genetics::sentience::evaluate_sentience(
     [1m[96m|[0m                                [1m[91m^^^^^^^^[0m [1m[91mcould not find `genetics` in the crate root[0m

[1m[91merror[E0433][0m[1m[97m: cannot find `genetics` in `crate`[0m
    [1m[96m--> [0mcrates\engine\src\engine.rs:3944:58
     [1m[96m|[0m
[1m[96m3944[0m [1m[96m|[0m     pub fn last_tick_sentience_events(&self) -> &[crate::genetics::sentience::SentienceEvent] {
     [1m[96m|[0m                                                          [1m[91m^^^^^^^^[0m [1m[91mcould not find `genetics` in the crate root[0m

[1m[91merror[E0425][0m[1m[97m: cannot find value `impact` in this scope[0m
   [1m[96m--> [0mcrates\engine\src\disasters.rs:287:8
    [1m[96m|[0m
[1m[96m287[0m [1m[96m|[0m     if impact.population_delta < 0 {
    [1m[96m|[0m        [1m[91m^^^^^^[0m
    [1m[96m|[0m
[1m[96mhelp[0m: the binding `impact` is available in a different scope in the same function
   [1m[96m--> [0mcrates\engine\src\disasters.rs:269:17
    [1m[96m|[0m
[1m[96m269[0m [1m[96m|[0m             let impact = hit_agents(
    [1m[96m|[0m                 [1m[96m^^^^^^[0m

[1m[91merror[E0425][0m[1m[97m: cannot find value `impact` in this scope[0m
   [1m[96m--> [0mcrates\engine\src\disasters.rs:288:28
    [1m[96m|[0m
[1m[96m288[0m [1m[96m|[0m         let casualties = (-impact.population_delta) as u64;
    [1m[96m|[0m                            [1m[91m^^^^^^[0m
    [1m[96m|[0m
[1m[96mhelp[0m: the binding `impact` is available in a different scope in the same function
   [1m[96m--> [0mcrates\engine\src\disasters.rs:269:17
    [1m[96m|[0m
[1m[96m269[0m [1m[96m|[0m             let impact = hit_agents(
    [1m[96m|[0m                 [1m[96m^^^^^^[0m

[1m[91merror[E0425][0m[1m[97m: cannot find value `impact` in this scope[0m
   [1m[96m--> [0mcrates\engine\src\disasters.rs:290:15
    [1m[96m|[0m
[1m[96m290[0m [1m[96m|[0m     } else if impact.population_delta > 0 {
    [1m[96m|[0m               [1m[91m^^^^^^[0m [1m[91mnot found in this scope[0m

[1m[91merror[E0425][0m[1m[97m: cannot find value `impact` in this scope[0m
   [1m[96m--> [0mcrates\engine\src\disasters.rs:291:68
    [1m[96m|[0m
[1m[96m291[0m [1m[96m|[0m         sim.state.population = sim.state.population.saturating_add(impact.population_delta as u64);
    [1m[96m|[0m                                                                    [1m[91m^^^^^^[0m [1m[91mnot found in this scope[0m

[1m[91merror[E0425][0m[1m[97m: cannot find type `MilitaryUnit` in this scope[0m
  [1m[96m--> [0mcrates\engine\src\save.rs:65:27
   [1m[96m|[0m
[1m[96m65[0m [1m[96m|[0m     military_unit: Option<MilitaryUnit>,
   [1m[96m|[0m                           [1m[91m^^^^^^^^^^^^[0m [1m[91mnot found in this scope[0m
   [1m[96m|[0m
[1m[96mhelp[0m: consider importing this struct through its public re-export
   [1m[96m|[0m
[1m[96m 3[0m [92m+ use crate::MilitaryUnit;[0m
   [1m[96m|[0m

[1m[91merror[E0425][0m[1m[97m: cannot find type `MilitaryUnit` in this scope[0m
   [1m[96m--> [0mcrates\engine\src\save.rs:136:42
    [1m[96m|[0m
[1m[96m136[0m [1m[96m|[0m     for (entity, unit) in world.query::<&MilitaryUnit>().iter() {
    [1m[96m|[0m                                          [1m[91m^^^^^^^^^^^^[0m [1m[91mnot found in this scope[0m
    [1m[96m|[0m
[1m[96mhelp[0m: consider importing this struct through its public re-export
    [1m[96m|[0m
[1m[96m  3[0m [92m+ use crate::MilitaryUnit;[0m
    [1m[96m|[0m

[1m[91merror[E0425][0m[1m[97m: cannot find type `MilitaryUnit` in this scope[0m
   [1m[96m--> [0mcrates\engine\src\save.rs:193:30
    [1m[96m|[0m
[1m[96m193[0m [1m[96m|[0m             || builder.has::<MilitaryUnit>()
    [1m[96m|[0m                              [1m[91m^^^^^^^^^^^^[0m [1m[91mnot found in this scope[0m
    [1m[96m|[0m
[1m[96mhelp[0m: consider importing this struct through its public re-export
    [1m[96m|[0m
[1m[96m  3[0m [92m+ use crate::MilitaryUnit;[0m
    [1m[96m|[0m

[1m[91merror[E0603][0m[1m[97m: enum import `BranchingRegime` is private[0m
  [1m[96m--> [0mcrates\engine\src\lib.rs:54:5
   [1m[96m|[0m
[1m[96m54[0m [1m[96m|[0m     BranchingRegime, EmergenceBranchingState, EmergenceSample,
   [1m[96m|[0m     [1m[91m^^^^^^^^^^^^^^^[0m [1m[91mprivate enum import[0m
   [1m[96m|[0m
[1m[92mnote[0m: the enum import `BranchingRegime` is defined here...
  [1m[96m--> [0mcrates\engine\src\emergence_metrics.rs:49:81
   [1m[96m|[0m
[1m[96m49[0m [1m[96m|[0m     classify_regime, rolling_mean_sigma, sigma_a, sigma_score, BranchingLedger, BranchingRegime,
   [1m[96m|[0m                                                                                 [1m[92m^^^^^^^^^^^^^^^[0m
[1m[92mnote[0m: ...and refers to the enum `BranchingRegime` which is defined here
  [1m[96m--> [0mcrates\civ-emergence-metrics\src\branching.rs:24:1
   [1m[96m|[0m
[1m[96m24[0m [1m[96m|[0m pub enum BranchingRegime {
   [1m[96m|[0m [1m[92m^^^^^^^^^^^^^^^^^^^^^^^^[0m [1m[92myou could import this directly[0m
[1m[96mhelp[0m: import `BranchingRegime` through the re-export
   [1m[96m|[0m
[1m[96m54[0m [1m[96m| [0m    [92mbranching::[0mBranchingRegime, EmergenceBranchingState, EmergenceSample,
   [1m[96m|[0m     [92m+++++++++++[0m

[1m[93mwarning[0m[1m[97m: unused imports: `SeedSet` and `spawn_genome_with_divergence`[0m
  [1m[96m--> [0mcrates\engine\src\emergence.rs:19:20
   [1m[96m|[0m
[1m[96m19[0m [1m[96m|[0m     Dna, DnaClass, spawn_genome_with_divergence, SeedDefinition, SeedLibrary, SeedSet,
   [1m[96m|[0m                    [1m[93m^^^^^^^^^^^^^^^^^^^^^^^^^^^^[0m                               [1m[93m^^^^^^^[0m
   [1m[96m|[0m
   [1m[96m= [0m[1m[97mnote[0m: `#[warn(unused_imports)]` (part of `#[warn(unused)]`) on by default

[1m[93mwarning[0m[1m[97m: unused import: `CapitalistAllocator`[0m
  [1m[96m--> [0mcrates\engine\src\engine.rs:16:37
   [1m[96m|[0m
[1m[96m16[0m [1m[96m|[0m use civ_economy::{AllocationEngine, CapitalistAllocator, EconomyState, MarketState};
   [1m[96m|[0m                                     [1m[93m^^^^^^^^^^^^^^^^^^^[0m

[1m[93mwarning[0m[1m[97m: unused imports: `SubstrateGradients`, `apply_big_gods_response`, `last_religion_sample`, and `substrate_gradients_for`[0m
  [1m[96m--> [0mcrates\engine\src\engine.rs:54:5
   [1m[96m|[0m
[1m[96m54[0m [1m[96m|[0m     apply_big_gods_response, last_religion_sample, substrate_gradients_for,
   [1m[96m|[0m     [1m[93m^^^^^^^^^^^^^^^^^^^^^^^[0m  [1m[93m^^^^^^^^^^^^^^^^^^^^[0m  [1m[93m^^^^^^^^^^^^^^^^^^^^^^^[0m
[1m[96m55[0m [1m[96m|[0m     ReligiousProfile, SubstrateGradients,
   [1m[96m|[0m                       [1m[93m^^^^^^^^^^^^^^^^^^[0m

[1m[93mwarning[0m[1m[97m: unused imports: `PACKED_DIRT`, `SAND`, and `STEAM`[0m
   [1m[96m--> [0mcrates\engine\src\godtools.rs:108:35
    [1m[96m|[0m
[1m[96m108[0m [1m[96m|[0m     material::{GRAVEL, LAVA, ORE, PACKED_DIRT, PLANT, SAND, SNOW, STEAM, STONE, WATER},
    [1m[96m|[0m                                   [1m[93m^^^^^^^^^^^[0m         [1m[93m^^^^[0m        [1m[93m^^^^^[0m

[1m[93mwarning[0m[1m[97m: unused import: `awakening_cohesion_gain`[0m
  [1m[96m--> [0mcrates\engine\src\lib.rs:57:28
   [1m[96m|[0m
[1m[96m57[0m [1m[96m|[0m     awakening_belief_gain, awakening_cohesion_gain, Building, BuildingType,
   [1m[96m|[0m                            [1m[93m^^^^^^^^^^^^^^^^^^^^^^^[0m

[1m[93mwarning[0m[1m[97m: use of deprecated function `religion::emerge_belief`: Bool-gated emergence replaced by continuous apply_big_gods_response[0m
  [1m[96m--> [0mcrates\engine\src\lib.rs:42:20
   [1m[96m|[0m
[1m[96m42[0m [1m[96m|[0m pub use religion::{emerge_belief, spread_religion, Belief, BeliefConcept, Religion};
   [1m[96m|[0m                    [1m[93m^^^^^^^^^^^^^[0m
   [1m[96m|[0m
   [1m[96m= [0m[1m[97mnote[0m: `#[warn(deprecated)]` on by default

[1m[93mwarning[0m[1m[97m: use of deprecated function `religion::spread_religion`: Self-contained spread replaced by gradient-coupled response + substrate writes[0m
  [1m[96m--> [0mcrates\engine\src\lib.rs:42:35
   [1m[96m|[0m
[1m[96m42[0m [1m[96m|[0m pub use religion::{emerge_belief, spread_religion, Belief, BeliefConcept, Religion};
   [1m[96m|[0m                                   [1m[93m^^^^^^^^^^^^^^^[0m

[1m[93mwarning[0m[1m[97m: use of deprecated struct `religion::Belief`: Authored belief list is replaced by ReligiousProfile (monitoring, mythic_coherence, uncertainty_reduction)[0m
  [1m[96m--> [0mcrates\engine\src\lib.rs:42:52
   [1m[96m|[0m
[1m[96m42[0m [1m[96m|[0m pub use religion::{emerge_belief, spread_religion, Belief, BeliefConcept, Religion};
   [1m[96m|[0m                                                    [1m[93m^^^^^^[0m

[1m[93mwarning[0m[1m[97m: use of deprecated enum `religion::BeliefConcept`: Authored theology violates the emergence charter; use ReligiousProfile + display_label[0m
  [1m[96m--> [0mcrates\engine\src\lib.rs:42:60
   [1m[96m|[0m
[1m[96m42[0m [1m[96m|[0m pub use religion::{emerge_belief, spread_religion, Belief, BeliefConcept, Religion};
   [1m[96m|[0m                                                            [1m[93m^^^^^^^^^^^^^[0m

[1m[93mwarning[0m[1m[97m: use of deprecated struct `religion::Religion`: Replaced by ReligiousProfile — see spec §2 / §9[0m
  [1m[96m--> [0mcrates\engine\src\lib.rs:42:75
   [1m[96m|[0m
[1m[96m42[0m [1m[96m|[0m pub use religion::{emerge_belief, spread_religion, Belief, BeliefConcept, Religion};
   [1m[96m|[0m                                                                           [1m[93m^^^^^^^^[0m

[1m[93mwarning[0m[1m[97m: use of deprecated enum `religion::BeliefConcept`: Authored theology violates the emergence charter; use ReligiousProfile + display_label[0m
   [1m[96m--> [0mcrates\engine\src\religion.rs:462:18
    [1m[96m|[0m
[1m[96m462[0m [1m[96m|[0m     pub concept: BeliefConcept,
    [1m[96m|[0m                  [1m[93m^^^^^^^^^^^^^[0m

[1m[93mwarning[0m[1m[97m: use of deprecated struct `religion::Belief`: Authored belief list is replaced by ReligiousProfile (monitoring, mythic_coherence, uncertainty_reduction)[0m
   [1m[96m--> [0mcrates\engine\src\religion.rs:475:22
    [1m[96m|[0m
[1m[96m475[0m [1m[96m|[0m     pub beliefs: Vec<Belief>,
    [1m[96m|[0m                      [1m[93m^^^^^^[0m

[1m[93mwarning[0m[1m[97m: use of deprecated struct `religion::Belief`: Authored belief list is replaced by ReligiousProfile (monitoring, mythic_coherence, uncertainty_reduction)[0m
   [1m[96m--> [0mcrates\engine\src\religion.rs:489:94
    [1m[96m|[0m
[1m[96m489[0m [1m[96m|[0m pub fn emerge_belief(_hardship: f32, _group_size: u32, _agent_detection_bias: f32) -> Option<Belief> {
    [1m[96m|[0m                                                                                              [1m[93m^^^^^^[0m

[1m[93mwarning[0m[1m[97m: use of deprecated struct `religion::Religion`: Replaced by ReligiousProfile — see spec §2 / §9[0m
   [1m[96m--> [0mcrates\engine\src\religion.rs:500:35
    [1m[96m|[0m
[1m[96m500[0m [1m[96m|[0m pub fn spread_religion(_rel: &mut Religion, _nearby_agents: u32, _tick: u64) {}
    [1m[96m|[0m                                   [1m[93m^^^^^^^^[0m

[1m[91merror[E0592][0m[1m[97m: duplicate definitions with name `cluster_cultures`[0m
    [1m[96m--> [0mcrates\engine\src\emergence.rs:828:5
     [1m[96m|[0m
[1m[96m 828[0m [1m[96m|[0m     pub fn cluster_cultures(&self) -> &BTreeMap<u64, CultureProfile> {
     [1m[96m|[0m     [1m[91m^^^^^^^^^^^^^^^^^^^^^^^^^^^^^^^^^^^^^^^^^^^^^^^^^^^^^^^^^^^^^^^^[0m [1m[91mduplicate definitions for `cluster_cultures`[0m
     [1m[96m|[0m
    [1m[96m::: [0mcrates\engine\src\engine.rs:2029:5
     [1m[96m|[0m
[1m[96m2029[0m [1m[96m|[0m     pub fn cluster_cultures(&self) -> &BTreeMap<u64, CultureProfile> {
     [1m[96m|[0m     [1m[96m----------------------------------------------------------------[0m [1m[96mother definition for `cluster_cultures`[0m

[1m[91merror[E0592][0m[1m[97m: duplicate definitions with name `last_emergence_sample`[0m
    [1m[96m--> [0mcrates\engine\src\emergence_metrics.rs:299:5
     [1m[96m|[0m
[1m[96m 299[0m [1m[96m|[0m     pub fn last_emergence_sample(&self) -> Option<EmergenceSample> {
     [1m[96m|[0m     [1m[91m^^^^^^^^^^^^^^^^^^^^^^^^^^^^^^^^^^^^^^^^^^^^^^^^^^^^^^^^^^^^^^[0m [1m[91mduplicate definitions for `last_emergence_sample`[0m
     [1m[96m|[0m
    [1m[96m::: [0mcrates\engine\src\engine.rs:2023:5
     [1m[96m|[0m
[1m[96m2023[0m [1m[96m|[0m     pub fn last_emergence_sample(&self) -> Option<crate::emergence_metrics::EmergenceSample> {
     [1m[96m|[0m     [1m[96m----------------------------------------------------------------------------------------[0m [1m[96mother definition for `last_emergence_sample`[0m

[1m[91merror[E0616][0m[1m[97m: field `last_tick_disaster_events` of struct `Simulation` is private[0m
  [1m[96m--> [0mcrates\engine\src\disasters.rs:51:9
   [1m[96m|[0m
[1m[96m51[0m [1m[96m|[0m     sim.last_tick_disaster_events.push(DisasterTickEvent {
   [1m[96m|[0m         [1m[91m^^^^^^^^^^^^^^^^^^^^^^^^^[0m [1m[91mprivate field[0m

[1m[91merror[E0308][0m[1m[97m: mismatched types[0m
    [1m[96m--> [0mcrates\engine\src\disasters.rs:355:26
     [1m[96m|[0m
[1m[96m 355[0m [1m[96m|[0m     let spent = pool.min(*requested);
     [1m[96m|[0m                      [1m[96m---[0m [1m[91m^^^^^^^^^^[0m [1m[91mexpected `&mut FixedI32<UInt<UInt<..., ...>, ...>>`, found `FixedI32<UInt<UInt<..., ...>, ...>>`[0m
     [1m[96m|[0m                      [1m[96m|[0m
     [1m[96m|[0m                      [1m[96marguments to this method are incorrect[0m
     [1m[96m|[0m
     [1m[96m= [0m[1m[97mnote[0m: expected mutable reference `[1m[35m&[0m[1m[35mmut [0mFixedI32<_>`
                           found struct `FixedI32<_>`
[1m[96mhelp[0m: the return type of this call is `FixedI32<UInt<UInt<UInt<UInt<UInt<UTerm, B1>, B0>, B0>, B0>, B0>>` due to the type of the argument passed
    [1m[96m--> [0mcrates\engine\src\disasters.rs:355:17
     [1m[96m|[0m
[1m[96m 355[0m [1m[96m|[0m     let spent = pool.min(*requested);
     [1m[96m|[0m                 [1m[96m^^^^^^^^^----------^[0m
     [1m[96m|[0m                          [1m[96m|[0m
     [1m[96m|[0m                          [1m[96mthis argument influences the return type of `min`[0m
[1m[92mnote[0m: method defined here
    [1m[96m--> [0mC:\Users\koosh\.rustup\toolchains\stable-x86_64-pc-windows-msvc\lib/rustlib/src/rust\library\core\src\cmp.rs:1072:8
     [1m[96m|[0m
[1m[96m1072[0m [1m[96m|[0m     fn min(self, other: Self) -> Self
     [1m[96m|[0m        [1m[92m^^^[0m
[1m[96mhelp[0m: consider removing deref here
     [1m[96m|[0m
[1m[96m 355[0m [91m- [0m    let spent = pool.min([91m*[0mrequested);
[1m[96m 355[0m [92m+ [0m    let spent = pool.min(requested);
     [1m[96m|[0m

[1m[91merror[E0308][0m[1m[97m: mismatched types[0m
   [1m[96m--> [0mcrates\engine\src\disasters.rs:357:18
    [1m[96m|[0m
[1m[96m357[0m [1m[96m|[0m     *requested = spent;
    [1m[96m|[0m     [1m[96m----------[0m   [1m[91m^^^^^[0m [1m[91mexpected `FixedI32<UInt<UInt<..., ...>, ...>>`, found `&mut FixedI32<UInt<UInt<..., ...>, ...>>`[0m
    [1m[96m|[0m     [1m[96m|[0m
    [1m[96m|[0m     [1m[96mexpected due to the type of this binding[0m
    [1m[96m|[0m
    [1m[96m= [0m[1m[97mnote[0m:         expected struct `FixedI32<_>`
            found mutable reference `[1m[35m&[0m[1m[35mmut [0mFixedI32<_>`
[1m[96mhelp[0m: consider dereferencing the borrow
    [1m[96m|[0m
[1m[96m357[0m [1m[96m| [0m    *requested = [92m*[0mspent;
    [1m[96m|[0m                  [92m+[0m

[1m[91merror[E0277][0m[1m[97m: cannot subtract-assign `&mut FixedI32<UInt<UInt<UInt<UInt<UInt<UTerm, B1>, B0>, B0>, B0>, B0>>` from `FixedI32<UInt<UInt<UInt<UInt<UInt<UTerm, B1>, B0>, B0>, B0>, B0>>`[0m
   [1m[96m--> [0mcrates\engine\src\disasters.rs:356:11
    [1m[96m|[0m
[1m[96m356[0m [1m[96m|[0m     *pool -= spent;
    [1m[96m|[0m           [1m[91m^^[0m [1m[91mno implementation for `FixedI32<UInt<UInt<UInt<UInt<UInt<UTerm, B1>, B0>, B0>, B0>, B0>> -= &mut FixedI32<UInt<UInt<UInt<UInt<UInt<UTerm, B1>, B0>, B0>, B0>, B0>>`[0m
    [1m[96m|[0m
    [1m[96m= [0m[1m[97mhelp[0m: the trait `SubAssign<&mut FixedI32<UInt<UInt<UInt<UInt<UInt<UTerm, B1>, B0>, B0>, B0>, B0>>>` is not implemented for `FixedI32<UInt<UInt<UInt<UInt<UInt<UTerm, B1>, B0>, B0>, B0>, B0>>`
[1m[96mhelp[0m: consider dereferencing here
    [1m[96m|[0m
[1m[96m356[0m [1m[96m| [0m    *pool -= [92m*[0mspent;
    [1m[96m|[0m              [92m+[0m

[1m[91merror[E0308][0m[1m[97m: mismatched types[0m
    [1m[96m--> [0mcrates\engine\src\emergence.rs:434:42
     [1m[96m|[0m
[1m[96m 434[0m [1m[96m|[0m         let entity_a = self.agent_entity(a_id);
     [1m[96m|[0m                             [1m[96m------------[0m [1m[91m^^^^[0m [1m[91mexpected `u32`, found `u64`[0m
     [1m[96m|[0m                             [1m[96m|[0m
     [1m[96m|[0m                             [1m[96marguments to this method are incorrect[0m
     [1m[96m|[0m
[1m[92mnote[0m: method defined here
    [1m[96m--> [0mcrates\engine\src\engine.rs:6315:12
     [1m[96m|[0m
[1m[96m6315[0m [1m[96m|[0m     pub fn agent_entity(&self, _faction: u32) -> Option<u32> {
     [1m[96m|[0m            [1m[92m^^^^^^^^^^^^[0m        [1m[96m-------------[0m
[1m[96mhelp[0m: you can convert a `u64` to a `u32` and panic if the converted value doesn't fit
     [1m[96m|[0m
[1m[96m 434[0m [1m[96m| [0m        let entity_a = self.agent_entity(a_id[92m.try_into().unwrap()[0m);
     [1m[96m|[0m                                              [92m++++++++++++++++++++[0m

[1m[91merror[E0308][0m[1m[97m: mismatched types[0m
    [1m[96m--> [0mcrates\engine\src\emergence.rs:435:42
     [1m[96m|[0m
[1m[96m 435[0m [1m[96m|[0m         let entity_b = self.agent_entity(b_id);
     [1m[96m|[0m                             [1m[96m------------[0m [1m[91m^^^^[0m [1m[91mexpected `u32`, found `u64`[0m
     [1m[96m|[0m                             [1m[96m|[0m
     [1m[96m|[0m                             [1m[96marguments to this method are incorrect[0m
     [1m[96m|[0m
[1m[92mnote[0m: method defined here
    [1m[96m--> [0mcrates\engine\src\engine.rs:6315:12
     [1m[96m|[0m
[1m[96m6315[0m [1m[96m|[0m     pub fn agent_entity(&self, _faction: u32) -> Option<u32> {
     [1m[96m|[0m            [1m[92m^^^^^^^^^^^^[0m        [1m[96m-------------[0m
[1m[96mhelp[0m: you can convert a `u64` to a `u32` and panic if the converted value doesn't fit
     [1m[96m|[0m
[1m[96m 435[0m [1m[96m| [0m        let entity_b = self.agent_entity(b_id[92m.try_into().unwrap()[0m);
     [1m[96m|[0m                                              [92m++++++++++++++++++++[0m

[1m[91merror[E0308][0m[1m[97m: mismatched types[0m
   [1m[96m--> [0mcrates\engine\src\emergence.rs:439:34
    [1m[96m|[0m
[1m[96m439[0m [1m[96m|[0m         self.ensure_social_graph(ea);
    [1m[96m|[0m              [1m[96m-------------------[0m [1m[91m^^[0m [1m[91mexpected `Entity`, found `u32`[0m
    [1m[96m|[0m              [1m[96m|[0m
    [1m[96m|[0m              [1m[96marguments to this method are incorrect[0m
    [1m[96m|[0m
[1m[92mnote[0m: method defined here
   [1m[96m--> [0mcrates\engine\src\emergence.rs:465:8
    [1m[96m|[0m
[1m[96m465[0m [1m[96m|[0m     fn ensure_social_graph(&mut self, entity: Entity) {
    [1m[96m|[0m        [1m[92m^^^^^^^^^^^^^^^^^^^[0m            [1m[96m--------------[0m

[1m[91merror[E0308][0m[1m[97m: mismatched types[0m
   [1m[96m--> [0mcrates\engine\src\emergence.rs:440:34
    [1m[96m|[0m
[1m[96m440[0m [1m[96m|[0m         self.ensure_social_graph(eb);
    [1m[96m|[0m              [1m[96m-------------------[0m [1m[91m^^[0m [1m[91mexpected `Entity`, found `u32`[0m
    [1m[96m|[0m              [1m[96m|[0m
    [1m[96m|[0m              [1m[96marguments to this method are incorrect[0m
    [1m[96m|[0m
[1m[92mnote[0m: method defined here
   [1m[96m--> [0mcrates\engine\src\emergence.rs:465:8
    [1m[96m|[0m
[1m[96m465[0m [1m[96m|[0m     fn ensure_social_graph(&mut self, entity: Entity) {
    [1m[96m|[0m        [1m[92m^^^^^^^^^^^^^^^^^^^[0m            [1m[96m--------------[0m

[1m[91merror[E0308][0m[1m[97m: mismatched types[0m
   [1m[96m--> [0mcrates\engine\src\emergence.rs:441:64
    [1m[96m|[0m
[1m[96m441[0m [1m[96m|[0m         if let Ok(mut ga) = self.world.get::<&mut SocialGraph>(ea) {
    [1m[96m|[0m                                        [1m[96m-----------------------[0m [1m[91m^^[0m [1m[91mexpected `Entity`, found `u32`[0m
    [1m[96m|[0m                                        [1m[96m|[0m
    [1m[96m|[0m                                        [1m[96marguments to this method are incorrect[0m
    [1m[96m|[0m
[1m[92mnote[0m: method defined here
   [1m[96m--> [0mE:\Dev\.cargo\registry\src\index.crates.io-1949cf8c6b5b557f\hecs-0.10.5\src\world.rs:509:12
    [1m[96m|[0m
[1m[96m509[0m [1m[96m|[0m     pub fn get<'a, T: ComponentRef<'a>>(
    [1m[96m|[0m            [1m[92m^^^[0m

[1m[91merror[E0308][0m[1m[97m: mismatched types[0m
   [1m[96m--> [0mcrates\engine\src\emergence.rs:452:64
    [1m[96m|[0m
[1m[96m452[0m [1m[96m|[0m         if let Ok(mut gb) = self.world.get::<&mut SocialGraph>(eb) {
    [1m[96m|[0m                                        [1m[96m-----------------------[0m [1m[91m^^[0m [1m[91mexpected `Entity`, found `u32`[0m
    [1m[96m|[0m                                        [1m[96m|[0m
    [1m[96m|[0m                                        [1m[96marguments to this method are incorrect[0m
    [1m[96m|[0m
[1m[92mnote[0m: method defined here
   [1m[96m--> [0mE:\Dev\.cargo\registry\src\index.crates.io-1949cf8c6b5b557f\hecs-0.10.5\src\world.rs:509:12
    [1m[96m|[0m
[1m[96m509[0m [1m[96m|[0m     pub fn get<'a, T: ComponentRef<'a>>(
    [1m[96m|[0m            [1m[92m^^^[0m

[1m[91merror[E0308][0m[1m[97m: mismatched types[0m
    [1m[96m--> [0mcrates\engine\src\emergence.rs:522:58
     [1m[96m|[0m
[1m[96m 522[0m [1m[96m|[0m                     let other_entity = self.agent_entity(other_id)?;
     [1m[96m|[0m                                             [1m[96m------------[0m [1m[91m^^^^^^^^[0m [1m[91mexpected `u32`, found `u64`[0m
     [1m[96m|[0m                                             [1m[96m|[0m
     [1m[96m|[0m                                             [1m[96marguments to this method are incorrect[0m
     [1m[96m|[0m
[1m[92mnote[0m: method defined here
    [1m[96m--> [0mcrates\engine\src\engine.rs:6315:12
     [1m[96m|[0m
[1m[96m6315[0m [1m[96m|[0m     pub fn agent_entity(&self, _faction: u32) -> Option<u32> {
     [1m[96m|[0m            [1m[92m^^^^^^^^^^^^[0m        [1m[96m-------------[0m
[1m[96mhelp[0m: you can convert a `u64` to a `u32` and panic if the converted value doesn't fit
     [1m[96m|[0m
[1m[96m 522[0m [1m[96m| [0m                    let other_entity = self.agent_entity(other_id[92m.try_into().unwrap()[0m)?;
     [1m[96m|[0m                                                                  [92m++++++++++++++++++++[0m

[1m[91merror[E0308][0m[1m[97m: mismatched types[0m
   [1m[96m--> [0mcrates\engine\src\emergence.rs:525:48
    [1m[96m|[0m
[1m[96m525[0m [1m[96m|[0m                         .get::<&ClusterMember>(other_entity)
    [1m[96m|[0m                          [1m[96m---------------------[0m [1m[91m^^^^^^^^^^^^[0m [1m[91mexpected `Entity`, found `u32`[0m
    [1m[96m|[0m                          [1m[96m|[0m
    [1m[96m|[0m                          [1m[96marguments to this method are incorrect[0m
    [1m[96m|[0m
[1m[92mnote[0m: method defined here
   [1m[96m--> [0mE:\Dev\.cargo\registry\src\index.crates.io-1949cf8c6b5b557f\hecs-0.10.5\src\world.rs:509:12
    [1m[96m|[0m
[1m[96m509[0m [1m[96m|[0m     pub fn get<'a, T: ComponentRef<'a>>(
    [1m[96m|[0m            [1m[92m^^^[0m

[1m[91merror[E0063][0m[1m[97m: missing fields `health` and `rest` in initializer of `civ_agents::Needs`[0m
   [1m[96m--> [0mcrates\engine\src\emergence.rs:546:36
    [1m[96m|[0m
[1m[96m546[0m [1m[96m|[0m                         .unwrap_or(Needs {
    [1m[96m|[0m                                    [1m[91m^^^^^[0m [1m[91mmissing `health` and `rest`[0m

[1m[91merror[E0061][0m[1m[97m: this method takes 2 arguments but 1 argument was supplied[0m
    [1m[96m--> [0mcrates\engine\src\emergence.rs:688:14
     [1m[96m|[0m
[1m[96m 688[0m [1m[96m|[0m         self.add_cohesion(awakening_cohesion_gain(awakenings));
     [1m[96m|[0m              [1m[91m^^^^^^^^^^^^[0m[1m[96m-------------------------------------[0m
     [1m[96m|[0m                          [1m[96m||[0m
     [1m[96m|[0m                          [1m[96m|expected `u32`, found `i64`[0m
     [1m[96m|[0m                          [1m[96margument #2 of type `f32` is missing[0m
     [1m[96m|[0m
[1m[92mnote[0m: method defined here
    [1m[96m--> [0mcrates\engine\src\engine.rs:6313:12
     [1m[96m|[0m
[1m[96m6313[0m [1m[96m|[0m     pub fn add_cohesion(&mut self, _faction: u32, _delta: f32) {}
     [1m[96m|[0m            [1m[92m^^^^^^^^^^^^[0m            [1m[96m-------------[0m  [1m[96m-----------[0m
[1m[96mhelp[0m: you can convert an `i64` to a `u32` and panic if the converted value doesn't fit
     [1m[96m|[0m
[1m[96m 688[0m [1m[96m| [0m        self.add_cohesion(awakening_cohesion_gain(awakenings)[92m.try_into().unwrap()[0m);
     [1m[96m|[0m                                                              [92m++++++++++++++++++++[0m
[1m[96mhelp[0m: provide the argument
     [1m[96m|[0m
[1m[96m 688[0m [91m- [0m        self.add_cohesion[91m(awakening_cohesion_gain(awakenings))[0m;
[1m[96m 688[0m [92m+ [0m        self.add_cohesion[92m(/* u32 */, /* f32 */)[0m;
     [1m[96m|[0m

[1m[91merror[E0308][0m[1m[97m: mismatched types[0m
    [1m[96m--> [0mcrates\engine\src\emergence.rs:847:40
     [1m[96m|[0m
[1m[96m 847[0m [1m[96m|[0m         let entity = self.agent_entity(agent_id)?;
     [1m[96m|[0m                           [1m[96m------------[0m [1m[91m^^^^^^^^[0m [1m[91mexpected `u32`, found `u64`[0m
     [1m[96m|[0m                           [1m[96m|[0m
     [1m[96m|[0m                           [1m[96marguments to this method are incorrect[0m
     [1m[96m|[0m
[1m[92mnote[0m: method defined here
    [1m[96m--> [0mcrates\engine\src\engine.rs:6315:12
     [1m[96m|[0m
[1m[96m6315[0m [1m[96m|[0m     pub fn agent_entity(&self, _faction: u32) -> Option<u32> {
     [1m[96m|[0m            [1m[92m^^^^^^^^^^^^[0m        [1m[96m-------------[0m
[1m[96mhelp[0m: you can convert a `u64` to a `u32` and panic if the converted value doesn't fit
     [1m[96m|[0m
[1m[96m 847[0m [1m[96m| [0m        let entity = self.agent_entity(agent_id[92m.try_into().unwrap()[0m)?;
     [1m[96m|[0m                                                [92m++++++++++++++++++++[0m

[1m[91merror[E0308][0m[1m[97m: mismatched types[0m
   [1m[96m--> [0mcrates\engine\src\emergence.rs:848:35
    [1m[96m|[0m
[1m[96m848[0m [1m[96m|[0m         self.world.get::<&Psyche>(entity).ok().map(|p| (*p).clone())
    [1m[96m|[0m                    [1m[96m--------------[0m [1m[91m^^^^^^[0m [1m[91mexpected `Entity`, found `u32`[0m
    [1m[96m|[0m                    [1m[96m|[0m
    [1m[96m|[0m                    [1m[96marguments to this method are incorrect[0m
    [1m[96m|[0m
[1m[92mnote[0m: method defined here
   [1m[96m--> [0mE:\Dev\.cargo\registry\src\index.crates.io-1949cf8c6b5b557f\hecs-0.10.5\src\world.rs:509:12
    [1m[96m|[0m
[1m[96m509[0m [1m[96m|[0m     pub fn get<'a, T: ComponentRef<'a>>(
    [1m[96m|[0m            [1m[92m^^^[0m

[1m[91merror[E0308][0m[1m[97m: mismatched types[0m
    [1m[96m--> [0mcrates\engine\src\emergence.rs:854:40
     [1m[96m|[0m
[1m[96m 854[0m [1m[96m|[0m         let entity = self.agent_entity(agent_id)?;
     [1m[96m|[0m                           [1m[96m------------[0m [1m[91m^^^^^^^^[0m [1m[91mexpected `u32`, found `u64`[0m
     [1m[96m|[0m                           [1m[96m|[0m
     [1m[96m|[0m                           [1m[96marguments to this method are incorrect[0m
     [1m[96m|[0m
[1m[92mnote[0m: method defined here
    [1m[96m--> [0mcrates\engine\src\engine.rs:6315:12
     [1m[96m|[0m
[1m[96m6315[0m [1m[96m|[0m     pub fn agent_entity(&self, _faction: u32) -> Option<u32> {
     [1m[96m|[0m            [1m[92m^^^^^^^^^^^^[0m        [1m[96m-------------[0m
[1m[96mhelp[0m: you can convert a `u64` to a `u32` and panic if the converted value doesn't fit
     [1m[96m|[0m
[1m[96m 854[0m [1m[96m| [0m        let entity = self.agent_entity(agent_id[92m.try_into().unwrap()[0m)?;
     [1m[96m|[0m                                                [92m++++++++++++++++++++[0m

[1m[91merror[E0308][0m[1m[97m: mismatched types[0m
   [1m[96m--> [0mcrates\engine\src\emergence.rs:856:34
    [1m[96m|[0m
[1m[96m856[0m [1m[96m|[0m             .get::<&SocialGraph>(entity)
    [1m[96m|[0m              [1m[96m-------------------[0m [1m[91m^^^^^^[0m [1m[91mexpected `Entity`, found `u32`[0m
    [1m[96m|[0m              [1m[96m|[0m
    [1m[96m|[0m              [1m[96marguments to this method are incorrect[0m
    [1m[96m|[0m
[1m[92mnote[0m: method defined here
   [1m[96m--> [0mE:\Dev\.cargo\registry\src\index.crates.io-1949cf8c6b5b557f\hecs-0.10.5\src\world.rs:509:12
    [1m[96m|[0m
[1m[96m509[0m [1m[96m|[0m     pub fn get<'a, T: ComponentRef<'a>>(
    [1m[96m|[0m            [1m[92m^^^[0m

[1m[91merror[E0061][0m[1m[97m: this method takes 1 argument but 0 arguments were supplied[0m
    [1m[96m--> [0mcrates\engine\src\emergence_metrics.rs:321:27
     [1m[96m|[0m
[1m[96m 321[0m [1m[96m|[0m         let actors = self.micro_actor_action_count();
     [1m[96m|[0m                           [1m[91m^^^^^^^^^^^^^^^^^^^^^^^^[0m[1m[96m--[0m [1m[96margument #1 of type `u64` is missing[0m
     [1m[96m|[0m
[1m[92mnote[0m: method defined here
    [1m[96m--> [0mcrates\engine\src\engine.rs:6319:12
     [1m[96m|[0m
[1m[96m6319[0m [1m[96m|[0m     pub fn micro_actor_action_count(&self, _actor: u64) -> u64 {
     [1m[96m|[0m            [1m[92m^^^^^^^^^^^^^^^^^^^^^^^^[0m        [1m[96m-----------[0m
[1m[96mhelp[0m: provide the argument
     [1m[96m|[0m
[1m[96m 321[0m [1m[96m| [0m        let actors = self.micro_actor_action_count([92m/* u64 */[0m);
     [1m[96m|[0m                                                    [92m+++++++++[0m

[1m[91merror[E0061][0m[1m[97m: this method takes 1 argument but 0 arguments were supplied[0m
    [1m[96m--> [0mcrates\engine\src\emergence_metrics.rs:322:32
     [1m[96m|[0m
[1m[96m 322[0m [1m[96m|[0m         let descendants = self.micro_descendant_action_count();
     [1m[96m|[0m                                [1m[91m^^^^^^^^^^^^^^^^^^^^^^^^^^^^^[0m[1m[96m--[0m [1m[96margument #1 of type `u64` is missing[0m
     [1m[96m|[0m
[1m[92mnote[0m: method defined here
    [1m[96m--> [0mcrates\engine\src\engine.rs:6323:12
     [1m[96m|[0m
[1m[96m6323[0m [1m[96m|[0m     pub fn micro_descendant_action_count(&self, _descendant: u64) -> u64 {
     [1m[96m|[0m            [1m[92m^^^^^^^^^^^^^^^^^^^^^^^^^^^^^[0m        [1m[96m----------------[0m
[1m[96mhelp[0m: provide the argument
     [1m[96m|[0m
[1m[96m 322[0m [1m[96m| [0m        let descendants = self.micro_descendant_action_count([92m/* u64 */[0m);
     [1m[96m|[0m                                                              [92m+++++++++[0m

[1m[91merror[E0308][0m[1m[97m: mismatched types[0m
   [1m[96m--> [0mcrates\engine\src\emergence_metrics.rs:338:45
    [1m[96m|[0m
[1m[96m338[0m [1m[96m|[0m                     open.last_descendants = descendants;
    [1m[96m|[0m                     [1m[96m---------------------[0m   [1m[91m^^^^^^^^^^^[0m [1m[91mexpected `u32`, found `u64`[0m
    [1m[96m|[0m                     [1m[96m|[0m
    [1m[96m|[0m                     [1m[96mexpected due to the type of this binding[0m

[1m[91merror[E0308][0m[1m[97m: mismatched types[0m
   [1m[96m--> [0mcrates\engine\src\emergence_metrics.rs:356:30
    [1m[96m|[0m
[1m[96m356[0m [1m[96m|[0m                 seed_actors: actors,
    [1m[96m|[0m                              [1m[91m^^^^^^[0m [1m[91mexpected `u32`, found `u64`[0m

[1m[91merror[E0277][0m[1m[97m: the trait bound `FixedI32<UInt<UInt<UInt<UInt<UInt<UTerm, B1>, B0>, B0>, B0>, B0>>: serde::Serialize` is not satisfied[0m
    [1m[96m--> [0mcrates\engine\src\engine.rs:156:41
     [1m[96m|[0m
[1m[96m 156[0m [1m[96m|[0m #[derive(Debug, Clone, Copy, PartialEq, Serialize, Deserialize)]
     [1m[96m|[0m                                         [1m[91m^^^^^^^^^[0m [1m[91mthe trait `Serialize` is not implemented for `FixedI32<UInt<UInt<UInt<UInt<UInt<UTerm, B1>, B0>, B0>, B0>, B0>>`[0m
[1m[96m...[0m
[1m[96m 159[0m [1m[96m|[0m     pub health: Fixed,   // Health 0.0 - 1.0
     [1m[96m|[0m     [1m[96m---[0m [1m[96mrequired by a bound introduced by this call[0m
     [1m[96m|[0m
     [1m[96m= [0m[1m[97mnote[0m: for local types consider adding `#[derive(serde::Serialize)]` to your `FixedI32<UInt<UInt<UInt<UInt<UInt<UTerm, B1>, B0>, B0>, B0>, B0>>` type
     [1m[96m= [0m[1m[97mnote[0m: for types from other crates check whether the crate offers a `serde` feature flag
     [1m[96m= [0m[1m[97mhelp[0m: the following other types implement trait `Serialize`:
               &'a T
               &'a mut T
               ()
               (T,)
               (T0, T1)
               (T0, T1, T2)
               (T0, T1, T2, T3)
               (T0, T1, T2, T3, T4)
             and 1004 others
[1m[92mnote[0m: required by a bound in `building_layouts::_::_serde::ser::SerializeStruct::serialize_field`
    [1m[96m--> [0mE:\Dev\.cargo\registry\src\index.crates.io-1949cf8c6b5b557f\serde_core-1.0.228\src\ser\mod.rs:1917:21
     [1m[96m|[0m
[1m[96m1915[0m [1m[96m|[0m     fn serialize_field<T>(&mut self, key: &'static str, value: &T) -> Result<(), Self::Error>
     [1m[96m|[0m        [1m[96m---------------[0m [1m[96mrequired by a bound in this associated function[0m
[1m[96m1916[0m [1m[96m|[0m     where
[1m[96m1917[0m [1m[96m|[0m         T: ?Sized + Serialize;
     [1m[96m|[0m                     [1m[92m^^^^^^^^^[0m [1m[92mrequired by this bound in `SerializeStruct::serialize_field`[0m
     [1m[96m= [0m[1m[97mnote[0m: this error originates in the derive macro `Serialize` (in Nightly builds, run with -Z macro-backtrace for more info)

[1m[91merror[E0277][0m[1m[97m: the trait bound `FixedI32<UInt<UInt<UInt<UInt<UInt<UTerm, B1>, B0>, B0>, B0>, B0>>: serde::Deserialize<'de>` is not satisfied[0m
    [1m[96m--> [0mcrates\engine\src\engine.rs:159:17
     [1m[96m|[0m
[1m[96m 159[0m [1m[96m|[0m     pub health: Fixed,   // Health 0.0 - 1.0
     [1m[96m|[0m                 [1m[91m^^^^^[0m [1m[91mthe trait `Deserialize<'_>` is not implemented for `FixedI32<UInt<UInt<UInt<UInt<UInt<UTerm, B1>, B0>, B0>, B0>, B0>>`[0m
     [1m[96m|[0m
     [1m[96m= [0m[1m[97mnote[0m: for local types consider adding `#[derive(serde::Deserialize)]` to your `FixedI32<UInt<UInt<UInt<UInt<UInt<UTerm, B1>, B0>, B0>, B0>, B0>>` type
     [1m[96m= [0m[1m[97mnote[0m: for types from other crates check whether the crate offers a `serde` feature flag
     [1m[96m= [0m[1m[97mhelp[0m: the following other types implement trait `Deserialize<'de>`:
               `&'a [u8]` implements `Deserialize<'de>`
               `&'a std::path::Path` implements `Deserialize<'de>`
               `&'a str` implements `Deserialize<'de>`
               `()` implements `Deserialize<'de>`
               `(T,)` implements `Deserialize<'de>`
               `(T0, T1)` implements `Deserialize<'de>`
               `(T0, T1, T2)` implements `Deserialize<'de>`
               `(T0, T1, T2, T3)` implements `Deserialize<'de>`
             and 1020 others
[1m[92mnote[0m: required by a bound in `next_element`
    [1m[96m--> [0mE:\Dev\.cargo\registry\src\index.crates.io-1949cf8c6b5b557f\serde_core-1.0.228\src\de\mod.rs:1771:12
     [1m[96m|[0m
[1m[96m1769[0m [1m[96m|[0m     fn next_element<T>(&mut self) -> Result<Option<T>, Self::Error>
     [1m[96m|[0m        [1m[96m------------[0m [1m[96mrequired by a bound in this associated function[0m
[1m[96m1770[0m [1m[96m|[0m     where
[1m[96m1771[0m [1m[96m|[0m         T: Deserialize<'de>,
     [1m[96m|[0m            [1m[92m^^^^^^^^^^^^^^^^[0m [1m[92mrequired by this bound in `SeqAccess::next_element`[0m

[1m[91merror[E0277][0m[1m[97m: the trait bound `FixedI32<UInt<UInt<UInt<UInt<UInt<UTerm, B1>, B0>, B0>, B0>, B0>>: serde::Deserialize<'de>` is not satisfied[0m
    [1m[96m--> [0mcrates\engine\src\engine.rs:160:19
     [1m[96m|[0m
[1m[96m 160[0m [1m[96m|[0m     pub ideology: Fixed, // -1.0 (libertarian) to 1.0 (authoritarian)
     [1m[96m|[0m                   [1m[91m^^^^^[0m [1m[91mthe trait `Deserialize<'_>` is not implemented for `FixedI32<UInt<UInt<UInt<UInt<UInt<UTerm, B1>, B0>, B0>, B0>, B0>>`[0m
     [1m[96m|[0m
     [1m[96m= [0m[1m[97mnote[0m: for local types consider adding `#[derive(serde::Deserialize)]` to your `FixedI32<UInt<UInt<UInt<UInt<UInt<UTerm, B1>, B0>, B0>, B0>, B0>>` type
     [1m[96m= [0m[1m[97mnote[0m: for types from other crates check whether the crate offers a `serde` feature flag
     [1m[96m= [0m[1m[97mhelp[0m: the following other types implement trait `Deserialize<'de>`:
               `&'a [u8]` implements `Deserialize<'de>`
               `&'a std::path::Path` implements `Deserialize<'de>`
               `&'a str` implements `Deserialize<'de>`
               `()` implements `Deserialize<'de>`
               `(T,)` implements `Deserialize<'de>`
               `(T0, T1)` implements `Deserialize<'de>`
               `(T0, T1, T2)` implements `Deserialize<'de>`
               `(T0, T1, T2, T3)` implements `Deserialize<'de>`
             and 1020 others
[1m[92mnote[0m: required by a bound in `next_element`
    [1m[96m--> [0mE:\Dev\.cargo\registry\src\index.crates.io-1949cf8c6b5b557f\serde_core-1.0.228\src\de\mod.rs:1771:12
     [1m[96m|[0m
[1m[96m1769[0m [1m[96m|[0m     fn next_element<T>(&mut self) -> Result<Option<T>, Self::Error>
     [1m[96m|[0m        [1m[96m------------[0m [1m[96mrequired by a bound in this associated function[0m
[1m[96m1770[0m [1m[96m|[0m     where
[1m[96m1771[0m [1m[96m|[0m         T: Deserialize<'de>,
     [1m[96m|[0m            [1m[92m^^^^^^^^^^^^^^^^[0m [1m[92mrequired by this bound in `SeqAccess::next_element`[0m

[1m[91merror[E0277][0m[1m[97m: the trait bound `FixedI32<UInt<UInt<UInt<UInt<UInt<UTerm, B1>, B0>, B0>, B0>, B0>>: serde::Deserialize<'de>` is not satisfied[0m
    [1m[96m--> [0mcrates\engine\src\engine.rs:161:18
     [1m[96m|[0m
[1m[96m 161[0m [1m[96m|[0m     pub welfare: Fixed,  // 0.0 - 1.0
     [1m[96m|[0m                  [1m[91m^^^^^[0m [1m[91mthe trait `Deserialize<'_>` is not implemented for `FixedI32<UInt<UInt<UInt<UInt<UInt<UTerm, B1>, B0>, B0>, B0>, B0>>`[0m
     [1m[96m|[0m
     [1m[96m= [0m[1m[97mnote[0m: for local types consider adding `#[derive(serde::Deserialize)]` to your `FixedI32<UInt<UInt<UInt<UInt<UInt<UTerm, B1>, B0>, B0>, B0>, B0>>` type
     [1m[96m= [0m[1m[97mnote[0m: for types from other crates check whether the crate offers a `serde` feature flag
     [1m[96m= [0m[1m[97mhelp[0m: the following other types implement trait `Deserialize<'de>`:
               `&'a [u8]` implements `Deserialize<'de>`
               `&'a std::path::Path` implements `Deserialize<'de>`
               `&'a str` implements `Deserialize<'de>`
               `()` implements `Deserialize<'de>`
               `(T,)` implements `Deserialize<'de>`
               `(T0, T1)` implements `Deserialize<'de>`
               `(T0, T1, T2)` implements `Deserialize<'de>`
               `(T0, T1, T2, T3)` implements `Deserialize<'de>`
             and 1020 others
[1m[92mnote[0m: required by a bound in `next_element`
    [1m[96m--> [0mE:\Dev\.cargo\registry\src\index.crates.io-1949cf8c6b5b557f\serde_core-1.0.228\src\de\mod.rs:1771:12
     [1m[96m|[0m
[1m[96m1769[0m [1m[96m|[0m     fn next_element<T>(&mut self) -> Result<Option<T>, Self::Error>
     [1m[96m|[0m        [1m[96m------------[0m [1m[96mrequired by a bound in this associated function[0m
[1m[96m1770[0m [1m[96m|[0m     where
[1m[96m1771[0m [1m[96m|[0m         T: Deserialize<'de>,
     [1m[96m|[0m            [1m[92m^^^^^^^^^^^^^^^^[0m [1m[92mrequired by this bound in `SeqAccess::next_element`[0m

[1m[91merror[E0277][0m[1m[97m: the trait bound `FixedI32<UInt<UInt<UInt<UInt<UInt<UTerm, B1>, B0>, B0>, B0>, B0>>: serde::Deserialize<'de>` is not satisfied[0m
    [1m[96m--> [0mcrates\engine\src\engine.rs:159:17
     [1m[96m|[0m
[1m[96m 159[0m [1m[96m|[0m     pub health: Fixed,   // Health 0.0 - 1.0
     [1m[96m|[0m                 [1m[91m^^^^^[0m [1m[91mthe trait `Deserialize<'_>` is not implemented for `FixedI32<UInt<UInt<UInt<UInt<UInt<UTerm, B1>, B0>, B0>, B0>, B0>>`[0m
     [1m[96m|[0m
     [1m[96m= [0m[1m[97mnote[0m: for local types consider adding `#[derive(serde::Deserialize)]` to your `FixedI32<UInt<UInt<UInt<UInt<UInt<UTerm, B1>, B0>, B0>, B0>, B0>>` type
     [1m[96m= [0m[1m[97mnote[0m: for types from other crates check whether the crate offers a `serde` feature flag
     [1m[96m= [0m[1m[97mhelp[0m: the following other types implement trait `Deserialize<'de>`:
               `&'a [u8]` implements `Deserialize<'de>`
               `&'a std::path::Path` implements `Deserialize<'de>`
               `&'a str` implements `Deserialize<'de>`
               `()` implements `Deserialize<'de>`
               `(T,)` implements `Deserialize<'de>`
               `(T0, T1)` implements `Deserialize<'de>`
               `(T0, T1, T2)` implements `Deserialize<'de>`
               `(T0, T1, T2, T3)` implements `Deserialize<'de>`
             and 1020 others
[1m[92mnote[0m: required by a bound in `next_value`
    [1m[96m--> [0mE:\Dev\.cargo\registry\src\index.crates.io-1949cf8c6b5b557f\serde_core-1.0.228\src\de\mod.rs:1916:12
     [1m[96m|[0m
[1m[96m1914[0m [1m[96m|[0m     fn next_value<V>(&mut self) -> Result<V, Self::Error>
     [1m[96m|[0m        [1m[96m----------[0m [1m[96mrequired by a bound in this associated function[0m
[1m[96m1915[0m [1m[96m|[0m     where
[1m[96m1916[0m [1m[96m|[0m         V: Deserialize<'de>,
     [1m[96m|[0m            [1m[92m^^^^^^^^^^^^^^^^[0m [1m[92mrequired by this bound in `MapAccess::next_value`[0m

[1m[91merror[E0277][0m[1m[97m: the trait bound `FixedI32<UInt<UInt<UInt<UInt<UInt<UTerm, B1>, B0>, B0>, B0>, B0>>: serde::Deserialize<'de>` is not satisfied[0m
    [1m[96m--> [0mcrates\engine\src\engine.rs:160:19
     [1m[96m|[0m
[1m[96m 160[0m [1m[96m|[0m     pub ideology: Fixed, // -1.0 (libertarian) to 1.0 (authoritarian)
     [1m[96m|[0m                   [1m[91m^^^^^[0m [1m[91mthe trait `Deserialize<'_>` is not implemented for `FixedI32<UInt<UInt<UInt<UInt<UInt<UTerm, B1>, B0>, B0>, B0>, B0>>`[0m
     [1m[96m|[0m
     [1m[96m= [0m[1m[97mnote[0m: for local types consider adding `#[derive(serde::Deserialize)]` to your `FixedI32<UInt<UInt<UInt<UInt<UInt<UTerm, B1>, B0>, B0>, B0>, B0>>` type
     [1m[96m= [0m[1m[97mnote[0m: for types from other crates check whether the crate offers a `serde` feature flag
     [1m[96m= [0m[1m[97mhelp[0m: the following other types implement trait `Deserialize<'de>`:
               `&'a [u8]` implements `Deserialize<'de>`
               `&'a std::path::Path` implements `Deserialize<'de>`
               `&'a str` implements `Deserialize<'de>`
               `()` implements `Deserialize<'de>`
               `(T,)` implements `Deserialize<'de>`
               `(T0, T1)` implements `Deserialize<'de>`
               `(T0, T1, T2)` implements `Deserialize<'de>`
               `(T0, T1, T2, T3)` implements `Deserialize<'de>`
             and 1020 others
[1m[92mnote[0m: required by a bound in `next_value`
    [1m[96m--> [0mE:\Dev\.cargo\registry\src\index.crates.io-1949cf8c6b5b557f\serde_core-1.0.228\src\de\mod.rs:1916:12
     [1m[96m|[0m
[1m[96m1914[0m [1m[96m|[0m     fn next_value<V>(&mut self) -> Result<V, Self::Error>
     [1m[96m|[0m        [1m[96m----------[0m [1m[96mrequired by a bound in this associated function[0m
[1m[96m1915[0m [1m[96m|[0m     where
[1m[96m1916[0m [1m[96m|[0m         V: Deserialize<'de>,
     [1m[96m|[0m            [1m[92m^^^^^^^^^^^^^^^^[0m [1m[92mrequired by this bound in `MapAccess::next_value`[0m

[1m[91merror[E0277][0m[1m[97m: the trait bound `FixedI32<UInt<UInt<UInt<UInt<UInt<UTerm, B1>, B0>, B0>, B0>, B0>>: serde::Deserialize<'de>` is not satisfied[0m
    [1m[96m--> [0mcrates\engine\src\engine.rs:161:18
     [1m[96m|[0m
[1m[96m 161[0m [1m[96m|[0m     pub welfare: Fixed,  // 0.0 - 1.0
     [1m[96m|[0m                  [1m[91m^^^^^[0m [1m[91mthe trait `Deserialize<'_>` is not implemented for `FixedI32<UInt<UInt<UInt<UInt<UInt<UTerm, B1>, B0>, B0>, B0>, B0>>`[0m
     [1m[96m|[0m
     [1m[96m= [0m[1m[97mnote[0m: for local types consider adding `#[derive(serde::Deserialize)]` to your `FixedI32<UInt<UInt<UInt<UInt<UInt<UTerm, B1>, B0>, B0>, B0>, B0>>` type
     [1m[96m= [0m[1m[97mnote[0m: for types from other crates check whether the crate offers a `serde` feature flag
     [1m[96m= [0m[1m[97mhelp[0m: the following other types implement trait `Deserialize<'de>`:
               `&'a [u8]` implements `Deserialize<'de>`
               `&'a std::path::Path` implements `Deserialize<'de>`
               `&'a str` implements `Deserialize<'de>`
               `()` implements `Deserialize<'de>`
               `(T,)` implements `Deserialize<'de>`
               `(T0, T1)` implements `Deserialize<'de>`
               `(T0, T1, T2)` implements `Deserialize<'de>`
               `(T0, T1, T2, T3)` implements `Deserialize<'de>`
             and 1020 others
[1m[92mnote[0m: required by a bound in `next_value`
    [1m[96m--> [0mE:\Dev\.cargo\registry\src\index.crates.io-1949cf8c6b5b557f\serde_core-1.0.228\src\de\mod.rs:1916:12
     [1m[96m|[0m
[1m[96m1914[0m [1m[96m|[0m     fn next_value<V>(&mut self) -> Result<V, Self::Error>
     [1m[96m|[0m        [1m[96m----------[0m [1m[96mrequired by a bound in this associated function[0m
[1m[96m1915[0m [1m[96m|[0m     where
[1m[96m1916[0m [1m[96m|[0m         V: Deserialize<'de>,
     [1m[96m|[0m            [1m[92m^^^^^^^^^^^^^^^^[0m [1m[92mrequired by this bound in `MapAccess::next_value`[0m

[1m[91merror[E0277][0m[1m[97m: the trait bound `FixedI32<UInt<UInt<UInt<UInt<UInt<UTerm, B1>, B0>, B0>, B0>, B0>>: serde::Deserialize<'de>` is not satisfied[0m
   [1m[96m--> [0mcrates\engine\src\engine.rs:156:52
    [1m[96m|[0m
[1m[96m156[0m [1m[96m|[0m #[derive(Debug, Clone, Copy, PartialEq, Serialize, Deserialize)]
    [1m[96m|[0m                                                    [1m[91m^^^^^^^^^^^[0m [1m[91mthe trait `Deserialize<'_>` is not implemented for `FixedI32<UInt<UInt<UInt<UInt<UInt<UTerm, B1>, B0>, B0>, B0>, B0>>`[0m
    [1m[96m|[0m
    [1m[96m= [0m[1m[97mnote[0m: for local types consider adding `#[derive(serde::Deserialize)]` to your `FixedI32<UInt<UInt<UInt<UInt<UInt<UTerm, B1>, B0>, B0>, B0>, B0>>` type
    [1m[96m= [0m[1m[97mnote[0m: for types from other crates check whether the crate offers a `serde` feature flag
    [1m[96m= [0m[1m[97mhelp[0m: the following other types implement trait `Deserialize<'de>`:
              `&'a [u8]` implements `Deserialize<'de>`
              `&'a std::path::Path` implements `Deserialize<'de>`
              `&'a str` implements `Deserialize<'de>`
              `()` implements `Deserialize<'de>`
              `(T,)` implements `Deserialize<'de>`
              `(T0, T1)` implements `Deserialize<'de>`
              `(T0, T1, T2)` implements `Deserialize<'de>`
              `(T0, T1, T2, T3)` implements `Deserialize<'de>`
            and 1020 others
[1m[92mnote[0m: required by a bound in `building_layouts::_::_serde::__private228::de::missing_field`
   [1m[96m--> [0mE:\Dev\.cargo\registry\src\index.crates.io-1949cf8c6b5b557f\serde-1.0.228\src\private\de.rs:26:8
    [1m[96m|[0m
[1m[96m 24[0m [1m[96m|[0m pub fn missing_field<'de, V, E>(field: &'static str) -> Result<V, E>
    [1m[96m|[0m        [1m[96m-------------[0m [1m[96mrequired by a bound in this function[0m
[1m[96m 25[0m [1m[96m|[0m where
[1m[96m 26[0m [1m[96m|[0m     V: Deserialize<'de>,
    [1m[96m|[0m        [1m[92m^^^^^^^^^^^^^^^^[0m [1m[92mrequired by this bound in `missing_field`[0m
    [1m[96m= [0m[1m[97mnote[0m: this error originates in the derive macro `Deserialize` (in Nightly builds, run with -Z macro-backtrace for more info)

[1m[91merror[E0277][0m[1m[97m: the trait bound `FixedI32<UInt<UInt<UInt<UInt<UInt<UTerm, B1>, B0>, B0>, B0>, B0>>: serde::Serialize` is not satisfied[0m
    [1m[96m--> [0mcrates\engine\src\engine.rs:237:45
     [1m[96m|[0m
[1m[96m 237[0m [1m[96m|[0m #[derive(Debug, Clone, Copy, PartialEq, Eq, Serialize, Deserialize)]
     [1m[96m|[0m                                             [1m[91m^^^^^^^^^[0m [1m[91mthe trait `Serialize` is not implemented for `FixedI32<UInt<UInt<UInt<UInt<UInt<UTerm, B1>, B0>, B0>, B0>, B0>>`[0m
[1m[96m...[0m
[1m[96m 240[0m [1m[96m|[0m     pub hp: Fixed,
     [1m[96m|[0m     [1m[96m---[0m [1m[96mrequired by a bound introduced by this call[0m
     [1m[96m|[0m
     [1m[96m= [0m[1m[97mnote[0m: for local types consider adding `#[derive(serde::Serialize)]` to your `FixedI32<UInt<UInt<UInt<UInt<UInt<UTerm, B1>, B0>, B0>, B0>, B0>>` type
     [1m[96m= [0m[1m[97mnote[0m: for types from other crates check whether the crate offers a `serde` feature flag
     [1m[96m= [0m[1m[97mhelp[0m: the following other types implement trait `Serialize`:
               &'a T
               &'a mut T
               ()
               (T,)
               (T0, T1)
               (T0, T1, T2)
               (T0, T1, T2, T3)
               (T0, T1, T2, T3, T4)
             and 1004 others
[1m[92mnote[0m: required by a bound in `building_layouts::_::_serde::ser::SerializeStruct::serialize_field`
    [1m[96m--> [0mE:\Dev\.cargo\registry\src\index.crates.io-1949cf8c6b5b557f\serde_core-1.0.228\src\ser\mod.rs:1917:21
     [1m[96m|[0m
[1m[96m1915[0m [1m[96m|[0m     fn serialize_field<T>(&mut self, key: &'static str, value: &T) -> Result<(), Self::Error>
     [1m[96m|[0m        [1m[96m---------------[0m [1m[96mrequired by a bound in this associated function[0m
[1m[96m1916[0m [1m[96m|[0m     where
[1m[96m1917[0m [1m[96m|[0m         T: ?Sized + Serialize;
     [1m[96m|[0m                     [1m[92m^^^^^^^^^[0m [1m[92mrequired by this bound in `SerializeStruct::serialize_field`[0m
     [1m[96m= [0m[1m[97mnote[0m: this error originates in the derive macro `Serialize` (in Nightly builds, run with -Z macro-backtrace for more info)

[1m[91merror[E0277][0m[1m[97m: the trait bound `FixedI32<UInt<UInt<UInt<UInt<UInt<UTerm, B1>, B0>, B0>, B0>, B0>>: serde::Deserialize<'de>` is not satisfied[0m
    [1m[96m--> [0mcrates\engine\src\engine.rs:240:13
     [1m[96m|[0m
[1m[96m 240[0m [1m[96m|[0m     pub hp: Fixed,
     [1m[96m|[0m             [1m[91m^^^^^[0m [1m[91mthe trait `Deserialize<'_>` is not implemented for `FixedI32<UInt<UInt<UInt<UInt<UInt<UTerm, B1>, B0>, B0>, B0>, B0>>`[0m
     [1m[96m|[0m
     [1m[96m= [0m[1m[97mnote[0m: for local types consider adding `#[derive(serde::Deserialize)]` to your `FixedI32<UInt<UInt<UInt<UInt<UInt<UTerm, B1>, B0>, B0>, B0>, B0>>` type
     [1m[96m= [0m[1m[97mnote[0m: for types from other crates check whether the crate offers a `serde` feature flag
     [1m[96m= [0m[1m[97mhelp[0m: the following other types implement trait `Deserialize<'de>`:
               `&'a [u8]` implements `Deserialize<'de>`
               `&'a std::path::Path` implements `Deserialize<'de>`
               `&'a str` implements `Deserialize<'de>`
               `()` implements `Deserialize<'de>`
               `(T,)` implements `Deserialize<'de>`
               `(T0, T1)` implements `Deserialize<'de>`
               `(T0, T1, T2)` implements `Deserialize<'de>`
               `(T0, T1, T2, T3)` implements `Deserialize<'de>`
             and 1020 others
[1m[92mnote[0m: required by a bound in `next_element`
    [1m[96m--> [0mE:\Dev\.cargo\registry\src\index.crates.io-1949cf8c6b5b557f\serde_core-1.0.228\src\de\mod.rs:1771:12
     [1m[96m|[0m
[1m[96m1769[0m [1m[96m|[0m     fn next_element<T>(&mut self) -> Result<Option<T>, Self::Error>
     [1m[96m|[0m        [1m[96m------------[0m [1m[96mrequired by a bound in this associated function[0m
[1m[96m1770[0m [1m[96m|[0m     where
[1m[96m1771[0m [1m[96m|[0m         T: Deserialize<'de>,
     [1m[96m|[0m            [1m[92m^^^^^^^^^^^^^^^^[0m [1m[92mrequired by this bound in `SeqAccess::next_element`[0m

[1m[91merror[E0277][0m[1m[97m: the trait bound `FixedI32<UInt<UInt<UInt<UInt<UInt<UTerm, B1>, B0>, B0>, B0>, B0>>: serde::Deserialize<'de>` is not satisfied[0m
    [1m[96m--> [0mcrates\engine\src\engine.rs:241:17
     [1m[96m|[0m
[1m[96m 241[0m [1m[96m|[0m     pub max_hp: Fixed,
     [1m[96m|[0m                 [1m[91m^^^^^[0m [1m[91mthe trait `Deserialize<'_>` is not implemented for `FixedI32<UInt<UInt<UInt<UInt<UInt<UTerm, B1>, B0>, B0>, B0>, B0>>`[0m
     [1m[96m|[0m
     [1m[96m= [0m[1m[97mnote[0m: for local types consider adding `#[derive(serde::Deserialize)]` to your `FixedI32<UInt<UInt<UInt<UInt<UInt<UTerm, B1>, B0>, B0>, B0>, B0>>` type
     [1m[96m= [0m[1m[97mnote[0m: for types from other crates check whether the crate offers a `serde` feature flag
     [1m[96m= [0m[1m[97mhelp[0m: the following other types implement trait `Deserialize<'de>`:
               `&'a [u8]` implements `Deserialize<'de>`
               `&'a std::path::Path` implements `Deserialize<'de>`
               `&'a str` implements `Deserialize<'de>`
               `()` implements `Deserialize<'de>`
               `(T,)` implements `Deserialize<'de>`
               `(T0, T1)` implements `Deserialize<'de>`
               `(T0, T1, T2)` implements `Deserialize<'de>`
               `(T0, T1, T2, T3)` implements `Deserialize<'de>`
             and 1020 others
[1m[92mnote[0m: required by a bound in `next_element`
    [1m[96m--> [0mE:\Dev\.cargo\registry\src\index.crates.io-1949cf8c6b5b557f\serde_core-1.0.228\src\de\mod.rs:1771:12
     [1m[96m|[0m
[1m[96m1769[0m [1m[96m|[0m     fn next_element<T>(&mut self) -> Result<Option<T>, Self::Error>
     [1m[96m|[0m        [1m[96m------------[0m [1m[96mrequired by a bound in this associated function[0m
[1m[96m1770[0m [1m[96m|[0m     where
[1m[96m1771[0m [1m[96m|[0m         T: Deserialize<'de>,
     [1m[96m|[0m            [1m[92m^^^^^^^^^^^^^^^^[0m [1m[92mrequired by this bound in `SeqAccess::next_element`[0m

[1m[91merror[E0277][0m[1m[97m: the trait bound `FixedI32<UInt<UInt<UInt<UInt<UInt<UTerm, B1>, B0>, B0>, B0>, B0>>: serde::Deserialize<'de>` is not satisfied[0m
    [1m[96m--> [0mcrates\engine\src\engine.rs:240:13
     [1m[96m|[0m
[1m[96m 240[0m [1m[96m|[0m     pub hp: Fixed,
     [1m[96m|[0m             [1m[91m^^^^^[0m [1m[91mthe trait `Deserialize<'_>` is not implemented for `FixedI32<UInt<UInt<UInt<UInt<UInt<UTerm, B1>, B0>, B0>, B0>, B0>>`[0m
     [1m[96m|[0m
     [1m[96m= [0m[1m[97mnote[0m: for local types consider adding `#[derive(serde::Deserialize)]` to your `FixedI32<UInt<UInt<UInt<UInt<UInt<UTerm, B1>, B0>, B0>, B0>, B0>>` type
     [1m[96m= [0m[1m[97mnote[0m: for types from other crates check whether the crate offers a `serde` feature flag
     [1m[96m= [0m[1m[97mhelp[0m: the following other types implement trait `Deserialize<'de>`:
               `&'a [u8]` implements `Deserialize<'de>`
               `&'a std::path::Path` implements `Deserialize<'de>`
               `&'a str` implements `Deserialize<'de>`
               `()` implements `Deserialize<'de>`
               `(T,)` implements `Deserialize<'de>`
               `(T0, T1)` implements `Deserialize<'de>`
               `(T0, T1, T2)` implements `Deserialize<'de>`
               `(T0, T1, T2, T3)` implements `Deserialize<'de>`
             and 1020 others
[1m[92mnote[0m: required by a bound in `next_value`
    [1m[96m--> [0mE:\Dev\.cargo\registry\src\index.crates.io-1949cf8c6b5b557f\serde_core-1.0.228\src\de\mod.rs:1916:12
     [1m[96m|[0m
[1m[96m1914[0m [1m[96m|[0m     fn next_value<V>(&mut self) -> Result<V, Self::Error>
     [1m[96m|[0m        [1m[96m----------[0m [1m[96mrequired by a bound in this associated function[0m
[1m[96m1915[0m [1m[96m|[0m     where
[1m[96m1916[0m [1m[96m|[0m         V: Deserialize<'de>,
     [1m[96m|[0m            [1m[92m^^^^^^^^^^^^^^^^[0m [1m[92mrequired by this bound in `MapAccess::next_value`[0m

[1m[91merror[E0277][0m[1m[97m: the trait bound `FixedI32<UInt<UInt<UInt<UInt<UInt<UTerm, B1>, B0>, B0>, B0>, B0>>: serde::Deserialize<'de>` is not satisfied[0m
    [1m[96m--> [0mcrates\engine\src\engine.rs:241:17
     [1m[96m|[0m
[1m[96m 241[0m [1m[96m|[0m     pub max_hp: Fixed,
     [1m[96m|[0m                 [1m[91m^^^^^[0m [1m[91mthe trait `Deserialize<'_>` is not implemented for `FixedI32<UInt<UInt<UInt<UInt<UInt<UTerm, B1>, B0>, B0>, B0>, B0>>`[0m
     [1m[96m|[0m
     [1m[96m= [0m[1m[97mnote[0m: for local types consider adding `#[derive(serde::Deserialize)]` to your `FixedI32<UInt<UInt<UInt<UInt<UInt<UTerm, B1>, B0>, B0>, B0>, B0>>` type
     [1m[96m= [0m[1m[97mnote[0m: for types from other crates check whether the crate offers a `serde` feature flag
     [1m[96m= [0m[1m[97mhelp[0m: the following other types implement trait `Deserialize<'de>`:
               `&'a [u8]` implements `Deserialize<'de>`
               `&'a std::path::Path` implements `Deserialize<'de>`
               `&'a str` implements `Deserialize<'de>`
               `()` implements `Deserialize<'de>`
               `(T,)` implements `Deserialize<'de>`
               `(T0, T1)` implements `Deserialize<'de>`
               `(T0, T1, T2)` implements `Deserialize<'de>`
               `(T0, T1, T2, T3)` implements `Deserialize<'de>`
             and 1020 others
[1m[92mnote[0m: required by a bound in `next_value`
    [1m[96m--> [0mE:\Dev\.cargo\registry\src\index.crates.io-1949cf8c6b5b557f\serde_core-1.0.228\src\de\mod.rs:1916:12
     [1m[96m|[0m
[1m[96m1914[0m [1m[96m|[0m     fn next_value<V>(&mut self) -> Result<V, Self::Error>
     [1m[96m|[0m        [1m[96m----------[0m [1m[96mrequired by a bound in this associated function[0m
[1m[96m1915[0m [1m[96m|[0m     where
[1m[96m1916[0m [1m[96m|[0m         V: Deserialize<'de>,
     [1m[96m|[0m            [1m[92m^^^^^^^^^^^^^^^^[0m [1m[92mrequired by this bound in `MapAccess::next_value`[0m

[1m[91merror[E0277][0m[1m[97m: the trait bound `FixedI32<UInt<UInt<UInt<UInt<UInt<UTerm, B1>, B0>, B0>, B0>, B0>>: serde::Deserialize<'de>` is not satisfied[0m
   [1m[96m--> [0mcrates\engine\src\engine.rs:237:56
    [1m[96m|[0m
[1m[96m237[0m [1m[96m|[0m #[derive(Debug, Clone, Copy, PartialEq, Eq, Serialize, Deserialize)]
    [1m[96m|[0m                                                        [1m[91m^^^^^^^^^^^[0m [1m[91mthe trait `Deserialize<'_>` is not implemented for `FixedI32<UInt<UInt<UInt<UInt<UInt<UTerm, B1>, B0>, B0>, B0>, B0>>`[0m
    [1m[96m|[0m
    [1m[96m= [0m[1m[97mnote[0m: for local types consider adding `#[derive(serde::Deserialize)]` to your `FixedI32<UInt<UInt<UInt<UInt<UInt<UTerm, B1>, B0>, B0>, B0>, B0>>` type
    [1m[96m= [0m[1m[97mnote[0m: for types from other crates check whether the crate offers a `serde` feature flag
    [1m[96m= [0m[1m[97mhelp[0m: the following other types implement trait `Deserialize<'de>`:
              `&'a [u8]` implements `Deserialize<'de>`
              `&'a std::path::Path` implements `Deserialize<'de>`
              `&'a str` implements `Deserialize<'de>`
              `()` implements `Deserialize<'de>`
              `(T,)` implements `Deserialize<'de>`
              `(T0, T1)` implements `Deserialize<'de>`
              `(T0, T1, T2)` implements `Deserialize<'de>`
              `(T0, T1, T2, T3)` implements `Deserialize<'de>`
            and 1020 others
[1m[92mnote[0m: required by a bound in `building_layouts::_::_serde::__private228::de::missing_field`
   [1m[96m--> [0mE:\Dev\.cargo\registry\src\index.crates.io-1949cf8c6b5b557f\serde-1.0.228\src\private\de.rs:26:8
    [1m[96m|[0m
[1m[96m 24[0m [1m[96m|[0m pub fn missing_field<'de, V, E>(field: &'static str) -> Result<V, E>
    [1m[96m|[0m        [1m[96m-------------[0m [1m[96mrequired by a bound in this function[0m
[1m[96m 25[0m [1m[96m|[0m where
[1m[96m 26[0m [1m[96m|[0m     V: Deserialize<'de>,
    [1m[96m|[0m        [1m[92m^^^^^^^^^^^^^^^^[0m [1m[92mrequired by this bound in `missing_field`[0m
    [1m[96m= [0m[1m[97mnote[0m: this error originates in the derive macro `Deserialize` (in Nightly builds, run with -Z macro-backtrace for more info)

[1m[91merror[E0277][0m[1m[97m: the trait bound `FixedI32<UInt<UInt<UInt<UInt<UInt<UTerm, B1>, B0>, B0>, B0>, B0>>: serde::Serialize` is not satisfied[0m
    [1m[96m--> [0mcrates\engine\src\engine.rs:257:35
     [1m[96m|[0m
[1m[96m 257[0m [1m[96m|[0m #[derive(Debug, Clone, PartialEq, Serialize, Deserialize, Default)]
     [1m[96m|[0m                                   [1m[91m^^^^^^^^^[0m [1m[91mthe trait `Serialize` is not implemented for `FixedI32<UInt<UInt<UInt<UInt<UInt<UTerm, B1>, B0>, B0>, B0>, B0>>`[0m
[1m[96m 258[0m [1m[96m|[0m pub struct Resources {
[1m[96m 259[0m [1m[96m|[0m     pub food: Fixed,
     [1m[96m|[0m     [1m[96m---[0m [1m[96mrequired by a bound introduced by this call[0m
     [1m[96m|[0m
     [1m[96m= [0m[1m[97mnote[0m: for local types consider adding `#[derive(serde::Serialize)]` to your `FixedI32<UInt<UInt<UInt<UInt<UInt<UTerm, B1>, B0>, B0>, B0>, B0>>` type
     [1m[96m= [0m[1m[97mnote[0m: for types from other crates check whether the crate offers a `serde` feature flag
     [1m[96m= [0m[1m[97mhelp[0m: the following other types implement trait `Serialize`:
               &'a T
               &'a mut T
               ()
               (T,)
               (T0, T1)
               (T0, T1, T2)
               (T0, T1, T2, T3)
               (T0, T1, T2, T3, T4)
             and 1004 others
[1m[92mnote[0m: required by a bound in `building_layouts::_::_serde::ser::SerializeStruct::serialize_field`
    [1m[96m--> [0mE:\Dev\.cargo\registry\src\index.crates.io-1949cf8c6b5b557f\serde_core-1.0.228\src\ser\mod.rs:1917:21
     [1m[96m|[0m
[1m[96m1915[0m [1m[96m|[0m     fn serialize_field<T>(&mut self, key: &'static str, value: &T) -> Result<(), Self::Error>
     [1m[96m|[0m        [1m[96m---------------[0m [1m[96mrequired by a bound in this associated function[0m
[1m[96m1916[0m [1m[96m|[0m     where
[1m[96m1917[0m [1m[96m|[0m         T: ?Sized + Serialize;
     [1m[96m|[0m                     [1m[92m^^^^^^^^^[0m [1m[92mrequired by this bound in `SerializeStruct::serialize_field`[0m
     [1m[96m= [0m[1m[97mnote[0m: this error originates in the derive macro `Serialize` (in Nightly builds, run with -Z macro-backtrace for more info)

[1m[91merror[E0277][0m[1m[97m: the trait bound `FixedI32<UInt<UInt<UInt<UInt<UInt<UTerm, B1>, B0>, B0>, B0>, B0>>: serde::Deserialize<'de>` is not satisfied[0m
    [1m[96m--> [0mcrates\engine\src\engine.rs:259:15
     [1m[96m|[0m
[1m[96m 259[0m [1m[96m|[0m     pub food: Fixed,
     [1m[96m|[0m               [1m[91m^^^^^[0m [1m[91mthe trait `Deserialize<'_>` is not implemented for `FixedI32<UInt<UInt<UInt<UInt<UInt<UTerm, B1>, B0>, B0>, B0>, B0>>`[0m
     [1m[96m|[0m
     [1m[96m= [0m[1m[97mnote[0m: for local types consider adding `#[derive(serde::Deserialize)]` to your `FixedI32<UInt<UInt<UInt<UInt<UInt<UTerm, B1>, B0>, B0>, B0>, B0>>` type
     [1m[96m= [0m[1m[97mnote[0m: for types from other crates check whether the crate offers a `serde` feature flag
     [1m[96m= [0m[1m[97mhelp[0m: the following other types implement trait `Deserialize<'de>`:
               `&'a [u8]` implements `Deserialize<'de>`
               `&'a std::path::Path` implements `Deserialize<'de>`
               `&'a str` implements `Deserialize<'de>`
               `()` implements `Deserialize<'de>`
               `(T,)` implements `Deserialize<'de>`
               `(T0, T1)` implements `Deserialize<'de>`
               `(T0, T1, T2)` implements `Deserialize<'de>`
               `(T0, T1, T2, T3)` implements `Deserialize<'de>`
             and 1020 others
[1m[92mnote[0m: required by a bound in `next_element`
    [1m[96m--> [0mE:\Dev\.cargo\registry\src\index.crates.io-1949cf8c6b5b557f\serde_core-1.0.228\src\de\mod.rs:1771:12
     [1m[96m|[0m
[1m[96m1769[0m [1m[96m|[0m     fn next_element<T>(&mut self) -> Result<Option<T>, Self::Error>
     [1m[96m|[0m        [1m[96m------------[0m [1m[96mrequired by a bound in this associated function[0m
[1m[96m1770[0m [1m[96m|[0m     where
[1m[96m1771[0m [1m[96m|[0m         T: Deserialize<'de>,
     [1m[96m|[0m            [1m[92m^^^^^^^^^^^^^^^^[0m [1m[92mrequired by this bound in `SeqAccess::next_element`[0m

[1m[91merror[E0277][0m[1m[97m: the trait bound `FixedI32<UInt<UInt<UInt<UInt<UInt<UTerm, B1>, B0>, B0>, B0>, B0>>: serde::Deserialize<'de>` is not satisfied[0m
    [1m[96m--> [0mcrates\engine\src\engine.rs:260:15
     [1m[96m|[0m
[1m[96m 260[0m [1m[96m|[0m     pub wood: Fixed,
     [1m[96m|[0m               [1m[91m^^^^^[0m [1m[91mthe trait `Deserialize<'_>` is not implemented for `FixedI32<UInt<UInt<UInt<UInt<UInt<UTerm, B1>, B0>, B0>, B0>, B0>>`[0m
     [1m[96m|[0m
     [1m[96m= [0m[1m[97mnote[0m: for local types consider adding `#[derive(serde::Deserialize)]` to your `FixedI32<UInt<UInt<UInt<UInt<UInt<UTerm, B1>, B0>, B0>, B0>, B0>>` type
     [1m[96m= [0m[1m[97mnote[0m: for types from other crates check whether the crate offers a `serde` feature flag
     [1m[96m= [0m[1m[97mhelp[0m: the following other types implement trait `Deserialize<'de>`:
               `&'a [u8]` implements `Deserialize<'de>`
               `&'a std::path::Path` implements `Deserialize<'de>`
               `&'a str` implements `Deserialize<'de>`
               `()` implements `Deserialize<'de>`
               `(T,)` implements `Deserialize<'de>`
               `(T0, T1)` implements `Deserialize<'de>`
               `(T0, T1, T2)` implements `Deserialize<'de>`
               `(T0, T1, T2, T3)` implements `Deserialize<'de>`
             and 1020 others
[1m[92mnote[0m: required by a bound in `next_element`
    [1m[96m--> [0mE:\Dev\.cargo\registry\src\index.crates.io-1949cf8c6b5b557f\serde_core-1.0.228\src\de\mod.rs:1771:12
     [1m[96m|[0m
[1m[96m1769[0m [1m[96m|[0m     fn next_element<T>(&mut self) -> Result<Option<T>, Self::Error>
     [1m[96m|[0m        [1m[96m------------[0m [1m[96mrequired by a bound in this associated function[0m
[1m[96m1770[0m [1m[96m|[0m     where
[1m[96m1771[0m [1m[96m|[0m         T: Deserialize<'de>,
     [1m[96m|[0m            [1m[92m^^^^^^^^^^^^^^^^[0m [1m[92mrequired by this bound in `SeqAccess::next_element`[0m

[1m[91merror[E0277][0m[1m[97m: the trait bound `FixedI32<UInt<UInt<UInt<UInt<UInt<UTerm, B1>, B0>, B0>, B0>, B0>>: serde::Deserialize<'de>` is not satisfied[0m
    [1m[96m--> [0mcrates\engine\src\engine.rs:261:16
     [1m[96m|[0m
[1m[96m 261[0m [1m[96m|[0m     pub metal: Fixed,
     [1m[96m|[0m                [1m[91m^^^^^[0m [1m[91mthe trait `Deserialize<'_>` is not implemented for `FixedI32<UInt<UInt<UInt<UInt<UInt<UTerm, B1>, B0>, B0>, B0>, B0>>`[0m
     [1m[96m|[0m
     [1m[96m= [0m[1m[97mnote[0m: for local types consider adding `#[derive(serde::Deserialize)]` to your `FixedI32<UInt<UInt<UInt<UInt<UInt<UTerm, B1>, B0>, B0>, B0>, B0>>` type
     [1m[96m= [0m[1m[97mnote[0m: for types from other crates check whether the crate offers a `serde` feature flag
     [1m[96m= [0m[1m[97mhelp[0m: the following other types implement trait `Deserialize<'de>`:
               `&'a [u8]` implements `Deserialize<'de>`
               `&'a std::path::Path` implements `Deserialize<'de>`
               `&'a str` implements `Deserialize<'de>`
               `()` implements `Deserialize<'de>`
               `(T,)` implements `Deserialize<'de>`
               `(T0, T1)` implements `Deserialize<'de>`
               `(T0, T1, T2)` implements `Deserialize<'de>`
               `(T0, T1, T2, T3)` implements `Deserialize<'de>`
             and 1020 others
[1m[92mnote[0m: required by a bound in `next_element`
    [1m[96m--> [0mE:\Dev\.cargo\registry\src\index.crates.io-1949cf8c6b5b557f\serde_core-1.0.228\src\de\mod.rs:1771:12
     [1m[96m|[0m
[1m[96m1769[0m [1m[96m|[0m     fn next_element<T>(&mut self) -> Result<Option<T>, Self::Error>
     [1m[96m|[0m        [1m[96m------------[0m [1m[96mrequired by a bound in this associated function[0m
[1m[96m1770[0m [1m[96m|[0m     where
[1m[96m1771[0m [1m[96m|[0m         T: Deserialize<'de>,
     [1m[96m|[0m            [1m[92m^^^^^^^^^^^^^^^^[0m [1m[92mrequired by this bound in `SeqAccess::next_element`[0m

[1m[91merror[E0277][0m[1m[97m: the trait bound `FixedI32<UInt<UInt<UInt<UInt<UInt<UTerm, B1>, B0>, B0>, B0>, B0>>: serde::Deserialize<'de>` is not satisfied[0m
    [1m[96m--> [0mcrates\engine\src\engine.rs:262:17
     [1m[96m|[0m
[1m[96m 262[0m [1m[96m|[0m     pub energy: Fixed, // Joules
     [1m[96m|[0m                 [1m[91m^^^^^[0m [1m[91mthe trait `Deserialize<'_>` is not implemented for `FixedI32<UInt<UInt<UInt<UInt<UInt<UTerm, B1>, B0>, B0>, B0>, B0>>`[0m
     [1m[96m|[0m
     [1m[96m= [0m[1m[97mnote[0m: for local types consider adding `#[derive(serde::Deserialize)]` to your `FixedI32<UInt<UInt<UInt<UInt<UInt<UTerm, B1>, B0>, B0>, B0>, B0>>` type
     [1m[96m= [0m[1m[97mnote[0m: for types from other crates check whether the crate offers a `serde` feature flag
     [1m[96m= [0m[1m[97mhelp[0m: the following other types implement trait `Deserialize<'de>`:
               `&'a [u8]` implements `Deserialize<'de>`
               `&'a std::path::Path` implements `Deserialize<'de>`
               `&'a str` implements `Deserialize<'de>`
               `()` implements `Deserialize<'de>`
               `(T,)` implements `Deserialize<'de>`
               `(T0, T1)` implements `Deserialize<'de>`
               `(T0, T1, T2)` implements `Deserialize<'de>`
               `(T0, T1, T2, T3)` implements `Deserialize<'de>`
             and 1020 others
[1m[92mnote[0m: required by a bound in `next_element`
    [1m[96m--> [0mE:\Dev\.cargo\registry\src\index.crates.io-1949cf8c6b5b557f\serde_core-1.0.228\src\de\mod.rs:1771:12
     [1m[96m|[0m
[1m[96m1769[0m [1m[96m|[0m     fn next_element<T>(&mut self) -> Result<Option<T>, Self::Error>
     [1m[96m|[0m        [1m[96m------------[0m [1m[96mrequired by a bound in this associated function[0m
[1m[96m1770[0m [1m[96m|[0m     where
[1m[96m1771[0m [1m[96m|[0m         T: Deserialize<'de>,
     [1m[96m|[0m            [1m[92m^^^^^^^^^^^^^^^^[0m [1m[92mrequired by this bound in `SeqAccess::next_element`[0m

[1m[91merror[E0277][0m[1m[97m: the trait bound `FixedI32<UInt<UInt<UInt<UInt<UInt<UTerm, B1>, B0>, B0>, B0>, B0>>: serde::Deserialize<'de>` is not satisfied[0m
    [1m[96m--> [0mcrates\engine\src\engine.rs:259:15
     [1m[96m|[0m
[1m[96m 259[0m [1m[96m|[0m     pub food: Fixed,
     [1m[96m|[0m               [1m[91m^^^^^[0m [1m[91mthe trait `Deserialize<'_>` is not implemented for `FixedI32<UInt<UInt<UInt<UInt<UInt<UTerm, B1>, B0>, B0>, B0>, B0>>`[0m
     [1m[96m|[0m
     [1m[96m= [0m[1m[97mnote[0m: for local types consider adding `#[derive(serde::Deserialize)]` to your `FixedI32<UInt<UInt<UInt<UInt<UInt<UTerm, B1>, B0>, B0>, B0>, B0>>` type
     [1m[96m= [0m[1m[97mnote[0m: for types from other crates check whether the crate offers a `serde` feature flag
     [1m[96m= [0m[1m[97mhelp[0m: the following other types implement trait `Deserialize<'de>`:
               `&'a [u8]` implements `Deserialize<'de>`
               `&'a std::path::Path` implements `Deserialize<'de>`
               `&'a str` implements `Deserialize<'de>`
               `()` implements `Deserialize<'de>`
               `(T,)` implements `Deserialize<'de>`
               `(T0, T1)` implements `Deserialize<'de>`
               `(T0, T1, T2)` implements `Deserialize<'de>`
               `(T0, T1, T2, T3)` implements `Deserialize<'de>`
             and 1020 others
[1m[92mnote[0m: required by a bound in `next_value`
    [1m[96m--> [0mE:\Dev\.cargo\registry\src\index.crates.io-1949cf8c6b5b557f\serde_core-1.0.228\src\de\mod.rs:1916:12
     [1m[96m|[0m
[1m[96m1914[0m [1m[96m|[0m     fn next_value<V>(&mut self) -> Result<V, Self::Error>
     [1m[96m|[0m        [1m[96m----------[0m [1m[96mrequired by a bound in this associated function[0m
[1m[96m1915[0m [1m[96m|[0m     where
[1m[96m1916[0m [1m[96m|[0m         V: Deserialize<'de>,
     [1m[96m|[0m            [1m[92m^^^^^^^^^^^^^^^^[0m [1m[92mrequired by this bound in `MapAccess::next_value`[0m

[1m[91merror[E0277][0m[1m[97m: the trait bound `FixedI32<UInt<UInt<UInt<UInt<UInt<UTerm, B1>, B0>, B0>, B0>, B0>>: serde::Deserialize<'de>` is not satisfied[0m
    [1m[96m--> [0mcrates\engine\src\engine.rs:260:15
     [1m[96m|[0m
[1m[96m 260[0m [1m[96m|[0m     pub wood: Fixed,
     [1m[96m|[0m               [1m[91m^^^^^[0m [1m[91mthe trait `Deserialize<'_>` is not implemented for `FixedI32<UInt<UInt<UInt<UInt<UInt<UTerm, B1>, B0>, B0>, B0>, B0>>`[0m
     [1m[96m|[0m
     [1m[96m= [0m[1m[97mnote[0m: for local types consider adding `#[derive(serde::Deserialize)]` to your `FixedI32<UInt<UInt<UInt<UInt<UInt<UTerm, B1>, B0>, B0>, B0>, B0>>` type
     [1m[96m= [0m[1m[97mnote[0m: for types from other crates check whether the crate offers a `serde` feature flag
     [1m[96m= [0m[1m[97mhelp[0m: the following other types implement trait `Deserialize<'de>`:
               `&'a [u8]` implements `Deserialize<'de>`
               `&'a std::path::Path` implements `Deserialize<'de>`
               `&'a str` implements `Deserialize<'de>`
               `()` implements `Deserialize<'de>`
               `(T,)` implements `Deserialize<'de>`
               `(T0, T1)` implements `Deserialize<'de>`
               `(T0, T1, T2)` implements `Deserialize<'de>`
               `(T0, T1, T2, T3)` implements `Deserialize<'de>`
             and 1020 others
[1m[92mnote[0m: required by a bound in `next_value`
    [1m[96m--> [0mE:\Dev\.cargo\registry\src\index.crates.io-1949cf8c6b5b557f\serde_core-1.0.228\src\de\mod.rs:1916:12
     [1m[96m|[0m
[1m[96m1914[0m [1m[96m|[0m     fn next_value<V>(&mut self) -> Result<V, Self::Error>
     [1m[96m|[0m        [1m[96m----------[0m [1m[96mrequired by a bound in this associated function[0m
[1m[96m1915[0m [1m[96m|[0m     where
[1m[96m1916[0m [1m[96m|[0m         V: Deserialize<'de>,
     [1m[96m|[0m            [1m[92m^^^^^^^^^^^^^^^^[0m [1m[92mrequired by this bound in `MapAccess::next_value`[0m

[1m[91merror[E0277][0m[1m[97m: the trait bound `FixedI32<UInt<UInt<UInt<UInt<UInt<UTerm, B1>, B0>, B0>, B0>, B0>>: serde::Deserialize<'de>` is not satisfied[0m
    [1m[96m--> [0mcrates\engine\src\engine.rs:261:16
     [1m[96m|[0m
[1m[96m 261[0m [1m[96m|[0m     pub metal: Fixed,
     [1m[96m|[0m                [1m[91m^^^^^[0m [1m[91mthe trait `Deserialize<'_>` is not implemented for `FixedI32<UInt<UInt<UInt<UInt<UInt<UTerm, B1>, B0>, B0>, B0>, B0>>`[0m
     [1m[96m|[0m
     [1m[96m= [0m[1m[97mnote[0m: for local types consider adding `#[derive(serde::Deserialize)]` to your `FixedI32<UInt<UInt<UInt<UInt<UInt<UTerm, B1>, B0>, B0>, B0>, B0>>` type
     [1m[96m= [0m[1m[97mnote[0m: for types from other crates check whether the crate offers a `serde` feature flag
     [1m[96m= [0m[1m[97mhelp[0m: the following other types implement trait `Deserialize<'de>`:
               `&'a [u8]` implements `Deserialize<'de>`
               `&'a std::path::Path` implements `Deserialize<'de>`
               `&'a str` implements `Deserialize<'de>`
               `()` implements `Deserialize<'de>`
               `(T,)` implements `Deserialize<'de>`
               `(T0, T1)` implements `Deserialize<'de>`
               `(T0, T1, T2)` implements `Deserialize<'de>`
               `(T0, T1, T2, T3)` implements `Deserialize<'de>`
             and 1020 others
[1m[92mnote[0m: required by a bound in `next_value`
    [1m[96m--> [0mE:\Dev\.cargo\registry\src\index.crates.io-1949cf8c6b5b557f\serde_core-1.0.228\src\de\mod.rs:1916:12
     [1m[96m|[0m
[1m[96m1914[0m [1m[96m|[0m     fn next_value<V>(&mut self) -> Result<V, Self::Error>
     [1m[96m|[0m        [1m[96m----------[0m [1m[96mrequired by a bound in this associated function[0m
[1m[96m1915[0m [1m[96m|[0m     where
[1m[96m1916[0m [1m[96m|[0m         V: Deserialize<'de>,
     [1m[96m|[0m            [1m[92m^^^^^^^^^^^^^^^^[0m [1m[92mrequired by this bound in `MapAccess::next_value`[0m

[1m[91merror[E0277][0m[1m[97m: the trait bound `FixedI32<UInt<UInt<UInt<UInt<UInt<UTerm, B1>, B0>, B0>, B0>, B0>>: serde::Deserialize<'de>` is not satisfied[0m
    [1m[96m--> [0mcrates\engine\src\engine.rs:262:17
     [1m[96m|[0m
[1m[96m 262[0m [1m[96m|[0m     pub energy: Fixed, // Joules
     [1m[96m|[0m                 [1m[91m^^^^^[0m [1m[91mthe trait `Deserialize<'_>` is not implemented for `FixedI32<UInt<UInt<UInt<UInt<UInt<UTerm, B1>, B0>, B0>, B0>, B0>>`[0m
     [1m[96m|[0m
     [1m[96m= [0m[1m[97mnote[0m: for local types consider adding `#[derive(serde::Deserialize)]` to your `FixedI32<UInt<UInt<UInt<UInt<UInt<UTerm, B1>, B0>, B0>, B0>, B0>>` type
     [1m[96m= [0m[1m[97mnote[0m: for types from other crates check whether the crate offers a `serde` feature flag
     [1m[96m= [0m[1m[97mhelp[0m: the following other types implement trait `Deserialize<'de>`:
               `&'a [u8]` implements `Deserialize<'de>`
               `&'a std::path::Path` implements `Deserialize<'de>`
               `&'a str` implements `Deserialize<'de>`
               `()` implements `Deserialize<'de>`
               `(T,)` implements `Deserialize<'de>`
               `(T0, T1)` implements `Deserialize<'de>`
               `(T0, T1, T2)` implements `Deserialize<'de>`
               `(T0, T1, T2, T3)` implements `Deserialize<'de>`
             and 1020 others
[1m[92mnote[0m: required by a bound in `next_value`
    [1m[96m--> [0mE:\Dev\.cargo\registry\src\index.crates.io-1949cf8c6b5b557f\serde_core-1.0.228\src\de\mod.rs:1916:12
     [1m[96m|[0m
[1m[96m1914[0m [1m[96m|[0m     fn next_value<V>(&mut self) -> Result<V, Self::Error>
     [1m[96m|[0m        [1m[96m----------[0m [1m[96mrequired by a bound in this associated function[0m
[1m[96m1915[0m [1m[96m|[0m     where
[1m[96m1916[0m [1m[96m|[0m         V: Deserialize<'de>,
     [1m[96m|[0m            [1m[92m^^^^^^^^^^^^^^^^[0m [1m[92mrequired by this bound in `MapAccess::next_value`[0m

[1m[91merror[E0277][0m[1m[97m: the trait bound `FixedI32<UInt<UInt<UInt<UInt<UInt<UTerm, B1>, B0>, B0>, B0>, B0>>: serde::Deserialize<'de>` is not satisfied[0m
   [1m[96m--> [0mcrates\engine\src\engine.rs:257:46
    [1m[96m|[0m
[1m[96m257[0m [1m[96m|[0m #[derive(Debug, Clone, PartialEq, Serialize, Deserialize, Default)]
    [1m[96m|[0m                                              [1m[91m^^^^^^^^^^^[0m [1m[91mthe trait `Deserialize<'_>` is not implemented for `FixedI32<UInt<UInt<UInt<UInt<UInt<UTerm, B1>, B0>, B0>, B0>, B0>>`[0m
    [1m[96m|[0m
    [1m[96m= [0m[1m[97mnote[0m: for local types consider adding `#[derive(serde::Deserialize)]` to your `FixedI32<UInt<UInt<UInt<UInt<UInt<UTerm, B1>, B0>, B0>, B0>, B0>>` type
    [1m[96m= [0m[1m[97mnote[0m: for types from other crates check whether the crate offers a `serde` feature flag
    [1m[96m= [0m[1m[97mhelp[0m: the following other types implement trait `Deserialize<'de>`:
              `&'a [u8]` implements `Deserialize<'de>`
              `&'a std::path::Path` implements `Deserialize<'de>`
              `&'a str` implements `Deserialize<'de>`
              `()` implements `Deserialize<'de>`
              `(T,)` implements `Deserialize<'de>`
              `(T0, T1)` implements `Deserialize<'de>`
              `(T0, T1, T2)` implements `Deserialize<'de>`
              `(T0, T1, T2, T3)` implements `Deserialize<'de>`
            and 1020 others
[1m[92mnote[0m: required by a bound in `building_layouts::_::_serde::__private228::de::missing_field`
   [1m[96m--> [0mE:\Dev\.cargo\registry\src\index.crates.io-1949cf8c6b5b557f\serde-1.0.228\src\private\de.rs:26:8
    [1m[96m|[0m
[1m[96m 24[0m [1m[96m|[0m pub fn missing_field<'de, V, E>(field: &'static str) -> Result<V, E>
    [1m[96m|[0m        [1m[96m-------------[0m [1m[96mrequired by a bound in this function[0m
[1m[96m 25[0m [1m[96m|[0m where
[1m[96m 26[0m [1m[96m|[0m     V: Deserialize<'de>,
    [1m[96m|[0m        [1m[92m^^^^^^^^^^^^^^^^[0m [1m[92mrequired by this bound in `missing_field`[0m
    [1m[96m= [0m[1m[97mnote[0m: this error originates in the derive macro `Deserialize` (in Nightly builds, run with -Z macro-backtrace for more info)

[1m[91merror[E0277][0m[1m[97m: the trait bound `FixedI32<UInt<UInt<UInt<UInt<UInt<UTerm, B1>, B0>, B0>, B0>, B0>>: serde::Serialize` is not satisfied[0m
    [1m[96m--> [0mcrates\engine\src\engine.rs:266:35
     [1m[96m|[0m
[1m[96m 266[0m [1m[96m|[0m #[derive(Debug, Clone, PartialEq, Serialize, Deserialize)]
     [1m[96m|[0m                                   [1m[91m^^^^^^^^^[0m [1m[91mthe trait `Serialize` is not implemented for `FixedI32<UInt<UInt<UInt<UInt<UInt<UTerm, B1>, B0>, B0>, B0>, B0>>`[0m
[1m[96m...[0m
[1m[96m 271[0m [1m[96m|[0m     pub volume: Fixed,
     [1m[96m|[0m     [1m[96m---[0m [1m[96mrequired by a bound introduced by this call[0m
     [1m[96m|[0m
     [1m[96m= [0m[1m[97mnote[0m: for local types consider adding `#[derive(serde::Serialize)]` to your `FixedI32<UInt<UInt<UInt<UInt<UInt<UTerm, B1>, B0>, B0>, B0>, B0>>` type
     [1m[96m= [0m[1m[97mnote[0m: for types from other crates check whether the crate offers a `serde` feature flag
     [1m[96m= [0m[1m[97mhelp[0m: the following other types implement trait `Serialize`:
               &'a T
               &'a mut T
               ()
               (T,)
               (T0, T1)
               (T0, T1, T2)
               (T0, T1, T2, T3)
               (T0, T1, T2, T3, T4)
             and 1004 others
[1m[92mnote[0m: required by a bound in `building_layouts::_::_serde::ser::SerializeStruct::serialize_field`
    [1m[96m--> [0mE:\Dev\.cargo\registry\src\index.crates.io-1949cf8c6b5b557f\serde_core-1.0.228\src\ser\mod.rs:1917:21
     [1m[96m|[0m
[1m[96m1915[0m [1m[96m|[0m     fn serialize_field<T>(&mut self, key: &'static str, value: &T) -> Result<(), Self::Error>
     [1m[96m|[0m        [1m[96m---------------[0m [1m[96mrequired by a bound in this associated function[0m
[1m[96m1916[0m [1m[96m|[0m     where
[1m[96m1917[0m [1m[96m|[0m         T: ?Sized + Serialize;
     [1m[96m|[0m                     [1m[92m^^^^^^^^^[0m [1m[92mrequired by this bound in `SerializeStruct::serialize_field`[0m
     [1m[96m= [0m[1m[97mnote[0m: this error originates in the derive macro `Serialize` (in Nightly builds, run with -Z macro-backtrace for more info)

[1m[91merror[E0277][0m[1m[97m: the trait bound `FixedI32<UInt<UInt<UInt<UInt<UInt<UTerm, B1>, B0>, B0>, B0>, B0>>: serde::Deserialize<'de>` is not satisfied[0m
    [1m[96m--> [0mcrates\engine\src\engine.rs:271:17
     [1m[96m|[0m
[1m[96m 271[0m [1m[96m|[0m     pub volume: Fixed,
     [1m[96m|[0m                 [1m[91m^^^^^[0m [1m[91mthe trait `Deserialize<'_>` is not implemented for `FixedI32<UInt<UInt<UInt<UInt<UInt<UTerm, B1>, B0>, B0>, B0>, B0>>`[0m
     [1m[96m|[0m
     [1m[96m= [0m[1m[97mnote[0m: for local types consider adding `#[derive(serde::Deserialize)]` to your `FixedI32<UInt<UInt<UInt<UInt<UInt<UTerm, B1>, B0>, B0>, B0>, B0>>` type
     [1m[96m= [0m[1m[97mnote[0m: for types from other crates check whether the crate offers a `serde` feature flag
     [1m[96m= [0m[1m[97mhelp[0m: the following other types implement trait `Deserialize<'de>`:
               `&'a [u8]` implements `Deserialize<'de>`
               `&'a std::path::Path` implements `Deserialize<'de>`
               `&'a str` implements `Deserialize<'de>`
               `()` implements `Deserialize<'de>`
               `(T,)` implements `Deserialize<'de>`
               `(T0, T1)` implements `Deserialize<'de>`
               `(T0, T1, T2)` implements `Deserialize<'de>`
               `(T0, T1, T2, T3)` implements `Deserialize<'de>`
             and 1020 others
[1m[92mnote[0m: required by a bound in `next_element`
    [1m[96m--> [0mE:\Dev\.cargo\registry\src\index.crates.io-1949cf8c6b5b557f\serde_core-1.0.228\src\de\mod.rs:1771:12
     [1m[96m|[0m
[1m[96m1769[0m [1m[96m|[0m     fn next_element<T>(&mut self) -> Result<Option<T>, Self::Error>
     [1m[96m|[0m        [1m[96m------------[0m [1m[96mrequired by a bound in this associated function[0m
[1m[96m1770[0m [1m[96m|[0m     where
[1m[96m1771[0m [1m[96m|[0m         T: Deserialize<'de>,
     [1m[96m|[0m            [1m[92m^^^^^^^^^^^^^^^^[0m [1m[92mrequired by this bound in `SeqAccess::next_element`[0m

[1m[91merror[E0277][0m[1m[97m: the trait bound `FixedI32<UInt<UInt<UInt<UInt<UInt<UTerm, B1>, B0>, B0>, B0>, B0>>: serde::Deserialize<'de>` is not satisfied[0m
    [1m[96m--> [0mcrates\engine\src\engine.rs:271:17
     [1m[96m|[0m
[1m[96m 271[0m [1m[96m|[0m     pub volume: Fixed,
     [1m[96m|[0m                 [1m[91m^^^^^[0m [1m[91mthe trait `Deserialize<'_>` is not implemented for `FixedI32<UInt<UInt<UInt<UInt<UInt<UTerm, B1>, B0>, B0>, B0>, B0>>`[0m
     [1m[96m|[0m
     [1m[96m= [0m[1m[97mnote[0m: for local types consider adding `#[derive(serde::Deserialize)]` to your `FixedI32<UInt<UInt<UInt<UInt<UInt<UTerm, B1>, B0>, B0>, B0>, B0>>` type
     [1m[96m= [0m[1m[97mnote[0m: for types from other crates check whether the crate offers a `serde` feature flag
     [1m[96m= [0m[1m[97mhelp[0m: the following other types implement trait `Deserialize<'de>`:
               `&'a [u8]` implements `Deserialize<'de>`
               `&'a std::path::Path` implements `Deserialize<'de>`
               `&'a str` implements `Deserialize<'de>`
               `()` implements `Deserialize<'de>`
               `(T,)` implements `Deserialize<'de>`
               `(T0, T1)` implements `Deserialize<'de>`
               `(T0, T1, T2)` implements `Deserialize<'de>`
               `(T0, T1, T2, T3)` implements `Deserialize<'de>`
             and 1020 others
[1m[92mnote[0m: required by a bound in `next_value`
    [1m[96m--> [0mE:\Dev\.cargo\registry\src\index.crates.io-1949cf8c6b5b557f\serde_core-1.0.228\src\de\mod.rs:1916:12
     [1m[96m|[0m
[1m[96m1914[0m [1m[96m|[0m     fn next_value<V>(&mut self) -> Result<V, Self::Error>
     [1m[96m|[0m        [1m[96m----------[0m [1m[96mrequired by a bound in this associated function[0m
[1m[96m1915[0m [1m[96m|[0m     where
[1m[96m1916[0m [1m[96m|[0m         V: Deserialize<'de>,
     [1m[96m|[0m            [1m[92m^^^^^^^^^^^^^^^^[0m [1m[92mrequired by this bound in `MapAccess::next_value`[0m

[1m[91merror[E0277][0m[1m[97m: the trait bound `FixedI32<UInt<UInt<UInt<UInt<UInt<UTerm, B1>, B0>, B0>, B0>, B0>>: serde::Deserialize<'de>` is not satisfied[0m
   [1m[96m--> [0mcrates\engine\src\engine.rs:266:46
    [1m[96m|[0m
[1m[96m266[0m [1m[96m|[0m #[derive(Debug, Clone, PartialEq, Serialize, Deserialize)]
    [1m[96m|[0m                                              [1m[91m^^^^^^^^^^^[0m [1m[91mthe trait `Deserialize<'_>` is not implemented for `FixedI32<UInt<UInt<UInt<UInt<UInt<UTerm, B1>, B0>, B0>, B0>, B0>>`[0m
    [1m[96m|[0m
    [1m[96m= [0m[1m[97mnote[0m: for local types consider adding `#[derive(serde::Deserialize)]` to your `FixedI32<UInt<UInt<UInt<UInt<UInt<UTerm, B1>, B0>, B0>, B0>, B0>>` type
    [1m[96m= [0m[1m[97mnote[0m: for types from other crates check whether the crate offers a `serde` feature flag
    [1m[96m= [0m[1m[97mhelp[0m: the following other types implement trait `Deserialize<'de>`:
              `&'a [u8]` implements `Deserialize<'de>`
              `&'a std::path::Path` implements `Deserialize<'de>`
              `&'a str` implements `Deserialize<'de>`
              `()` implements `Deserialize<'de>`
              `(T,)` implements `Deserialize<'de>`
              `(T0, T1)` implements `Deserialize<'de>`
              `(T0, T1, T2)` implements `Deserialize<'de>`
              `(T0, T1, T2, T3)` implements `Deserialize<'de>`
            and 1020 others
[1m[92mnote[0m: required by a bound in `building_layouts::_::_serde::__private228::de::missing_field`
   [1m[96m--> [0mE:\Dev\.cargo\registry\src\index.crates.io-1949cf8c6b5b557f\serde-1.0.228\src\private\de.rs:26:8
    [1m[96m|[0m
[1m[96m 24[0m [1m[96m|[0m pub fn missing_field<'de, V, E>(field: &'static str) -> Result<V, E>
    [1m[96m|[0m        [1m[96m-------------[0m [1m[96mrequired by a bound in this function[0m
[1m[96m 25[0m [1m[96m|[0m where
[1m[96m 26[0m [1m[96m|[0m     V: Deserialize<'de>,
    [1m[96m|[0m        [1m[92m^^^^^^^^^^^^^^^^[0m [1m[92mrequired by this bound in `missing_field`[0m
    [1m[96m= [0m[1m[97mnote[0m: this error originates in the derive macro `Deserialize` (in Nightly builds, run with -Z macro-backtrace for more info)

[1m[91merror[E0277][0m[1m[97m: the trait bound `FixedI32<UInt<UInt<UInt<UInt<UInt<UTerm, B1>, B0>, B0>, B0>, B0>>: serde::Serialize` is not satisfied[0m
    [1m[96m--> [0mcrates\engine\src\engine.rs:451:35
     [1m[96m|[0m
[1m[96m 451[0m [1m[96m|[0m #[derive(Debug, Clone, PartialEq, Serialize, Deserialize)]
     [1m[96m|[0m                                   [1m[91m^^^^^^^^^[0m [1m[91mthe trait `Serialize` is not implemented for `FixedI32<UInt<UInt<UInt<UInt<UInt<UTerm, B1>, B0>, B0>, B0>, B0>>`[0m
[1m[96m...[0m
[1m[96m 454[0m [1m[96m|[0m     pub rate: Fixed, // Per tick
     [1m[96m|[0m     [1m[96m---[0m [1m[96mrequired by a bound introduced by this call[0m
     [1m[96m|[0m
     [1m[96m= [0m[1m[97mnote[0m: for local types consider adding `#[derive(serde::Serialize)]` to your `FixedI32<UInt<UInt<UInt<UInt<UInt<UTerm, B1>, B0>, B0>, B0>, B0>>` type
     [1m[96m= [0m[1m[97mnote[0m: for types from other crates check whether the crate offers a `serde` feature flag
     [1m[96m= [0m[1m[97mhelp[0m: the following other types implement trait `Serialize`:
               &'a T
               &'a mut T
               ()
               (T,)
               (T0, T1)
               (T0, T1, T2)
               (T0, T1, T2, T3)
               (T0, T1, T2, T3, T4)
             and 1004 others
[1m[92mnote[0m: required by a bound in `building_layouts::_::_serde::ser::SerializeStruct::serialize_field`
    [1m[96m--> [0mE:\Dev\.cargo\registry\src\index.crates.io-1949cf8c6b5b557f\serde_core-1.0.228\src\ser\mod.rs:1917:21
     [1m[96m|[0m
[1m[96m1915[0m [1m[96m|[0m     fn serialize_field<T>(&mut self, key: &'static str, value: &T) -> Result<(), Self::Error>
     [1m[96m|[0m        [1m[96m---------------[0m [1m[96mrequired by a bound in this associated function[0m
[1m[96m1916[0m [1m[96m|[0m     where
[1m[96m1917[0m [1m[96m|[0m         T: ?Sized + Serialize;
     [1m[96m|[0m                     [1m[92m^^^^^^^^^[0m [1m[92mrequired by this bound in `SerializeStruct::serialize_field`[0m
     [1m[96m= [0m[1m[97mnote[0m: this error originates in the derive macro `Serialize` (in Nightly builds, run with -Z macro-backtrace for more info)

[1m[91merror[E0277][0m[1m[97m: the trait bound `FixedI32<UInt<UInt<UInt<UInt<UInt<UTerm, B1>, B0>, B0>, B0>, B0>>: serde::Deserialize<'de>` is not satisfied[0m
    [1m[96m--> [0mcrates\engine\src\engine.rs:454:15
     [1m[96m|[0m
[1m[96m 454[0m [1m[96m|[0m     pub rate: Fixed, // Per tick
     [1m[96m|[0m               [1m[91m^^^^^[0m [1m[91mthe trait `Deserialize<'_>` is not implemented for `FixedI32<UInt<UInt<UInt<UInt<UInt<UTerm, B1>, B0>, B0>, B0>, B0>>`[0m
     [1m[96m|[0m
     [1m[96m= [0m[1m[97mnote[0m: for local types consider adding `#[derive(serde::Deserialize)]` to your `FixedI32<UInt<UInt<UInt<UInt<UInt<UTerm, B1>, B0>, B0>, B0>, B0>>` type
     [1m[96m= [0m[1m[97mnote[0m: for types from other crates check whether the crate offers a `serde` feature flag
     [1m[96m= [0m[1m[97mhelp[0m: the following other types implement trait `Deserialize<'de>`:
               `&'a [u8]` implements `Deserialize<'de>`
               `&'a std::path::Path` implements `Deserialize<'de>`
               `&'a str` implements `Deserialize<'de>`
               `()` implements `Deserialize<'de>`
               `(T,)` implements `Deserialize<'de>`
               `(T0, T1)` implements `Deserialize<'de>`
               `(T0, T1, T2)` implements `Deserialize<'de>`
               `(T0, T1, T2, T3)` implements `Deserialize<'de>`
             and 1020 others
[1m[92mnote[0m: required by a bound in `next_element`
    [1m[96m--> [0mE:\Dev\.cargo\registry\src\index.crates.io-1949cf8c6b5b557f\serde_core-1.0.228\src\de\mod.rs:1771:12
     [1m[96m|[0m
[1m[96m1769[0m [1m[96m|[0m     fn next_element<T>(&mut self) -> Result<Option<T>, Self::Error>
     [1m[96m|[0m        [1m[96m------------[0m [1m[96mrequired by a bound in this associated function[0m
[1m[96m1770[0m [1m[96m|[0m     where
[1m[96m1771[0m [1m[96m|[0m         T: Deserialize<'de>,
     [1m[96m|[0m            [1m[92m^^^^^^^^^^^^^^^^[0m [1m[92mrequired by this bound in `SeqAccess::next_element`[0m

[1m[91merror[E0277][0m[1m[97m: the trait bound `FixedI32<UInt<UInt<UInt<UInt<UInt<UTerm, B1>, B0>, B0>, B0>, B0>>: serde::Deserialize<'de>` is not satisfied[0m
    [1m[96m--> [0mcrates\engine\src\engine.rs:454:15
     [1m[96m|[0m
[1m[96m 454[0m [1m[96m|[0m     pub rate: Fixed, // Per tick
     [1m[96m|[0m               [1m[91m^^^^^[0m [1m[91mthe trait `Deserialize<'_>` is not implemented for `FixedI32<UInt<UInt<UInt<UInt<UInt<UTerm, B1>, B0>, B0>, B0>, B0>>`[0m
     [1m[96m|[0m
     [1m[96m= [0m[1m[97mnote[0m: for local types consider adding `#[derive(serde::Deserialize)]` to your `FixedI32<UInt<UInt<UInt<UInt<UInt<UTerm, B1>, B0>, B0>, B0>, B0>>` type
     [1m[96m= [0m[1m[97mnote[0m: for types from other crates check whether the crate offers a `serde` feature flag
     [1m[96m= [0m[1m[97mhelp[0m: the following other types implement trait `Deserialize<'de>`:
               `&'a [u8]` implements `Deserialize<'de>`
               `&'a std::path::Path` implements `Deserialize<'de>`
               `&'a str` implements `Deserialize<'de>`
               `()` implements `Deserialize<'de>`
               `(T,)` implements `Deserialize<'de>`
               `(T0, T1)` implements `Deserialize<'de>`
               `(T0, T1, T2)` implements `Deserialize<'de>`
               `(T0, T1, T2, T3)` implements `Deserialize<'de>`
             and 1020 others
[1m[92mnote[0m: required by a bound in `next_value`
    [1m[96m--> [0mE:\Dev\.cargo\registry\src\index.crates.io-1949cf8c6b5b557f\serde_core-1.0.228\src\de\mod.rs:1916:12
     [1m[96m|[0m
[1m[96m1914[0m [1m[96m|[0m     fn next_value<V>(&mut self) -> Result<V, Self::Error>
     [1m[96m|[0m        [1m[96m----------[0m [1m[96mrequired by a bound in this associated function[0m
[1m[96m1915[0m [1m[96m|[0m     where
[1m[96m1916[0m [1m[96m|[0m         V: Deserialize<'de>,
     [1m[96m|[0m            [1m[92m^^^^^^^^^^^^^^^^[0m [1m[92mrequired by this bound in `MapAccess::next_value`[0m

[1m[91merror[E0277][0m[1m[97m: the trait bound `FixedI32<UInt<UInt<UInt<UInt<UInt<UTerm, B1>, B0>, B0>, B0>, B0>>: serde::Deserialize<'de>` is not satisfied[0m
   [1m[96m--> [0mcrates\engine\src\engine.rs:451:46
    [1m[96m|[0m
[1m[96m451[0m [1m[96m|[0m #[derive(Debug, Clone, PartialEq, Serialize, Deserialize)]
    [1m[96m|[0m                                              [1m[91m^^^^^^^^^^^[0m [1m[91mthe trait `Deserialize<'_>` is not implemented for `FixedI32<UInt<UInt<UInt<UInt<UInt<UTerm, B1>, B0>, B0>, B0>, B0>>`[0m
    [1m[96m|[0m
    [1m[96m= [0m[1m[97mnote[0m: for local types consider adding `#[derive(serde::Deserialize)]` to your `FixedI32<UInt<UInt<UInt<UInt<UInt<UTerm, B1>, B0>, B0>, B0>, B0>>` type
    [1m[96m= [0m[1m[97mnote[0m: for types from other crates check whether the crate offers a `serde` feature flag
    [1m[96m= [0m[1m[97mhelp[0m: the following other types implement trait `Deserialize<'de>`:
              `&'a [u8]` implements `Deserialize<'de>`
              `&'a std::path::Path` implements `Deserialize<'de>`
              `&'a str` implements `Deserialize<'de>`
              `()` implements `Deserialize<'de>`
              `(T,)` implements `Deserialize<'de>`
              `(T0, T1)` implements `Deserialize<'de>`
              `(T0, T1, T2)` implements `Deserialize<'de>`
              `(T0, T1, T2, T3)` implements `Deserialize<'de>`
            and 1020 others
[1m[92mnote[0m: required by a bound in `building_layouts::_::_serde::__private228::de::missing_field`
   [1m[96m--> [0mE:\Dev\.cargo\registry\src\index.crates.io-1949cf8c6b5b557f\serde-1.0.228\src\private\de.rs:26:8
    [1m[96m|[0m
[1m[96m 24[0m [1m[96m|[0m pub fn missing_field<'de, V, E>(field: &'static str) -> Result<V, E>
    [1m[96m|[0m        [1m[96m-------------[0m [1m[96mrequired by a bound in this function[0m
[1m[96m 25[0m [1m[96m|[0m where
[1m[96m 26[0m [1m[96m|[0m     V: Deserialize<'de>,
    [1m[96m|[0m        [1m[92m^^^^^^^^^^^^^^^^[0m [1m[92mrequired by this bound in `missing_field`[0m
    [1m[96m= [0m[1m[97mnote[0m: this error originates in the derive macro `Deserialize` (in Nightly builds, run with -Z macro-backtrace for more info)

[1m[91merror[E0277][0m[1m[97m: the trait bound `FixedI32<UInt<UInt<UInt<UInt<UInt<UTerm, B1>, B0>, B0>, B0>, B0>>: serde::Serialize` is not satisfied[0m
    [1m[96m--> [0mcrates\engine\src\engine.rs:466:35
     [1m[96m|[0m
[1m[96m 466[0m [1m[96m|[0m #[derive(Debug, Clone, PartialEq, Serialize, Deserialize)]
     [1m[96m|[0m                                   [1m[91m^^^^^^^^^[0m [1m[91mthe trait `Serialize` is not implemented for `FixedI32<UInt<UInt<UInt<UInt<UInt<UTerm, B1>, B0>, B0>, B0>, B0>>`[0m
[1m[96m...[0m
[1m[96m 469[0m [1m[96m|[0m     /// Legacy wire field; kept in sync with [`Self::hp`].
     [1m[96m|[0m     [1m[96m------------------------------------------------------[0m [1m[96mrequired by a bound introduced by this call[0m
     [1m[96m|[0m
     [1m[96m= [0m[1m[97mnote[0m: for local types consider adding `#[derive(serde::Serialize)]` to your `FixedI32<UInt<UInt<UInt<UInt<UInt<UTerm, B1>, B0>, B0>, B0>, B0>>` type
     [1m[96m= [0m[1m[97mnote[0m: for types from other crates check whether the crate offers a `serde` feature flag
     [1m[96m= [0m[1m[97mhelp[0m: the following other types implement trait `Serialize`:
               &'a T
               &'a mut T
               ()
               (T,)
               (T0, T1)
               (T0, T1, T2)
               (T0, T1, T2, T3)
               (T0, T1, T2, T3, T4)
             and 1004 others
[1m[92mnote[0m: required by a bound in `building_layouts::_::_serde::ser::SerializeStruct::serialize_field`
    [1m[96m--> [0mE:\Dev\.cargo\registry\src\index.crates.io-1949cf8c6b5b557f\serde_core-1.0.228\src\ser\mod.rs:1917:21
     [1m[96m|[0m
[1m[96m1915[0m [1m[96m|[0m     fn serialize_field<T>(&mut self, key: &'static str, value: &T) -> Result<(), Self::Error>
     [1m[96m|[0m        [1m[96m---------------[0m [1m[96mrequired by a bound in this associated function[0m
[1m[96m1916[0m [1m[96m|[0m     where
[1m[96m1917[0m [1m[96m|[0m         T: ?Sized + Serialize;
     [1m[96m|[0m                     [1m[92m^^^^^^^^^[0m [1m[92mrequired by this bound in `SerializeStruct::serialize_field`[0m
     [1m[96m= [0m[1m[97mnote[0m: this error originates in the derive macro `Serialize` (in Nightly builds, run with -Z macro-backtrace for more info)

[1m[91merror[E0277][0m[1m[97m: the trait bound `FixedI32<UInt<UInt<UInt<UInt<UInt<UTerm, B1>, B0>, B0>, B0>, B0>>: serde::Deserialize<'de>` is not satisfied[0m
    [1m[96m--> [0mcrates\engine\src\engine.rs:470:19
     [1m[96m|[0m
[1m[96m 470[0m [1m[96m|[0m     pub strength: Fixed,
     [1m[96m|[0m                   [1m[91m^^^^^[0m [1m[91mthe trait `Deserialize<'_>` is not implemented for `FixedI32<UInt<UInt<UInt<UInt<UInt<UTerm, B1>, B0>, B0>, B0>, B0>>`[0m
     [1m[96m|[0m
     [1m[96m= [0m[1m[97mnote[0m: for local types consider adding `#[derive(serde::Deserialize)]` to your `FixedI32<UInt<UInt<UInt<UInt<UInt<UTerm, B1>, B0>, B0>, B0>, B0>>` type
     [1m[96m= [0m[1m[97mnote[0m: for types from other crates check whether the crate offers a `serde` feature flag
     [1m[96m= [0m[1m[97mhelp[0m: the following other types implement trait `Deserialize<'de>`:
               `&'a [u8]` implements `Deserialize<'de>`
               `&'a std::path::Path` implements `Deserialize<'de>`
               `&'a str` implements `Deserialize<'de>`
               `()` implements `Deserialize<'de>`
               `(T,)` implements `Deserialize<'de>`
               `(T0, T1)` implements `Deserialize<'de>`
               `(T0, T1, T2)` implements `Deserialize<'de>`
               `(T0, T1, T2, T3)` implements `Deserialize<'de>`
             and 1020 others
[1m[92mnote[0m: required by a bound in `next_element`
    [1m[96m--> [0mE:\Dev\.cargo\registry\src\index.crates.io-1949cf8c6b5b557f\serde_core-1.0.228\src\de\mod.rs:1771:12
     [1m[96m|[0m
[1m[96m1769[0m [1m[96m|[0m     fn next_element<T>(&mut self) -> Result<Option<T>, Self::Error>
     [1m[96m|[0m        [1m[96m------------[0m [1m[96mrequired by a bound in this associated function[0m
[1m[96m1770[0m [1m[96m|[0m     where
[1m[96m1771[0m [1m[96m|[0m         T: Deserialize<'de>,
     [1m[96m|[0m            [1m[92m^^^^^^^^^^^^^^^^[0m [1m[92mrequired by this bound in `SeqAccess::next_element`[0m

[1m[91merror[E0277][0m[1m[97m: the trait bound `FixedI32<UInt<UInt<UInt<UInt<UInt<UTerm, B1>, B0>, B0>, B0>, B0>>: serde::Deserialize<'de>` is not satisfied[0m
    [1m[96m--> [0mcrates\engine\src\engine.rs:472:13
     [1m[96m|[0m
[1m[96m 472[0m [1m[96m|[0m     pub hp: Fixed,
     [1m[96m|[0m             [1m[91m^^^^^[0m [1m[91mthe trait `Deserialize<'_>` is not implemented for `FixedI32<UInt<UInt<UInt<UInt<UInt<UTerm, B1>, B0>, B0>, B0>, B0>>`[0m
     [1m[96m|[0m
     [1m[96m= [0m[1m[97mnote[0m: for local types consider adding `#[derive(serde::Deserialize)]` to your `FixedI32<UInt<UInt<UInt<UInt<UInt<UTerm, B1>, B0>, B0>, B0>, B0>>` type
     [1m[96m= [0m[1m[97mnote[0m: for types from other crates check whether the crate offers a `serde` feature flag
     [1m[96m= [0m[1m[97mhelp[0m: the following other types implement trait `Deserialize<'de>`:
               `&'a [u8]` implements `Deserialize<'de>`
               `&'a std::path::Path` implements `Deserialize<'de>`
               `&'a str` implements `Deserialize<'de>`
               `()` implements `Deserialize<'de>`
               `(T,)` implements `Deserialize<'de>`
               `(T0, T1)` implements `Deserialize<'de>`
               `(T0, T1, T2)` implements `Deserialize<'de>`
               `(T0, T1, T2, T3)` implements `Deserialize<'de>`
             and 1020 others
[1m[92mnote[0m: required by a bound in `next_element`
    [1m[96m--> [0mE:\Dev\.cargo\registry\src\index.crates.io-1949cf8c6b5b557f\serde_core-1.0.228\src\de\mod.rs:1771:12
     [1m[96m|[0m
[1m[96m1769[0m [1m[96m|[0m     fn next_element<T>(&mut self) -> Result<Option<T>, Self::Error>
     [1m[96m|[0m        [1m[96m------------[0m [1m[96mrequired by a bound in this associated function[0m
[1m[96m1770[0m [1m[96m|[0m     where
[1m[96m1771[0m [1m[96m|[0m         T: Deserialize<'de>,
     [1m[96m|[0m            [1m[92m^^^^^^^^^^^^^^^^[0m [1m[92mrequired by this bound in `SeqAccess::next_element`[0m

[1m[91merror[E0277][0m[1m[97m: the trait bound `FixedI32<UInt<UInt<UInt<UInt<UInt<UTerm, B1>, B0>, B0>, B0>, B0>>: serde::Deserialize<'de>` is not satisfied[0m
    [1m[96m--> [0mcrates\engine\src\engine.rs:473:17
     [1m[96m|[0m
[1m[96m 473[0m [1m[96m|[0m     pub max_hp: Fixed,
     [1m[96m|[0m                 [1m[91m^^^^^[0m [1m[91mthe trait `Deserialize<'_>` is not implemented for `FixedI32<UInt<UInt<UInt<UInt<UInt<UTerm, B1>, B0>, B0>, B0>, B0>>`[0m
     [1m[96m|[0m
     [1m[96m= [0m[1m[97mnote[0m: for local types consider adding `#[derive(serde::Deserialize)]` to your `FixedI32<UInt<UInt<UInt<UInt<UInt<UTerm, B1>, B0>, B0>, B0>, B0>>` type
     [1m[96m= [0m[1m[97mnote[0m: for types from other crates check whether the crate offers a `serde` feature flag
     [1m[96m= [0m[1m[97mhelp[0m: the following other types implement trait `Deserialize<'de>`:
               `&'a [u8]` implements `Deserialize<'de>`
               `&'a std::path::Path` implements `Deserialize<'de>`
               `&'a str` implements `Deserialize<'de>`
               `()` implements `Deserialize<'de>`
               `(T,)` implements `Deserialize<'de>`
               `(T0, T1)` implements `Deserialize<'de>`
               `(T0, T1, T2)` implements `Deserialize<'de>`
               `(T0, T1, T2, T3)` implements `Deserialize<'de>`
             and 1020 others
[1m[92mnote[0m: required by a bound in `next_element`
    [1m[96m--> [0mE:\Dev\.cargo\registry\src\index.crates.io-1949cf8c6b5b557f\serde_core-1.0.228\src\de\mod.rs:1771:12
     [1m[96m|[0m
[1m[96m1769[0m [1m[96m|[0m     fn next_element<T>(&mut self) -> Result<Option<T>, Self::Error>
     [1m[96m|[0m        [1m[96m------------[0m [1m[96mrequired by a bound in this associated function[0m
[1m[96m1770[0m [1m[96m|[0m     where
[1m[96m1771[0m [1m[96m|[0m         T: Deserialize<'de>,
     [1m[96m|[0m            [1m[92m^^^^^^^^^^^^^^^^[0m [1m[92mrequired by this bound in `SeqAccess::next_element`[0m

[1m[91merror[E0277][0m[1m[97m: the trait bound `FixedI32<UInt<UInt<UInt<UInt<UInt<UTerm, B1>, B0>, B0>, B0>, B0>>: serde::Deserialize<'de>` is not satisfied[0m
    [1m[96m--> [0mcrates\engine\src\engine.rs:474:17
     [1m[96m|[0m
[1m[96m 474[0m [1m[96m|[0m     pub morale: Fixed,
     [1m[96m|[0m                 [1m[91m^^^^^[0m [1m[91mthe trait `Deserialize<'_>` is not implemented for `FixedI32<UInt<UInt<UInt<UInt<UInt<UTerm, B1>, B0>, B0>, B0>, B0>>`[0m
     [1m[96m|[0m
     [1m[96m= [0m[1m[97mnote[0m: for local types consider adding `#[derive(serde::Deserialize)]` to your `FixedI32<UInt<UInt<UInt<UInt<UInt<UTerm, B1>, B0>, B0>, B0>, B0>>` type
     [1m[96m= [0m[1m[97mnote[0m: for types from other crates check whether the crate offers a `serde` feature flag
     [1m[96m= [0m[1m[97mhelp[0m: the following other types implement trait `Deserialize<'de>`:
               `&'a [u8]` implements `Deserialize<'de>`
               `&'a std::path::Path` implements `Deserialize<'de>`
               `&'a str` implements `Deserialize<'de>`
               `()` implements `Deserialize<'de>`
               `(T,)` implements `Deserialize<'de>`
               `(T0, T1)` implements `Deserialize<'de>`
               `(T0, T1, T2)` implements `Deserialize<'de>`
               `(T0, T1, T2, T3)` implements `Deserialize<'de>`
             and 1020 others
[1m[92mnote[0m: required by a bound in `next_element`
    [1m[96m--> [0mE:\Dev\.cargo\registry\src\index.crates.io-1949cf8c6b5b557f\serde_core-1.0.228\src\de\mod.rs:1771:12
     [1m[96m|[0m
[1m[96m1769[0m [1m[96m|[0m     fn next_element<T>(&mut self) -> Result<Option<T>, Self::Error>
     [1m[96m|[0m        [1m[96m------------[0m [1m[96mrequired by a bound in this associated function[0m
[1m[96m1770[0m [1m[96m|[0m     where
[1m[96m1771[0m [1m[96m|[0m         T: Deserialize<'de>,
     [1m[96m|[0m            [1m[92m^^^^^^^^^^^^^^^^[0m [1m[92mrequired by this bound in `SeqAccess::next_element`[0m

[1m[91merror[E0277][0m[1m[97m: the trait bound `FixedI32<UInt<UInt<UInt<UInt<UInt<UTerm, B1>, B0>, B0>, B0>, B0>>: serde::Deserialize<'de>` is not satisfied[0m
    [1m[96m--> [0mcrates\engine\src\engine.rs:470:19
     [1m[96m|[0m
[1m[96m 470[0m [1m[96m|[0m     pub strength: Fixed,
     [1m[96m|[0m                   [1m[91m^^^^^[0m [1m[91mthe trait `Deserialize<'_>` is not implemented for `FixedI32<UInt<UInt<UInt<UInt<UInt<UTerm, B1>, B0>, B0>, B0>, B0>>`[0m
     [1m[96m|[0m
     [1m[96m= [0m[1m[97mnote[0m: for local types consider adding `#[derive(serde::Deserialize)]` to your `FixedI32<UInt<UInt<UInt<UInt<UInt<UTerm, B1>, B0>, B0>, B0>, B0>>` type
     [1m[96m= [0m[1m[97mnote[0m: for types from other crates check whether the crate offers a `serde` feature flag
     [1m[96m= [0m[1m[97mhelp[0m: the following other types implement trait `Deserialize<'de>`:
               `&'a [u8]` implements `Deserialize<'de>`
               `&'a std::path::Path` implements `Deserialize<'de>`
               `&'a str` implements `Deserialize<'de>`
               `()` implements `Deserialize<'de>`
               `(T,)` implements `Deserialize<'de>`
               `(T0, T1)` implements `Deserialize<'de>`
               `(T0, T1, T2)` implements `Deserialize<'de>`
               `(T0, T1, T2, T3)` implements `Deserialize<'de>`
             and 1020 others
[1m[92mnote[0m: required by a bound in `next_value`
    [1m[96m--> [0mE:\Dev\.cargo\registry\src\index.crates.io-1949cf8c6b5b557f\serde_core-1.0.228\src\de\mod.rs:1916:12
     [1m[96m|[0m
[1m[96m1914[0m [1m[96m|[0m     fn next_value<V>(&mut self) -> Result<V, Self::Error>
     [1m[96m|[0m        [1m[96m----------[0m [1m[96mrequired by a bound in this associated function[0m
[1m[96m1915[0m [1m[96m|[0m     where
[1m[96m1916[0m [1m[96m|[0m         V: Deserialize<'de>,
     [1m[96m|[0m            [1m[92m^^^^^^^^^^^^^^^^[0m [1m[92mrequired by this bound in `MapAccess::next_value`[0m

[1m[91merror[E0277][0m[1m[97m: the trait bound `FixedI32<UInt<UInt<UInt<UInt<UInt<UTerm, B1>, B0>, B0>, B0>, B0>>: serde::Deserialize<'de>` is not satisfied[0m
    [1m[96m--> [0mcrates\engine\src\engine.rs:472:13
     [1m[96m|[0m
[1m[96m 472[0m [1m[96m|[0m     pub hp: Fixed,
     [1m[96m|[0m             [1m[91m^^^^^[0m [1m[91mthe trait `Deserialize<'_>` is not implemented for `FixedI32<UInt<UInt<UInt<UInt<UInt<UTerm, B1>, B0>, B0>, B0>, B0>>`[0m
     [1m[96m|[0m
     [1m[96m= [0m[1m[97mnote[0m: for local types consider adding `#[derive(serde::Deserialize)]` to your `FixedI32<UInt<UInt<UInt<UInt<UInt<UTerm, B1>, B0>, B0>, B0>, B0>>` type
     [1m[96m= [0m[1m[97mnote[0m: for types from other crates check whether the crate offers a `serde` feature flag
     [1m[96m= [0m[1m[97mhelp[0m: the following other types implement trait `Deserialize<'de>`:
               `&'a [u8]` implements `Deserialize<'de>`
               `&'a std::path::Path` implements `Deserialize<'de>`
               `&'a str` implements `Deserialize<'de>`
               `()` implements `Deserialize<'de>`
               `(T,)` implements `Deserialize<'de>`
               `(T0, T1)` implements `Deserialize<'de>`
               `(T0, T1, T2)` implements `Deserialize<'de>`
               `(T0, T1, T2, T3)` implements `Deserialize<'de>`
             and 1020 others
[1m[92mnote[0m: required by a bound in `next_value`
    [1m[96m--> [0mE:\Dev\.cargo\registry\src\index.crates.io-1949cf8c6b5b557f\serde_core-1.0.228\src\de\mod.rs:1916:12
     [1m[96m|[0m
[1m[96m1914[0m [1m[96m|[0m     fn next_value<V>(&mut self) -> Result<V, Self::Error>
     [1m[96m|[0m        [1m[96m----------[0m [1m[96mrequired by a bound in this associated function[0m
[1m[96m1915[0m [1m[96m|[0m     where
[1m[96m1916[0m [1m[96m|[0m         V: Deserialize<'de>,
     [1m[96m|[0m            [1m[92m^^^^^^^^^^^^^^^^[0m [1m[92mrequired by this bound in `MapAccess::next_value`[0m

[1m[91merror[E0277][0m[1m[97m: the trait bound `FixedI32<UInt<UInt<UInt<UInt<UInt<UTerm, B1>, B0>, B0>, B0>, B0>>: serde::Deserialize<'de>` is not satisfied[0m
    [1m[96m--> [0mcrates\engine\src\engine.rs:473:17
     [1m[96m|[0m
[1m[96m 473[0m [1m[96m|[0m     pub max_hp: Fixed,
     [1m[96m|[0m                 [1m[91m^^^^^[0m [1m[91mthe trait `Deserialize<'_>` is not implemented for `FixedI32<UInt<UInt<UInt<UInt<UInt<UTerm, B1>, B0>, B0>, B0>, B0>>`[0m
     [1m[96m|[0m
     [1m[96m= [0m[1m[97mnote[0m: for local types consider adding `#[derive(serde::Deserialize)]` to your `FixedI32<UInt<UInt<UInt<UInt<UInt<UTerm, B1>, B0>, B0>, B0>, B0>>` type
     [1m[96m= [0m[1m[97mnote[0m: for types from other crates check whether the crate offers a `serde` feature flag
     [1m[96m= [0m[1m[97mhelp[0m: the following other types implement trait `Deserialize<'de>`:
               `&'a [u8]` implements `Deserialize<'de>`
               `&'a std::path::Path` implements `Deserialize<'de>`
               `&'a str` implements `Deserialize<'de>`
               `()` implements `Deserialize<'de>`
               `(T,)` implements `Deserialize<'de>`
               `(T0, T1)` implements `Deserialize<'de>`
               `(T0, T1, T2)` implements `Deserialize<'de>`
               `(T0, T1, T2, T3)` implements `Deserialize<'de>`
             and 1020 others
[1m[92mnote[0m: required by a bound in `next_value`
    [1m[96m--> [0mE:\Dev\.cargo\registry\src\index.crates.io-1949cf8c6b5b557f\serde_core-1.0.228\src\de\mod.rs:1916:12
     [1m[96m|[0m
[1m[96m1914[0m [1m[96m|[0m     fn next_value<V>(&mut self) -> Result<V, Self::Error>
     [1m[96m|[0m        [1m[96m----------[0m [1m[96mrequired by a bound in this associated function[0m
[1m[96m1915[0m [1m[96m|[0m     where
[1m[96m1916[0m [1m[96m|[0m         V: Deserialize<'de>,
     [1m[96m|[0m            [1m[92m^^^^^^^^^^^^^^^^[0m [1m[92mrequired by this bound in `MapAccess::next_value`[0m

[1m[91merror[E0277][0m[1m[97m: the trait bound `FixedI32<UInt<UInt<UInt<UInt<UInt<UTerm, B1>, B0>, B0>, B0>, B0>>: serde::Deserialize<'de>` is not satisfied[0m
    [1m[96m--> [0mcrates\engine\src\engine.rs:474:17
     [1m[96m|[0m
[1m[96m 474[0m [1m[96m|[0m     pub morale: Fixed,
     [1m[96m|[0m                 [1m[91m^^^^^[0m [1m[91mthe trait `Deserialize<'_>` is not implemented for `FixedI32<UInt<UInt<UInt<UInt<UInt<UTerm, B1>, B0>, B0>, B0>, B0>>`[0m
     [1m[96m|[0m
     [1m[96m= [0m[1m[97mnote[0m: for local types consider adding `#[derive(serde::Deserialize)]` to your `FixedI32<UInt<UInt<UInt<UInt<UInt<UTerm, B1>, B0>, B0>, B0>, B0>>` type
     [1m[96m= [0m[1m[97mnote[0m: for types from other crates check whether the crate offers a `serde` feature flag
     [1m[96m= [0m[1m[97mhelp[0m: the following other types implement trait `Deserialize<'de>`:
               `&'a [u8]` implements `Deserialize<'de>`
               `&'a std::path::Path` implements `Deserialize<'de>`
               `&'a str` implements `Deserialize<'de>`
               `()` implements `Deserialize<'de>`
               `(T,)` implements `Deserialize<'de>`
               `(T0, T1)` implements `Deserialize<'de>`
               `(T0, T1, T2)` implements `Deserialize<'de>`
               `(T0, T1, T2, T3)` implements `Deserialize<'de>`
             and 1020 others
[1m[92mnote[0m: required by a bound in `next_value`
    [1m[96m--> [0mE:\Dev\.cargo\registry\src\index.crates.io-1949cf8c6b5b557f\serde_core-1.0.228\src\de\mod.rs:1916:12
     [1m[96m|[0m
[1m[96m1914[0m [1m[96m|[0m     fn next_value<V>(&mut self) -> Result<V, Self::Error>
     [1m[96m|[0m        [1m[96m----------[0m [1m[96mrequired by a bound in this associated function[0m
[1m[96m1915[0m [1m[96m|[0m     where
[1m[96m1916[0m [1m[96m|[0m         V: Deserialize<'de>,
     [1m[96m|[0m            [1m[92m^^^^^^^^^^^^^^^^[0m [1m[92mrequired by this bound in `MapAccess::next_value`[0m

[1m[91merror[E0277][0m[1m[97m: the trait bound `FixedI32<UInt<UInt<UInt<UInt<UInt<UTerm, B1>, B0>, B0>, B0>, B0>>: serde::Deserialize<'de>` is not satisfied[0m
   [1m[96m--> [0mcrates\engine\src\engine.rs:466:46
    [1m[96m|[0m
[1m[96m466[0m [1m[96m|[0m #[derive(Debug, Clone, PartialEq, Serialize, Deserialize)]
    [1m[96m|[0m                                              [1m[91m^^^^^^^^^^^[0m [1m[91mthe trait `Deserialize<'_>` is not implemented for `FixedI32<UInt<UInt<UInt<UInt<UInt<UTerm, B1>, B0>, B0>, B0>, B0>>`[0m
    [1m[96m|[0m
    [1m[96m= [0m[1m[97mnote[0m: for local types consider adding `#[derive(serde::Deserialize)]` to your `FixedI32<UInt<UInt<UInt<UInt<UInt<UTerm, B1>, B0>, B0>, B0>, B0>>` type
    [1m[96m= [0m[1m[97mnote[0m: for types from other crates check whether the crate offers a `serde` feature flag
    [1m[96m= [0m[1m[97mhelp[0m: the following other types implement trait `Deserialize<'de>`:
              `&'a [u8]` implements `Deserialize<'de>`
              `&'a std::path::Path` implements `Deserialize<'de>`
              `&'a str` implements `Deserialize<'de>`
              `()` implements `Deserialize<'de>`
              `(T,)` implements `Deserialize<'de>`
              `(T0, T1)` implements `Deserialize<'de>`
              `(T0, T1, T2)` implements `Deserialize<'de>`
              `(T0, T1, T2, T3)` implements `Deserialize<'de>`
            and 1020 others
[1m[92mnote[0m: required by a bound in `building_layouts::_::_serde::__private228::de::missing_field`
   [1m[96m--> [0mE:\Dev\.cargo\registry\src\index.crates.io-1949cf8c6b5b557f\serde-1.0.228\src\private\de.rs:26:8
    [1m[96m|[0m
[1m[96m 24[0m [1m[96m|[0m pub fn missing_field<'de, V, E>(field: &'static str) -> Result<V, E>
    [1m[96m|[0m        [1m[96m-------------[0m [1m[96mrequired by a bound in this function[0m
[1m[96m 25[0m [1m[96m|[0m where
[1m[96m 26[0m [1m[96m|[0m     V: Deserialize<'de>,
    [1m[96m|[0m        [1m[92m^^^^^^^^^^^^^^^^[0m [1m[92mrequired by this bound in `missing_field`[0m
    [1m[96m= [0m[1m[97mnote[0m: this error originates in the derive macro `Deserialize` (in Nightly builds, run with -Z macro-backtrace for more info)

[1m[91merror[E0277][0m[1m[97m: the trait bound `FixedI32<UInt<UInt<UInt<UInt<UInt<UTerm, B1>, B0>, B0>, B0>, B0>>: serde::Serialize` is not satisfied[0m
    [1m[96m--> [0mcrates\engine\src\engine.rs:492:35
     [1m[96m|[0m
[1m[96m 492[0m [1m[96m|[0m #[derive(Debug, Clone, PartialEq, Serialize, Deserialize)]
     [1m[96m|[0m                                   [1m[91m^^^^^^^^^[0m [1m[91mthe trait `Serialize` is not implemented for `FixedI32<UInt<UInt<UInt<UInt<UInt<UTerm, B1>, B0>, B0>, B0>, B0>>`[0m
[1m[96m...[0m
[1m[96m 496[0m [1m[96m|[0m     pub energy_budget_joules: Fixed,
     [1m[96m|[0m     [1m[96m---[0m [1m[96mrequired by a bound introduced by this call[0m
     [1m[96m|[0m
     [1m[96m= [0m[1m[97mnote[0m: for local types consider adding `#[derive(serde::Serialize)]` to your `FixedI32<UInt<UInt<UInt<UInt<UInt<UTerm, B1>, B0>, B0>, B0>, B0>>` type
     [1m[96m= [0m[1m[97mnote[0m: for types from other crates check whether the crate offers a `serde` feature flag
     [1m[96m= [0m[1m[97mhelp[0m: the following other types implement trait `Serialize`:
               &'a T
               &'a mut T
               ()
               (T,)
               (T0, T1)
               (T0, T1, T2)
               (T0, T1, T2, T3)
               (T0, T1, T2, T3, T4)
             and 1004 others
[1m[92mnote[0m: required by a bound in `building_layouts::_::_serde::ser::SerializeStruct::serialize_field`
    [1m[96m--> [0mE:\Dev\.cargo\registry\src\index.crates.io-1949cf8c6b5b557f\serde_core-1.0.228\src\ser\mod.rs:1917:21
     [1m[96m|[0m
[1m[96m1915[0m [1m[96m|[0m     fn serialize_field<T>(&mut self, key: &'static str, value: &T) -> Result<(), Self::Error>
     [1m[96m|[0m        [1m[96m---------------[0m [1m[96mrequired by a bound in this associated function[0m
[1m[96m1916[0m [1m[96m|[0m     where
[1m[96m1917[0m [1m[96m|[0m         T: ?Sized + Serialize;
     [1m[96m|[0m                     [1m[92m^^^^^^^^^[0m [1m[92mrequired by this bound in `SerializeStruct::serialize_field`[0m
     [1m[96m= [0m[1m[97mnote[0m: this error originates in the derive macro `Serialize` (in Nightly builds, run with -Z macro-backtrace for more info)

[1m[91merror[E0277][0m[1m[97m: the trait bound `FixedI32<UInt<UInt<UInt<UInt<UInt<UTerm, B1>, B0>, B0>, B0>, B0>>: serde::Deserialize<'de>` is not satisfied[0m
    [1m[96m--> [0mcrates\engine\src\engine.rs:496:31
     [1m[96m|[0m
[1m[96m 496[0m [1m[96m|[0m     pub energy_budget_joules: Fixed,
     [1m[96m|[0m                               [1m[91m^^^^^[0m [1m[91mthe trait `Deserialize<'_>` is not implemented for `FixedI32<UInt<UInt<UInt<UInt<UInt<UTerm, B1>, B0>, B0>, B0>, B0>>`[0m
     [1m[96m|[0m
     [1m[96m= [0m[1m[97mnote[0m: for local types consider adding `#[derive(serde::Deserialize)]` to your `FixedI32<UInt<UInt<UInt<UInt<UInt<UTerm, B1>, B0>, B0>, B0>, B0>>` type
     [1m[96m= [0m[1m[97mnote[0m: for types from other crates check whether the crate offers a `serde` feature flag
     [1m[96m= [0m[1m[97mhelp[0m: the following other types implement trait `Deserialize<'de>`:
               `&'a [u8]` implements `Deserialize<'de>`
               `&'a std::path::Path` implements `Deserialize<'de>`
               `&'a str` implements `Deserialize<'de>`
               `()` implements `Deserialize<'de>`
               `(T,)` implements `Deserialize<'de>`
               `(T0, T1)` implements `Deserialize<'de>`
               `(T0, T1, T2)` implements `Deserialize<'de>`
               `(T0, T1, T2, T3)` implements `Deserialize<'de>`
             and 1020 others
[1m[92mnote[0m: required by a bound in `next_element`
    [1m[96m--> [0mE:\Dev\.cargo\registry\src\index.crates.io-1949cf8c6b5b557f\serde_core-1.0.228\src\de\mod.rs:1771:12
     [1m[96m|[0m
[1m[96m1769[0m [1m[96m|[0m     fn next_element<T>(&mut self) -> Result<Option<T>, Self::Error>
     [1m[96m|[0m        [1m[96m------------[0m [1m[96mrequired by a bound in this associated function[0m
[1m[96m1770[0m [1m[96m|[0m     where
[1m[96m1771[0m [1m[96m|[0m         T: Deserialize<'de>,
     [1m[96m|[0m            [1m[92m^^^^^^^^^^^^^^^^[0m [1m[92mrequired by this bound in `SeqAccess::next_element`[0m

[1m[91merror[E0277][0m[1m[97m: the trait bound `FixedI32<UInt<UInt<UInt<UInt<UInt<UTerm, B1>, B0>, B0>, B0>, B0>>: serde::Deserialize<'de>` is not satisfied[0m
    [1m[96m--> [0mcrates\engine\src\engine.rs:501:27
     [1m[96m|[0m
[1m[96m 501[0m [1m[96m|[0m     pub faction_treasury: HashMap<u32, Fixed>,
     [1m[96m|[0m                           [1m[91m^^^^^^^^^^^^^^^^^^^[0m [1m[91mthe trait `Deserialize<'_>` is not implemented for `FixedI32<UInt<UInt<UInt<UInt<UInt<UTerm, B1>, B0>, B0>, B0>, B0>>`[0m
     [1m[96m|[0m
     [1m[96m= [0m[1m[97mnote[0m: for local types consider adding `#[derive(serde::Deserialize)]` to your `FixedI32<UInt<UInt<UInt<UInt<UInt<UTerm, B1>, B0>, B0>, B0>, B0>>` type
     [1m[96m= [0m[1m[97mnote[0m: for types from other crates check whether the crate offers a `serde` feature flag
     [1m[96m= [0m[1m[97mhelp[0m: the following other types implement trait `Deserialize<'de>`:
               `&'a [u8]` implements `Deserialize<'de>`
               `&'a std::path::Path` implements `Deserialize<'de>`
               `&'a str` implements `Deserialize<'de>`
               `()` implements `Deserialize<'de>`
               `(T,)` implements `Deserialize<'de>`
               `(T0, T1)` implements `Deserialize<'de>`
               `(T0, T1, T2)` implements `Deserialize<'de>`
               `(T0, T1, T2, T3)` implements `Deserialize<'de>`
             and 1020 others
     [1m[96m= [0m[1m[97mnote[0m: required for `HashMap<u32, FixedI32<UInt<UInt<UInt<UInt<UInt<UTerm, B1>, B0>, B0>, B0>, B0>>>` to implement `Deserialize<'_>`
[1m[92mnote[0m: required by a bound in `next_element`
    [1m[96m--> [0mE:\Dev\.cargo\registry\src\index.crates.io-1949cf8c6b5b557f\serde_core-1.0.228\src\de\mod.rs:1771:12
     [1m[96m|[0m
[1m[96m1769[0m [1m[96m|[0m     fn next_element<T>(&mut self) -> Result<Option<T>, Self::Error>
     [1m[96m|[0m        [1m[96m------------[0m [1m[96mrequired by a bound in this associated function[0m
[1m[96m1770[0m [1m[96m|[0m     where
[1m[96m1771[0m [1m[96m|[0m         T: Deserialize<'de>,
     [1m[96m|[0m            [1m[92m^^^^^^^^^^^^^^^^[0m [1m[92mrequired by this bound in `SeqAccess::next_element`[0m

[1m[91merror[E0277][0m[1m[97m: the trait bound `FixedI32<UInt<UInt<UInt<UInt<UInt<UTerm, B1>, B0>, B0>, B0>, B0>>: serde::Deserialize<'de>` is not satisfied[0m
    [1m[96m--> [0mcrates\engine\src\engine.rs:496:31
     [1m[96m|[0m
[1m[96m 496[0m [1m[96m|[0m     pub energy_budget_joules: Fixed,
     [1m[96m|[0m                               [1m[91m^^^^^[0m [1m[91mthe trait `Deserialize<'_>` is not implemented for `FixedI32<UInt<UInt<UInt<UInt<UInt<UTerm, B1>, B0>, B0>, B0>, B0>>`[0m
     [1m[96m|[0m
     [1m[96m= [0m[1m[97mnote[0m: for local types consider adding `#[derive(serde::Deserialize)]` to your `FixedI32<UInt<UInt<UInt<UInt<UInt<UTerm, B1>, B0>, B0>, B0>, B0>>` type
     [1m[96m= [0m[1m[97mnote[0m: for types from other crates check whether the crate offers a `serde` feature flag
     [1m[96m= [0m[1m[97mhelp[0m: the following other types implement trait `Deserialize<'de>`:
               `&'a [u8]` implements `Deserialize<'de>`
               `&'a std::path::Path` implements `Deserialize<'de>`
               `&'a str` implements `Deserialize<'de>`
               `()` implements `Deserialize<'de>`
               `(T,)` implements `Deserialize<'de>`
               `(T0, T1)` implements `Deserialize<'de>`
               `(T0, T1, T2)` implements `Deserialize<'de>`
               `(T0, T1, T2, T3)` implements `Deserialize<'de>`
             and 1020 others
[1m[92mnote[0m: required by a bound in `next_value`
    [1m[96m--> [0mE:\Dev\.cargo\registry\src\index.crates.io-1949cf8c6b5b557f\serde_core-1.0.228\src\de\mod.rs:1916:12
     [1m[96m|[0m
[1m[96m1914[0m [1m[96m|[0m     fn next_value<V>(&mut self) -> Result<V, Self::Error>
     [1m[96m|[0m        [1m[96m----------[0m [1m[96mrequired by a bound in this associated function[0m
[1m[96m1915[0m [1m[96m|[0m     where
[1m[96m1916[0m [1m[96m|[0m         V: Deserialize<'de>,
     [1m[96m|[0m            [1m[92m^^^^^^^^^^^^^^^^[0m [1m[92mrequired by this bound in `MapAccess::next_value`[0m

[1m[91merror[E0277][0m[1m[97m: the trait bound `FixedI32<UInt<UInt<UInt<UInt<UInt<UTerm, B1>, B0>, B0>, B0>, B0>>: serde::Deserialize<'de>` is not satisfied[0m
    [1m[96m--> [0mcrates\engine\src\engine.rs:501:27
     [1m[96m|[0m
[1m[96m 501[0m [1m[96m|[0m     pub faction_treasury: HashMap<u32, Fixed>,
     [1m[96m|[0m                           [1m[91m^^^^^^^^^^^^^^^^^^^[0m [1m[91mthe trait `Deserialize<'_>` is not implemented for `FixedI32<UInt<UInt<UInt<UInt<UInt<UTerm, B1>, B0>, B0>, B0>, B0>>`[0m
     [1m[96m|[0m
     [1m[96m= [0m[1m[97mnote[0m: for local types consider adding `#[derive(serde::Deserialize)]` to your `FixedI32<UInt<UInt<UInt<UInt<UInt<UTerm, B1>, B0>, B0>, B0>, B0>>` type
     [1m[96m= [0m[1m[97mnote[0m: for types from other crates check whether the crate offers a `serde` feature flag
     [1m[96m= [0m[1m[97mhelp[0m: the following other types implement trait `Deserialize<'de>`:
               `&'a [u8]` implements `Deserialize<'de>`
               `&'a std::path::Path` implements `Deserialize<'de>`
               `&'a str` implements `Deserialize<'de>`
               `()` implements `Deserialize<'de>`
               `(T,)` implements `Deserialize<'de>`
               `(T0, T1)` implements `Deserialize<'de>`
               `(T0, T1, T2)` implements `Deserialize<'de>`
               `(T0, T1, T2, T3)` implements `Deserialize<'de>`
             and 1020 others
     [1m[96m= [0m[1m[97mnote[0m: required for `HashMap<u32, FixedI32<UInt<UInt<UInt<UInt<UInt<UTerm, B1>, B0>, B0>, B0>, B0>>>` to implement `Deserialize<'_>`
[1m[92mnote[0m: required by a bound in `next_value`
    [1m[96m--> [0mE:\Dev\.cargo\registry\src\index.crates.io-1949cf8c6b5b557f\serde_core-1.0.228\src\de\mod.rs:1916:12
     [1m[96m|[0m
[1m[96m1914[0m [1m[96m|[0m     fn next_value<V>(&mut self) -> Result<V, Self::Error>
     [1m[96m|[0m        [1m[96m----------[0m [1m[96mrequired by a bound in this associated function[0m
[1m[96m1915[0m [1m[96m|[0m     where
[1m[96m1916[0m [1m[96m|[0m         V: Deserialize<'de>,
     [1m[96m|[0m            [1m[92m^^^^^^^^^^^^^^^^[0m [1m[92mrequired by this bound in `MapAccess::next_value`[0m

[1m[91merror[E0277][0m[1m[97m: the trait bound `FixedI32<UInt<UInt<UInt<UInt<UInt<UTerm, B1>, B0>, B0>, B0>, B0>>: serde::Deserialize<'de>` is not satisfied[0m
   [1m[96m--> [0mcrates\engine\src\engine.rs:492:46
    [1m[96m|[0m
[1m[96m492[0m [1m[96m|[0m #[derive(Debug, Clone, PartialEq, Serialize, Deserialize)]
    [1m[96m|[0m                                              [1m[91m^^^^^^^^^^^[0m [1m[91mthe trait `Deserialize<'_>` is not implemented for `FixedI32<UInt<UInt<UInt<UInt<UInt<UTerm, B1>, B0>, B0>, B0>, B0>>`[0m
    [1m[96m|[0m
    [1m[96m= [0m[1m[97mnote[0m: for local types consider adding `#[derive(serde::Deserialize)]` to your `FixedI32<UInt<UInt<UInt<UInt<UInt<UTerm, B1>, B0>, B0>, B0>, B0>>` type
    [1m[96m= [0m[1m[97mnote[0m: for types from other crates check whether the crate offers a `serde` feature flag
    [1m[96m= [0m[1m[97mhelp[0m: the following other types implement trait `Deserialize<'de>`:
              `&'a [u8]` implements `Deserialize<'de>`
              `&'a std::path::Path` implements `Deserialize<'de>`
              `&'a str` implements `Deserialize<'de>`
              `()` implements `Deserialize<'de>`
              `(T,)` implements `Deserialize<'de>`
              `(T0, T1)` implements `Deserialize<'de>`
              `(T0, T1, T2)` implements `Deserialize<'de>`
              `(T0, T1, T2, T3)` implements `Deserialize<'de>`
            and 1020 others
[1m[92mnote[0m: required by a bound in `building_layouts::_::_serde::__private228::de::missing_field`
   [1m[96m--> [0mE:\Dev\.cargo\registry\src\index.crates.io-1949cf8c6b5b557f\serde-1.0.228\src\private\de.rs:26:8
    [1m[96m|[0m
[1m[96m 24[0m [1m[96m|[0m pub fn missing_field<'de, V, E>(field: &'static str) -> Result<V, E>
    [1m[96m|[0m        [1m[96m-------------[0m [1m[96mrequired by a bound in this function[0m
[1m[96m 25[0m [1m[96m|[0m where
[1m[96m 26[0m [1m[96m|[0m     V: Deserialize<'de>,
    [1m[96m|[0m        [1m[92m^^^^^^^^^^^^^^^^[0m [1m[92mrequired by this bound in `missing_field`[0m
    [1m[96m= [0m[1m[97mnote[0m: this error originates in the derive macro `Deserialize` (in Nightly builds, run with -Z macro-backtrace for more info)

[1m[91merror[E0609][0m[1m[97m: no field `raw` on type `FixedI32<UInt<UInt<UInt<UInt<UInt<UTerm, B1>, B0>, B0>, B0>, B0>>`[0m
    [1m[96m--> [0mcrates\engine\src\engine.rs:1343:59
     [1m[96m|[0m
[1m[96m1343[0m [1m[96m|[0m     let energy_budget_joules = world.energy_budget_joules.raw / crate::SCALE;
     [1m[96m|[0m                                                           [1m[91m^^^[0m [1m[91munknown field[0m

[1m[91merror[E0560][0m[1m[97m: struct `Simulation` has no field named `settlement_gini`[0m
    [1m[96m--> [0mcrates\engine\src\engine.rs:1550:13
     [1m[96m|[0m
[1m[96m1550[0m [1m[96m|[0m             settlement_gini: BTreeMap::new(),
     [1m[96m|[0m             [1m[91m^^^^^^^^^^^^^^^[0m [1m[91munknown field[0m
     [1m[96m|[0m
[1m[96mhelp[0m: a field with a similar name exists
     [1m[96m|[0m
[1m[96m1550[0m [91m- [0m            [91msettlement_gini[0m: BTreeMap::new(),
[1m[96m1550[0m [92m+ [0m            [92msettlements[0m: BTreeMap::new(),
     [1m[96m|[0m

[1m[91merror[E0560][0m[1m[97m: struct `Simulation` has no field named `last_tick_unrest_events`[0m
    [1m[96m--> [0mcrates\engine\src\engine.rs:1551:13
     [1m[96m|[0m
[1m[96m1551[0m [1m[96m|[0m             last_tick_unrest_events: Vec::new(),
     [1m[96m|[0m             [1m[91m^^^^^^^^^^^^^^^^^^^^^^^[0m [1m[91m`Simulation` does not have this field[0m
     [1m[96m|[0m
     [1m[96m= [0m[1m[97mnote[0m: available fields are: `settlements`, `institutions`, `last_tick_institution_events`, `institution_levels_emitted`

[1m[91merror[E0062][0m[1m[97m: field `last_tick_unrest` specified more than once[0m
    [1m[96m--> [0mcrates\engine\src\engine.rs:1552:13
     [1m[96m|[0m
[1m[96m1537[0m [1m[96m|[0m             last_tick_unrest: Vec::new(),
     [1m[96m|[0m             [1m[96m----------------------------[0m [1m[96mfirst use of `last_tick_unrest`[0m
[1m[96m...[0m
[1m[96m1552[0m [1m[96m|[0m             last_tick_unrest: BTreeMap::new(),
     [1m[96m|[0m             [1m[91m^^^^^^^^^^^^^^^^[0m [1m[91mused more than once[0m

[1m[91merror[E0560][0m[1m[97m: struct `Simulation` has no field named `households`[0m
    [1m[96m--> [0mcrates\engine\src\engine.rs:1654:13
     [1m[96m|[0m
[1m[96m1654[0m [1m[96m|[0m             households: BTreeMap::new(),
     [1m[96m|[0m             [1m[91m^^^^^^^^^^[0m [1m[91m`Simulation` does not have this field[0m
     [1m[96m|[0m
     [1m[96m= [0m[1m[97mnote[0m: available fields are: `settlements`, `institutions`, `last_tick_institution_events`, `institution_levels_emitted`

[1m[91merror[E0560][0m[1m[97m: struct `Simulation` has no field named `household_settlement`[0m
    [1m[96m--> [0mcrates\engine\src\engine.rs:1655:13
     [1m[96m|[0m
[1m[96m1655[0m [1m[96m|[0m             household_settlement: BTreeMap::new(),
     [1m[96m|[0m             [1m[91m^^^^^^^^^^^^^^^^^^^^[0m [1m[91m`Simulation` does not have this field[0m
     [1m[96m|[0m
     [1m[96m= [0m[1m[97mnote[0m: available fields are: `settlements`, `institutions`, `last_tick_institution_events`, `institution_levels_emitted`

[1m[91merror[E0560][0m[1m[97m: struct `Simulation` has no field named `settlement_households`[0m
    [1m[96m--> [0mcrates\engine\src\engine.rs:1656:13
     [1m[96m|[0m
[1m[96m1656[0m [1m[96m|[0m             settlement_households: BTreeMap::new(),
     [1m[96m|[0m             [1m[91m^^^^^^^^^^^^^^^^^^^^^[0m [1m[91m`Simulation` does not have this field[0m
     [1m[96m|[0m
     [1m[96m= [0m[1m[97mnote[0m: available fields are: `settlements`, `institutions`, `last_tick_institution_events`, `institution_levels_emitted`

[1m[91merror[E0560][0m[1m[97m: struct `Simulation` has no field named `household_wealth`[0m
    [1m[96m--> [0mcrates\engine\src\engine.rs:1657:13
     [1m[96m|[0m
[1m[96m1657[0m [1m[96m|[0m             household_wealth: BTreeMap::new(),
     [1m[96m|[0m             [1m[91m^^^^^^^^^^^^^^^^[0m [1m[91m`Simulation` does not have this field[0m
     [1m[96m|[0m
     [1m[96m= [0m[1m[97mnote[0m: available fields are: `settlements`, `institutions`, `last_tick_institution_events`, `institution_levels_emitted`

[1m[91merror[E0560][0m[1m[97m: struct `Simulation` has no field named `household_power`[0m
    [1m[96m--> [0mcrates\engine\src\engine.rs:1658:13
     [1m[96m|[0m
[1m[96m1658[0m [1m[96m|[0m             household_power: BTreeMap::new(),
     [1m[96m|[0m             [1m[91m^^^^^^^^^^^^^^^[0m [1m[91m`Simulation` does not have this field[0m
     [1m[96m|[0m
     [1m[96m= [0m[1m[97mnote[0m: available fields are: `settlements`, `institutions`, `last_tick_institution_events`, `institution_levels_emitted`

[1m[91merror[E0560][0m[1m[97m: struct `Simulation` has no field named `household_bands`[0m
    [1m[96m--> [0mcrates\engine\src\engine.rs:1659:13
     [1m[96m|[0m
[1m[96m1659[0m [1m[96m|[0m             household_bands: BTreeMap::new(),
     [1m[96m|[0m             [1m[91m^^^^^^^^^^^^^^^[0m [1m[91m`Simulation` does not have this field[0m
     [1m[96m|[0m
     [1m[96m= [0m[1m[97mnote[0m: available fields are: `settlements`, `institutions`, `last_tick_institution_events`, `institution_levels_emitted`

[1m[91merror[E0560][0m[1m[97m: struct `Simulation` has no field named `household_band_set`[0m
    [1m[96m--> [0mcrates\engine\src\engine.rs:1660:13
     [1m[96m|[0m
[1m[96m1660[0m [1m[96m|[0m             household_band_set: BTreeSet::new(),
     [1m[96m|[0m             [1m[91m^^^^^^^^^^^^^^^^^^[0m [1m[91m`Simulation` does not have this field[0m
     [1m[96m|[0m
     [1m[96m= [0m[1m[97mnote[0m: available fields are: `settlements`, `institutions`, `last_tick_institution_events`, `institution_levels_emitted`

[1m[91merror[E0560][0m[1m[97m: struct `Simulation` has no field named `last_tick_stratification`[0m
    [1m[96m--> [0mcrates\engine\src\engine.rs:1661:13
     [1m[96m|[0m
[1m[96m1661[0m [1m[96m|[0m             last_tick_stratification: Vec::new(),
     [1m[96m|[0m             [1m[91m^^^^^^^^^^^^^^^^^^^^^^^^[0m [1m[91m`Simulation` does not have this field[0m
     [1m[96m|[0m
     [1m[96m= [0m[1m[97mnote[0m: available fields are: `settlements`, `institutions`, `last_tick_institution_events`, `institution_levels_emitted`

[1m[91merror[E0560][0m[1m[97m: struct `Simulation` has no field named `last_tick_stratification_reports`[0m
    [1m[96m--> [0mcrates\engine\src\engine.rs:1662:13
     [1m[96m|[0m
[1m[96m1662[0m [1m[96m|[0m             last_tick_stratification_reports: BTreeMap::new(),
     [1m[96m|[0m             [1m[91m^^^^^^^^^^^^^^^^^^^^^^^^^^^^^^^^[0m [1m[91m`Simulation` does not have this field[0m
     [1m[96m|[0m
     [1m[96m= [0m[1m[97mnote[0m: available fields are: `settlements`, `institutions`, `last_tick_institution_events`, `institution_levels_emitted`

[1m[91merror[E0560][0m[1m[97m: struct `Simulation` has no field named `settlement_gini`[0m
    [1m[96m--> [0mcrates\engine\src\engine.rs:1679:13
     [1m[96m|[0m
[1m[96m1679[0m [1m[96m|[0m             settlement_gini: BTreeMap::new(),
     [1m[96m|[0m             [1m[91m^^^^^^^^^^^^^^^[0m [1m[91munknown field[0m
     [1m[96m|[0m
[1m[96mhelp[0m: a field with a similar name exists
     [1m[96m|[0m
[1m[96m1679[0m [91m- [0m            [91msettlement_gini[0m: BTreeMap::new(),
[1m[96m1679[0m [92m+ [0m            [92msettlements[0m: BTreeMap::new(),
     [1m[96m|[0m

[1m[91merror[E0560][0m[1m[97m: struct `Simulation` has no field named `last_tick_unrest_events`[0m
    [1m[96m--> [0mcrates\engine\src\engine.rs:1680:13
     [1m[96m|[0m
[1m[96m1680[0m [1m[96m|[0m             last_tick_unrest_events: Vec::new(),
     [1m[96m|[0m             [1m[91m^^^^^^^^^^^^^^^^^^^^^^^[0m [1m[91m`Simulation` does not have this field[0m
     [1m[96m|[0m
     [1m[96m= [0m[1m[97mnote[0m: available fields are: `settlements`, `institutions`, `last_tick_institution_events`, `institution_levels_emitted`

[1m[91merror[E0062][0m[1m[97m: field `last_tick_unrest` specified more than once[0m
    [1m[96m--> [0mcrates\engine\src\engine.rs:1681:13
     [1m[96m|[0m
[1m[96m1666[0m [1m[96m|[0m             last_tick_unrest: Vec::new(),
     [1m[96m|[0m             [1m[96m----------------------------[0m [1m[96mfirst use of `last_tick_unrest`[0m
[1m[96m...[0m
[1m[96m1681[0m [1m[96m|[0m             last_tick_unrest: BTreeMap::new(),
     [1m[96m|[0m             [1m[91m^^^^^^^^^^^^^^^^[0m [1m[91mused more than once[0m

[1m[91merror[E0615][0m[1m[97m: attempted to take value of method `last_tick_stratification` on type `&mut Simulation`[0m
    [1m[96m--> [0mcrates\engine\src\engine.rs:2172:14
     [1m[96m|[0m
[1m[96m2172[0m [1m[96m|[0m         self.last_tick_stratification.clear();
     [1m[96m|[0m              [1m[91m^^^^^^^^^^^^^^^^^^^^^^^^[0m [1m[91mmethod, not a field[0m
     [1m[96m|[0m
[1m[96mhelp[0m: use parentheses to call the method
     [1m[96m|[0m
[1m[96m2172[0m [1m[96m| [0m        self.last_tick_stratification[92m()[0m.clear();
     [1m[96m|[0m                                      [92m++[0m

[1m[91merror[E0609][0m[1m[97m: no field `last_tick_stratification_reports` on type `&mut Simulation`[0m
    [1m[96m--> [0mcrates\engine\src\engine.rs:2173:14
     [1m[96m|[0m
[1m[96m2173[0m [1m[96m|[0m         self.last_tick_stratification_reports.clear();
     [1m[96m|[0m              [1m[91m^^^^^^^^^^^^^^^^^^^^^^^^^^^^^^^^[0m [1m[91munknown field[0m
     [1m[96m|[0m
     [1m[96m= [0m[1m[97mnote[0m: available fields are: `state`, `world`, `rng`, `planet`, `moon` ... and 86 others

[1m[91merror[E0609][0m[1m[97m: no field `last_tick_unrest_events` on type `&mut Simulation`[0m
    [1m[96m--> [0mcrates\engine\src\engine.rs:2187:14
     [1m[96m|[0m
[1m[96m2187[0m [1m[96m|[0m         self.last_tick_unrest_events.clear();
     [1m[96m|[0m              [1m[91m^^^^^^^^^^^^^^^^^^^^^^^[0m [1m[91munknown field[0m
     [1m[96m|[0m
[1m[96mhelp[0m: one of the expressions' fields has a field of the same name
     [1m[96m|[0m
[1m[96m2187[0m [1m[96m| [0m        self.[92memergence_branching.[0mlast_tick_unrest_events.clear();
     [1m[96m|[0m              [92m++++++++++++++++++++[0m

[1m[91merror[E0599][0m[1m[97m: no method named `phase_faction_decisions` found for mutable reference `&mut Simulation` in the current scope[0m
    [1m[96m--> [0mcrates\engine\src\engine.rs:2223:41
     [1m[96m|[0m
[1m[96m2223[0m [1m[96m|[0m             "faction_decisions" => self.phase_faction_decisions(),
     [1m[96m|[0m                                         [1m[91m^^^^^^^^^^^^^^^^^^^^^^^[0m
     [1m[96m|[0m
[1m[96mhelp[0m: there is a method `phase_cohesion` with a similar name
     [1m[96m|[0m
[1m[96m2223[0m [91m- [0m            "faction_decisions" => self.[91mphase_faction_decisions[0m(),
[1m[96m2223[0m [92m+ [0m            "faction_decisions" => self.[92mphase_cohesion[0m(),
     [1m[96m|[0m

[1m[91merror[E0308][0m[1m[97m: mismatched types[0m
    [1m[96m--> [0mcrates\engine\src\engine.rs:2318:39
     [1m[96m|[0m
[1m[96m2318[0m [1m[96m|[0m         let mut sim = Self::with_seed(log.seed);
     [1m[96m|[0m                       [1m[96m---------------[0m [1m[91m^^^^^^^^[0m [1m[91mexpected `SimSeed`, found `u64`[0m
     [1m[96m|[0m                       [1m[96m|[0m
     [1m[96m|[0m                       [1m[96marguments to this function are incorrect[0m
     [1m[96m|[0m
[1m[92mnote[0m: associated function defined here
    [1m[96m--> [0mcrates\engine\src\engine.rs:1557:12
     [1m[96m|[0m
[1m[96m1557[0m [1m[96m|[0m     pub fn with_seed(seed: SimSeed) -> Self {
     [1m[96m|[0m            [1m[92m^^^^^^^^^[0m [1m[96m-------------[0m
[1m[96mhelp[0m: try wrapping the expression in `engine::SimSeed`
     [1m[96m|[0m
[1m[96m2318[0m [1m[96m| [0m        let mut sim = Self::with_seed([92mengine::SimSeed([0mlog.seed[92m)[0m);
     [1m[96m|[0m                                       [92m++++++++++++++++[0m        [92m+[0m

[1m[91merror[E0277][0m[1m[97m: the trait bound `civ_institutions::InstitutionKind: std::cmp::Ord` is not satisfied[0m
    [1m[96m--> [0mcrates\engine\src\engine.rs:2653:44
     [1m[96m|[0m
[1m[96m2653[0m [1m[96m|[0m         if self.institution_levels_emitted.contains(&key) {
     [1m[96m|[0m                                            [1m[91m^^^^^^^^[0m [1m[91mthe trait `std::cmp::Ord` is not implemented for `civ_institutions::InstitutionKind`[0m
     [1m[96m|[0m
     [1m[96m= [0m[1m[97mhelp[0m: the following other types implement trait `std::cmp::Ord`:
               ()
               (A, Z, Y, X, W, V, U, T)
               (B, A, Z, Y, X, W, V, U, T)
               (C, B, A, Z, Y, X, W, V, U, T)
               (D, C, B, A, Z, Y, X, W, V, U, T)
               (E, D, C, B, A, Z, Y, X, W, V, U, T)
               (T,)
               (U, T)
             and 5 others
     [1m[96m= [0m[1m[97mnote[0m: required for `(u32, civ_institutions::InstitutionKind, u8)` to implement `std::cmp::Ord`
[1m[92mnote[0m: required by a bound in `BTreeSet::<T, A>::contains`
    [1m[96m--> [0mC:\Users\koosh\.rustup\toolchains\stable-x86_64-pc-windows-msvc\lib/rustlib/src/rust\library\alloc\src\collections\btree\set.rs:608:24
     [1m[96m|[0m
[1m[96m 606[0m [1m[96m|[0m     pub fn contains<Q: ?Sized>(&self, value: &Q) -> bool
     [1m[96m|[0m            [1m[96m--------[0m [1m[96mrequired by a bound in this associated function[0m
[1m[96m 607[0m [1m[96m|[0m     where
[1m[96m 608[0m [1m[96m|[0m         T: Borrow<Q> + Ord,
     [1m[96m|[0m                        [1m[92m^^^[0m [1m[92mrequired by this bound in `BTreeSet::<T, A>::contains`[0m

[1m[91merror[E0277][0m[1m[97m: the trait bound `civ_institutions::InstitutionKind: std::cmp::Ord` is not satisfied[0m
    [1m[96m--> [0mcrates\engine\src\engine.rs:2671:41
     [1m[96m|[0m
[1m[96m2671[0m [1m[96m|[0m         self.institution_levels_emitted.insert(key);
     [1m[96m|[0m                                         [1m[91m^^^^^^[0m [1m[91mthe trait `std::cmp::Ord` is not implemented for `civ_institutions::InstitutionKind`[0m
     [1m[96m|[0m
     [1m[96m= [0m[1m[97mhelp[0m: the following other types implement trait `std::cmp::Ord`:
               ()
               (A, Z, Y, X, W, V, U, T)
               (B, A, Z, Y, X, W, V, U, T)
               (C, B, A, Z, Y, X, W, V, U, T)
               (D, C, B, A, Z, Y, X, W, V, U, T)
               (E, D, C, B, A, Z, Y, X, W, V, U, T)
               (T,)
               (U, T)
             and 5 others
     [1m[96m= [0m[1m[97mnote[0m: required for `(u32, civ_institutions::InstitutionKind, u8)` to implement `std::cmp::Ord`
[1m[92mnote[0m: required by a bound in `BTreeSet::<T, A>::insert`
    [1m[96m--> [0mC:\Users\koosh\.rustup\toolchains\stable-x86_64-pc-windows-msvc\lib/rustlib/src/rust\library\alloc\src\collections\btree\set.rs:902:12
     [1m[96m|[0m
[1m[96m 900[0m [1m[96m|[0m     pub fn insert(&mut self, value: T) -> bool
     [1m[96m|[0m            [1m[96m------[0m [1m[96mrequired by a bound in this associated function[0m
[1m[96m 901[0m [1m[96m|[0m     where
[1m[96m 902[0m [1m[96m|[0m         T: Ord,
     [1m[96m|[0m            [1m[92m^^^[0m [1m[92mrequired by this bound in `BTreeSet::<T, A>::insert`[0m

[1m[91merror[E0433][0m[1m[97m: cannot find type `InstitutionKind` in this scope[0m
    [1m[96m--> [0mcrates\engine\src\engine.rs:2733:44
     [1m[96m|[0m
[1m[96m2733[0m [1m[96m|[0m                 Some(inst) if inst.kind == InstitutionKind::Temple => (
     [1m[96m|[0m                                            [1m[91m^^^^^^^^^^^^^^^[0m [1m[91muse of undeclared type `InstitutionKind`[0m
     [1m[96m|[0m
[1m[96mhelp[0m: a struct with a similar name exists
     [1m[96m|[0m
[1m[96m2733[0m [91m- [0m                Some(inst) if inst.kind == [91mInstitutionKind[0m::Temple => (
[1m[96m2733[0m [92m+ [0m                Some(inst) if inst.kind == [92mInstitutionEvent[0m::Temple => (
     [1m[96m|[0m

[1m[91merror[E0433][0m[1m[97m: cannot find type `InstitutionKind` in this scope[0m
    [1m[96m--> [0mcrates\engine\src\engine.rs:2737:44
     [1m[96m|[0m
[1m[96m2737[0m [1m[96m|[0m                 Some(inst) if inst.kind == InstitutionKind::Garrison => (
     [1m[96m|[0m                                            [1m[91m^^^^^^^^^^^^^^^[0m [1m[91muse of undeclared type `InstitutionKind`[0m
     [1m[96m|[0m
[1m[96mhelp[0m: a struct with a similar name exists
     [1m[96m|[0m
[1m[96m2737[0m [91m- [0m                Some(inst) if inst.kind == [91mInstitutionKind[0m::Garrison => (
[1m[96m2737[0m [92m+ [0m                Some(inst) if inst.kind == [92mInstitutionEvent[0m::Garrison => (
     [1m[96m|[0m

[1m[91merror[E0609][0m[1m[97m: no field `settlement_households` on type `&mut Simulation`[0m
    [1m[96m--> [0mcrates\engine\src\engine.rs:2810:44
     [1m[96m|[0m
[1m[96m2810[0m [1m[96m|[0m             let Some(household_ids) = self.settlement_households.get(&settlement_id) else {
     [1m[96m|[0m                                            [1m[91m^^^^^^^^^^^^^^^^^^^^^[0m [1m[91munknown field[0m
     [1m[96m|[0m
     [1m[96m= [0m[1m[97mnote[0m: available fields are: `state`, `world`, `rng`, `planet`, `moon` ... and 86 others

[1m[91merror[E0609][0m[1m[97m: no field `household_wealth` on type `&mut Simulation`[0m
    [1m[96m--> [0mcrates\engine\src\engine.rs:2818:35
     [1m[96m|[0m
[1m[96m2818[0m [1m[96m|[0m                 let wealth = self.household_wealth.get(hid).copied().unwrap_or(0);
     [1m[96m|[0m                                   [1m[91m^^^^^^^^^^^^^^^^[0m [1m[91munknown field[0m
     [1m[96m|[0m
     [1m[96m= [0m[1m[97mnote[0m: available fields are: `state`, `world`, `rng`, `planet`, `moon` ... and 86 others

[1m[91merror[E0599][0m[1m[97m: no associated function or constant named `default` found for struct `StratQuantiles` in the current scope[0m
    [1m[96m--> [0mcrates\engine\src\engine.rs:2832:49
     [1m[96m|[0m
[1m[96m1041[0m [1m[96m|[0m pub struct StratQuantiles {
     [1m[96m|[0m [1m[96m-------------------------[0m [1m[96massociated function or constant `default` not found for this struct[0m
[1m[96m...[0m
[1m[96m2832[0m [1m[96m|[0m             let mut quantiles = StratQuantiles::default();
     [1m[96m|[0m                                                 [1m[91m^^^^^^^[0m [1m[91massociated function or constant not found in `StratQuantiles`[0m
     [1m[96m|[0m
[1m[92mnote[0m: if you're trying to build a new `StratQuantiles`, consider using `StratQuantiles::empty` which returns `StratQuantiles`
    [1m[96m--> [0mcrates\engine\src\engine.rs:1051:5
     [1m[96m|[0m
[1m[96m1051[0m [1m[96m|[0m     pub fn empty() -> Self {
     [1m[96m|[0m     [1m[92m^^^^^^^^^^^^^^^^^^^^^^[0m
     [1m[96m= [0m[1m[97mhelp[0m: items from traits can only be used if the trait is implemented and in scope
     [1m[96m= [0m[1m[97mnote[0m: the following trait defines an item `default`, perhaps you need to implement it:
             candidate #1: `Default`

[1m[91merror[E0609][0m[1m[97m: no field `household_score` on type `&mut Simulation`[0m
    [1m[96m--> [0mcrates\engine\src\engine.rs:2858:39
     [1m[96m|[0m
[1m[96m2858[0m [1m[96m|[0m                 let prev_score = self.household_score.get(hid).copied().unwrap_or(0);
     [1m[96m|[0m                                       [1m[91m^^^^^^^^^^^^^^^[0m [1m[91munknown field[0m
     [1m[96m|[0m
     [1m[96m= [0m[1m[97mnote[0m: available fields are: `state`, `world`, `rng`, `planet`, `moon` ... and 86 others

[1m[91merror[E0609][0m[1m[97m: no field `stratification_bands_emitted` on type `&mut Simulation`[0m
    [1m[96m--> [0mcrates\engine\src\engine.rs:2863:26
     [1m[96m|[0m
[1m[96m2863[0m [1m[96m|[0m                 if !self.stratification_bands_emitted.contains(&key) {
     [1m[96m|[0m                          [1m[91m^^^^^^^^^^^^^^^^^^^^^^^^^^^^[0m [1m[91munknown field[0m
     [1m[96m|[0m
     [1m[96m= [0m[1m[97mnote[0m: available fields are: `state`, `world`, `rng`, `planet`, `moon` ... and 86 others

[1m[91merror[E0609][0m[1m[97m: no field `stratification_bands_emitted` on type `&mut Simulation`[0m
    [1m[96m--> [0mcrates\engine\src\engine.rs:2864:26
     [1m[96m|[0m
[1m[96m2864[0m [1m[96m|[0m                     self.stratification_bands_emitted.insert(key);
     [1m[96m|[0m                          [1m[91m^^^^^^^^^^^^^^^^^^^^^^^^^^^^[0m [1m[91munknown field[0m
     [1m[96m|[0m
     [1m[96m= [0m[1m[97mnote[0m: available fields are: `state`, `world`, `rng`, `planet`, `moon` ... and 86 others

[1m[91merror[E0615][0m[1m[97m: attempted to take value of method `last_tick_stratification` on type `&mut Simulation`[0m
    [1m[96m--> [0mcrates\engine\src\engine.rs:2872:26
     [1m[96m|[0m
[1m[96m2872[0m [1m[96m|[0m                     self.last_tick_stratification.push(StratificationEvent {
     [1m[96m|[0m                          [1m[91m^^^^^^^^^^^^^^^^^^^^^^^^[0m [1m[91mmethod, not a field[0m
     [1m[96m|[0m
[1m[96mhelp[0m: use parentheses to call the method
     [1m[96m|[0m
[1m[96m2872[0m [1m[96m| [0m                    self.last_tick_stratification[92m()[0m.push(StratificationEvent {
     [1m[96m|[0m                                                  [92m++[0m

[1m[91merror[E0609][0m[1m[97m: no field `household_score` on type `&mut Simulation`[0m
    [1m[96m--> [0mcrates\engine\src\engine.rs:2882:22
     [1m[96m|[0m
[1m[96m2882[0m [1m[96m|[0m                 self.household_score.insert(*hid, score);
     [1m[96m|[0m                      [1m[91m^^^^^^^^^^^^^^^[0m [1m[91munknown field[0m
     [1m[96m|[0m
     [1m[96m= [0m[1m[97mnote[0m: available fields are: `state`, `world`, `rng`, `planet`, `moon` ... and 86 others

[1m[91merror[E0615][0m[1m[97m: attempted to take value of method `household_band` on type `&mut Simulation`[0m
    [1m[96m--> [0mcrates\engine\src\engine.rs:2883:22
     [1m[96m|[0m
[1m[96m2883[0m [1m[96m|[0m                 self.household_band.insert(*hid, band);
     [1m[96m|[0m                      [1m[91m^^^^^^^^^^^^^^[0m [1m[91mmethod, not a field[0m
     [1m[96m|[0m
[1m[96mhelp[0m: use parentheses to call the method
     [1m[96m|[0m
[1m[96m2883[0m [1m[96m| [0m                self.household_band[92m(_, _)[0m.insert(*hid, band);
     [1m[96m|[0m                                    [92m++++++[0m

[1m[91merror[E0609][0m[1m[97m: no field `last_tick_stratification_reports` on type `&mut Simulation`[0m
    [1m[96m--> [0mcrates\engine\src\engine.rs:2892:18
     [1m[96m|[0m
[1m[96m2892[0m [1m[96m|[0m             self.last_tick_stratification_reports.insert(
     [1m[96m|[0m                  [1m[91m^^^^^^^^^^^^^^^^^^^^^^^^^^^^^^^^[0m [1m[91munknown field[0m
     [1m[96m|[0m
     [1m[96m= [0m[1m[97mnote[0m: available fields are: `state`, `world`, `rng`, `planet`, `moon` ... and 86 others

[1m[91merror[E0560][0m[1m[97m: struct `StratificationReport` has no field named `class_mobility_count`[0m
    [1m[96m--> [0mcrates\engine\src\engine.rs:2898:21
     [1m[96m|[0m
[1m[96m2898[0m [1m[96m|[0m                     class_mobility_count: 0,
     [1m[96m|[0m                     [1m[91m^^^^^^^^^^^^^^^^^^^^[0m [1m[91m`StratificationReport` does not have this field[0m
     [1m[96m|[0m
     [1m[96m= [0m[1m[97mnote[0m: all struct fields are already assigned

[1m[91merror[E0560][0m[1m[97m: struct `StratificationReport` has no field named `tick`[0m
    [1m[96m--> [0mcrates\engine\src\engine.rs:2899:21
     [1m[96m|[0m
[1m[96m2899[0m [1m[96m|[0m                     tick,
     [1m[96m|[0m                     [1m[91m^^^^[0m [1m[91m`StratificationReport` does not have this field[0m
     [1m[96m|[0m
     [1m[96m= [0m[1m[97mnote[0m: all struct fields are already assigned

[1m[91merror[E0609][0m[1m[97m: no field `kinship_edges` on type `&mut Simulation`[0m
    [1m[96m--> [0mcrates\engine\src\engine.rs:2926:43
     [1m[96m|[0m
[1m[96m2926[0m [1m[96m|[0m                 if let Some(edges) = self.kinship_edges.get(&actor_id) {
     [1m[96m|[0m                                           [1m[91m^^^^^^^^^^^^^[0m [1m[91munknown field[0m
     [1m[96m|[0m
     [1m[96m= [0m[1m[97mnote[0m: available fields are: `state`, `world`, `rng`, `planet`, `moon` ... and 86 others

[1m[91merror[E0609][0m[1m[97m: no field `trust_network` on type `&mut Simulation`[0m
    [1m[96m--> [0mcrates\engine\src\engine.rs:2931:44
     [1m[96m|[0m
[1m[96m2931[0m [1m[96m|[0m                 if let Some(trusts) = self.trust_network.get(&actor_id) {
     [1m[96m|[0m                                            [1m[91m^^^^^^^^^^^^^[0m [1m[91munknown field[0m
     [1m[96m|[0m
     [1m[96m= [0m[1m[97mnote[0m: available fields are: `state`, `world`, `rng`, `planet`, `moon` ... and 86 others

[1m[91merror[E0609][0m[1m[97m: no field `kinship_edges` on type `&mut Simulation`[0m
    [1m[96m--> [0mcrates\engine\src\engine.rs:2944:22
     [1m[96m|[0m
[1m[96m2944[0m [1m[96m|[0m                     .kinship_edges
     [1m[96m|[0m                      [1m[91m^^^^^^^^^^^^^[0m [1m[91munknown field[0m
     [1m[96m|[0m
     [1m[96m= [0m[1m[97mnote[0m: available fields are: `state`, `world`, `rng`, `planet`, `moon` ... and 86 others

[1m[91merror[E0609][0m[1m[97m: no field `trust_network` on type `&mut Simulation`[0m
    [1m[96m--> [0mcrates\engine\src\engine.rs:2948:22
     [1m[96m|[0m
[1m[96m2948[0m [1m[96m|[0m                     .trust_network
     [1m[96m|[0m                      [1m[91m^^^^^^^^^^^^^[0m [1m[91munknown field[0m
     [1m[96m|[0m
     [1m[96m= [0m[1m[97mnote[0m: available fields are: `state`, `world`, `rng`, `planet`, `moon` ... and 86 others

[1m[91merror[E0308][0m[1m[97m: mismatched types[0m
    [1m[96m--> [0mcrates\engine\src\engine.rs:2999:17
     [1m[96m|[0m
[1m[96m2999[0m [1m[96m|[0m                 kin_count,
     [1m[96m|[0m                 [1m[91m^^^^^^^^^[0m [1m[91mexpected `u32`, found `u64`[0m
     [1m[96m|[0m
[1m[96mhelp[0m: you can convert a `u64` to a `u32` and panic if the converted value doesn't fit
     [1m[96m|[0m
[1m[96m2999[0m [1m[96m| [0m                [92mkin_count: [0mkin_count[92m.try_into().unwrap()[0m,
     [1m[96m|[0m                 [92m++++++++++[0m          [92m++++++++++++++++++++[0m

[1m[91merror[E0560][0m[1m[97m: struct `CohesionSnapshot` has no field named `fragmentations`[0m
    [1m[96m--> [0mcrates\engine\src\engine.rs:3001:17
     [1m[96m|[0m
[1m[96m3001[0m [1m[96m|[0m                 fragmentations,
     [1m[96m|[0m                 [1m[91m^^^^^^^^^^^^^^[0m [1m[91m`CohesionSnapshot` does not have this field[0m
     [1m[96m|[0m
     [1m[96m= [0m[1m[97mnote[0m: available fields are: `fragmentation_events`

[1m[91merror[E0560][0m[1m[97m: struct `CohesionSnapshot` has no field named `faction_count`[0m
    [1m[96m--> [0mcrates\engine\src\engine.rs:3002:17
     [1m[96m|[0m
[1m[96m3002[0m [1m[96m|[0m                 faction_count: settlement_actors
     [1m[96m|[0m                 [1m[91m^^^^^^^^^^^^^[0m [1m[91m`CohesionSnapshot` does not have this field[0m
     [1m[96m|[0m
     [1m[96m= [0m[1m[97mnote[0m: available fields are: `fragmentation_events`

[1m[91merror[E0609][0m[1m[97m: no field `last_tick_cohesion_snapshots` on type `&mut Simulation`[0m
    [1m[96m--> [0mcrates\engine\src\engine.rs:3008:14
     [1m[96m|[0m
[1m[96m3008[0m [1m[96m|[0m         self.last_tick_cohesion_snapshots = new_snapshots;
     [1m[96m|[0m              [1m[91m^^^^^^^^^^^^^^^^^^^^^^^^^^^^[0m [1m[91munknown field[0m
     [1m[96m|[0m
[1m[96mhelp[0m: a field with a similar name exists
     [1m[96m|[0m
[1m[96m3008[0m [91m- [0m        self.[91mlast_tick_cohesion_snapshots[0m = new_snapshots;
[1m[96m3008[0m [92m+ [0m        self.[92mlast_tick_unrest_snapshots[0m = new_snapshots;
     [1m[96m|[0m

[1m[91merror[E0609][0m[1m[97m: no field `last_tick_unrest_events` on type `&mut Simulation`[0m
    [1m[96m--> [0mcrates\engine\src\engine.rs:3016:14
     [1m[96m|[0m
[1m[96m3016[0m [1m[96m|[0m         self.last_tick_unrest_events.clear();
     [1m[96m|[0m              [1m[91m^^^^^^^^^^^^^^^^^^^^^^^[0m [1m[91munknown field[0m
     [1m[96m|[0m
[1m[96mhelp[0m: one of the expressions' fields has a field of the same name
     [1m[96m|[0m
[1m[96m3016[0m [1m[96m| [0m        self.[92memergence_branching.[0mlast_tick_unrest_events.clear();
     [1m[96m|[0m              [92m++++++++++++++++++++[0m

[1m[91merror[E0609][0m[1m[97m: no field `settlement_gini` on type `&mut Simulation`[0m
    [1m[96m--> [0mcrates\engine\src\engine.rs:3021:32
     [1m[96m|[0m
[1m[96m3021[0m [1m[96m|[0m         for (&sid, _) in &self.settlement_gini {
     [1m[96m|[0m                                [1m[91m^^^^^^^^^^^^^^^[0m [1m[91munknown field[0m
     [1m[96m|[0m
[1m[96mhelp[0m: a field with a similar name exists
     [1m[96m|[0m
[1m[96m3021[0m [91m- [0m        for (&sid, _) in &self.[91msettlement_gini[0m {
[1m[96m3021[0m [92m+ [0m        for (&sid, _) in &self.[92msettlements[0m {
     [1m[96m|[0m

[1m[91merror[E0308][0m[1m[97m: mismatched types[0m
    [1m[96m--> [0mcrates\engine\src\engine.rs:3025:35
     [1m[96m|[0m
[1m[96m3025[0m [1m[96m|[0m             settlement_ids.insert(sid);
     [1m[96m|[0m                            [1m[96m------[0m [1m[91m^^^[0m [1m[91mexpected `u32`, found `u64`[0m
     [1m[96m|[0m                            [1m[96m|[0m
     [1m[96m|[0m                            [1m[96marguments to this method are incorrect[0m
     [1m[96m|[0m
[1m[92mnote[0m: method defined here
    [1m[96m--> [0mC:\Users\koosh\.rustup\toolchains\stable-x86_64-pc-windows-msvc\lib/rustlib/src/rust\library\alloc\src\collections\btree\set.rs:900:12
     [1m[96m|[0m
[1m[96m 900[0m [1m[96m|[0m     pub fn insert(&mut self, value: T) -> bool
     [1m[96m|[0m            [1m[92m^^^^^^[0m
[1m[96mhelp[0m: you can convert a `u64` to a `u32` and panic if the converted value doesn't fit
     [1m[96m|[0m
[1m[96m3025[0m [1m[96m| [0m            settlement_ids.insert(sid[92m.try_into().unwrap()[0m);
     [1m[96m|[0m                                      [92m++++++++++++++++++++[0m

[1m[91merror[E0277][0m[1m[97m: the type `[MoodSnapshot]` cannot be indexed by `&u32`[0m
    [1m[96m--> [0mcrates\engine\src\engine.rs:3030:48
     [1m[96m|[0m
[1m[96m3030[0m [1m[96m|[0m             let mood = self.last_tick_mood.get(&settlement_id).map_or(0i32, |m| m.mood);
     [1m[96m|[0m                                            [1m[96m---[0m [1m[91m^^^^^^^^^^^^^^[0m [1m[91mslice indices are of type `usize` or ranges of `usize`[0m
     [1m[96m|[0m                                            [1m[96m|[0m
     [1m[96m|[0m                                            [1m[96mrequired by a bound introduced by this call[0m
     [1m[96m|[0m
     [1m[96m= [0m[1m[97mhelp[0m: the trait `SliceIndex<[MoodSnapshot]>` is not implemented for `&u32`
[1m[96mhelp[0m: `usize` implements trait `SliceIndex<T>`
    [1m[96m--> [0mC:\Users\koosh\.rustup\toolchains\stable-x86_64-pc-windows-msvc\lib/rustlib/src/rust\library\core\src\bstr\traits.rs:197:1
     [1m[96m|[0m
[1m[96m 197[0m [1m[96m|[0m unsafe impl SliceIndex<ByteStr> for usize {
     [1m[96m|[0m [1m[96m^^^^^^^^^^^^^^^^^^^^^^^^^^^^^^^^^^^^^^^^^[0m [1m[96m`SliceIndex<ByteStr>`[0m
     [1m[96m|[0m
    [1m[96m::: [0mC:\Users\koosh\.rustup\toolchains\stable-x86_64-pc-windows-msvc\lib/rustlib/src/rust\library\core\src\slice\index.rs:214:1
     [1m[96m|[0m
[1m[96m 214[0m [1m[96m|[0m unsafe impl<T> const SliceIndex<[T]> for usize {
     [1m[96m|[0m [1m[96m^^^^^^^^^^^^^^^^^^^^^^^^^^^^^^^^^^^^^^^^^^^^^^[0m [1m[96m`SliceIndex<[T]>`[0m
[1m[92mnote[0m: required by a bound in `core::slice::<impl [T]>::get`
    [1m[96m--> [0mC:\Users\koosh\.rustup\toolchains\stable-x86_64-pc-windows-msvc\lib/rustlib/src/rust\library\core\src\slice\mod.rs:574:12
     [1m[96m|[0m
[1m[96m 572[0m [1m[96m|[0m     pub const fn get<I>(&self, index: I) -> Option<&I::Output>
     [1m[96m|[0m                  [1m[96m---[0m [1m[96mrequired by a bound in this associated function[0m
[1m[96m 573[0m [1m[96m|[0m     where
[1m[96m 574[0m [1m[96m|[0m         I: [const] SliceIndex<Self>,
     [1m[96m|[0m            [1m[92m^^^^^^^^^^^^^^^^^^^^^^^^[0m [1m[92mrequired by this bound in `core::slice::<impl [T]>::get`[0m

[1m[91merror[E0609][0m[1m[97m: no field `settlement_gini` on type `&mut Simulation`[0m
    [1m[96m--> [0mcrates\engine\src\engine.rs:3033:34
     [1m[96m|[0m
[1m[96m3033[0m [1m[96m|[0m             let gini_x100 = self.settlement_gini.get(&settlement_id).copied().unwrap_or(0i32);
     [1m[96m|[0m                                  [1m[91m^^^^^^^^^^^^^^^[0m [1m[91munknown field[0m
     [1m[96m|[0m
[1m[96mhelp[0m: a field with a similar name exists
     [1m[96m|[0m
[1m[96m3033[0m [91m- [0m            let gini_x100 = self.[91msettlement_gini[0m.get(&settlement_id).copied().unwrap_or(0i32);
[1m[96m3033[0m [92m+ [0m            let gini_x100 = self.[92msettlements[0m.get(&settlement_id).copied().unwrap_or(0i32);
     [1m[96m|[0m

[1m[91merror[E0609][0m[1m[97m: no field `last_tick_cohesion_snapshots` on type `&mut Simulation`[0m
    [1m[96m--> [0mcrates\engine\src\engine.rs:3037:18
     [1m[96m|[0m
[1m[96m3037[0m [1m[96m|[0m                 .last_tick_cohesion_snapshots
     [1m[96m|[0m                  [1m[91m^^^^^^^^^^^^^^^^^^^^^^^^^^^^[0m [1m[91munknown field[0m
     [1m[96m|[0m
[1m[96mhelp[0m: a field with a similar name exists
     [1m[96m|[0m
[1m[96m3037[0m [91m- [0m                .[91mlast_tick_cohesion_snapshots[0m
[1m[96m3037[0m [92m+ [0m                .[92mlast_tick_unrest_snapshots[0m
     [1m[96m|[0m

[1m[91merror[E0609][0m[1m[97m: no field `last_tick_unrest_levels` on type `&mut Simulation`[0m
    [1m[96m--> [0mcrates\engine\src\engine.rs:3056:18
     [1m[96m|[0m
[1m[96m3056[0m [1m[96m|[0m                 .last_tick_unrest_levels
     [1m[96m|[0m                  [1m[91m^^^^^^^^^^^^^^^^^^^^^^^[0m [1m[91munknown field[0m
     [1m[96m|[0m
[1m[96mhelp[0m: a field with a similar name exists
     [1m[96m|[0m
[1m[96m3056[0m [91m- [0m                .[91mlast_tick_unrest_levels[0m
[1m[96m3056[0m [92m+ [0m                .[92mlast_unrest_level[0m
     [1m[96m|[0m

[1m[91merror[E0599][0m[1m[97m: no method named `to_rank` found for enum `UnrestLevel` in the current scope[0m
    [1m[96m--> [0mcrates\engine\src\engine.rs:3060:37
     [1m[96m|[0m
[1m[96m1209[0m [1m[96m|[0m pub enum UnrestLevel {
     [1m[96m|[0m [1m[96m--------------------[0m [1m[96mmethod `to_rank` not found for this enum[0m
[1m[96m...[0m
[1m[96m3060[0m [1m[96m|[0m             let level_delta = level.to_rank() as i32 - prev_level.to_rank() as i32;
     [1m[96m|[0m                                     [1m[91m^^^^^^^[0m [1m[91mmethod not found in `UnrestLevel`[0m

[1m[91merror[E0369][0m[1m[97m: binary operation `>=` cannot be applied to type `UnrestLevel`[0m
    [1m[96m--> [0mcrates\engine\src\engine.rs:3066:59
     [1m[96m|[0m
[1m[96m3066[0m [1m[96m|[0m             if prev_level < UnrestLevel::Rioting && level >= UnrestLevel::Rioting {
     [1m[96m|[0m                                                     [1m[96m-----[0m [1m[91m^^[0m [1m[96m--------------------[0m [1m[96mUnrestLevel[0m
     [1m[96m|[0m                                                     [1m[96m|[0m
     [1m[96m|[0m                                                     [1m[96mUnrestLevel[0m
     [1m[96m|[0m
[1m[92mnote[0m: an implementation of `PartialOrd` might be missing for `UnrestLevel`
    [1m[96m--> [0mcrates\engine\src\engine.rs:1209:1
     [1m[96m|[0m
[1m[96m1209[0m [1m[96m|[0m pub enum UnrestLevel {
     [1m[96m|[0m [1m[92m^^^^^^^^^^^^^^^^^^^^[0m [1m[92mmust implement `PartialOrd`[0m
[1m[96mhelp[0m: consider annotating `UnrestLevel` with `#[derive(PartialEq, PartialOrd)]`
     [1m[96m|[0m
[1m[96m1209[0m [92m+ #[derive(PartialEq, PartialOrd)][0m
[1m[96m1210[0m [1m[96m|[0m pub enum UnrestLevel {
     [1m[96m|[0m

[1m[91merror[E0609][0m[1m[97m: no field `last_tick_unrest_events` on type `&mut Simulation`[0m
    [1m[96m--> [0mcrates\engine\src\engine.rs:3068:22
     [1m[96m|[0m
[1m[96m3068[0m [1m[96m|[0m                 self.last_tick_unrest_events.push(UnrestEvent {
     [1m[96m|[0m                      [1m[91m^^^^^^^^^^^^^^^^^^^^^^^[0m [1m[91munknown field[0m
     [1m[96m|[0m
[1m[96mhelp[0m: one of the expressions' fields has a field of the same name
     [1m[96m|[0m
[1m[96m3068[0m [1m[96m| [0m                self.[92memergence_branching.[0mlast_tick_unrest_events.push(UnrestEvent {
     [1m[96m|[0m                      [92m++++++++++++++++++++[0m

[1m[91merror[E0308][0m[1m[97m: mismatched types[0m
    [1m[96m--> [0mcrates\engine\src\engine.rs:3075:29
     [1m[96m|[0m
[1m[96m3075[0m [1m[96m|[0m                     fabric: fabric_x100,
     [1m[96m|[0m                             [1m[91m^^^^^^^^^^^[0m [1m[91mexpected `FabricTier`, found `i32`[0m

[1m[91merror[E0369][0m[1m[97m: binary operation `>=` cannot be applied to type `UnrestLevel`[0m
    [1m[96m--> [0mcrates\engine\src\engine.rs:3078:61
     [1m[96m|[0m
[1m[96m3078[0m [1m[96m|[0m             if prev_level <= UnrestLevel::Restless && level >= UnrestLevel::Rioting {
     [1m[96m|[0m                                                       [1m[96m-----[0m [1m[91m^^[0m [1m[96m--------------------[0m [1m[96mUnrestLevel[0m
     [1m[96m|[0m                                                       [1m[96m|[0m
     [1m[96m|[0m                                                       [1m[96mUnrestLevel[0m
     [1m[96m|[0m
[1m[92mnote[0m: an implementation of `PartialOrd` might be missing for `UnrestLevel`
    [1m[96m--> [0mcrates\engine\src\engine.rs:1209:1
     [1m[96m|[0m
[1m[96m1209[0m [1m[96m|[0m pub enum UnrestLevel {
     [1m[96m|[0m [1m[92m^^^^^^^^^^^^^^^^^^^^[0m [1m[92mmust implement `PartialOrd`[0m
[1m[96mhelp[0m: consider annotating `UnrestLevel` with `#[derive(PartialEq, PartialOrd)]`
     [1m[96m|[0m
[1m[96m1209[0m [92m+ #[derive(PartialEq, PartialOrd)][0m
[1m[96m1210[0m [1m[96m|[0m pub enum UnrestLevel {
     [1m[96m|[0m

[1m[91merror[E0369][0m[1m[97m: binary operation `<=` cannot be applied to type `UnrestLevel`[0m
    [1m[96m--> [0mcrates\engine\src\engine.rs:3081:22
     [1m[96m|[0m
[1m[96m3081[0m [1m[96m|[0m             if level <= UnrestLevel::Stable && prev_level > UnrestLevel::Stable {
     [1m[96m|[0m                [1m[96m-----[0m [1m[91m^^[0m [1m[96m-------------------[0m [1m[96mUnrestLevel[0m
     [1m[96m|[0m                [1m[96m|[0m
     [1m[96m|[0m                [1m[96mUnrestLevel[0m
     [1m[96m|[0m
[1m[92mnote[0m: an implementation of `PartialOrd` might be missing for `UnrestLevel`
    [1m[96m--> [0mcrates\engine\src\engine.rs:1209:1
     [1m[96m|[0m
[1m[96m1209[0m [1m[96m|[0m pub enum UnrestLevel {
     [1m[96m|[0m [1m[92m^^^^^^^^^^^^^^^^^^^^[0m [1m[92mmust implement `PartialOrd`[0m
[1m[96mhelp[0m: consider annotating `UnrestLevel` with `#[derive(PartialEq, PartialOrd)]`
     [1m[96m|[0m
[1m[96m1209[0m [92m+ #[derive(PartialEq, PartialOrd)][0m
[1m[96m1210[0m [1m[96m|[0m pub enum UnrestLevel {
     [1m[96m|[0m

[1m[91merror[E0609][0m[1m[97m: no field `last_tick_unrest_events` on type `&mut Simulation`[0m
    [1m[96m--> [0mcrates\engine\src\engine.rs:3082:22
     [1m[96m|[0m
[1m[96m3082[0m [1m[96m|[0m                 self.last_tick_unrest_events.push(UnrestEvent {
     [1m[96m|[0m                      [1m[91m^^^^^^^^^^^^^^^^^^^^^^^[0m [1m[91munknown field[0m
     [1m[96m|[0m
[1m[96mhelp[0m: one of the expressions' fields has a field of the same name
     [1m[96m|[0m
[1m[96m3082[0m [1m[96m| [0m                self.[92memergence_branching.[0mlast_tick_unrest_events.push(UnrestEvent {
     [1m[96m|[0m                      [92m++++++++++++++++++++[0m

[1m[91merror[E0308][0m[1m[97m: mismatched types[0m
    [1m[96m--> [0mcrates\engine\src\engine.rs:3089:29
     [1m[96m|[0m
[1m[96m3089[0m [1m[96m|[0m                     fabric: fabric_x100,
     [1m[96m|[0m                             [1m[91m^^^^^^^^^^^[0m [1m[91mexpected `FabricTier`, found `i32`[0m

[1m[91merror[E0560][0m[1m[97m: struct `UnrestSnapshot` has no field named `riots_count`[0m
    [1m[96m--> [0mcrates\engine\src\engine.rs:3097:17
     [1m[96m|[0m
[1m[96m3097[0m [1m[96m|[0m                 riots_count,
     [1m[96m|[0m                 [1m[91m^^^^^^^^^^^[0m [1m[91m`UnrestSnapshot` does not have this field[0m
     [1m[96m|[0m
     [1m[96m= [0m[1m[97mnote[0m: available fields are: `events_count`

[1m[91merror[E0560][0m[1m[97m: struct `UnrestSnapshot` has no field named `migrants_count`[0m
    [1m[96m--> [0mcrates\engine\src\engine.rs:3098:17
     [1m[96m|[0m
[1m[96m3098[0m [1m[96m|[0m                 migrants_count,
     [1m[96m|[0m                 [1m[91m^^^^^^^^^^^^^^[0m [1m[91m`UnrestSnapshot` does not have this field[0m
     [1m[96m|[0m
     [1m[96m= [0m[1m[97mnote[0m: available fields are: `events_count`

[1m[91merror[E0560][0m[1m[97m: struct `UnrestSnapshot` has no field named `mob_size`[0m
    [1m[96m--> [0mcrates\engine\src\engine.rs:3099:17
     [1m[96m|[0m
[1m[96m3099[0m [1m[96m|[0m                 mob_size: riots_count.saturating_add(migrants_count),
     [1m[96m|[0m                 [1m[91m^^^^^^^^[0m [1m[91m`UnrestSnapshot` does not have this field[0m
     [1m[96m|[0m
     [1m[96m= [0m[1m[97mnote[0m: available fields are: `events_count`

[1m[91merror[E0609][0m[1m[97m: no field `last_tick_unrest_levels` on type `&mut Simulation`[0m
    [1m[96m--> [0mcrates\engine\src\engine.rs:3102:18
     [1m[96m|[0m
[1m[96m3102[0m [1m[96m|[0m             self.last_tick_unrest_levels.insert(settlement_id, level);
     [1m[96m|[0m                  [1m[91m^^^^^^^^^^^^^^^^^^^^^^^[0m [1m[91munknown field[0m
     [1m[96m|[0m
[1m[96mhelp[0m: a field with a similar name exists
     [1m[96m|[0m
[1m[96m3102[0m [91m- [0m            self.[91mlast_tick_unrest_levels[0m.insert(settlement_id, level);
[1m[96m3102[0m [92m+ [0m            self.[92mlast_unrest_level[0m.insert(settlement_id, level);
     [1m[96m|[0m

[1m[91merror[E0560][0m[1m[97m: struct `civ_needs::Health` has no field named `sickness`[0m
    [1m[96m--> [0mcrates\engine\src\engine.rs:3315:17
     [1m[96m|[0m
[1m[96m3315[0m [1m[96m|[0m                 sickness: (1.0 - integrity).max(0.0),
     [1m[96m|[0m                 [1m[91m^^^^^^^^[0m [1m[91m`civ_needs::Health` does not have this field[0m
     [1m[96m|[0m
     [1m[96m= [0m[1m[97mnote[0m: available fields are: `sick`, `deprivation_streak`

[1m[91merror[E0560][0m[1m[97m: struct `civ_needs::Health` has no field named `morale`[0m
    [1m[96m--> [0mcrates\engine\src\engine.rs:3316:17
     [1m[96m|[0m
[1m[96m3316[0m [1m[96m|[0m                 morale: 0.5,
     [1m[96m|[0m                 [1m[91m^^^^^^[0m [1m[91m`civ_needs::Health` does not have this field[0m
     [1m[96m|[0m
     [1m[96m= [0m[1m[97mnote[0m: available fields are: `sick`, `deprivation_streak`

[1m[91merror[E0308][0m[1m[97m: mismatched types[0m
    [1m[96m--> [0mcrates\engine\src\engine.rs:3326:28
     [1m[96m|[0m
[1m[96m3326[0m [1m[96m|[0m                 .unwrap_or(0);
     [1m[96m|[0m                  [1m[96m---------[0m [1m[91m^[0m [1m[91mexpected `f32`, found integer[0m
     [1m[96m|[0m                  [1m[96m|[0m
     [1m[96m|[0m                  [1m[96marguments to this method are incorrect[0m
     [1m[96m|[0m
[1m[96mhelp[0m: the return type of this call is `{integer}` due to the type of the argument passed
    [1m[96m--> [0mcrates\engine\src\engine.rs:3320:28
     [1m[96m|[0m
[1m[96m3320[0m [1m[96m|[0m               let maturity = self
     [1m[96m|[0m [1m[96m ____________________________^[0m
[1m[96m3321[0m [1m[96m|[0m [1m[96m|[0m                 .world
[1m[96m3322[0m [1m[96m|[0m [1m[96m|[0m                 .query::<&civ_agents::Psyche>()
[1m[96m3323[0m [1m[96m|[0m [1m[96m|[0m                 .iter()
[1m[96m3324[0m [1m[96m|[0m [1m[96m|[0m                 .next()
[1m[96m3325[0m [1m[96m|[0m [1m[96m|[0m                 .map(|(_, p)| p.maturity)
[1m[96m3326[0m [1m[96m|[0m [1m[96m|[0m                 .unwrap_or(0);
     [1m[96m|[0m [1m[96m|____________________________-^[0m
     [1m[96m|[0m                              [1m[96m|[0m
     [1m[96m|[0m                              [1m[96mthis argument influences the return type of `unwrap_or`[0m
[1m[92mnote[0m: method defined here
    [1m[96m--> [0mC:\Users\koosh\.rustup\toolchains\stable-x86_64-pc-windows-msvc\lib/rustlib/src/rust\library\core\src\option.rs:1038:18
     [1m[96m|[0m
[1m[96m1038[0m [1m[96m|[0m     pub const fn unwrap_or(self, default: T) -> T
     [1m[96m|[0m                  [1m[92m^^^^^^^^^[0m
[1m[96mhelp[0m: use a float literal
     [1m[96m|[0m
[1m[96m3326[0m [1m[96m| [0m                .unwrap_or(0[92m.0[0m);
     [1m[96m|[0m                             [92m++[0m

[1m[91merror[E0609][0m[1m[97m: no field `raw` on type `FixedI32<UInt<UInt<UInt<UInt<UInt<UTerm, B1>, B0>, B0>, B0>, B0>>`[0m
    [1m[96m--> [0mcrates\engine\src\engine.rs:3346:46
     [1m[96m|[0m
[1m[96m3346[0m [1m[96m|[0m         let food = self.state.resources.food.raw.max(0) as f32;
     [1m[96m|[0m                                              [1m[91m^^^[0m [1m[91munknown field[0m

[1m[91merror[E0689][0m[1m[97m: can't call method `clamp` on ambiguous numeric type `{float}`[0m
    [1m[96m--> [0mcrates\engine\src\engine.rs:3347:83
     [1m[96m|[0m
[1m[96m3347[0m [1m[96m|[0m         let pressure = if food <= 0.0 { 1.0 } else { (1.0 / (1.0 + food / 250.0)).clamp(0.0, 1.0) };
     [1m[96m|[0m                                                                                   [1m[91m^^^^^[0m

[1m[91merror[E0609][0m[1m[97m: no field `current_tick` on type `&mut Simulation`[0m
    [1m[96m--> [0mcrates\engine\src\engine.rs:3384:25
     [1m[96m|[0m
[1m[96m3384[0m [1m[96m|[0m         let tick = self.current_tick;
     [1m[96m|[0m                         [1m[91m^^^^^^^^^^^^[0m [1m[91munknown field[0m
     [1m[96m|[0m
     [1m[96m= [0m[1m[97mnote[0m: available fields are: `state`, `world`, `rng`, `planet`, `moon` ... and 86 others

[1m[91merror[E0308][0m[1m[97m: mismatched types[0m
    [1m[96m--> [0mcrates\engine\src\engine.rs:3402:53
     [1m[96m|[0m
[1m[96m3402[0m [1m[96m|[0m                 self.last_tick_religion_events.push(event);
     [1m[96m|[0m                                                [1m[96m----[0m [1m[91m^^^^^[0m [1m[91mexpected `engine::ReligionEvent`, found `religion::ReligionEvent`[0m
     [1m[96m|[0m                                                [1m[96m|[0m
     [1m[96m|[0m                                                [1m[96marguments to this method are incorrect[0m
     [1m[96m|[0m
     [1m[96m= [0m[1m[97mnote[0m: `religion::ReligionEvent` and `engine::ReligionEvent` have similar names, but are actually distinct types
[1m[92mnote[0m: `religion::ReligionEvent` is defined in module `crate::religion` of the current crate
    [1m[96m--> [0mcrates\engine\src\religion.rs:359:1
     [1m[96m|[0m
[1m[96m 359[0m [1m[96m|[0m pub struct ReligionEvent {
     [1m[96m|[0m [1m[92m^^^^^^^^^^^^^^^^^^^^^^^^[0m
[1m[92mnote[0m: `engine::ReligionEvent` is defined in module `crate::engine` of the current crate
    [1m[96m--> [0mcrates\engine\src\engine.rs:857:1
     [1m[96m|[0m
[1m[96m 857[0m [1m[96m|[0m pub struct ReligionEvent {
     [1m[96m|[0m [1m[92m^^^^^^^^^^^^^^^^^^^^^^^^[0m
[1m[92mnote[0m: method defined here
    [1m[96m--> [0mC:\Users\koosh\.rustup\toolchains\stable-x86_64-pc-windows-msvc\lib/rustlib/src/rust\library\alloc\src\vec\mod.rs:1003:12
     [1m[96m|[0m
[1m[96m1003[0m [1m[96m|[0m     pub fn push(&mut self, value: T) {
     [1m[96m|[0m            [1m[92m^^^^[0m

[1m[91merror[E0609][0m[1m[97m: no field `raw` on type `&FixedI32<UInt<UInt<UInt<UInt<UInt<UTerm, B1>, B0>, B0>, B0>, B0>>`[0m
    [1m[96m--> [0mcrates\engine\src\engine.rs:3422:24
     [1m[96m|[0m
[1m[96m3422[0m [1m[96m|[0m             .map(|v| v.raw / crate::SCALE)
     [1m[96m|[0m                        [1m[91m^^^[0m [1m[91munknown field[0m

[1m[91merror[E0609][0m[1m[97m: no field `trust_sum` on type `&mut BTreeMap<u64, i64>`[0m
    [1m[96m--> [0mcrates\engine\src\engine.rs:3553:15
     [1m[96m|[0m
[1m[96m3553[0m [1m[96m|[0m         entry.trust_sum = entry.trust_sum.saturating_add(amount);
     [1m[96m|[0m               [1m[91m^^^^^^^^^[0m [1m[91munknown field[0m

[1m[91merror[E0609][0m[1m[97m: no field `trust_sum` on type `&mut BTreeMap<u64, i64>`[0m
    [1m[96m--> [0mcrates\engine\src\engine.rs:3553:33
     [1m[96m|[0m
[1m[96m3553[0m [1m[96m|[0m         entry.trust_sum = entry.trust_sum.saturating_add(amount);
     [1m[96m|[0m                                 [1m[91m^^^^^^^^^[0m [1m[91munknown field[0m

[1m[91merror[E0609][0m[1m[97m: no field `trust_count` on type `&mut BTreeMap<u64, i64>`[0m
    [1m[96m--> [0mcrates\engine\src\engine.rs:3554:15
     [1m[96m|[0m
[1m[96m3554[0m [1m[96m|[0m         entry.trust_count = entry.trust_count.saturating_add(1);
     [1m[96m|[0m               [1m[91m^^^^^^^^^^^[0m [1m[91munknown field[0m

[1m[91merror[E0609][0m[1m[97m: no field `trust_count` on type `&mut BTreeMap<u64, i64>`[0m
    [1m[96m--> [0mcrates\engine\src\engine.rs:3554:35
     [1m[96m|[0m
[1m[96m3554[0m [1m[96m|[0m         entry.trust_count = entry.trust_count.saturating_add(1);
     [1m[96m|[0m                                   [1m[91m^^^^^^^^^^^[0m [1m[91munknown field[0m

[1m[91merror[E0609][0m[1m[97m: no field `targets` on type `&mut BTreeMap<u64, i64>`[0m
    [1m[96m--> [0mcrates\engine\src\engine.rs:3555:15
     [1m[96m|[0m
[1m[96m3555[0m [1m[96m|[0m         entry.targets.insert(target);
     [1m[96m|[0m               [1m[91m^^^^^^^[0m [1m[91munknown field[0m

[1m[91merror[E0609][0m[1m[97m: no field `settlement_actors` on type `&mut Simulation`[0m
    [1m[96m--> [0mcrates\engine\src\engine.rs:3561:14
     [1m[96m|[0m
[1m[96m3561[0m [1m[96m|[0m         self.settlement_actors
     [1m[96m|[0m              [1m[91m^^^^^^^^^^^^^^^^^[0m [1m[91munknown field[0m
     [1m[96m|[0m
     [1m[96m= [0m[1m[97mnote[0m: available fields are: `state`, `world`, `rng`, `planet`, `moon` ... and 86 others

[1m[91merror[E0609][0m[1m[97m: no field `has_temple` on type `&mut (bool, bool)`[0m
    [1m[96m--> [0mcrates\engine\src\engine.rs:3583:15
     [1m[96m|[0m
[1m[96m3583[0m [1m[96m|[0m         entry.has_temple = has_temple;
     [1m[96m|[0m               [1m[91m^^^^^^^^^^[0m [1m[91munknown field[0m
     [1m[96m|[0m
     [1m[96m= [0m[1m[97mnote[0m: available fields are: `0`, `1`

[1m[91merror[E0609][0m[1m[97m: no field `has_garrison` on type `&mut (bool, bool)`[0m
    [1m[96m--> [0mcrates\engine\src\engine.rs:3584:15
     [1m[96m|[0m
[1m[96m3584[0m [1m[96m|[0m         entry.has_garrison = has_garrison;
     [1m[96m|[0m               [1m[91m^^^^^^^^^^^^[0m [1m[91munknown field[0m
     [1m[96m|[0m
     [1m[96m= [0m[1m[97mnote[0m: available fields are: `0`, `1`

[1m[91merror[E0609][0m[1m[97m: no field `last_tick_cohesion_snapshots` on type `&Simulation`[0m
    [1m[96m--> [0mcrates\engine\src\engine.rs:3597:14
     [1m[96m|[0m
[1m[96m3597[0m [1m[96m|[0m         self.last_tick_cohesion_snapshots.get(&settlement_id).copied()
     [1m[96m|[0m              [1m[91m^^^^^^^^^^^^^^^^^^^^^^^^^^^^[0m [1m[91munknown field[0m
     [1m[96m|[0m
[1m[96mhelp[0m: a field with a similar name exists
     [1m[96m|[0m
[1m[96m3597[0m [91m- [0m        self.[91mlast_tick_cohesion_snapshots[0m.get(&settlement_id).copied()
[1m[96m3597[0m [92m+ [0m        self.[92mlast_tick_unrest_snapshots[0m.get(&settlement_id).copied()
     [1m[96m|[0m

[1m[91merror[E0609][0m[1m[97m: no field `household_settlement` on type `&mut Simulation`[0m
    [1m[96m--> [0mcrates\engine\src\engine.rs:3604:14
     [1m[96m|[0m
[1m[96m3604[0m [1m[96m|[0m         self.household_settlement.entry(household_id).or_insert(0);
     [1m[96m|[0m              [1m[91m^^^^^^^^^^^^^^^^^^^^[0m [1m[91munknown field[0m
     [1m[96m|[0m
     [1m[96m= [0m[1m[97mnote[0m: available fields are: `state`, `world`, `rng`, `planet`, `moon` ... and 86 others

[1m[91merror[E0609][0m[1m[97m: no field `household_settlement` on type `&mut Simulation`[0m
    [1m[96m--> [0mcrates\engine\src\engine.rs:3614:14
     [1m[96m|[0m
[1m[96m3614[0m [1m[96m|[0m         self.household_settlement.insert(household_id, settlement_id);
     [1m[96m|[0m              [1m[91m^^^^^^^^^^^^^^^^^^^^[0m [1m[91munknown field[0m
     [1m[96m|[0m
     [1m[96m= [0m[1m[97mnote[0m: available fields are: `state`, `world`, `rng`, `planet`, `moon` ... and 86 others

[1m[91merror[E0609][0m[1m[97m: no field `settlement_households` on type `&mut Simulation`[0m
    [1m[96m--> [0mcrates\engine\src\engine.rs:3615:14
     [1m[96m|[0m
[1m[96m3615[0m [1m[96m|[0m         self.settlement_households
     [1m[96m|[0m              [1m[91m^^^^^^^^^^^^^^^^^^^^^[0m [1m[91munknown field[0m
     [1m[96m|[0m
     [1m[96m= [0m[1m[97mnote[0m: available fields are: `state`, `world`, `rng`, `planet`, `moon` ... and 86 others

[1m[91merror[E0609][0m[1m[97m: no field `household_wealth` on type `&mut Simulation`[0m
    [1m[96m--> [0mcrates\engine\src\engine.rs:3624:14
     [1m[96m|[0m
[1m[96m3624[0m [1m[96m|[0m         self.household_wealth.insert(household_id, units);
     [1m[96m|[0m              [1m[91m^^^^^^^^^^^^^^^^[0m [1m[91munknown field[0m
     [1m[96m|[0m
     [1m[96m= [0m[1m[97mnote[0m: available fields are: `state`, `world`, `rng`, `planet`, `moon` ... and 86 others

[1m[91merror[E0609][0m[1m[97m: no field `household_power` on type `&mut Simulation`[0m
    [1m[96m--> [0mcrates\engine\src\engine.rs:3631:14
     [1m[96m|[0m
[1m[96m3631[0m [1m[96m|[0m         self.household_power.insert(household_id, units);
     [1m[96m|[0m              [1m[91m^^^^^^^^^^^^^^^[0m [1m[91munknown field[0m
     [1m[96m|[0m
     [1m[96m= [0m[1m[97mnote[0m: available fields are: `state`, `world`, `rng`, `planet`, `moon` ... and 86 others

[1m[91merror[E0615][0m[1m[97m: attempted to take value of method `last_tick_stratification` on type `&Simulation`[0m
    [1m[96m--> [0mcrates\engine\src\engine.rs:3638:15
     [1m[96m|[0m
[1m[96m3638[0m [1m[96m|[0m         &self.last_tick_stratification
     [1m[96m|[0m               [1m[91m^^^^^^^^^^^^^^^^^^^^^^^^[0m [1m[91mmethod, not a field[0m
     [1m[96m|[0m
[1m[96mhelp[0m: use parentheses to call the method
     [1m[96m|[0m
[1m[96m3638[0m [1m[96m| [0m        &self.last_tick_stratification[92m()[0m
     [1m[96m|[0m                                       [92m++[0m

[1m[91merror[E0609][0m[1m[97m: no field `last_tick_stratification_reports` on type `&Simulation`[0m
    [1m[96m--> [0mcrates\engine\src\engine.rs:3647:14
     [1m[96m|[0m
[1m[96m3647[0m [1m[96m|[0m         self.last_tick_stratification_reports.get(&settlement_id).cloned()
     [1m[96m|[0m              [1m[91m^^^^^^^^^^^^^^^^^^^^^^^^^^^^^^^^[0m [1m[91munknown field[0m
     [1m[96m|[0m
     [1m[96m= [0m[1m[97mnote[0m: available fields are: `state`, `world`, `rng`, `planet`, `moon` ... and 86 others

[1m[91merror[E0609][0m[1m[97m: no field `household_bands` on type `&Simulation`[0m
    [1m[96m--> [0mcrates\engine\src\engine.rs:3657:14
     [1m[96m|[0m
[1m[96m3657[0m [1m[96m|[0m         self.household_bands.get(&household_id).copied().and_then(|b| {
     [1m[96m|[0m              [1m[91m^^^^^^^^^^^^^^^[0m [1m[91munknown field[0m
     [1m[96m|[0m
     [1m[96m= [0m[1m[97mnote[0m: available fields are: `state`, `world`, `rng`, `planet`, `moon` ... and 86 others

[1m[91merror[E0609][0m[1m[97m: no field `household_settlement` on type `&Simulation`[0m
    [1m[96m--> [0mcrates\engine\src\engine.rs:3658:21
     [1m[96m|[0m
[1m[96m3658[0m [1m[96m|[0m             if self.household_settlement.get(&household_id) == Some(&settlement_id) {
     [1m[96m|[0m                     [1m[91m^^^^^^^^^^^^^^^^^^^^[0m [1m[91munknown field[0m
     [1m[96m|[0m
     [1m[96m= [0m[1m[97mnote[0m: available fields are: `state`, `world`, `rng`, `planet`, `moon` ... and 86 others

[1m[91merror[E0609][0m[1m[97m: no field `settlement_gini` on type `&mut Simulation`[0m
    [1m[96m--> [0mcrates\engine\src\engine.rs:3672:14
     [1m[96m|[0m
[1m[96m3672[0m [1m[96m|[0m         self.settlement_gini.insert(settlement_id, clamped);
     [1m[96m|[0m              [1m[91m^^^^^^^^^^^^^^^[0m [1m[91munknown field[0m
     [1m[96m|[0m
[1m[96mhelp[0m: a field with a similar name exists
     [1m[96m|[0m
[1m[96m3672[0m [91m- [0m        self.[91msettlement_gini[0m.insert(settlement_id, clamped);
[1m[96m3672[0m [92m+ [0m        self.[92msettlements[0m.insert(settlement_id, clamped);
     [1m[96m|[0m

[1m[91merror[E0034][0m[1m[97m: multiple applicable items in scope[0m
    [1m[96m--> [0mcrates\engine\src\engine.rs:3848:57
     [1m[96m|[0m
[1m[96m3848[0m [1m[96m|[0m         let centroids = faction_language_centroids(self.cluster_cultures(), &dominant, &cluster_member_counts);
     [1m[96m|[0m                                                         [1m[91m^^^^^^^^^^^^^^^^[0m [1m[91mmultiple `cluster_cultures` found[0m
     [1m[96m|[0m
[1m[92mnote[0m: candidate #1 is defined in an impl for the type `Simulation`
    [1m[96m--> [0mcrates\engine\src\engine.rs:2029:5
     [1m[96m|[0m
[1m[96m2029[0m [1m[96m|[0m     pub fn cluster_cultures(&self) -> &BTreeMap<u64, CultureProfile> {
     [1m[96m|[0m     [1m[92m^^^^^^^^^^^^^^^^^^^^^^^^^^^^^^^^^^^^^^^^^^^^^^^^^^^^^^^^^^^^^^^^[0m
[1m[92mnote[0m: candidate #2 is defined in an impl for the type `Simulation`
    [1m[96m--> [0mcrates\engine\src\emergence.rs:828:5
     [1m[96m|[0m
[1m[96m 828[0m [1m[96m|[0m     pub fn cluster_cultures(&self) -> &BTreeMap<u64, CultureProfile> {
     [1m[96m|[0m     [1m[92m^^^^^^^^^^^^^^^^^^^^^^^^^^^^^^^^^^^^^^^^^^^^^^^^^^^^^^^^^^^^^^^^[0m

[1m[91merror[E0614][0m[1m[97m: type `u32` cannot be dereferenced[0m
    [1m[96m--> [0mcrates\engine\src\engine.rs:3859:24
     [1m[96m|[0m
[1m[96m3859[0m [1m[96m|[0m                 .entry(*faction_id)
     [1m[96m|[0m                        [1m[91m^^^^^^^^^^^[0m [1m[91mcan't be dereferenced[0m

[1m[91merror[E0614][0m[1m[97m: type `u32` cannot be dereferenced[0m
    [1m[96m--> [0mcrates\engine\src\engine.rs:3863:57
     [1m[96m|[0m
[1m[96m3863[0m [1m[96m|[0m             ensure_seeded_word(lang, place_name_meaning(*faction_id, 0), *signature);
     [1m[96m|[0m                                                         [1m[91m^^^^^^^^^^^[0m [1m[91mcan't be dereferenced[0m

[1m[91merror[E0614][0m[1m[97m: type `u32` cannot be dereferenced[0m
    [1m[96m--> [0mcrates\engine\src\engine.rs:3864:58
     [1m[96m|[0m
[1m[96m3864[0m [1m[96m|[0m             ensure_seeded_word(lang, person_name_meaning(*faction_id, 0), *signature);
     [1m[96m|[0m                                                          [1m[91m^^^^^^^^^^^[0m [1m[91mcan't be dereferenced[0m

[1m[91merror[E0614][0m[1m[97m: type `u32` cannot be dereferenced[0m
    [1m[96m--> [0mcrates\engine\src\engine.rs:3866:17
     [1m[96m|[0m
[1m[96m3866[0m [1m[96m|[0m                 *faction_id,
     [1m[96m|[0m                 [1m[91m^^^^^^^^^^^[0m [1m[91mcan't be dereferenced[0m

[1m[91merror[E0599][0m[1m[97m: no associated function or constant named `from_raw` found for struct `FixedI32<Frac>` in the current scope[0m
    [1m[96m--> [0mcrates\engine\src\engine.rs:4012:38
     [1m[96m|[0m
[1m[96m4012[0m [1m[96m|[0m                     energy += Fixed::from_raw(Fixed::from_num(1).raw / 2);
     [1m[96m|[0m                                      [1m[91m^^^^^^^^[0m [1m[91massociated function or constant not found in `FixedI32<UInt<UInt<UInt<UInt<UInt<UTerm, B1>, B0>, B0>, B0>, B0>>`[0m
     [1m[96m|[0m
[1m[92mnote[0m: if you're trying to build a new `FixedI32<UInt<UInt<UInt<UInt<UInt<UTerm, B1>, B0>, B0>, B0>, B0>>` consider using one of the following associated functions:
      FixedI32::<Frac>::from_bits
      FixedI32::<Frac>::from_be
      FixedI32::<Frac>::from_le
      FixedI32::<Frac>::from_be_bytes
      and 51 others
    [1m[96m--> [0mE:\Dev\.cargo\registry\src\index.crates.io-1949cf8c6b5b557f\fixed-1.31.0\src\macros_no_frac.rs:153:17
     [1m[96m|[0m
[1m[96m 153[0m [1m[96m|[0m                   pub const fn from_bits(bits: $Inner) -> $Self<Frac> {
     [1m[96m|[0m                   [1m[92m^^^^^^^^^^^^^^^^^^^^^^^^^^^^^^^^^^^^^^^^^^^^^^^^^^^[0m
[1m[96m...[0m
[1m[96m 201[0m [1m[96m|[0m                   pub const fn from_be(f: $Self<Frac>) -> $Self<Frac> {
     [1m[96m|[0m                   [1m[92m^^^^^^^^^^^^^^^^^^^^^^^^^^^^^^^^^^^^^^^^^^^^^^^^^^^[0m
[1m[96m...[0m
[1m[96m 225[0m [1m[96m|[0m                   pub const fn from_le(f: $Self<Frac>) -> $Self<Frac> {
     [1m[96m|[0m                   [1m[92m^^^^^^^^^^^^^^^^^^^^^^^^^^^^^^^^^^^^^^^^^^^^^^^^^^^[0m
[1m[96m...[0m
[1m[96m 317[0m [1m[96m|[0m                   pub const fn from_be_bytes(bytes: [u8; $nbytes]) -> $Self<Frac> {
     [1m[96m|[0m                   [1m[92m^^^^^^^^^^^^^^^^^^^^^^^^^^^^^^^^^^^^^^^^^^^^^^^^^^^^^^^^^^^^^^^[0m
     [1m[96m|[0m
    [1m[96m::: [0mE:\Dev\.cargo\registry\src\index.crates.io-1949cf8c6b5b557f\fixed-1.31.0\src\lib.rs:806:1
     [1m[96m|[0m
[1m[96m 806[0m [1m[96m|[0m [1m[96m/[0m fixed! {
[1m[96m 807[0m [1m[96m|[0m [1m[96m|[0m     description = "A 32",
[1m[96m 808[0m [1m[96m|[0m [1m[96m|[0m     {Self, Inner} = {FixedI32, i32},
[1m[96m 809[0m [1m[96m|[0m [1m[96m|[0m     Signedness = Signed,
[1m[96m...[0m    [1m[96m|[0m
[1m[96m 821[0m [1m[96m|[0m [1m[96m|[0m     {IDouble, IDoubleInner} = {FixedI64, i64},
[1m[96m 822[0m [1m[96m|[0m [1m[96m|[0m }
     [1m[96m|[0m [1m[96m|_-[0m [1m[96min this macro invocation[0m
     [1m[96m= [0m[1m[97mhelp[0m: items from traits can only be used if the trait is in scope
     [1m[96m= [0m[1m[97mnote[0m: this error originates in the macro `fixed_no_frac` which comes from the expansion of the macro `fixed` (in Nightly builds, run with -Z macro-backtrace for more info)
[1m[96mhelp[0m: trait `ComponentRef` which provides `from_raw` is implemented but not in scope; perhaps you want to import it
     [1m[96m|[0m
[1m[96m   5[0m [92m+ use hecs::ComponentRef;[0m
     [1m[96m|[0m
[1m[96mhelp[0m: there is an associated function `from` with a similar name
     [1m[96m|[0m
[1m[96m4012[0m [91m- [0m                    energy += Fixed::[91mfrom_raw[0m(Fixed::from_num(1).raw / 2);
[1m[96m4012[0m [92m+ [0m                    energy += Fixed::[92mfrom[0m(Fixed::from_num(1).raw / 2);
     [1m[96m|[0m

[1m[91merror[E0609][0m[1m[97m: no field `raw` on type `FixedI32<UInt<UInt<UInt<UInt<UInt<UTerm, B1>, B0>, B0>, B0>, B0>>`[0m
    [1m[96m--> [0mcrates\engine\src\engine.rs:4012:66
     [1m[96m|[0m
[1m[96m4012[0m [1m[96m|[0m                     energy += Fixed::from_raw(Fixed::from_num(1).raw / 2);
     [1m[96m|[0m                                                                  [1m[91m^^^[0m [1m[91munknown field[0m

[1m[91merror[E0609][0m[1m[97m: no field `raw` on type `FixedI32<UInt<UInt<UInt<UInt<UInt<UTerm, B1>, B0>, B0>, B0>, B0>>`[0m
    [1m[96m--> [0mcrates\engine\src\engine.rs:4047:42
     [1m[96m|[0m
[1m[96m4047[0m [1m[96m|[0m             if self.state.resources.food.raw > 0 {
     [1m[96m|[0m                                          [1m[91m^^^[0m [1m[91munknown field[0m

[1m[91merror[E0609][0m[1m[97m: no field `raw` on type `FixedI32<UInt<UInt<UInt<UInt<UInt<UTerm, B1>, B0>, B0>, B0>, B0>>`[0m
    [1m[96m--> [0mcrates\engine\src\engine.rs:4052:63
     [1m[96m|[0m
[1m[96m4052[0m [1m[96m|[0m             if needs.food < 0.05 && self.state.resources.food.raw <= 0 {
     [1m[96m|[0m                                                               [1m[91m^^^[0m [1m[91munknown field[0m

[1m[91merror[E0425][0m[1m[97m: cannot find function `should_reproduce` in this scope[0m
    [1m[96m--> [0mcrates\engine\src\engine.rs:4065:36
     [1m[96m|[0m
[1m[96m4065[0m [1m[96m|[0m                 let birth_chance = should_reproduce(
     [1m[96m|[0m                                    [1m[91m^^^^^^^^^^^^^^^^[0m [1m[91mnot found in this scope[0m

[1m[91merror[E0609][0m[1m[97m: no field `raw` on type `FixedI32<UInt<UInt<UInt<UInt<UInt<UTerm, B1>, B0>, B0>, B0>, B0>>`[0m
    [1m[96m--> [0mcrates\engine\src\engine.rs:4475:45
     [1m[96m|[0m
[1m[96m4475[0m [1m[96m|[0m             self.state.energy_budget_joules.raw / crate::SCALE;
     [1m[96m|[0m                                             [1m[91m^^^[0m [1m[91munknown field[0m

[1m[91merror[E0433][0m[1m[97m: cannot find type `LaborCapacityAllocator` in this scope[0m
    [1m[96m--> [0mcrates\engine\src\engine.rs:4493:31
     [1m[96m|[0m
[1m[96m4493[0m [1m[96m|[0m         let labor_allocator = LaborCapacityAllocator::new(labor_fraction);
     [1m[96m|[0m                               [1m[91m^^^^^^^^^^^^^^^^^^^^^^[0m [1m[91muse of undeclared type `LaborCapacityAllocator`[0m

[1m[91merror[E0609][0m[1m[97m: no field `raw` on type `FixedI32<UInt<UInt<UInt<UInt<UInt<UTerm, B1>, B0>, B0>, B0>, B0>>`[0m
    [1m[96m--> [0mcrates\engine\src\engine.rs:4561:57
     [1m[96m|[0m
[1m[96m4561[0m [1m[96m|[0m             let supply_units = (supply.max(Fixed::ZERO).raw / crate::SCALE) as i64;
     [1m[96m|[0m                                                         [1m[91m^^^[0m [1m[91munknown field[0m

[1m[91merror[E0609][0m[1m[97m: no field `raw` on type `FixedI32<UInt<UInt<UInt<UInt<UInt<UTerm, B1>, B0>, B0>, B0>, B0>>`[0m
    [1m[96m--> [0mcrates\engine\src\engine.rs:4562:57
     [1m[96m|[0m
[1m[96m4562[0m [1m[96m|[0m             let demand_units = (demand.max(Fixed::ZERO).raw / crate::SCALE) as i64;
     [1m[96m|[0m                                                         [1m[91m^^^[0m [1m[91munknown field[0m

[1m[91merror[E0609][0m[1m[97m: no field `raw` on type `FixedI32<UInt<UInt<UInt<UInt<UInt<UTerm, B1>, B0>, B0>, B0>, B0>>`[0m
    [1m[96m--> [0mcrates\engine\src\engine.rs:4804:32
     [1m[96m|[0m
[1m[96m4804[0m [1m[96m|[0m     let treasury_i = (treasury.raw / crate::SCALE).max(0);
     [1m[96m|[0m                                [1m[91m^^^[0m [1m[91munknown field[0m

[1m[91merror[E0609][0m[1m[97m: no field `raw` on type `FixedI32<UInt<UInt<UInt<UInt<UInt<UTerm, B1>, B0>, B0>, B0>, B0>>`[0m
    [1m[96m--> [0mcrates\engine\src\engine.rs:4805:34
     [1m[96m|[0m
[1m[96m4805[0m [1m[96m|[0m     let food_i = (resources.food.raw / crate::SCALE).max(0);
     [1m[96m|[0m                                  [1m[91m^^^[0m [1m[91munknown field[0m

[1m[91merror[E0609][0m[1m[97m: no field `raw` on type `&FixedI32<UInt<UInt<UInt<UInt<UInt<UTerm, B1>, B0>, B0>, B0>, B0>>`[0m
    [1m[96m--> [0mcrates\engine\src\engine.rs:5145:19
     [1m[96m|[0m
[1m[96m5145[0m [1m[96m|[0m         let v = t.raw / crate::SCALE;
     [1m[96m|[0m                   [1m[91m^^^[0m [1m[91munknown field[0m

[1m[91merror[E0609][0m[1m[97m: no field `raw` on type `FixedI32<UInt<UInt<UInt<UInt<UInt<UTerm, B1>, B0>, B0>, B0>, B0>>`[0m
    [1m[96m--> [0mcrates\engine\src\engine.rs:5284:18
     [1m[96m|[0m
[1m[96m5284[0m [1m[96m|[0m     if effective.raw <= 0 {
     [1m[96m|[0m                  [1m[91m^^^[0m [1m[91munknown field[0m

[1m[91merror[E0609][0m[1m[97m: no field `raw` on type `FixedI32<UInt<UInt<UInt<UInt<UInt<UTerm, B1>, B0>, B0>, B0>, B0>>`[0m
    [1m[96m--> [0mcrates\engine\src\engine.rs:5288:30
     [1m[96m|[0m
[1m[96m5288[0m [1m[96m|[0m     let linear = ((effective.raw as i128) * 1000 / gate.raw.max(1) as i128).min(1000) as u64;
     [1m[96m|[0m                              [1m[91m^^^[0m [1m[91munknown field[0m

[1m[91merror[E0609][0m[1m[97m: no field `raw` on type `FixedI32<UInt<UInt<UInt<UInt<UInt<UTerm, B1>, B0>, B0>, B0>, B0>>`[0m
    [1m[96m--> [0mcrates\engine\src\engine.rs:5288:57
     [1m[96m|[0m
[1m[96m5288[0m [1m[96m|[0m     let linear = ((effective.raw as i128) * 1000 / gate.raw.max(1) as i128).min(1000) as u64;
     [1m[96m|[0m                                                         [1m[91m^^^[0m [1m[91munknown field[0m

[1m[91merror[E0609][0m[1m[97m: no field `raw` on type `FixedI32<UInt<UInt<UInt<UInt<UInt<UTerm, B1>, B0>, B0>, B0>, B0>>`[0m
    [1m[96m--> [0mcrates\engine\src\engine.rs:5296:31
     [1m[96m|[0m
[1m[96m5296[0m [1m[96m|[0m     let by_wood = if wood_per.raw > 0 {
     [1m[96m|[0m                               [1m[91m^^^[0m [1m[91munknown field[0m

[1m[91merror[E0609][0m[1m[97m: no field `raw` on type `FixedI32<UInt<UInt<UInt<UInt<UInt<UTerm, B1>, B0>, B0>, B0>, B0>>`[0m
    [1m[96m--> [0mcrates\engine\src\engine.rs:5297:15
     [1m[96m|[0m
[1m[96m5297[0m [1m[96m|[0m         (wood.raw / wood_per.raw) as usize
     [1m[96m|[0m               [1m[91m^^^[0m [1m[91munknown field[0m

[1m[91merror[E0609][0m[1m[97m: no field `raw` on type `FixedI32<UInt<UInt<UInt<UInt<UInt<UTerm, B1>, B0>, B0>, B0>, B0>>`[0m
    [1m[96m--> [0mcrates\engine\src\engine.rs:5297:30
     [1m[96m|[0m
[1m[96m5297[0m [1m[96m|[0m         (wood.raw / wood_per.raw) as usize
     [1m[96m|[0m                              [1m[91m^^^[0m [1m[91munknown field[0m

[1m[91merror[E0609][0m[1m[97m: no field `raw` on type `FixedI32<UInt<UInt<UInt<UInt<UInt<UTerm, B1>, B0>, B0>, B0>, B0>>`[0m
    [1m[96m--> [0mcrates\engine\src\engine.rs:5301:33
     [1m[96m|[0m
[1m[96m5301[0m [1m[96m|[0m     let by_metal = if metal_per.raw > 0 {
     [1m[96m|[0m                                 [1m[91m^^^[0m [1m[91munknown field[0m

[1m[91merror[E0609][0m[1m[97m: no field `raw` on type `FixedI32<UInt<UInt<UInt<UInt<UInt<UTerm, B1>, B0>, B0>, B0>, B0>>`[0m
    [1m[96m--> [0mcrates\engine\src\engine.rs:5302:16
     [1m[96m|[0m
[1m[96m5302[0m [1m[96m|[0m         (metal.raw / metal_per.raw) as usize
     [1m[96m|[0m                [1m[91m^^^[0m [1m[91munknown field[0m

[1m[91merror[E0609][0m[1m[97m: no field `raw` on type `FixedI32<UInt<UInt<UInt<UInt<UInt<UTerm, B1>, B0>, B0>, B0>, B0>>`[0m
    [1m[96m--> [0mcrates\engine\src\engine.rs:5302:32
     [1m[96m|[0m
[1m[96m5302[0m [1m[96m|[0m         (metal.raw / metal_per.raw) as usize
     [1m[96m|[0m                                [1m[91m^^^[0m [1m[91munknown field[0m

[1m[91merror[E0609][0m[1m[97m: no field `raw` on type `FixedI32<UInt<UInt<UInt<UInt<UInt<UTerm, B1>, B0>, B0>, B0>, B0>>`[0m
    [1m[96m--> [0mcrates\engine\src\engine.rs:5947:10
     [1m[96m|[0m
[1m[96m5947[0m [1m[96m|[0m     ((ta.raw - tb.raw).unsigned_abs() / crate::SCALE) as i64
     [1m[96m|[0m          [1m[91m^^^[0m [1m[91munknown field[0m

[1m[91merror[E0609][0m[1m[97m: no field `raw` on type `FixedI32<UInt<UInt<UInt<UInt<UInt<UTerm, B1>, B0>, B0>, B0>, B0>>`[0m
    [1m[96m--> [0mcrates\engine\src\engine.rs:5947:19
     [1m[96m|[0m
[1m[96m5947[0m [1m[96m|[0m     ((ta.raw - tb.raw).unsigned_abs() / crate::SCALE) as i64
     [1m[96m|[0m                   [1m[91m^^^[0m [1m[91munknown field[0m

[1m[91merror[E0609][0m[1m[97m: no field `raw` on type `FixedI32<UInt<UInt<UInt<UInt<UInt<UTerm, B1>, B0>, B0>, B0>, B0>>`[0m
    [1m[96m--> [0mcrates\engine\src\engine.rs:5989:14
     [1m[96m|[0m
[1m[96m5989[0m [1m[96m|[0m         if a.raw > 0 && b.raw > 0 {
     [1m[96m|[0m              [1m[91m^^^[0m [1m[91munknown field[0m

[1m[91merror[E0609][0m[1m[97m: no field `raw` on type `FixedI32<UInt<UInt<UInt<UInt<UInt<UTerm, B1>, B0>, B0>, B0>, B0>>`[0m
    [1m[96m--> [0mcrates\engine\src\engine.rs:5989:27
     [1m[96m|[0m
[1m[96m5989[0m [1m[96m|[0m         if a.raw > 0 && b.raw > 0 {
     [1m[96m|[0m                           [1m[91m^^^[0m [1m[91munknown field[0m

[1m[91merror[E0609][0m[1m[97m: no field `raw` on type `FixedI32<UInt<UInt<UInt<UInt<UInt<UTerm, B1>, B0>, B0>, B0>, B0>>`[0m
    [1m[96m--> [0mcrates\engine\src\engine.rs:5990:24
     [1m[96m|[0m
[1m[96m5990[0m [1m[96m|[0m             let af = a.raw as f32;
     [1m[96m|[0m                        [1m[91m^^^[0m [1m[91munknown field[0m

[1m[91merror[E0609][0m[1m[97m: no field `raw` on type `FixedI32<UInt<UInt<UInt<UInt<UInt<UTerm, B1>, B0>, B0>, B0>, B0>>`[0m
    [1m[96m--> [0mcrates\engine\src\engine.rs:5991:24
     [1m[96m|[0m
[1m[96m5991[0m [1m[96m|[0m             let bf = b.raw as f32;
     [1m[96m|[0m                        [1m[91m^^^[0m [1m[91munknown field[0m

[1m[91merror[E0609][0m[1m[97m: no field `raw` on type `FixedI32<UInt<UInt<UInt<UInt<UInt<UTerm, B1>, B0>, B0>, B0>, B0>>`[0m
    [1m[96m--> [0mcrates\engine\src\engine.rs:6013:14
     [1m[96m|[0m
[1m[96m6013[0m [1m[96m|[0m         if a.raw == 0 && b.raw == 0 {
     [1m[96m|[0m              [1m[91m^^^[0m [1m[91munknown field[0m

[1m[91merror[E0609][0m[1m[97m: no field `raw` on type `FixedI32<UInt<UInt<UInt<UInt<UInt<UTerm, B1>, B0>, B0>, B0>, B0>>`[0m
    [1m[96m--> [0mcrates\engine\src\engine.rs:6013:28
     [1m[96m|[0m
[1m[96m6013[0m [1m[96m|[0m         if a.raw == 0 && b.raw == 0 {
     [1m[96m|[0m                            [1m[91m^^^[0m [1m[91munknown field[0m

[1m[91merror[E0609][0m[1m[97m: no field `raw` on type `FixedI32<UInt<UInt<UInt<UInt<UInt<UTerm, B1>, B0>, B0>, B0>, B0>>`[0m
    [1m[96m--> [0mcrates\engine\src\engine.rs:6016:20
     [1m[96m|[0m
[1m[96m6016[0m [1m[96m|[0m         let af = a.raw as f32;
     [1m[96m|[0m                    [1m[91m^^^[0m [1m[91munknown field[0m

[1m[91merror[E0609][0m[1m[97m: no field `raw` on type `FixedI32<UInt<UInt<UInt<UInt<UInt<UTerm, B1>, B0>, B0>, B0>, B0>>`[0m
    [1m[96m--> [0mcrates\engine\src\engine.rs:6017:20
     [1m[96m|[0m
[1m[96m6017[0m [1m[96m|[0m         let bf = b.raw as f32;
     [1m[96m|[0m                    [1m[91m^^^[0m [1m[91munknown field[0m

[1m[91merror[E0609][0m[1m[97m: no field `raw` on type `FixedI32<UInt<UInt<UInt<UInt<UInt<UTerm, B1>, B0>, B0>, B0>, B0>>`[0m
    [1m[96m--> [0mcrates\engine\src\engine.rs:6032:39
     [1m[96m|[0m
[1m[96m6032[0m [1m[96m|[0m     let budget_scarce = energy_budget.raw / crate::SCALE < SCARCITY_GATE;
     [1m[96m|[0m                                       [1m[91m^^^[0m [1m[91munknown field[0m

[1m[91merror[E0609][0m[1m[97m: no field `raw` on type `FixedI32<UInt<UInt<UInt<UInt<UInt<UTerm, B1>, B0>, B0>, B0>, B0>>`[0m
    [1m[96m--> [0mcrates\engine\src\engine.rs:6033:30
     [1m[96m|[0m
[1m[96m6033[0m [1m[96m|[0m     let a_scarce = ra.energy.raw / crate::SCALE < SCARCITY_GATE && ra.food.raw / crate::SCALE < SCARCITY_GATE;
     [1m[96m|[0m                              [1m[91m^^^[0m [1m[91munknown field[0m

[1m[91merror[E0609][0m[1m[97m: no field `raw` on type `FixedI32<UInt<UInt<UInt<UInt<UInt<UTerm, B1>, B0>, B0>, B0>, B0>>`[0m
    [1m[96m--> [0mcrates\engine\src\engine.rs:6033:76
     [1m[96m|[0m
[1m[96m6033[0m [1m[96m|[0m     let a_scarce = ra.energy.raw / crate::SCALE < SCARCITY_GATE && ra.food.raw / crate::SCALE < SCARCITY_GATE;
     [1m[96m|[0m                                                                            [1m[91m^^^[0m [1m[91munknown field[0m

[1m[91merror[E0609][0m[1m[97m: no field `raw` on type `FixedI32<UInt<UInt<UInt<UInt<UInt<UTerm, B1>, B0>, B0>, B0>, B0>>`[0m
    [1m[96m--> [0mcrates\engine\src\engine.rs:6034:30
     [1m[96m|[0m
[1m[96m6034[0m [1m[96m|[0m     let b_scarce = rb.energy.raw / crate::SCALE < SCARCITY_GATE && rb.food.raw / crate::SCALE < SCARCITY_GATE;
     [1m[96m|[0m                              [1m[91m^^^[0m [1m[91munknown field[0m

[1m[91merror[E0609][0m[1m[97m: no field `raw` on type `FixedI32<UInt<UInt<UInt<UInt<UInt<UTerm, B1>, B0>, B0>, B0>, B0>>`[0m
    [1m[96m--> [0mcrates\engine\src\engine.rs:6034:76
     [1m[96m|[0m
[1m[96m6034[0m [1m[96m|[0m     let b_scarce = rb.energy.raw / crate::SCALE < SCARCITY_GATE && rb.food.raw / crate::SCALE < SCARCITY_GATE;
     [1m[96m|[0m                                                                            [1m[91m^^^[0m [1m[91munknown field[0m

[1m[91merror[E0609][0m[1m[97m: no field `raw` on type `FixedI32<UInt<UInt<UInt<UInt<UInt<UTerm, B1>, B0>, B0>, B0>, B0>>`[0m
    [1m[96m--> [0mcrates\engine\src\engine.rs:6051:35
     [1m[96m|[0m
[1m[96m6051[0m [1m[96m|[0m         .map(|route| route.volume.raw)
     [1m[96m|[0m                                   [1m[91m^^^[0m [1m[91munknown field[0m

[1m[91merror[E0277][0m[1m[97m: the trait bound `FixedI32<UInt<UInt<UInt<UInt<UInt<UTerm, B1>, B0>, B0>, B0>, B0>>: serde::Serialize` is not satisfied[0m
    [1m[96m--> [0mcrates\engine\src\engine.rs:6253:24
     [1m[96m|[0m
[1m[96m6253[0m [1m[96m|[0m #[derive(Debug, Clone, Serialize, Deserialize)]
     [1m[96m|[0m                        [1m[91m^^^^^^^^^[0m [1m[91mthe trait `Serialize` is not implemented for `FixedI32<UInt<UInt<UInt<UInt<UInt<UTerm, B1>, B0>, B0>, B0>, B0>>`[0m
[1m[96m...[0m
[1m[96m6260[0m [1m[96m|[0m     pub energy_budget: Fixed,
     [1m[96m|[0m     [1m[96m---[0m [1m[96mrequired by a bound introduced by this call[0m
     [1m[96m|[0m
     [1m[96m= [0m[1m[97mnote[0m: for local types consider adding `#[derive(serde::Serialize)]` to your `FixedI32<UInt<UInt<UInt<UInt<UInt<UTerm, B1>, B0>, B0>, B0>, B0>>` type
     [1m[96m= [0m[1m[97mnote[0m: for types from other crates check whether the crate offers a `serde` feature flag
     [1m[96m= [0m[1m[97mhelp[0m: the following other types implement trait `Serialize`:
               &'a T
               &'a mut T
               ()
               (T,)
               (T0, T1)
               (T0, T1, T2)
               (T0, T1, T2, T3)
               (T0, T1, T2, T3, T4)
             and 1004 others
[1m[92mnote[0m: required by a bound in `building_layouts::_::_serde::ser::SerializeStruct::serialize_field`
    [1m[96m--> [0mE:\Dev\.cargo\registry\src\index.crates.io-1949cf8c6b5b557f\serde_core-1.0.228\src\ser\mod.rs:1917:21
     [1m[96m|[0m
[1m[96m1915[0m [1m[96m|[0m     fn serialize_field<T>(&mut self, key: &'static str, value: &T) -> Result<(), Self::Error>
     [1m[96m|[0m        [1m[96m---------------[0m [1m[96mrequired by a bound in this associated function[0m
[1m[96m1916[0m [1m[96m|[0m     where
[1m[96m1917[0m [1m[96m|[0m         T: ?Sized + Serialize;
     [1m[96m|[0m                     [1m[92m^^^^^^^^^[0m [1m[92mrequired by this bound in `SerializeStruct::serialize_field`[0m
     [1m[96m= [0m[1m[97mnote[0m: this error originates in the derive macro `Serialize` (in Nightly builds, run with -Z macro-backtrace for more info)

[1m[91merror[E0277][0m[1m[97m: the trait bound `FixedI32<UInt<UInt<UInt<UInt<UInt<UTerm, B1>, B0>, B0>, B0>, B0>>: serde::Deserialize<'de>` is not satisfied[0m
    [1m[96m--> [0mcrates\engine\src\engine.rs:6260:24
     [1m[96m|[0m
[1m[96m6260[0m [1m[96m|[0m     pub energy_budget: Fixed,
     [1m[96m|[0m                        [1m[91m^^^^^[0m [1m[91mthe trait `Deserialize<'_>` is not implemented for `FixedI32<UInt<UInt<UInt<UInt<UInt<UTerm, B1>, B0>, B0>, B0>, B0>>`[0m
     [1m[96m|[0m
     [1m[96m= [0m[1m[97mnote[0m: for local types consider adding `#[derive(serde::Deserialize)]` to your `FixedI32<UInt<UInt<UInt<UInt<UInt<UTerm, B1>, B0>, B0>, B0>, B0>>` type
     [1m[96m= [0m[1m[97mnote[0m: for types from other crates check whether the crate offers a `serde` feature flag
     [1m[96m= [0m[1m[97mhelp[0m: the following other types implement trait `Deserialize<'de>`:
               `&'a [u8]` implements `Deserialize<'de>`
               `&'a std::path::Path` implements `Deserialize<'de>`
               `&'a str` implements `Deserialize<'de>`
               `()` implements `Deserialize<'de>`
               `(T,)` implements `Deserialize<'de>`
               `(T0, T1)` implements `Deserialize<'de>`
               `(T0, T1, T2)` implements `Deserialize<'de>`
               `(T0, T1, T2, T3)` implements `Deserialize<'de>`
             and 1020 others
[1m[92mnote[0m: required by a bound in `next_element`
    [1m[96m--> [0mE:\Dev\.cargo\registry\src\index.crates.io-1949cf8c6b5b557f\serde_core-1.0.228\src\de\mod.rs:1771:12
     [1m[96m|[0m
[1m[96m1769[0m [1m[96m|[0m     fn next_element<T>(&mut self) -> Result<Option<T>, Self::Error>
     [1m[96m|[0m        [1m[96m------------[0m [1m[96mrequired by a bound in this associated function[0m
[1m[96m1770[0m [1m[96m|[0m     where
[1m[96m1771[0m [1m[96m|[0m         T: Deserialize<'de>,
     [1m[96m|[0m            [1m[92m^^^^^^^^^^^^^^^^[0m [1m[92mrequired by this bound in `SeqAccess::next_element`[0m

[1m[91merror[E0277][0m[1m[97m: the trait bound `FixedI32<UInt<UInt<UInt<UInt<UInt<UTerm, B1>, B0>, B0>, B0>, B0>>: serde::Deserialize<'de>` is not satisfied[0m
    [1m[96m--> [0mcrates\engine\src\engine.rs:6260:24
     [1m[96m|[0m
[1m[96m6260[0m [1m[96m|[0m     pub energy_budget: Fixed,
     [1m[96m|[0m                        [1m[91m^^^^^[0m [1m[91mthe trait `Deserialize<'_>` is not implemented for `FixedI32<UInt<UInt<UInt<UInt<UInt<UTerm, B1>, B0>, B0>, B0>, B0>>`[0m
     [1m[96m|[0m
     [1m[96m= [0m[1m[97mnote[0m: for local types consider adding `#[derive(serde::Deserialize)]` to your `FixedI32<UInt<UInt<UInt<UInt<UInt<UTerm, B1>, B0>, B0>, B0>, B0>>` type
     [1m[96m= [0m[1m[97mnote[0m: for types from other crates check whether the crate offers a `serde` feature flag
     [1m[96m= [0m[1m[97mhelp[0m: the following other types implement trait `Deserialize<'de>`:
               `&'a [u8]` implements `Deserialize<'de>`
               `&'a std::path::Path` implements `Deserialize<'de>`
               `&'a str` implements `Deserialize<'de>`
               `()` implements `Deserialize<'de>`
               `(T,)` implements `Deserialize<'de>`
               `(T0, T1)` implements `Deserialize<'de>`
               `(T0, T1, T2)` implements `Deserialize<'de>`
               `(T0, T1, T2, T3)` implements `Deserialize<'de>`
             and 1020 others
[1m[92mnote[0m: required by a bound in `next_value`
    [1m[96m--> [0mE:\Dev\.cargo\registry\src\index.crates.io-1949cf8c6b5b557f\serde_core-1.0.228\src\de\mod.rs:1916:12
     [1m[96m|[0m
[1m[96m1914[0m [1m[96m|[0m     fn next_value<V>(&mut self) -> Result<V, Self::Error>
     [1m[96m|[0m        [1m[96m----------[0m [1m[96mrequired by a bound in this associated function[0m
[1m[96m1915[0m [1m[96m|[0m     where
[1m[96m1916[0m [1m[96m|[0m         V: Deserialize<'de>,
     [1m[96m|[0m            [1m[92m^^^^^^^^^^^^^^^^[0m [1m[92mrequired by this bound in `MapAccess::next_value`[0m

[1m[91merror[E0277][0m[1m[97m: the trait bound `FixedI32<UInt<UInt<UInt<UInt<UInt<UTerm, B1>, B0>, B0>, B0>, B0>>: serde::Deserialize<'de>` is not satisfied[0m
    [1m[96m--> [0mcrates\engine\src\engine.rs:6253:35
     [1m[96m|[0m
[1m[96m6253[0m [1m[96m|[0m #[derive(Debug, Clone, Serialize, Deserialize)]
     [1m[96m|[0m                                   [1m[91m^^^^^^^^^^^[0m [1m[91mthe trait `Deserialize<'_>` is not implemented for `FixedI32<UInt<UInt<UInt<UInt<UInt<UTerm, B1>, B0>, B0>, B0>, B0>>`[0m
     [1m[96m|[0m
     [1m[96m= [0m[1m[97mnote[0m: for local types consider adding `#[derive(serde::Deserialize)]` to your `FixedI32<UInt<UInt<UInt<UInt<UInt<UTerm, B1>, B0>, B0>, B0>, B0>>` type
     [1m[96m= [0m[1m[97mnote[0m: for types from other crates check whether the crate offers a `serde` feature flag
     [1m[96m= [0m[1m[97mhelp[0m: the following other types implement trait `Deserialize<'de>`:
               `&'a [u8]` implements `Deserialize<'de>`
               `&'a std::path::Path` implements `Deserialize<'de>`
               `&'a str` implements `Deserialize<'de>`
               `()` implements `Deserialize<'de>`
               `(T,)` implements `Deserialize<'de>`
               `(T0, T1)` implements `Deserialize<'de>`
               `(T0, T1, T2)` implements `Deserialize<'de>`
               `(T0, T1, T2, T3)` implements `Deserialize<'de>`
             and 1020 others
[1m[92mnote[0m: required by a bound in `building_layouts::_::_serde::__private228::de::missing_field`
    [1m[96m--> [0mE:\Dev\.cargo\registry\src\index.crates.io-1949cf8c6b5b557f\serde-1.0.228\src\private\de.rs:26:8
     [1m[96m|[0m
[1m[96m  24[0m [1m[96m|[0m pub fn missing_field<'de, V, E>(field: &'static str) -> Result<V, E>
     [1m[96m|[0m        [1m[96m-------------[0m [1m[96mrequired by a bound in this function[0m
[1m[96m  25[0m [1m[96m|[0m where
[1m[96m  26[0m [1m[96m|[0m     V: Deserialize<'de>,
     [1m[96m|[0m        [1m[92m^^^^^^^^^^^^^^^^[0m [1m[92mrequired by this bound in `missing_field`[0m
     [1m[96m= [0m[1m[97mnote[0m: this error originates in the derive macro `Deserialize` (in Nightly builds, run with -Z macro-backtrace for more info)

[1m[91merror[E0308][0m[1m[97m: mismatched types[0m
   [1m[96m--> [0mcrates\engine\src\era.rs:226:23
    [1m[96m|[0m
[1m[96m226[0m [1m[96m|[0m         tick_research(sim, &mut self.faction_tech);
    [1m[96m|[0m         [1m[96m-------------[0m [1m[91m^^^[0m [1m[91mtypes differ in mutability[0m
    [1m[96m|[0m         [1m[96m|[0m
    [1m[96m|[0m         [1m[96marguments to this function are incorrect[0m
    [1m[96m|[0m
    [1m[96m= [0m[1m[97mnote[0m: expected mutable reference `&[1m[35mmut [0mSimulation`
                       found reference `&Simulation`
[1m[92mnote[0m: function defined here
   [1m[96m--> [0mcrates\engine\src\tech.rs:146:8
    [1m[96m|[0m
[1m[96m146[0m [1m[96m|[0m pub fn tick_research(sim: &mut Simulation, tech_by_faction: &mut BTreeMap<u32, FactionTechState>) {
    [1m[96m|[0m        [1m[92m^^^^^^^^^^^^^[0m [1m[96m--------------------[0m

[1m[91merror[E0609][0m[1m[97m: no field `last_tick_unrest_snapshots` on type `WorldState`[0m
  [1m[96m--> [0mcrates\engine\src\faction_decisions.rs:53:10
   [1m[96m|[0m
[1m[96m53[0m [1m[96m|[0m         .last_tick_unrest_snapshots
   [1m[96m|[0m          [1m[91m^^^^^^^^^^^^^^^^^^^^^^^^^^[0m [1m[91munknown field[0m
   [1m[96m|[0m
   [1m[96m= [0m[1m[97mnote[0m: available fields are: `tick`, `population`, `energy_budget_joules`, `rng_seed`, `factions` ... and 6 others

[1m[91merror[E0609][0m[1m[97m: no field `last_tick_cohesion` on type `WorldState`[0m
  [1m[96m--> [0mcrates\engine\src\faction_decisions.rs:65:10
   [1m[96m|[0m
[1m[96m65[0m [1m[96m|[0m         .last_tick_cohesion
   [1m[96m|[0m          [1m[91m^^^^^^^^^^^^^^^^^^[0m [1m[91munknown field[0m
   [1m[96m|[0m
   [1m[96m= [0m[1m[97mnote[0m: available fields are: `tick`, `population`, `energy_budget_joules`, `rng_seed`, `factions` ... and 6 others

[1m[91merror[E0609][0m[1m[97m: no field `last_tick_cohesion` on type `WorldState`[0m
  [1m[96m--> [0mcrates\engine\src\faction_decisions.rs:69:22
   [1m[96m|[0m
[1m[96m69[0m [1m[96m|[0m         / (sim.state.last_tick_cohesion.len() as f32).max(1.0);
   [1m[96m|[0m                      [1m[91m^^^^^^^^^^^^^^^^^^[0m [1m[91munknown field[0m
   [1m[96m|[0m
   [1m[96m= [0m[1m[97mnote[0m: available fields are: `tick`, `population`, `energy_budget_joules`, `rng_seed`, `factions` ... and 6 others

[1m[91merror[E0609][0m[1m[97m: no field `raw` on type `FixedI32<UInt<UInt<UInt<UInt<UInt<UTerm, B1>, B0>, B0>, B0>, B0>>`[0m
  [1m[96m--> [0mcrates\engine\src\faction_decisions.rs:89:30
   [1m[96m|[0m
[1m[96m89[0m [1m[96m|[0m     } else if resources.food.raw > 1000 && relation_score > 0.3 && avg_cohesion > 0.5 {
   [1m[96m|[0m                              [1m[91m^^^[0m [1m[91munknown field[0m

[1m[91merror[E0616][0m[1m[97m: field `voxel` of struct `Simulation` is private[0m
    [1m[96m--> [0mcrates\engine\src\godtools.rs:1194:58
     [1m[96m|[0m
[1m[96m1194[0m [1m[96m|[0m [1m[96m...[0m                   scan_topmost_y(&self.voxel, col_x, col_z, baseline);
     [1m[96m|[0m                                            [1m[91m^^^^^[0m [1m[91mprivate field[0m
     [1m[96m|[0m
[1m[96mhelp[0m: a method `voxel` also exists, call it with parentheses
     [1m[96m|[0m
[1m[96m1194[0m [1m[96m| [0m                                    scan_topmost_y(&self.voxel[92m()[0m, col_x, col_z, baseline);
     [1m[96m|[0m                                                               [92m++[0m

[1m[91merror[E0616][0m[1m[97m: field `voxel` of struct `Simulation` is private[0m
    [1m[96m--> [0mcrates\engine\src\godtools.rs:1268:58
     [1m[96m|[0m
[1m[96m1268[0m [1m[96m|[0m                         let top_y = scan_topmost_y(&self.voxel, col_x, col_z, cy);
     [1m[96m|[0m                                                          [1m[91m^^^^^[0m [1m[91mprivate field[0m
     [1m[96m|[0m
[1m[96mhelp[0m: a method `voxel` also exists, call it with parentheses
     [1m[96m|[0m
[1m[96m1268[0m [1m[96m| [0m                        let top_y = scan_topmost_y(&self.voxel[92m()[0m, col_x, col_z, cy);
     [1m[96m|[0m                                                               [92m++[0m

[1m[91merror[E0616][0m[1m[97m: field `voxel` of struct `Simulation` is private[0m
    [1m[96m--> [0mcrates\engine\src\godtools.rs:1299:58
     [1m[96m|[0m
[1m[96m1299[0m [1m[96m|[0m                         let top_y = scan_topmost_y(&self.voxel, col_x, col_z, cy);
     [1m[96m|[0m                                                          [1m[91m^^^^^[0m [1m[91mprivate field[0m
     [1m[96m|[0m
[1m[96mhelp[0m: a method `voxel` also exists, call it with parentheses
     [1m[96m|[0m
[1m[96m1299[0m [1m[96m| [0m                        let top_y = scan_topmost_y(&self.voxel[92m()[0m, col_x, col_z, cy);
     [1m[96m|[0m                                                               [92m++[0m

[1m[91merror[E0616][0m[1m[97m: field `voxel` of struct `Simulation` is private[0m
    [1m[96m--> [0mcrates\engine\src\godtools.rs:1339:58
     [1m[96m|[0m
[1m[96m1339[0m [1m[96m|[0m                         let top_y = scan_topmost_y(&self.voxel, col_x, col_z, cy);
     [1m[96m|[0m                                                          [1m[91m^^^^^[0m [1m[91mprivate field[0m
     [1m[96m|[0m
[1m[96mhelp[0m: a method `voxel` also exists, call it with parentheses
     [1m[96m|[0m
[1m[96m1339[0m [1m[96m| [0m                        let top_y = scan_topmost_y(&self.voxel[92m()[0m, col_x, col_z, cy);
     [1m[96m|[0m                                                               [92m++[0m

[1m[91merror[E0308][0m[1m[97m: mismatched types[0m
    [1m[96m--> [0mcrates\engine\src\godtools.rs:1367:41
     [1m[96m|[0m
[1m[96m1367[0m [1m[96m|[0m                 let target = MaterialId(req.aux_id as u8);
     [1m[96m|[0m                              [1m[96m----------[0m [1m[91m^^^^^^^^^^^^^^^^[0m [1m[91mexpected `u16`, found `u8`[0m
     [1m[96m|[0m                              [1m[96m|[0m
     [1m[96m|[0m                              [1m[96marguments to this struct are incorrect[0m
     [1m[96m|[0m
[1m[92mnote[0m: tuple struct defined here
    [1m[96m--> [0mE:\Dev\.cargo\git\checkouts\phenotype-gfx-8c434bb1d9734182\7ed2721\src\voxel\material.rs:11:12
     [1m[96m|[0m
[1m[96m  11[0m [1m[96m|[0m pub struct MaterialId(pub u16);
     [1m[96m|[0m            [1m[92m^^^^^^^^^^[0m
[1m[96mhelp[0m: you can convert a `u8` to a `u16`
     [1m[96m|[0m
[1m[96m1367[0m [1m[96m| [0m                let target = MaterialId([92m([0mreq.aux_id as u8[92m).into()[0m);
     [1m[96m|[0m                                         [92m+[0m                [92m++++++++[0m

[1m[91merror[E0616][0m[1m[97m: field `voxel` of struct `Simulation` is private[0m
    [1m[96m--> [0mcrates\engine\src\godtools.rs:1375:58
     [1m[96m|[0m
[1m[96m1375[0m [1m[96m|[0m                         let top_y = scan_topmost_y(&self.voxel, col_x, col_z, cy);
     [1m[96m|[0m                                                          [1m[91m^^^^^[0m [1m[91mprivate field[0m
     [1m[96m|[0m
[1m[96mhelp[0m: a method `voxel` also exists, call it with parentheses
     [1m[96m|[0m
[1m[96m1375[0m [1m[96m| [0m                        let top_y = scan_topmost_y(&self.voxel[92m()[0m, col_x, col_z, cy);
     [1m[96m|[0m                                                               [92m++[0m

[1m[91merror[E0616][0m[1m[97m: field `voxel` of struct `Simulation` is private[0m
    [1m[96m--> [0mcrates\engine\src\godtools.rs:1412:58
     [1m[96m|[0m
[1m[96m1412[0m [1m[96m|[0m                         let top_y = scan_topmost_y(&self.voxel, col_x, col_z, cy);
     [1m[96m|[0m                                                          [1m[91m^^^^^[0m [1m[91mprivate field[0m
     [1m[96m|[0m
[1m[96mhelp[0m: a method `voxel` also exists, call it with parentheses
     [1m[96m|[0m
[1m[96m1412[0m [1m[96m| [0m                        let top_y = scan_topmost_y(&self.voxel[92m()[0m, col_x, col_z, cy);
     [1m[96m|[0m                                                               [92m++[0m

[1m[91merror[E0308][0m[1m[97m: mismatched types[0m
    [1m[96m--> [0mcrates\engine\src\godtools.rs:1479:33
     [1m[96m|[0m
[1m[96m1479[0m [1m[96m|[0m         let target = MaterialId(req.material_id as u8);
     [1m[96m|[0m                      [1m[96m----------[0m [1m[91m^^^^^^^^^^^^^^^^^^^^^[0m [1m[91mexpected `u16`, found `u8`[0m
     [1m[96m|[0m                      [1m[96m|[0m
     [1m[96m|[0m                      [1m[96marguments to this struct are incorrect[0m
     [1m[96m|[0m
[1m[92mnote[0m: tuple struct defined here
    [1m[96m--> [0mE:\Dev\.cargo\git\checkouts\phenotype-gfx-8c434bb1d9734182\7ed2721\src\voxel\material.rs:11:12
     [1m[96m|[0m
[1m[96m  11[0m [1m[96m|[0m pub struct MaterialId(pub u16);
     [1m[96m|[0m            [1m[92m^^^^^^^^^^[0m
[1m[96mhelp[0m: you can convert a `u8` to a `u16`
     [1m[96m|[0m
[1m[96m1479[0m [1m[96m| [0m        let target = MaterialId([92m([0mreq.material_id as u8[92m).into()[0m);
     [1m[96m|[0m                                 [92m+[0m                     [92m++++++++[0m

[1m[91merror[E0616][0m[1m[97m: field `voxel` of struct `Simulation` is private[0m
    [1m[96m--> [0mcrates\engine\src\godtools.rs:1544:58
     [1m[96m|[0m
[1m[96m1544[0m [1m[96m|[0m                         let top_y = scan_topmost_y(&self.voxel, col_x, col_z, cy);
     [1m[96m|[0m                                                          [1m[91m^^^^^[0m [1m[91mprivate field[0m
     [1m[96m|[0m
[1m[96mhelp[0m: a method `voxel` also exists, call it with parentheses
     [1m[96m|[0m
[1m[96m1544[0m [1m[96m| [0m                        let top_y = scan_topmost_y(&self.voxel[92m()[0m, col_x, col_z, cy);
     [1m[96m|[0m                                                               [92m++[0m

[1m[91merror[E0616][0m[1m[97m: field `voxel` of struct `Simulation` is private[0m
    [1m[96m--> [0mcrates\engine\src\godtools.rs:1634:54
     [1m[96m|[0m
[1m[96m1634[0m [1m[96m|[0m [1m[96m...[0m                   scan_topmost_y(&self.voxel, col_x, col_z, cy);
     [1m[96m|[0m                                            [1m[91m^^^^^[0m [1m[91mprivate field[0m
     [1m[96m|[0m
[1m[96mhelp[0m: a method `voxel` also exists, call it with parentheses
     [1m[96m|[0m
[1m[96m1634[0m [1m[96m| [0m                                scan_topmost_y(&self.voxel[92m()[0m, col_x, col_z, cy);
     [1m[96m|[0m                                                           [92m++[0m

[1m[91merror[E0616][0m[1m[97m: field `voxel` of struct `Simulation` is private[0m
    [1m[96m--> [0mcrates\engine\src\godtools.rs:1667:54
     [1m[96m|[0m
[1m[96m1667[0m [1m[96m|[0m [1m[96m...[0m                   scan_topmost_y(&self.voxel, col_x, col_z, cy);
     [1m[96m|[0m                                            [1m[91m^^^^^[0m [1m[91mprivate field[0m
     [1m[96m|[0m
[1m[96mhelp[0m: a method `voxel` also exists, call it with parentheses
     [1m[96m|[0m
[1m[96m1667[0m [1m[96m| [0m                                scan_topmost_y(&self.voxel[92m()[0m, col_x, col_z, cy);
     [1m[96m|[0m                                                           [92m++[0m

[1m[91merror[E0616][0m[1m[97m: field `voxel` of struct `Simulation` is private[0m
    [1m[96m--> [0mcrates\engine\src\godtools.rs:1718:50
     [1m[96m|[0m
[1m[96m1718[0m [1m[96m|[0m [1m[96m...[0m                   scan_topmost_y(&self.voxel, col_x, col_z, cy);
     [1m[96m|[0m                                            [1m[91m^^^^^[0m [1m[91mprivate field[0m
     [1m[96m|[0m
[1m[96mhelp[0m: a method `voxel` also exists, call it with parentheses
     [1m[96m|[0m
[1m[96m1718[0m [1m[96m| [0m                            scan_topmost_y(&self.voxel[92m()[0m, col_x, col_z, cy);
     [1m[96m|[0m                                                       [92m++[0m

[1m[91merror[E0616][0m[1m[97m: field `voxel` of struct `Simulation` is private[0m
    [1m[96m--> [0mcrates\engine\src\godtools.rs:2007:51
     [1m[96m|[0m
[1m[96m2007[0m [1m[96m|[0m                     let top = topmost_voxel(&self.voxel, cell);
     [1m[96m|[0m                                                   [1m[91m^^^^^[0m [1m[91mprivate field[0m
     [1m[96m|[0m
[1m[96mhelp[0m: a method `voxel` also exists, call it with parentheses
     [1m[96m|[0m
[1m[96m2007[0m [1m[96m| [0m                    let top = topmost_voxel(&self.voxel[92m()[0m, cell);
     [1m[96m|[0m                                                        [92m++[0m

[1m[91merror[E0599][0m[1m[97m: no associated function or constant named `PLANT` found for struct `MaterialId` in the current scope[0m
    [1m[96m--> [0mcrates\engine\src\godtools.rs:2010:42
     [1m[96m|[0m
[1m[96m2010[0m [1m[96m|[0m                         Some(MaterialId::PLANT) | Some(MaterialId::MOSS) | Some(MaterialId::WOOD)
     [1m[96m|[0m                                          [1m[91m^^^^^[0m [1m[91massociated function or constant not found in `MaterialId`[0m

[1m[91merror[E0599][0m[1m[97m: no associated function or constant named `MOSS` found for struct `MaterialId` in the current scope[0m
    [1m[96m--> [0mcrates\engine\src\godtools.rs:2010:68
     [1m[96m|[0m
[1m[96m2010[0m [1m[96m|[0m                         Some(MaterialId::PLANT) | Some(MaterialId::MOSS) | Some(MaterialId::WOOD)
     [1m[96m|[0m                                                                    [1m[91m^^^^[0m [1m[91massociated function or constant not found in `MaterialId`[0m

[1m[91merror[E0599][0m[1m[97m: no associated function or constant named `WOOD` found for struct `MaterialId` in the current scope[0m
    [1m[96m--> [0mcrates\engine\src\godtools.rs:2010:93
     [1m[96m|[0m
[1m[96m2010[0m [1m[96m|[0m                         Some(MaterialId::PLANT) | Some(MaterialId::MOSS) | Some(MaterialId::WOOD)
     [1m[96m|[0m                                                                                             [1m[91m^^^^[0m [1m[91massociated function or constant not found in `MaterialId`[0m

[1m[91merror[E0599][0m[1m[97m: no associated function or constant named `AIR` found for struct `MaterialId` in the current scope[0m
    [1m[96m--> [0mcrates\engine\src\godtools.rs:2012:43
     [1m[96m|[0m
[1m[96m2012[0m [1m[96m|[0m                     if mat != MaterialId::AIR && mat != MaterialId::WATER {
     [1m[96m|[0m                                           [1m[91m^^^[0m [1m[91massociated function or constant not found in `MaterialId`[0m

[1m[91merror[E0599][0m[1m[97m: no associated function or constant named `WATER` found for struct `MaterialId` in the current scope[0m
    [1m[96m--> [0mcrates\engine\src\godtools.rs:2012:69
     [1m[96m|[0m
[1m[96m2012[0m [1m[96m|[0m                     if mat != MaterialId::AIR && mat != MaterialId::WATER {
     [1m[96m|[0m                                                                     [1m[91m^^^^^[0m [1m[91massociated function or constant not found in `MaterialId`[0m

[1m[91merror[E0599][0m[1m[97m: no associated function or constant named `LAVA` found for struct `MaterialId` in the current scope[0m
    [1m[96m--> [0mcrates\engine\src\godtools.rs:2015:65
     [1m[96m|[0m
[1m[96m2015[0m [1m[96m|[0m                         self.push_voxel_write(cell, MaterialId::LAVA);
     [1m[96m|[0m                                                                 [1m[91m^^^^[0m [1m[91massociated function or constant not found in `MaterialId`[0m

[1m[91merror[E0599][0m[1m[97m: no associated function or constant named `LAVA` found for struct `MaterialId` in the current scope[0m
    [1m[96m--> [0mcrates\engine\src\godtools.rs:2019:65
     [1m[96m|[0m
[1m[96m2019[0m [1m[96m|[0m                         self.push_voxel_write(cell, MaterialId::LAVA);
     [1m[96m|[0m                                                                 [1m[91m^^^^[0m [1m[91massociated function or constant not found in `MaterialId`[0m

[1m[91merror[E0599][0m[1m[97m: no associated function or constant named `WATER` found for struct `MaterialId` in the current scope[0m
    [1m[96m--> [0mcrates\engine\src\godtools.rs:2068:54
     [1m[96m|[0m
[1m[96m2068[0m [1m[96m|[0m                     let next = if mat == MaterialId::WATER {
     [1m[96m|[0m                                                      [1m[91m^^^^^[0m [1m[91massociated function or constant not found in `MaterialId`[0m

[1m[91merror[E0599][0m[1m[97m: no associated function or constant named `STEAM` found for struct `MaterialId` in the current scope[0m
    [1m[96m--> [0mcrates\engine\src\godtools.rs:2069:37
     [1m[96m|[0m
[1m[96m2069[0m [1m[96m|[0m                         MaterialId::STEAM
     [1m[96m|[0m                                     [1m[91m^^^^^[0m [1m[91massociated function or constant not found in `MaterialId`[0m

[1m[91merror[E0599][0m[1m[97m: no associated function or constant named `AIR` found for struct `MaterialId` in the current scope[0m
    [1m[96m--> [0mcrates\engine\src\godtools.rs:2071:37
     [1m[96m|[0m
[1m[96m2071[0m [1m[96m|[0m                         MaterialId::AIR
     [1m[96m|[0m                                     [1m[91m^^^[0m [1m[91massociated function or constant not found in `MaterialId`[0m

[1m[91merror[E0599][0m[1m[97m: no associated function or constant named `LAVA` found for struct `MaterialId` in the current scope[0m
    [1m[96m--> [0mcrates\engine\src\godtools.rs:2106:61
     [1m[96m|[0m
[1m[96m2106[0m [1m[96m|[0m                     self.push_voxel_write(cell, MaterialId::LAVA);
     [1m[96m|[0m                                                             [1m[91m^^^^[0m [1m[91massociated function or constant not found in `MaterialId`[0m

[1m[91merror[E0599][0m[1m[97m: no associated function or constant named `STEAM` found for struct `MaterialId` in the current scope[0m
    [1m[96m--> [0mcrates\engine\src\godtools.rs:2116:61
     [1m[96m|[0m
[1m[96m2116[0m [1m[96m|[0m                     self.push_voxel_write(cell, MaterialId::STEAM);
     [1m[96m|[0m                                                             [1m[91m^^^^^[0m [1m[91massociated function or constant not found in `MaterialId`[0m

[1m[91merror[E0609][0m[1m[97m: no field `raw` on type `FixedI32<UInt<UInt<UInt<UInt<UInt<UTerm, B1>, B0>, B0>, B0>, B0>>`[0m
  [1m[96m--> [0mcrates\engine\src\invariants.rs:51:39
   [1m[96m|[0m
[1m[96m51[0m [1m[96m|[0m     if sim.state.energy_budget_joules.raw < Fixed::ZERO.raw {
   [1m[96m|[0m                                       [1m[91m^^^[0m [1m[91munknown field[0m

[1m[91merror[E0609][0m[1m[97m: no field `raw` on type `FixedI32<UInt<UInt<UInt<UInt<UInt<UTerm, B1>, B0>, B0>, B0>, B0>>`[0m
  [1m[96m--> [0mcrates\engine\src\invariants.rs:51:57
   [1m[96m|[0m
[1m[96m51[0m [1m[96m|[0m     if sim.state.energy_budget_joules.raw < Fixed::ZERO.raw {
   [1m[96m|[0m                                                         [1m[91m^^^[0m [1m[91munknown field[0m

[1m[91merror[E0609][0m[1m[97m: no field `raw` on type `FixedI32<UInt<UInt<UInt<UInt<UInt<UTerm, B1>, B0>, B0>, B0>, B0>>`[0m
  [1m[96m--> [0mcrates\engine\src\invariants.rs:53:49
   [1m[96m|[0m
[1m[96m53[0m [1m[96m|[0m             raw: sim.state.energy_budget_joules.raw,
   [1m[96m|[0m                                                 [1m[91m^^^[0m [1m[91munknown field[0m

[1m[91merror[E0599][0m[1m[97m: no method named `next_u32` found for struct `ChaCha8Rng` in the current scope[0m
   [1m[96m--> [0mcrates\engine\src\language.rs:136:32
    [1m[96m|[0m
[1m[96m136[0m [1m[96m|[0m     let feature_len = 2 + (rng.next_u32() % 2) as usize;
    [1m[96m|[0m                                [1m[91m^^^^^^^^[0m
    [1m[96m|[0m
   [1m[96m::: [0mE:\Dev\.cargo\registry\src\index.crates.io-1949cf8c6b5b557f\rand_core-0.6.4\src\lib.rs:148:8
    [1m[96m|[0m
[1m[96m148[0m [1m[96m|[0m     fn next_u32(&mut self) -> u32;
    [1m[96m|[0m        [1m[96m--------[0m [1m[96mthe method is available for `ChaCha8Rng` here[0m
    [1m[96m|[0m
    [1m[96m= [0m[1m[97mhelp[0m: items from traits can only be used if the trait is in scope
[1m[96mhelp[0m: trait `RngCore` which provides `next_u32` is implemented but not in scope; perhaps you want to import it
    [1m[96m|[0m
[1m[96m  1[0m [92m+ use rand::RngCore;[0m
    [1m[96m|[0m
[1m[96mhelp[0m: there is a method `next_u64` with a similar name
    [1m[96m|[0m
[1m[96m136[0m [91m- [0m    let feature_len = 2 + (rng.[91mnext_u32[0m() % 2) as usize;
[1m[96m136[0m [92m+ [0m    let feature_len = 2 + (rng.[92mnext_u64[0m() % 2) as usize;
    [1m[96m|[0m

[1m[91merror[E0599][0m[1m[97m: no method named `next_u32` found for struct `ChaCha8Rng` in the current scope[0m
   [1m[96m--> [0mcrates\engine\src\language.rs:141:30
    [1m[96m|[0m
[1m[96m141[0m [1m[96m|[0m             let drift = (rng.next_u32() as f32 / u32::MAX as f32 - 0.5) * 0.4;
    [1m[96m|[0m                              [1m[91m^^^^^^^^[0m
    [1m[96m|[0m
   [1m[96m::: [0mE:\Dev\.cargo\registry\src\index.crates.io-1949cf8c6b5b557f\rand_core-0.6.4\src\lib.rs:148:8
    [1m[96m|[0m
[1m[96m148[0m [1m[96m|[0m     fn next_u32(&mut self) -> u32;
    [1m[96m|[0m        [1m[96m--------[0m [1m[96mthe method is available for `ChaCha8Rng` here[0m
    [1m[96m|[0m
    [1m[96m= [0m[1m[97mhelp[0m: items from traits can only be used if the trait is in scope
[1m[96mhelp[0m: trait `RngCore` which provides `next_u32` is implemented but not in scope; perhaps you want to import it
    [1m[96m|[0m
[1m[96m  1[0m [92m+ use rand::RngCore;[0m
    [1m[96m|[0m
[1m[96mhelp[0m: there is a method `next_u64` with a similar name
    [1m[96m|[0m
[1m[96m141[0m [91m- [0m            let drift = (rng.[91mnext_u32[0m() as f32 / u32::MAX as f32 - 0.5) * 0.4;
[1m[96m141[0m [92m+ [0m            let drift = (rng.[92mnext_u64[0m() as f32 / u32::MAX as f32 - 0.5) * 0.4;
    [1m[96m|[0m

[1m[91merror[E0277][0m[1m[97m: the trait bound `civ_institutions::InstitutionKind: std::cmp::Ord` is not satisfied[0m
    [1m[96m--> [0mcrates\engine\src\save.rs:52:33
     [1m[96m|[0m
[1m[96m  52[0m [1m[96m|[0m     institution_levels_emitted: BTreeSet<(u32, InstitutionKind, u8)>,
     [1m[96m|[0m                                 [1m[91m^^^^^^^^^^^^^^^^^^^^^^^^^^^^^^^^^^^^[0m [1m[91mthe trait `std::cmp::Ord` is not implemented for `civ_institutions::InstitutionKind`[0m
     [1m[96m|[0m
[1m[96mhelp[0m: the trait `Deserialize<'_>` [1m[35mis[0m implemented for `[1m[35mBTreeSet<T>[0m`
    [1m[96m--> [0mE:\Dev\.cargo\registry\src\index.crates.io-1949cf8c6b5b557f\serde_core-1.0.228\src\de\impls.rs:989:9
     [1m[96m|[0m
[1m[96m 989[0m [1m[96m|[0m [1m[96m/[0m         impl<'de, T $(, $typaram)*> Deserialize<'de> for $ty<T $(, $typaram)*>
[1m[96m 990[0m [1m[96m|[0m [1m[96m|[0m         where
[1m[96m 991[0m [1m[96m|[0m [1m[96m|[0m             T: Deserialize<'de> $(+ $tbound1 $(+ $tbound2)*)*,
     [1m[96m|[0m [1m[96m|______________________________________________________________^[0m
[1m[96m...[0m
[1m[96m1087[0m [1m[96m|[0m [1m[96m/[0m seq_impl!(
[1m[96m1088[0m [1m[96m|[0m [1m[96m|[0m     #[cfg(any(feature = "std", feature = "alloc"))]
[1m[96m1089[0m [1m[96m|[0m [1m[96m|[0m     #[cfg_attr(docsrs, doc(cfg(any(feature = "std", feature = "alloc"))))]
[1m[96m1090[0m [1m[96m|[0m [1m[96m|[0m     BTreeSet<T: Eq + Ord>,
[1m[96m...[0m    [1m[96m|[0m
[1m[96m1095[0m [1m[96m|[0m [1m[96m|[0m     BTreeSet::insert
[1m[96m1096[0m [1m[96m|[0m [1m[96m|[0m );
     [1m[96m|[0m [1m[96m|_-[0m [1m[96min this macro invocation[0m
     [1m[96m= [0m[1m[97mnote[0m: required for `(u32, civ_institutions::InstitutionKind, u8)` to implement `std::cmp::Ord`
     [1m[96m= [0m[1m[97mnote[0m: required for `BTreeSet<(u32, civ_institutions::InstitutionKind, u8)>` to implement `Deserialize<'_>`
[1m[92mnote[0m: required by a bound in `next_element`
    [1m[96m--> [0mE:\Dev\.cargo\registry\src\index.crates.io-1949cf8c6b5b557f\serde_core-1.0.228\src\de\mod.rs:1771:12
     [1m[96m|[0m
[1m[96m1769[0m [1m[96m|[0m     fn next_element<T>(&mut self) -> Result<Option<T>, Self::Error>
     [1m[96m|[0m        [1m[96m------------[0m [1m[96mrequired by a bound in this associated function[0m
[1m[96m1770[0m [1m[96m|[0m     where
[1m[96m1771[0m [1m[96m|[0m         T: Deserialize<'de>,
     [1m[96m|[0m            [1m[92m^^^^^^^^^^^^^^^^[0m [1m[92mrequired by this bound in `SeqAccess::next_element`[0m
     [1m[96m= [0m[1m[97mnote[0m: this error originates in the macro `seq_impl` (in Nightly builds, run with -Z macro-backtrace for more info)

[1m[91merror[E0277][0m[1m[97m: the trait bound `civ_institutions::InstitutionKind: std::cmp::Ord` is not satisfied[0m
    [1m[96m--> [0mcrates\engine\src\save.rs:52:33
     [1m[96m|[0m
[1m[96m  52[0m [1m[96m|[0m     institution_levels_emitted: BTreeSet<(u32, InstitutionKind, u8)>,
     [1m[96m|[0m                                 [1m[91m^^^^^^^^^^^^^^^^^^^^^^^^^^^^^^^^^^^^[0m [1m[91mthe trait `std::cmp::Ord` is not implemented for `civ_institutions::InstitutionKind`[0m
     [1m[96m|[0m
[1m[96mhelp[0m: the trait `Deserialize<'_>` [1m[35mis[0m implemented for `[1m[35mBTreeSet<T>[0m`
    [1m[96m--> [0mE:\Dev\.cargo\registry\src\index.crates.io-1949cf8c6b5b557f\serde_core-1.0.228\src\de\impls.rs:989:9
     [1m[96m|[0m
[1m[96m 989[0m [1m[96m|[0m [1m[96m/[0m         impl<'de, T $(, $typaram)*> Deserialize<'de> for $ty<T $(, $typaram)*>
[1m[96m 990[0m [1m[96m|[0m [1m[96m|[0m         where
[1m[96m 991[0m [1m[96m|[0m [1m[96m|[0m             T: Deserialize<'de> $(+ $tbound1 $(+ $tbound2)*)*,
     [1m[96m|[0m [1m[96m|______________________________________________________________^[0m
[1m[96m...[0m
[1m[96m1087[0m [1m[96m|[0m [1m[96m/[0m seq_impl!(
[1m[96m1088[0m [1m[96m|[0m [1m[96m|[0m     #[cfg(any(feature = "std", feature = "alloc"))]
[1m[96m1089[0m [1m[96m|[0m [1m[96m|[0m     #[cfg_attr(docsrs, doc(cfg(any(feature = "std", feature = "alloc"))))]
[1m[96m1090[0m [1m[96m|[0m [1m[96m|[0m     BTreeSet<T: Eq + Ord>,
[1m[96m...[0m    [1m[96m|[0m
[1m[96m1095[0m [1m[96m|[0m [1m[96m|[0m     BTreeSet::insert
[1m[96m1096[0m [1m[96m|[0m [1m[96m|[0m );
     [1m[96m|[0m [1m[96m|_-[0m [1m[96min this macro invocation[0m
     [1m[96m= [0m[1m[97mnote[0m: required for `(u32, civ_institutions::InstitutionKind, u8)` to implement `std::cmp::Ord`
     [1m[96m= [0m[1m[97mnote[0m: required for `BTreeSet<(u32, civ_institutions::InstitutionKind, u8)>` to implement `Deserialize<'_>`
[1m[92mnote[0m: required by a bound in `next_value`
    [1m[96m--> [0mE:\Dev\.cargo\registry\src\index.crates.io-1949cf8c6b5b557f\serde_core-1.0.228\src\de\mod.rs:1916:12
     [1m[96m|[0m
[1m[96m1914[0m [1m[96m|[0m     fn next_value<V>(&mut self) -> Result<V, Self::Error>
     [1m[96m|[0m        [1m[96m----------[0m [1m[96mrequired by a bound in this associated function[0m
[1m[96m1915[0m [1m[96m|[0m     where
[1m[96m1916[0m [1m[96m|[0m         V: Deserialize<'de>,
     [1m[96m|[0m            [1m[92m^^^^^^^^^^^^^^^^[0m [1m[92mrequired by this bound in `MapAccess::next_value`[0m
     [1m[96m= [0m[1m[97mnote[0m: this error originates in the macro `seq_impl` (in Nightly builds, run with -Z macro-backtrace for more info)

[1m[91merror[E0277][0m[1m[97m: the trait bound `civ_institutions::InstitutionKind: std::cmp::Ord` is not satisfied[0m
    [1m[96m--> [0mcrates\engine\src\save.rs:31:46
     [1m[96m|[0m
[1m[96m  31[0m [1m[96m|[0m #[derive(Debug, Clone, PartialEq, Serialize, Deserialize)]
     [1m[96m|[0m                                              [1m[91m^^^^^^^^^^^[0m [1m[91mthe trait `std::cmp::Ord` is not implemented for `civ_institutions::InstitutionKind`[0m
     [1m[96m|[0m
[1m[96mhelp[0m: the trait `Deserialize<'_>` [1m[35mis[0m implemented for `[1m[35mBTreeSet<T>[0m`
    [1m[96m--> [0mE:\Dev\.cargo\registry\src\index.crates.io-1949cf8c6b5b557f\serde_core-1.0.228\src\de\impls.rs:989:9
     [1m[96m|[0m
[1m[96m 989[0m [1m[96m|[0m [1m[96m/[0m         impl<'de, T $(, $typaram)*> Deserialize<'de> for $ty<T $(, $typaram)*>
[1m[96m 990[0m [1m[96m|[0m [1m[96m|[0m         where
[1m[96m 991[0m [1m[96m|[0m [1m[96m|[0m             T: Deserialize<'de> $(+ $tbound1 $(+ $tbound2)*)*,
     [1m[96m|[0m [1m[96m|______________________________________________________________^[0m
[1m[96m...[0m
[1m[96m1087[0m [1m[96m|[0m [1m[96m/[0m seq_impl!(
[1m[96m1088[0m [1m[96m|[0m [1m[96m|[0m     #[cfg(any(feature = "std", feature = "alloc"))]
[1m[96m1089[0m [1m[96m|[0m [1m[96m|[0m     #[cfg_attr(docsrs, doc(cfg(any(feature = "std", feature = "alloc"))))]
[1m[96m1090[0m [1m[96m|[0m [1m[96m|[0m     BTreeSet<T: Eq + Ord>,
[1m[96m...[0m    [1m[96m|[0m
[1m[96m1095[0m [1m[96m|[0m [1m[96m|[0m     BTreeSet::insert
[1m[96m1096[0m [1m[96m|[0m [1m[96m|[0m );
     [1m[96m|[0m [1m[96m|_-[0m [1m[96min this macro invocation[0m
     [1m[96m= [0m[1m[97mnote[0m: required for `(u32, civ_institutions::InstitutionKind, u8)` to implement `std::cmp::Ord`
     [1m[96m= [0m[1m[97mnote[0m: required for `BTreeSet<(u32, civ_institutions::InstitutionKind, u8)>` to implement `Deserialize<'_>`
[1m[92mnote[0m: required by a bound in `building_layouts::_::_serde::__private228::de::missing_field`
    [1m[96m--> [0mE:\Dev\.cargo\registry\src\index.crates.io-1949cf8c6b5b557f\serde-1.0.228\src\private\de.rs:26:8
     [1m[96m|[0m
[1m[96m  24[0m [1m[96m|[0m pub fn missing_field<'de, V, E>(field: &'static str) -> Result<V, E>
     [1m[96m|[0m        [1m[96m-------------[0m [1m[96mrequired by a bound in this function[0m
[1m[96m  25[0m [1m[96m|[0m where
[1m[96m  26[0m [1m[96m|[0m     V: Deserialize<'de>,
     [1m[96m|[0m        [1m[92m^^^^^^^^^^^^^^^^[0m [1m[92mrequired by this bound in `missing_field`[0m
     [1m[96m= [0m[1m[97mnote[0m: this error originates in the derive macro `Deserialize` which comes from the expansion of the macro `seq_impl` (in Nightly builds, run with -Z macro-backtrace for more info)

[1m[91merror[E0308][0m[1m[97m: mismatched types[0m
    [1m[96m--> [0mcrates\engine\src\save.rs:251:41
     [1m[96m|[0m
[1m[96m 251[0m [1m[96m|[0m     let mut sim = Simulation::with_seed(saved.state.rng_seed);
     [1m[96m|[0m                   [1m[96m---------------------[0m [1m[91m^^^^^^^^^^^^^^^^^^^^[0m [1m[91mexpected `SimSeed`, found `u64`[0m
     [1m[96m|[0m                   [1m[96m|[0m
     [1m[96m|[0m                   [1m[96marguments to this function are incorrect[0m
     [1m[96m|[0m
[1m[92mnote[0m: associated function defined here
    [1m[96m--> [0mcrates\engine\src\engine.rs:1557:12
     [1m[96m|[0m
[1m[96m1557[0m [1m[96m|[0m     pub fn with_seed(seed: SimSeed) -> Self {
     [1m[96m|[0m            [1m[92m^^^^^^^^^[0m [1m[96m-------------[0m
[1m[96mhelp[0m: try wrapping the expression in `engine::SimSeed`
     [1m[96m|[0m
[1m[96m 251[0m [1m[96m| [0m    let mut sim = Simulation::with_seed([92mengine::SimSeed([0msaved.state.rng_seed[92m)[0m);
     [1m[96m|[0m                                         [92m++++++++++++++++[0m                    [92m+[0m

[1m[91merror[E0308][0m[1m[97m: mismatched types[0m
    [1m[96m--> [0mcrates\engine\src\scenario.rs:280:45
     [1m[96m|[0m
[1m[96m 280[0m [1m[96m|[0m         let mut sim = Simulation::with_seed(rng_seed);
     [1m[96m|[0m                       [1m[96m---------------------[0m [1m[91m^^^^^^^^[0m [1m[91mexpected `SimSeed`, found `u64`[0m
     [1m[96m|[0m                       [1m[96m|[0m
     [1m[96m|[0m                       [1m[96marguments to this function are incorrect[0m
     [1m[96m|[0m
[1m[92mnote[0m: associated function defined here
    [1m[96m--> [0mcrates\engine\src\engine.rs:1557:12
     [1m[96m|[0m
[1m[96m1557[0m [1m[96m|[0m     pub fn with_seed(seed: SimSeed) -> Self {
     [1m[96m|[0m            [1m[92m^^^^^^^^^[0m [1m[96m-------------[0m
[1m[96mhelp[0m: try wrapping the expression in `engine::SimSeed`
     [1m[96m|[0m
[1m[96m 280[0m [1m[96m| [0m        let mut sim = Simulation::with_seed([92mengine::SimSeed([0mrng_seed[92m)[0m);
     [1m[96m|[0m                                             [92m++++++++++++++++[0m        [92m+[0m

[1m[93mwarning[0m[1m[97m: unused variable: `metal_available`[0m
  [1m[96m--> [0mcrates\engine\src\building_layouts.rs:61:9
   [1m[96m|[0m
[1m[96m61[0m [1m[96m|[0m         metal_available: f32,
   [1m[96m|[0m         [1m[93m^^^^^^^^^^^^^^^[0m [1m[93mhelp: if this is intentional, prefix it with an underscore: `_metal_available`[0m
   [1m[96m|[0m
   [1m[96m= [0m[1m[97mnote[0m: `#[warn(unused_variables)]` (part of `#[warn(unused)]`) on by default

[1m[91merror[E0382][0m[1m[97m: borrow of moved value: `waypoints`[0m
   [1m[96m--> [0mcrates\engine\src\daily_path.rs:111:31
    [1m[96m|[0m
[1m[96m 93[0m [1m[96m|[0m     let mut waypoints = vec![start];
    [1m[96m|[0m         [1m[96m-------------[0m [1m[96mmove occurs because `waypoints` has type `Vec<IVec3>`, which does not implement the `Copy` trait[0m
[1m[96m...[0m
[1m[96m109[0m [1m[96m|[0m         waypoints,
    [1m[96m|[0m         [1m[96m---------[0m [1m[96mvalue moved here[0m
[1m[96m110[0m [1m[96m|[0m         current_idx: 0,
[1m[96m111[0m [1m[96m|[0m         completed: !failed && waypoints.len() <= 1,
    [1m[96m|[0m                               [1m[91m^^^^^^^^^[0m [1m[91mvalue borrowed here after move[0m
    [1m[96m|[0m
[1m[96mhelp[0m: consider cloning the value if the performance cost is acceptable
    [1m[96m|[0m
[1m[96m109[0m [1m[96m| [0m        waypoints[92m: waypoints.clone()[0m,
    [1m[96m|[0m                  [92m+++++++++++++++++++[0m

[1m[93mwarning[0m[1m[97m: variable `cumulative` is assigned to, but never used[0m
    [1m[96m--> [0mcrates\engine\src\engine.rs:1099:9
     [1m[96m|[0m
[1m[96m1099[0m [1m[96m|[0m     let mut cumulative = 0.0_f64;
     [1m[96m|[0m         [1m[93m^^^^^^^^^^^^^^[0m
     [1m[96m|[0m
     [1m[96m= [0m[1m[97mnote[0m: consider using `_cumulative` instead

[1m[93mwarning[0m[1m[97m: value assigned to `cumulative` is never read[0m
    [1m[96m--> [0mcrates\engine\src\engine.rs:1102:9
     [1m[96m|[0m
[1m[96m1102[0m [1m[96m|[0m         cumulative += *w as f64;
     [1m[96m|[0m         [1m[93m^^^^^^^^^^^^^^^^^^^^^^^[0m
     [1m[96m|[0m
     [1m[96m= [0m[1m[97mhelp[0m: maybe it is overwritten before being read?
     [1m[96m= [0m[1m[97mnote[0m: `#[warn(unused_assignments)]` (part of `#[warn(unused)]`) on by default

[1m[91merror[E0596][0m[1m[97m: cannot borrow `*site` as mutable, as it is behind a `&` reference[0m
    [1m[96m--> [0mcrates\engine\src\engine.rs:2555:31
     [1m[96m|[0m
[1m[96m2553[0m [1m[96m|[0m         for site in self.build_sites.iter() {
     [1m[96m|[0m                     [1m[96m-----------------------[0m
     [1m[96m|[0m                     [1m[96m|[0m                [1m[96m|[0m
     [1m[96m|[0m                     [1m[96m|[0m                [1m[96mhelp: use mutable method: `iter_mut()`[0m
     [1m[96m|[0m                     [1m[96mthis iterator yields `&` references[0m
[1m[96m2554[0m [1m[96m|[0m             if completed_ids.contains(&site.id()) {
[1m[96m2555[0m [1m[96m|[0m                 events.extend(site.produce_and_collect(&mut self.economy_state, tick));
     [1m[96m|[0m                               [1m[91m^^^^[0m [1m[91m`site` is a `&` reference, so it cannot be borrowed as mutable[0m

[1m[91merror[E0499][0m[1m[97m: cannot borrow `*sim` as mutable more than once at a time[0m
   [1m[96m--> [0mcrates\engine\src\era.rs:272:29
    [1m[96m|[0m
[1m[96m272[0m [1m[96m|[0m     tick_research(sim, &mut sim.era_progression_mut().faction_tech);
    [1m[96m|[0m     [1m[96m-------------[0m [1m[96m---[0m       [1m[91m^^^[0m [1m[91msecond mutable borrow occurs here[0m
    [1m[96m|[0m     [1m[96m|[0m             [1m[96m|[0m
    [1m[96m|[0m     [1m[96m|[0m             [1m[96mfirst mutable borrow occurs here[0m
    [1m[96m|[0m     [1m[96mfirst borrow later used by call[0m
    [1m[96m|[0m
[1m[96mhelp[0m: try adding a local storing this argument...
   [1m[96m--> [0mcrates\engine\src\era.rs:272:29
    [1m[96m|[0m
[1m[96m272[0m [1m[96m|[0m     tick_research(sim, &mut sim.era_progression_mut().faction_tech);
    [1m[96m|[0m                             [1m[96m^^^^^^^^^^^^^^^^^^^^^^^^^[0m
[1m[96mhelp[0m: ...and then using that local as the argument to this call
   [1m[96m--> [0mcrates\engine\src\era.rs:272:5
    [1m[96m|[0m
[1m[96m272[0m [1m[96m|[0m     tick_research(sim, &mut sim.era_progression_mut().faction_tech);
    [1m[96m|[0m     [1m[96m^^^^^^^^^^^^^^^^^^^^^^^^^^^^^^^^^^^^^^^^^^^^^^^^^^^^^^^^^^^^^^^[0m

[1m[91merror[E0502][0m[1m[97m: cannot borrow `*sim` as immutable because it is also borrowed as mutable[0m
   [1m[96m--> [0mcrates\engine\src\era.rs:279:31
    [1m[96m|[0m
[1m[96m277[0m [1m[96m|[0m     let progression = sim.era_progression_mut();
    [1m[96m|[0m                       [1m[96m---[0m [1m[96mmutable borrow occurs here[0m
[1m[96m278[0m [1m[96m|[0m     tick_tech(&mut progression.faction_tech);
[1m[96m279[0m [1m[96m|[0m     progression.evaluate_eras(sim);
    [1m[96m|[0m                 [1m[96m-------------[0m [1m[91m^^^[0m [1m[91mimmutable borrow occurs here[0m
    [1m[96m|[0m                 [1m[96m|[0m
    [1m[96m|[0m                 [1m[96mmutable borrow later used by call[0m

[1m[91merror[E0515][0m[1m[97m: cannot return value referencing temporary value[0m
   [1m[96m--> [0mcrates\engine\src\godtools.rs:780:5
    [1m[96m|[0m
[1m[96m780[0m [1m[96m|[0m [1m[91m/[0m[1m[96m/[0m     world
[1m[96m781[0m [1m[96m|[0m [1m[91m|[0m[1m[96m|[0m         .query::<(&Position3d, &Civilian)>()
    [1m[96m|[0m [1m[91m|[0m[1m[96m|____________________________________________-[0m [1m[96mtemporary value created here[0m
[1m[96m782[0m [1m[96m|[0m [1m[91m|[0m          .iter()
[1m[96m783[0m [1m[96m|[0m [1m[91m|[0m          .filter_map(|(entity, (pos, civ))| {
[1m[96m...[0m   [1m[91m|[0m
[1m[96m792[0m [1m[96m|[0m [1m[91m|[0m          })
[1m[96m793[0m [1m[96m|[0m [1m[91m|[0m          .collect()
    [1m[96m|[0m [1m[91m|___________________^[0m [1m[91mreturns a value referencing data owned by the current function[0m

[1m[91merror[E0502][0m[1m[97m: cannot borrow `self.world` as mutable because it is also borrowed as immutable[0m
    [1m[96m--> [0mcrates\engine\src\godtools.rs:1866:24
     [1m[96m|[0m
[1m[96m1859[0m [1m[96m|[0m                 let affected = actors_in_footprint(&self.world, e.center, e.radius_voxels);
     [1m[96m|[0m                                                    [1m[96m-----------[0m [1m[96mimmutable borrow occurs here[0m
[1m[96m...[0m
[1m[96m1865[0m [1m[96m|[0m                 for (entity, _, _) in &affected {
     [1m[96m|[0m                                       [1m[96m---------[0m [1m[96mimmutable borrow later used here[0m
[1m[96m1866[0m [1m[96m|[0m                     if self.world.despawn(*entity).is_ok() {
     [1m[96m|[0m                        [1m[91m^^^^^^^^^^^^^^^^^^^^^^^^^^^[0m [1m[91mmutable borrow occurs here[0m

[1m[97mSome errors have detailed explanations: E0034, E0061, E0062, E0063, E0277, E0308, E0364, E0369, E0382...[0m
[1m[97mFor more information about an error, try `rustc --explain E0034`.[0m
[1m[93mwarning[0m: `civ-engine` (lib) generated 17 warnings
[1m[91merror[0m: could not compile `civ-engine` (lib) due to 273 previous errors; 17 warnings emitted
