Build started 4/8/2026 6:07:18 AM.


     1>Project "C:\Users\koosh\Dino\src\DINOForge.sln" on node 1 (Restore target(s)).
     1>ValidateSolutionConfiguration:
         Building solution configuration "Debug|Any CPU".
       _GetAllRestoreProjectPathItems:
         Determining projects to restore...
     1>Project "C:\Users\koosh\Dino\src\DINOForge.sln" (1) is building "C:\Users\koosh\Dino\src\Tools\DumpTools\DINOForge.Tools.DumpTools.csproj" (4:5) on node 1 (_GenerateProjectRestoreGraph target(s)).
     4>AddPrunePackageReferences:
         Loading prune package data from PrunePackageData folder
         Failed to load prune package data from PrunePackageData folder, loading from targeting packs instead
         Looking for targeting packs in C:\program files\dotnet\packs\Microsoft.NETCore.App.Ref
         Pack directories found: C:\program files\dotnet\packs\Microsoft.NETCore.App.Ref\11.0.0-preview.2.26159.112
         Found package overrides file C:\program files\dotnet\packs\Microsoft.NETCore.App.Ref\11.0.0-preview.2.26159.112\data\PackageOverrides.txt
     4>Done Building Project "C:\Users\koosh\Dino\src\Tools\DumpTools\DINOForge.Tools.DumpTools.csproj" (_GenerateProjectRestoreGraph target(s)).
     1>Restore:
         X.509 certificate chain validation will use the default trust store selected by .NET for code signing.
         X.509 certificate chain validation will use the default trust store selected by .NET for timestamping.
         Assets file has not changed. Skipping assets file writing. Path: C:\Users\koosh\Dino\src\Bridge\Client\obj\project.assets.json
         Assets file has not changed. Skipping assets file writing. Path: C:\Users\koosh\Dino\src\Runtime\obj\project.assets.json
         Assets file has not changed. Skipping assets file writing. Path: C:\Users\koosh\Dino\src\Tools\Installer\InstallerLib\obj\project.assets.json
         Assets file has not changed. Skipping assets file writing. Path: C:\Users\koosh\Dino\src\Tools\DumpTools\obj\project.assets.json
         Assets file has not changed. Skipping assets file writing. Path: C:\Users\koosh\Dino\src\Templates\obj\project.assets.json
         Assets file has not changed. Skipping assets file writing. Path: C:\Users\koosh\Dino\src\Bridge\Protocol\obj\project.assets.json
         Assets file has not changed. Skipping assets file writing. Path: C:\Users\koosh\Dino\src\Tools\Installer\GUI\obj\project.assets.json
         Restored C:\Users\koosh\Dino\src\Bridge\Protocol\DINOForge.Bridge.Protocol.csproj (in 75 ms).
         Restored C:\Users\koosh\Dino\src\Bridge\Client\DINOForge.Bridge.Client.csproj (in 75 ms).
         Restored C:\Users\koosh\Dino\src\Tools\DumpTools\DINOForge.Tools.DumpTools.csproj (in 75 ms).
         Restored C:\Users\koosh\Dino\src\Tools\Installer\GUI\DINOForge.Installer.csproj (in 76 ms).
         Restored C:\Users\koosh\Dino\src\Tools\Installer\InstallerLib\DINOForge.Tools.Installer.csproj (in 75 ms).
         Restored C:\Users\koosh\Dino\src\Runtime\DINOForge.Runtime.csproj (in 75 ms).
         Restored C:\Users\koosh\Dino\src\Templates\DINOForge.Templates.csproj (in 75 ms).
         Assets file has not changed. Skipping assets file writing. Path: C:\Users\koosh\Dino\src\Tools\McpServer\obj\project.assets.json
         Restored C:\Users\koosh\Dino\src\Tools\McpServer\DINOForge.Tools.McpServer.csproj (in 78 ms).
         Assets file has not changed. Skipping assets file writing. Path: C:\Users\koosh\Dino\src\Tools\Cli\obj\project.assets.json
         Restored C:\Users\koosh\Dino\src\Tools\Cli\DINOForge.Tools.Cli.csproj (in 79 ms).
         Assets file has not changed. Skipping assets file writing. Path: C:\Users\koosh\Dino\src\Domains\UI\obj\project.assets.json
         Assets file has not changed. Skipping assets file writing. Path: C:\Users\koosh\Dino\src\SDK\obj\project.assets.json
         Restored C:\Users\koosh\Dino\src\Domains\UI\DINOForge.Domains.UI.csproj (in 81 ms).
         Restored C:\Users\koosh\Dino\src\SDK\DINOForge.SDK.csproj (in 81 ms).
         Assets file has not changed. Skipping assets file writing. Path: C:\Users\koosh\Dino\src\Domains\Economy\obj\project.assets.json
         Assets file has not changed. Skipping assets file writing. Path: C:\Users\koosh\Dino\src\Domains\Warfare\obj\project.assets.json
         Restored C:\Users\koosh\Dino\src\Domains\Economy\DINOForge.Domains.Economy.csproj (in 81 ms).
         Restored C:\Users\koosh\Dino\src\Domains\Warfare\DINOForge.Domains.Warfare.csproj (in 81 ms).
         Assets file has not changed. Skipping assets file writing. Path: C:\Users\koosh\Dino\src\Domains\Scenario\obj\project.assets.json
         Restored C:\Users\koosh\Dino\src\Domains\Scenario\DINOForge.Domains.Scenario.csproj (in 81 ms).
         Assets file has not changed. Skipping assets file writing. Path: C:\Users\koosh\Dino\src\Tests\obj\project.assets.json
         Restored C:\Users\koosh\Dino\src\Tests\DINOForge.Tests.csproj (in 82 ms).
         Assets file has not changed. Skipping assets file writing. Path: C:\Users\koosh\Dino\src\Tests\Integration\obj\project.assets.json
         Restored C:\Users\koosh\Dino\src\Tests\Integration\DINOForge.Tests.Integration.csproj (in 82 ms).
         
         NuGet Config files used:
             C:\Users\koosh\Dino\NuGet.Config
             C:\Users\koosh\AppData\Roaming\NuGet\NuGet.Config
             C:\Program Files (x86)\NuGet\Config\Microsoft.VisualStudio.FallbackLocation.config
             C:\Program Files (x86)\NuGet\Config\Microsoft.VisualStudio.Offline.config
         
         Feeds used:
             https://api.nuget.org/v3/index.json
             C:\Program Files (x86)\Microsoft SDKs\NuGetPackages\
             C:\program files\dotnet\library-packs
         All projects are up-to-date for restore.
     1>Done Building Project "C:\Users\koosh\Dino\src\DINOForge.sln" (Restore target(s)).
   1:2>Project "C:\Users\koosh\Dino\src\DINOForge.sln" on node 1 (VSTest target(s)).
     1>ValidateSolutionConfiguration:
         Building solution configuration "Debug|Any CPU".
   1:2>Project "C:\Users\koosh\Dino\src\DINOForge.sln" (1:2) is building "C:\Users\koosh\Dino\src\Tests\Integration\DINOForge.Tests.Integration.csproj" (14:6) on node 3 (VSTest target(s)).
    14>BuildProject:
         Build started, please wait...
  14:6>Project "C:\Users\koosh\Dino\src\Tests\Integration\DINOForge.Tests.Integration.csproj" (14:6) is building "C:\Users\koosh\Dino\src\Tests\Integration\DINOForge.Tests.Integration.csproj" (14:7) on node 3 (default targets).
    14>_CheckForNETCoreSdkIsPreview:
       C:\program files\dotnet\sdk\11.0.100-preview.2.26159.112\Sdks\Microsoft.NET.Sdk\targets\Microsoft.NET.RuntimeIdentifierInference.targets(383,5): message NETSDK1057: You are using a preview version of .NET. See: https://aka.ms/dotnet-support-policy [C:\Users\koosh\Dino\src\Tests\Integration\DINOForge.Tests.Integration.csproj]
   1:2>Project "C:\Users\koosh\Dino\src\DINOForge.sln" (1:2) is building "C:\Users\koosh\Dino\src\Tests\DINOForge.Tests.csproj" (5:6) on node 11 (VSTest target(s)).
     5>BuildProject:
         Build started, please wait...
   5:6>Project "C:\Users\koosh\Dino\src\Tests\DINOForge.Tests.csproj" (5:6) is building "C:\Users\koosh\Dino\src\Tests\DINOForge.Tests.csproj" (5:7) on node 11 (default targets).
     5>_CheckForNETCoreSdkIsPreview:
       C:\program files\dotnet\sdk\11.0.100-preview.2.26159.112\Sdks\Microsoft.NET.Sdk\targets\Microsoft.NET.RuntimeIdentifierInference.targets(383,5): message NETSDK1057: You are using a preview version of .NET. See: https://aka.ms/dotnet-support-policy [C:\Users\koosh\Dino\src\Tests\DINOForge.Tests.csproj]
    14>GenerateTargetFrameworkMonikerAttribute:
       Skipping target "GenerateTargetFrameworkMonikerAttribute" because all output files are up-to-date with respect to the input files.
       WriteSentryAttributes:
       Skipping target "WriteSentryAttributes" because all output files are up-to-date with respect to the input files.
     5>GenerateTargetFrameworkMonikerAttribute:
       Skipping target "GenerateTargetFrameworkMonikerAttribute" because all output files are up-to-date with respect to the input files.
       WriteSentryAttributes:
       Skipping target "WriteSentryAttributes" because all output files are up-to-date with respect to the input files.
    14>_GenerateSourceLinkFile:
         Updating Source Link file 'obj\Debug\net8.0\DINOForge.Tests.Integration.sourcelink.json'.
       CoreCompile:
         Setting DOTNET_ROOT to 'C:\program files\dotnet'
         C:\program files\dotnet\sdk\11.0.100-preview.2.26159.112\Roslyn\bincore\csc.exe /noconfig /unsafe- /checked- /nowarn:1701,1702,1701,1702,8002 /fullpaths /nostdlib+ /errorreport:prompt /warn:8 /define:TRACE;DEBUG;NET;NET8_0;NETCOREAPP;NET5_0_OR_GREATER;NET6_0_OR_GREATER;NET7_0_OR_GREATER;NET8_0_OR_GREATER;NETCOREAPP1_0_OR_GREATER;NETCOREAPP1_1_OR_GREATER;NETCOREAPP2_0_OR_GREATER;NETCOREAPP2_1_OR_GREATER;NETCOREAPP2_2_OR_GREATER;NETCOREAPP3_0_OR_GREATER;NETCOREAPP3_1_OR_GREATER /highentropyva+ /nullable:enable /reference:C:\Users\koosh\.nuget\packages\assetstools.net\3.0.4\lib\netstandard2.0\AssetsTools.NET.dll /reference:C:\Users\koosh\Dino\src\Bridge\Client\obj\Debug\net6.0\ref\DINOForge.Bridge.Client.dll /reference:C:\Users\koosh\Dino\src\Bridge\Protocol\bin\Debug\netstandard2.0\DINOForge.Bridge.Protocol.dll /reference:C:\Users\koosh\Dino\src\SDK\bin\Debug\netstandard2.0\DINOForge.SDK.dll /reference:C:\Users\koosh\.nuget\packages\fluentassertions\6.12.2\lib\net6.0\FluentAssertions.dll /reference:C:\Users\koosh\.nuget\packages\microsoft.netcore.app.ref\8.0.24\ref\net8.0\Microsoft.CSharp.dll /reference:C:\Users\koosh\.nuget\packages\microsoft.testplatform.testhost\17.14.1\lib\net8.0\Microsoft.TestPlatform.CommunicationUtilities.dll /reference:C:\Users\koosh\.nuget\packages\microsoft.testplatform.testhost\17.14.1\lib\net8.0\Microsoft.TestPlatform.CoreUtilities.dll /reference:C:\Users\koosh\.nuget\packages\microsoft.testplatform.testhost\17.14.1\lib\net8.0\Microsoft.TestPlatform.CrossPlatEngine.dll /reference:C:\Users\koosh\.nuget\packages\microsoft.testplatform.testhost\17.14.1\lib\net8.0\Microsoft.TestPlatform.PlatformAbstractions.dll /reference:C:\Users\koosh\.nuget\packages\microsoft.testplatform.testhost\17.14.1\lib\net8.0\Microsoft.TestPlatform.Utilities.dll /reference:C:\Users\koosh\.nuget\packages\microsoft.netcore.app.ref\8.0.24\ref\net8.0\Microsoft.VisualBasic.Core.dll /reference:C:\Users\koosh\.nuget\packages\microsoft.netcore.app.ref\8.0.24\ref\net8.0\Microsoft.VisualBasic.dll /reference:C:\Users\koosh\.nuget\packages\microsoft.codecoverage\17.14.1\lib\net8.0\Microsoft.VisualStudio.CodeCoverage.Shim.dll /reference:C:\Users\koosh\.nuget\packages\microsoft.testplatform.testhost\17.14.1\lib\net8.0\Microsoft.VisualStudio.TestPlatform.Common.dll /reference:C:\Users\koosh\.nuget\packages\microsoft.testplatform.testhost\17.14.1\lib\net8.0\Microsoft.VisualStudio.TestPlatform.ObjectModel.dll /reference:C:\Users\koosh\.nuget\packages\microsoft.netcore.app.ref\8.0.24\ref\net8.0\Microsoft.Win32.Primitives.dll /reference:C:\Users\koosh\.nuget\packages\microsoft.netcore.app.ref\8.0.24\ref\net8.0\Microsoft.Win32.Registry.dll /reference:C:\Users\koosh\.nuget\packages\microsoft.netcore.app.ref\8.0.24\ref\net8.0\mscorlib.dll /reference:C:\Users\koosh\.nuget\packages\namotion.reflection\2.1.2\lib\netstandard2.0\Namotion.Reflection.dll /reference:C:\Users\koosh\.nuget\packages\microsoft.netcore.app.ref\8.0.24\ref\net8.0\netstandard.dll /reference:C:\Users\koosh\.nuget\packages\newtonsoft.json\13.0.4\lib\net6.0\Newtonsoft.Json.dll /reference:C:\Users\koosh\.nuget\packages\njsonschema\10.9.0\lib\netstandard2.0\NJsonSchema.dll /reference:C:\Users\koosh\.nuget\packages\sentry\4.11.0\lib\net8.0\Sentry.dll /reference:C:\Users\koosh\.nuget\packages\microsoft.netcore.app.ref\8.0.24\ref\net8.0\System.AppContext.dll /reference:C:\Users\koosh\.nuget\packages\microsoft.netcore.app.ref\8.0.24\ref\net8.0\System.Buffers.dll /reference:C:\Users\koosh\.nuget\packages\microsoft.netcore.app.ref\8.0.24\ref\net8.0\System.Collections.Concurrent.dll /reference:C:\Users\koosh\.nuget\packages\microsoft.netcore.app.ref\8.0.24\ref\net8.0\System.Collections.dll /reference:C:\Users\koosh\.nuget\packages\microsoft.netcore.app.ref\8.0.24\ref\net8.0\System.Collections.Immutable.dll /reference:C:\Users\koosh\.nuget\packages\microsoft.netcore.app.ref\8.0.24\ref\net8.0\System.Collections.NonGeneric.dll /reference:C:\Users\koosh\.nuget\packages\microsoft.netcore.app.ref\8.0.24\ref\net8.0\System.Collections.Specialized.dll /reference:C:\Users\koosh\.nuget\packages\microsoft.netcore.app.ref\8.0.24\ref\net8.0\System.ComponentModel.Annotations.dll /reference:C:\Users\koosh\.nuget\packages\microsoft.netcore.app.ref\8.0.24\ref\net8.0\System.ComponentModel.DataAnnotations.dll /reference:C:\Users\koosh\.nuget\packages\microsoft.netcore.app.ref\8.0.24\ref\net8.0\System.ComponentModel.dll /reference:C:\Users\koosh\.nuget\packages\microsoft.netcore.app.ref\8.0.24\ref\net8.0\System.ComponentModel.EventBasedAsync.dll /reference:C:\Users\koosh\.nuget\packages\microsoft.netcore.app.ref\8.0.24\ref\net8.0\System.ComponentModel.Primitives.dll /reference:C:\Users\koosh\.nuget\packages\microsoft.netcore.app.ref\8.0.24\ref\net8.0\System.ComponentModel.TypeConverter.dll /reference:C:\Users\koosh\.nuget\packages\system.configuration.configurationmanager\4.4.0\ref\netstandard2.0\System.Configuration.ConfigurationManager.dll /reference:C:\Users\koosh\.nuget\packages\microsoft.netcore.app.ref\8.0.24\ref\net8.0\System.Configuration.dll /reference:C:\Users\koosh\.nuget\packages\microsoft.netcore.app.ref\8.0.24\ref\net8.0\System.Console.dll /reference:C:\Users\koosh\.nuget\packages\microsoft.netcore.app.ref\8.0.24\ref\net8.0\System.Core.dll /reference:C:\Users\koosh\.nuget\packages\microsoft.netcore.app.ref\8.0.24\ref\net8.0\System.Data.Common.dll /reference:C:\Users\koosh\.nuget\packages\microsoft.netcore.app.ref\8.0.24\ref\net8.0\System.Data.DataSetExtensions.dll /reference:C:\Users\koosh\.nuget\packages\microsoft.netcore.app.ref\8.0.24\ref\net8.0\System.Data.dll /reference:C:\Users\koosh\.nuget\packages\microsoft.netcore.app.ref\8.0.24\ref\net8.0\System.Diagnostics.Contracts.dll /reference:C:\Users\koosh\.nuget\packages\microsoft.netcore.app.ref\8.0.24\ref\net8.0\System.Diagnostics.Debug.dll /reference:C:\Users\koosh\.nuget\packages\microsoft.netcore.app.ref\8.0.24\ref\net8.0\System.Diagnostics.DiagnosticSource.dll /reference:C:\Users\koosh\.nuget\packages\microsoft.netcore.app.ref\8.0.24\ref\net8.0\System.Diagnostics.FileVersionInfo.dll /reference:C:\Users\koosh\.nuget\packages\microsoft.netcore.app.ref\8.0.24\ref\net8.0\System.Diagnostics.Process.dll /reference:C:\Users\koosh\.nuget\packages\microsoft.netcore.app.ref\8.0.24\ref\net8.0\System.Diagnostics.StackTrace.dll /reference:C:\Users\koosh\.nuget\packages\microsoft.netcore.app.ref\8.0.24\ref\net8.0\System.Diagnostics.TextWriterTraceListener.dll /reference:C:\Users\koosh\.nuget\packages\microsoft.netcore.app.ref\8.0.24\ref\net8.0\System.Diagnostics.Tools.dll /reference:C:\Users\koosh\.nuget\packages\microsoft.netcore.app.ref\8.0.24\ref\net8.0\System.Diagnostics.TraceSource.dll /reference:C:\Users\koosh\.nuget\packages\microsoft.netcore.app.ref\8.0.24\ref\net8.0\System.Diagnostics.Tracing.dll /reference:C:\Users\koosh\.nuget\packages\microsoft.netcore.app.ref\8.0.24\ref\net8.0\System.dll /reference:C:\Users\koosh\.nuget\packages\microsoft.netcore.app.ref\8.0.24\ref\net8.0\System.Drawing.dll /reference:C:\Users\koosh\.nuget\packages\microsoft.netcore.app.ref\8.0.24\ref\net8.0\System.Drawing.Primitives.dll /reference:C:\Users\koosh\.nuget\packages\microsoft.netcore.app.ref\8.0.24\ref\net8.0\System.Dynamic.Runtime.dll /reference:C:\Users\koosh\.nuget\packages\microsoft.netcore.app.ref\8.0.24\ref\net8.0\System.Formats.Asn1.dll /reference:C:\Users\koosh\.nuget\packages\microsoft.netcore.app.ref\8.0.24\ref\net8.0\System.Formats.Tar.dll /reference:C:\Users\koosh\.nuget\packages\microsoft.netcore.app.ref\8.0.24\ref\net8.0\System.Globalization.Calendars.dll /reference:C:\Users\koosh\.nuget\packages\microsoft.netcore.app.ref\8.0.24\ref\net8.0\System.Globalization.dll /reference:C:\Users\koosh\.nuget\packages\microsoft.netcore.app.ref\8.0.24\ref\net8.0\System.Globalization.Extensions.dll /reference:C:\Users\koosh\.nuget\packages\microsoft.netcore.app.ref\8.0.24\ref\net8.0\System.IO.Compression.Brotli.dll /reference:C:\Users\koosh\.nuget\packages\microsoft.netcore.app.ref\8.0.24\ref\net8.0\System.IO.Compression.dll /reference:C:\Users\koosh\.nuget\packages\microsoft.netcore.app.ref\8.0.24\ref\net8.0\System.IO.Compression.FileSystem.dll /reference:C:\Users\koosh\.nuget\packages\microsoft.netcore.app.ref\8.0.24\ref\net8.0\System.IO.Compression.ZipFile.dll /reference:C:\Users\koosh\.nuget\packages\microsoft.netcore.app.ref\8.0.24\ref\net8.0\System.IO.dll /reference:C:\Users\koosh\.nuget\packages\microsoft.netcore.app.ref\8.0.24\ref\net8.0\System.IO.FileSystem.AccessControl.dll /reference:C:\Users\koosh\.nuget\packages\microsoft.netcore.app.ref\8.0.24\ref\net8.0\System.IO.FileSystem.dll /reference:C:\Users\koosh\.nuget\packages\microsoft.netcore.app.ref\8.0.24\ref\net8.0\System.IO.FileSystem.DriveInfo.dll /reference:C:\Users\koosh\.nuget\packages\microsoft.netcore.app.ref\8.0.24\ref\net8.0\System.IO.FileSystem.Primitives.dll /reference:C:\Users\koosh\.nuget\packages\microsoft.netcore.app.ref\8.0.24\ref\net8.0\System.IO.FileSystem.Watcher.dll /reference:C:\Users\koosh\.nuget\packages\microsoft.netcore.app.ref\8.0.24\ref\net8.0\System.IO.IsolatedStorage.dll /reference:C:\Users\koosh\.nuget\packages\microsoft.netcore.app.ref\8.0.24\ref\net8.0\System.IO.MemoryMappedFiles.dll /reference:C:\Users\koosh\.nuget\packages\system.io.pipelines\10.0.5\lib\net8.0\System.IO.Pipelines.dll /reference:C:\Users\koosh\.nuget\packages\microsoft.netcore.app.ref\8.0.24\ref\net8.0\System.IO.Pipes.AccessControl.dll /reference:C:\Users\koosh\.nuget\packages\microsoft.netcore.app.ref\8.0.24\ref\net8.0\System.IO.Pipes.dll /reference:C:\Users\koosh\.nuget\packages\microsoft.netcore.app.ref\8.0.24\ref\net8.0\System.IO.UnmanagedMemoryStream.dll /reference:C:\Users\koosh\.nuget\packages\microsoft.netcore.app.ref\8.0.24\ref\net8.0\System.Linq.dll /reference:C:\Users\koosh\.nuget\packages\microsoft.netcore.app.ref\8.0.24\ref\net8.0\System.Linq.Expressions.dll /reference:C:\Users\koosh\.nuget\packages\microsoft.netcore.app.ref\8.0.24\ref\net8.0\System.Linq.Parallel.dll /reference:C:\Users\koosh\.nuget\packages\microsoft.netcore.app.ref\8.0.24\ref\net8.0\System.Linq.Queryable.dll /reference:C:\Users\koosh\.nuget\packages\microsoft.netcore.app.ref\8.0.24\ref\net8.0\System.Memory.dll /reference:C:\Users\koosh\.nuget\packages\microsoft.netcore.app.ref\8.0.24\ref\net8.0\System.Net.dll /reference:C:\Users\koosh\.nuget\packages\microsoft.netcore.app.ref\8.0.24\ref\net8.0\System.Net.Http.dll /reference:C:\Users\koosh\.nuget\packages\microsoft.netcore.app.ref\8.0.24\ref\net8.0\System.Net.Http.Json.dll /reference:C:\Users\koosh\.nuget\packages\microsoft.netcore.app.ref\8.0.24\ref\net8.0\System.Net.HttpListener.dll /reference:C:\Users\koosh\.nuget\packages\microsoft.netcore.app.ref\8.0.24\ref\net8.0\System.Net.Mail.dll /reference:C:\Users\koosh\.nuget\packages\microsoft.netcore.app.ref\8.0.24\ref\net8.0\System.Net.NameResolution.dll /reference:C:\Users\koosh\.nuget\packages\microsoft.netcore.app.ref\8.0.24\ref\net8.0\System.Net.NetworkInformation.dll /reference:C:\Users\koosh\.nuget\packages\microsoft.netcore.app.ref\8.0.24\ref\net8.0\System.Net.Ping.dll /reference:C:\Users\koosh\.nuget\packages\microsoft.netcore.app.ref\8.0.24\ref\net8.0\System.Net.Primitives.dll /reference:C:\Users\koosh\.nuget\packages\microsoft.netcore.app.ref\8.0.24\ref\net8.0\System.Net.Quic.dll /reference:C:\Users\koosh\.nuget\packages\microsoft.netcore.app.ref\8.0.24\ref\net8.0\System.Net.Requests.dll /reference:C:\Users\koosh\.nuget\packages\microsoft.netcore.app.ref\8.0.24\ref\net8.0\System.Net.Security.dll /reference:C:\Users\koosh\.nuget\packages\microsoft.netcore.app.ref\8.0.24\ref\net8.0\System.Net.ServicePoint.dll /reference:C:\Users\koosh\.nuget\packages\microsoft.netcore.app.ref\8.0.24\ref\net8.0\System.Net.Sockets.dll /reference:C:\Users\koosh\.nuget\packages\microsoft.netcore.app.ref\8.0.24\ref\net8.0\System.Net.WebClient.dll /reference:C:\Users\koosh\.nuget\packages\microsoft.netcore.app.ref\8.0.24\ref\net8.0\System.Net.WebHeaderCollection.dll /reference:C:\Users\koosh\.nuget\packages\microsoft.netcore.app.ref\8.0.24\ref\net8.0\System.Net.WebProxy.dll /reference:C:\Users\koosh\.nuget\packages\microsoft.netcore.app.ref\8.0.24\ref\net8.0\System.Net.WebSockets.Client.dll /reference:C:\Users\koosh\.nuget\packages\microsoft.netcore.app.ref\8.0.24\ref\net8.0\System.Net.WebSockets.dll /reference:C:\Users\koosh\.nuget\packages\microsoft.netcore.app.ref\8.0.24\ref\net8.0\System.Numerics.dll /reference:C:\Users\koosh\.nuget\packages\microsoft.netcore.app.ref\8.0.24\ref\net8.0\System.Numerics.Vectors.dll /reference:C:\Users\koosh\.nuget\packages\microsoft.netcore.app.ref\8.0.24\ref\net8.0\System.ObjectModel.dll /reference:C:\Users\koosh\.nuget\packages\microsoft.netcore.app.ref\8.0.24\ref\net8.0\System.Reflection.DispatchProxy.dll /reference:C:\Users\koosh\.nuget\packages\microsoft.netcore.app.ref\8.0.24\ref\net8.0\System.Reflection.dll /reference:C:\Users\koosh\.nuget\packages\microsoft.netcore.app.ref\8.0.24\ref\net8.0\System.Reflection.Emit.dll /reference:C:\Users\koosh\.nuget\packages\microsoft.netcore.app.ref\8.0.24\ref\net8.0\System.Reflection.Emit.ILGeneration.dll /reference:C:\Users\koosh\.nuget\packages\microsoft.netcore.app.ref\8.0.24\ref\net8.0\System.Reflection.Emit.Lightweight.dll /reference:C:\Users\koosh\.nuget\packages\microsoft.netcore.app.ref\8.0.24\ref\net8.0\System.Reflection.Extensions.dll /reference:C:\Users\koosh\.nuget\packages\microsoft.netcore.app.ref\8.0.24\ref\net8.0\System.Reflection.Metadata.dll /reference:C:\Users\koosh\.nuget\packages\microsoft.netcore.app.ref\8.0.24\ref\net8.0\System.Reflection.Primitives.dll /reference:C:\Users\koosh\.nuget\packages\microsoft.netcore.app.ref\8.0.24\ref\net8.0\System.Reflection.TypeExtensions.dll /reference:C:\Users\koosh\.nuget\packages\microsoft.netcore.app.ref\8.0.24\ref\net8.0\System.Resources.Reader.dll /reference:C:\Users\koosh\.nuget\packages\microsoft.netcore.app.ref\8.0.24\ref\net8.0\System.Resources.ResourceManager.dll /reference:C:\Users\koosh\.nuget\packages\microsoft.netcore.app.ref\8.0.24\ref\net8.0\System.Resources.Writer.dll /reference:C:\Users\koosh\.nuget\packages\microsoft.netcore.app.ref\8.0.24\ref\net8.0\System.Runtime.CompilerServices.Unsafe.dll /reference:C:\Users\koosh\.nuget\packages\microsoft.netcore.app.ref\8.0.24\ref\net8.0\System.Runtime.CompilerServices.VisualC.dll /reference:C:\Users\koosh\.nuget\packages\microsoft.netcore.app.ref\8.0.24\ref\net8.0\System.Runtime.dll /reference:C:\Users\koosh\.nuget\packages\microsoft.netcore.app.ref\8.0.24\ref\net8.0\System.Runtime.Extensions.dll /reference:C:\Users\koosh\.nuget\packages\microsoft.netcore.app.ref\8.0.24\ref\net8.0\System.Runtime.Handles.dll /reference:C:\Users\koosh\.nuget\packages\microsoft.netcore.app.ref\8.0.24\ref\net8.0\System.Runtime.InteropServices.dll /reference:C:\Users\koosh\.nuget\packages\microsoft.netcore.app.ref\8.0.24\ref\net8.0\System.Runtime.InteropServices.JavaScript.dll /reference:C:\Users\koosh\.nuget\packages\microsoft.netcore.app.ref\8.0.24\ref\net8.0\System.Runtime.InteropServices.RuntimeInformation.dll /reference:C:\Users\koosh\.nuget\packages\microsoft.netcore.app.ref\8.0.24\ref\net8.0\System.Runtime.Intrinsics.dll /reference:C:\Users\koosh\.nuget\packages\microsoft.netcore.app.ref\8.0.24\ref\net8.0\System.Runtime.Loader.dll /reference:C:\Users\koosh\.nuget\packages\microsoft.netcore.app.ref\8.0.24\ref\net8.0\System.Runtime.Numerics.dll /reference:C:\Users\koosh\.nuget\packages\microsoft.netcore.app.ref\8.0.24\ref\net8.0\System.Runtime.Serialization.dll /reference:C:\Users\koosh\.nuget\packages\microsoft.netcore.app.ref\8.0.24\ref\net8.0\System.Runtime.Serialization.Formatters.dll /reference:C:\Users\koosh\.nuget\packages\microsoft.netcore.app.ref\8.0.24\ref\net8.0\System.Runtime.Serialization.Json.dll /reference:C:\Users\koosh\.nuget\packages\microsoft.netcore.app.ref\8.0.24\ref\net8.0\System.Runtime.Serialization.Primitives.dll /reference:C:\Users\koosh\.nuget\packages\microsoft.netcore.app.ref\8.0.24\ref\net8.0\System.Runtime.Serialization.Xml.dll /reference:C:\Users\koosh\.nuget\packages\microsoft.netcore.app.ref\8.0.24\ref\net8.0\System.Security.AccessControl.dll /reference:C:\Users\koosh\.nuget\packages\microsoft.netcore.app.ref\8.0.24\ref\net8.0\System.Security.Claims.dll /reference:C:\Users\koosh\.nuget\packages\microsoft.netcore.app.ref\8.0.24\ref\net8.0\System.Security.Cryptography.Algorithms.dll /reference:C:\Users\koosh\.nuget\packages\microsoft.netcore.app.ref\8.0.24\ref\net8.0\System.Security.Cryptography.Cng.dll /reference:C:\Users\koosh\.nuget\packages\microsoft.netcore.app.ref\8.0.24\ref\net8.0\System.Security.Cryptography.Csp.dll /reference:C:\Users\koosh\.nuget\packages\microsoft.netcore.app.ref\8.0.24\ref\net8.0\System.Security.Cryptography.dll /reference:C:\Users\koosh\.nuget\packages\microsoft.netcore.app.ref\8.0.24\ref\net8.0\System.Security.Cryptography.Encoding.dll /reference:C:\Users\koosh\.nuget\packages\microsoft.netcore.app.ref\8.0.24\ref\net8.0\System.Security.Cryptography.OpenSsl.dll /reference:C:\Users\koosh\.nuget\packages\microsoft.netcore.app.ref\8.0.24\ref\net8.0\System.Security.Cryptography.Primitives.dll /reference:C:\Users\koosh\.nuget\packages\microsoft.netcore.app.ref\8.0.24\ref\net8.0\System.Security.Cryptography.X509Certificates.dll /reference:C:\Users\koosh\.nuget\packages\microsoft.netcore.app.ref\8.0.24\ref\net8.0\System.Security.dll /reference:C:\Users\koosh\.nuget\packages\microsoft.netcore.app.ref\8.0.24\ref\net8.0\System.Security.Principal.dll /reference:C:\Users\koosh\.nuget\packages\microsoft.netcore.app.ref\8.0.24\ref\net8.0\System.Security.Principal.Windows.dll /reference:C:\Users\koosh\.nuget\packages\microsoft.netcore.app.ref\8.0.24\ref\net8.0\System.Security.SecureString.dll /reference:C:\Users\koosh\.nuget\packages\microsoft.netcore.app.ref\8.0.24\ref\net8.0\System.ServiceModel.Web.dll /reference:C:\Users\koosh\.nuget\packages\microsoft.netcore.app.ref\8.0.24\ref\net8.0\System.ServiceProcess.dll /reference:C:\Users\koosh\.nuget\packages\microsoft.netcore.app.ref\8.0.24\ref\net8.0\System.Text.Encoding.CodePages.dll /reference:C:\Users\koosh\.nuget\packages\microsoft.netcore.app.ref\8.0.24\ref\net8.0\System.Text.Encoding.dll /reference:C:\Users\koosh\.nuget\packages\microsoft.netcore.app.ref\8.0.24\ref\net8.0\System.Text.Encoding.Extensions.dll /reference:C:\Users\koosh\.nuget\packages\system.text.encodings.web\10.0.5\lib\net8.0\System.Text.Encodings.Web.dll /reference:C:\Users\koosh\.nuget\packages\system.text.json\10.0.5\lib\net8.0\System.Text.Json.dll /reference:C:\Users\koosh\.nuget\packages\microsoft.netcore.app.ref\8.0.24\ref\net8.0\System.Text.RegularExpressions.dll /reference:C:\Users\koosh\.nuget\packages\microsoft.netcore.app.ref\8.0.24\ref\net8.0\System.Threading.Channels.dll /reference:C:\Users\koosh\.nuget\packages\microsoft.netcore.app.ref\8.0.24\ref\net8.0\System.Threading.dll /reference:C:\Users\koosh\.nuget\packages\microsoft.netcore.app.ref\8.0.24\ref\net8.0\System.Threading.Overlapped.dll /reference:C:\Users\koosh\.nuget\packages\microsoft.netcore.app.ref\8.0.24\ref\net8.0\System.Threading.Tasks.Dataflow.dll /reference:C:\Users\koosh\.nuget\packages\microsoft.netcore.app.ref\8.0.24\ref\net8.0\System.Threading.Tasks.dll /reference:C:\Users\koosh\.nuget\packages\microsoft.netcore.app.ref\8.0.24\ref\net8.0\System.Threading.Tasks.Extensions.dll /reference:C:\Users\koosh\.nuget\packages\microsoft.netcore.app.ref\8.0.24\ref\net8.0\System.Threading.Tasks.Parallel.dll /reference:C:\Users\koosh\.nuget\packages\microsoft.netcore.app.ref\8.0.24\ref\net8.0\System.Threading.Thread.dll /reference:C:\Users\koosh\.nuget\packages\microsoft.netcore.app.ref\8.0.24\ref\net8.0\System.Threading.ThreadPool.dll /reference:C:\Users\koosh\.nuget\packages\microsoft.netcore.app.ref\8.0.24\ref\net8.0\System.Threading.Timer.dll /reference:C:\Users\koosh\.nuget\packages\microsoft.netcore.app.ref\8.0.24\ref\net8.0\System.Transactions.dll /reference:C:\Users\koosh\.nuget\packages\microsoft.netcore.app.ref\8.0.24\ref\net8.0\System.Transactions.Local.dll /reference:C:\Users\koosh\.nuget\packages\microsoft.netcore.app.ref\8.0.24\ref\net8.0\System.ValueTuple.dll /reference:C:\Users\koosh\.nuget\packages\microsoft.netcore.app.ref\8.0.24\ref\net8.0\System.Web.dll /reference:C:\Users\koosh\.nuget\packages\microsoft.netcore.app.ref\8.0.24\ref\net8.0\System.Web.HttpUtility.dll /reference:C:\Users\koosh\.nuget\packages\microsoft.netcore.app.ref\8.0.24\ref\net8.0\System.Windows.dll /reference:C:\Users\koosh\.nuget\packages\microsoft.netcore.app.ref\8.0.24\ref\net8.0\System.Xml.dll /reference:C:\Users\koosh\.nuget\packages\microsoft.netcore.app.ref\8.0.24\ref\net8.0\System.Xml.Linq.dll /reference:C:\Users\koosh\.nuget\packages\microsoft.netcore.app.ref\8.0.24\ref\net8.0\System.Xml.ReaderWriter.dll /reference:C:\Users\koosh\.nuget\packages\microsoft.netcore.app.ref\8.0.24\ref\net8.0\System.Xml.Serialization.dll /reference:C:\Users\koosh\.nuget\packages\microsoft.netcore.app.ref\8.0.24\ref\net8.0\System.Xml.XDocument.dll /reference:C:\Users\koosh\.nuget\packages\microsoft.netcore.app.ref\8.0.24\ref\net8.0\System.Xml.XmlDocument.dll /reference:C:\Users\koosh\.nuget\packages\microsoft.netcore.app.ref\8.0.24\ref\net8.0\System.Xml.XmlSerializer.dll /reference:C:\Users\koosh\.nuget\packages\microsoft.netcore.app.ref\8.0.24\ref\net8.0\System.Xml.XPath.dll /reference:C:\Users\koosh\.nuget\packages\microsoft.netcore.app.ref\8.0.24\ref\net8.0\System.Xml.XPath.XDocument.dll /reference:C:\Users\koosh\.nuget\packages\microsoft.testplatform.testhost\17.14.1\lib\net8.0\testhost.dll /reference:C:\Users\koosh\.nuget\packages\microsoft.netcore.app.ref\8.0.24\ref\net8.0\WindowsBase.dll /reference:C:\Users\koosh\.nuget\packages\xunit.abstractions\2.0.3\lib\netstandard2.0\xunit.abstractions.dll /reference:C:\Users\koosh\.nuget\packages\xunit.assert\2.9.3\lib\net6.0\xunit.assert.dll /reference:C:\Users\koosh\.nuget\packages\xunit.extensibility.core\2.9.3\lib\netstandard1.1\xunit.core.dll /reference:C:\Users\koosh\.nuget\packages\xunit.extensibility.execution\2.9.3\lib\netstandard1.1\xunit.execution.dotnet.dll /reference:C:\Users\koosh\.nuget\packages\yamldotnet\16.3.0\lib\net8.0\YamlDotNet.dll /debug+ /debug:portable /filealign:512 /optimize- /out:obj\Debug\net8.0\DINOForge.Tests.Integration.dll /refout:obj\Debug\net8.0\refint\DINOForge.Tests.Integration.dll /target:exe /warnaserror- /utf8output /deterministic+ /sourcelink:obj\Debug\net8.0\DINOForge.Tests.Integration.sourcelink.json /langversion:latest /embed:C:\Users\koosh\.nuget\packages\microsoft.net.test.sdk\17.14.1\build\net8.0\Microsoft.NET.Test.Sdk.Program.cs /embed:obj\Debug\net8.0\DINOForge.Tests.Integration.GlobalUsings.g.cs /embed:"obj\Debug\net8.0\.NETCoreApp,Version=v8.0.AssemblyAttributes.cs" /embed:obj\Debug\net8.0\Sentry.Attributes.cs /embed:obj\Debug\net8.0\DINOForge.Tests.Integration.AssemblyInfo.cs /analyzerconfig:C:\Users\koosh\Dino\.editorconfig /analyzerconfig:obj\Debug\net8.0\DINOForge.Tests.Integration.GeneratedMSBuildEditorConfig.editorconfig /analyzerconfig:"C:\program files\dotnet\sdk\11.0.100-preview.2.26159.112\Sdks\Microsoft.NET.Sdk\analyzers\build\config\analysislevel_8_default.globalconfig" /analyzer:"C:\program files\dotnet\sdk\11.0.100-preview.2.26159.112\Sdks\Microsoft.NET.Sdk\targets\..\analyzers\Microsoft.CodeAnalysis.CSharp.NetAnalyzers.dll" /analyzer:"C:\program files\dotnet\sdk\11.0.100-preview.2.26159.112\Sdks\Microsoft.NET.Sdk\targets\..\analyzers\Microsoft.CodeAnalysis.NetAnalyzers.dll" /analyzer:C:\Users\koosh\.nuget\packages\system.text.json\10.0.5\analyzers\dotnet\roslyn4.4\cs\System.Text.Json.SourceGeneration.dll /analyzer:C:\Users\koosh\.nuget\packages\xunit.analyzers\1.18.0\analyzers\dotnet\cs\xunit.analyzers.dll /analyzer:C:\Users\koosh\.nuget\packages\xunit.analyzers\1.18.0\analyzers\dotnet\cs\xunit.analyzers.fixes.dll /analyzer:C:\Users\koosh\.nuget\packages\microsoft.netcore.app.ref\8.0.24\analyzers/dotnet/cs/Microsoft.Interop.ComInterfaceGenerator.dll /analyzer:C:\Users\koosh\.nuget\packages\microsoft.netcore.app.ref\8.0.24\analyzers/dotnet/cs/Microsoft.Interop.JavaScript.JSImportGenerator.dll /analyzer:C:\Users\koosh\.nuget\packages\microsoft.netcore.app.ref\8.0.24\analyzers/dotnet/cs/Microsoft.Interop.LibraryImportGenerator.dll /analyzer:C:\Users\koosh\.nuget\packages\microsoft.netcore.app.ref\8.0.24\analyzers/dotnet/cs/Microsoft.Interop.SourceGeneration.dll /analyzer:C:\Users\koosh\.nuget\packages\microsoft.netcore.app.ref\8.0.24\analyzers/dotnet/cs/System.Text.RegularExpressions.Generator.dll Assertions\EntityAssertions.cs BridgeLatencyTests.cs Fixtures\GameCollection.cs Fixtures\GameFixture.cs GameTestRunner.cs Tests\AssetSwapTests.cs Tests\BridgeCoverageTests.cs Tests\BridgeLifecycleTests.cs Tests\BridgeRoundTripTests.cs Tests\CatalogMockIntegrationTests.cs Tests\GameSandboxIntegrationTests.cs Tests\GameWorkflowTests.cs Tests\InGameAutomationTests.cs Tests\LiveGameIntegrationTests.cs Tests\MockBridgeIntegrationTests.cs Tests\ParallelGameE2ETests.cs Tests\WorkflowE2ETests.cs C:\Users\koosh\.nuget\packages\microsoft.net.test.sdk\17.14.1\build\net8.0\Microsoft.NET.Test.Sdk.Program.cs obj\Debug\net8.0\DINOForge.Tests.Integration.GlobalUsings.g.cs "obj\Debug\net8.0\.NETCoreApp,Version=v8.0.AssemblyAttributes.cs" obj\Debug\net8.0\Sentry.Attributes.cs obj\Debug\net8.0\DINOForge.Tests.Integration.AssemblyInfo.cs /warnaserror+:NU1605,SYSLIB0011
         Compilation request DINOForge.Tests.Integration (net8.0), PathToTool=C:\program files\dotnet\sdk\11.0.100-preview.2.26159.112\Roslyn\bincore\csc.exe
         CommandLine = ' /noconfig'
         BuildResponseFile = '/unsafe- /checked- /nowarn:1701,1702,1701,1702,8002 /fullpaths /nostdlib+ /errorreport:prompt /warn:8 /define:TRACE;DEBUG;NET;NET8_0;NETCOREAPP;NET5_0_OR_GREATER;NET6_0_OR_GREATER;NET7_0_OR_GREATER;NET8_0_OR_GREATER;NETCOREAPP1_0_OR_GREATER;NETCOREAPP1_1_OR_GREATER;NETCOREAPP2_0_OR_GREATER;NETCOREAPP2_1_OR_GREATER;NETCOREAPP2_2_OR_GREATER;NETCOREAPP3_0_OR_GREATER;NETCOREAPP3_1_OR_GREATER /highentropyva+ /nullable:enable /reference:C:\Users\koosh\.nuget\packages\assetstools.net\3.0.4\lib\netstandard2.0\AssetsTools.NET.dll /reference:C:\Users\koosh\Dino\src\Bridge\Client\obj\Debug\net6.0\ref\DINOForge.Bridge.Client.dll /reference:C:\Users\koosh\Dino\src\Bridge\Protocol\bin\Debug\netstandard2.0\DINOForge.Bridge.Protocol.dll /reference:C:\Users\koosh\Dino\src\SDK\bin\Debug\netstandard2.0\DINOForge.SDK.dll /reference:C:\Users\koosh\.nuget\packages\fluentassertions\6.12.2\lib\net6.0\FluentAssertions.dll /reference:C:\Users\koosh\.nuget\packages\microsoft.netcore.app.ref\8.0.24\ref\net8.0\Microsoft.CSharp.dll /reference:C:\Users\koosh\.nuget\packages\microsoft.testplatform.testhost\17.14.1\lib\net8.0\Microsoft.TestPlatform.CommunicationUtilities.dll /reference:C:\Users\koosh\.nuget\packages\microsoft.testplatform.testhost\17.14.1\lib\net8.0\Microsoft.TestPlatform.CoreUtilities.dll /reference:C:\Users\koosh\.nuget\packages\microsoft.testplatform.testhost\17.14.1\lib\net8.0\Microsoft.TestPlatform.CrossPlatEngine.dll /reference:C:\Users\koosh\.nuget\packages\microsoft.testplatform.testhost\17.14.1\lib\net8.0\Microsoft.TestPlatform.PlatformAbstractions.dll /reference:C:\Users\koosh\.nuget\packages\microsoft.testplatform.testhost\17.14.1\lib\net8.0\Microsoft.TestPlatform.Utilities.dll /reference:C:\Users\koosh\.nuget\packages\microsoft.netcore.app.ref\8.0.24\ref\net8.0\Microsoft.VisualBasic.Core.dll /reference:C:\Users\koosh\.nuget\packages\microsoft.netcore.app.ref\8.0.24\ref\net8.0\Microsoft.VisualBasic.dll /reference:C:\Users\koosh\.nuget\packages\microsoft.codecoverage\17.14.1\lib\net8.0\Microsoft.VisualStudio.CodeCoverage.Shim.dll /reference:C:\Users\koosh\.nuget\packages\microsoft.testplatform.testhost\17.14.1\lib\net8.0\Microsoft.VisualStudio.TestPlatform.Common.dll /reference:C:\Users\koosh\.nuget\packages\microsoft.testplatform.testhost\17.14.1\lib\net8.0\Microsoft.VisualStudio.TestPlatform.ObjectModel.dll /reference:C:\Users\koosh\.nuget\packages\microsoft.netcore.app.ref\8.0.24\ref\net8.0\Microsoft.Win32.Primitives.dll /reference:C:\Users\koosh\.nuget\packages\microsoft.netcore.app.ref\8.0.24\ref\net8.0\Microsoft.Win32.Registry.dll /reference:C:\Users\koosh\.nuget\packages\microsoft.netcore.app.ref\8.0.24\ref\net8.0\mscorlib.dll /reference:C:\Users\koosh\.nuget\packages\namotion.reflection\2.1.2\lib\netstandard2.0\Namotion.Reflection.dll /reference:C:\Users\koosh\.nuget\packages\microsoft.netcore.app.ref\8.0.24\ref\net8.0\netstandard.dll /reference:C:\Users\koosh\.nuget\packages\newtonsoft.json\13.0.4\lib\net6.0\Newtonsoft.Json.dll /reference:C:\Users\koosh\.nuget\packages\njsonschema\10.9.0\lib\netstandard2.0\NJsonSchema.dll /reference:C:\Users\koosh\.nuget\packages\sentry\4.11.0\lib\net8.0\Sentry.dll /reference:C:\Users\koosh\.nuget\packages\microsoft.netcore.app.ref\8.0.24\ref\net8.0\System.AppContext.dll /reference:C:\Users\koosh\.nuget\packages\microsoft.netcore.app.ref\8.0.24\ref\net8.0\System.Buffers.dll /reference:C:\Users\koosh\.nuget\packages\microsoft.netcore.app.ref\8.0.24\ref\net8.0\System.Collections.Concurrent.dll /reference:C:\Users\koosh\.nuget\packages\microsoft.netcore.app.ref\8.0.24\ref\net8.0\System.Collections.dll /reference:C:\Users\koosh\.nuget\packages\microsoft.netcore.app.ref\8.0.24\ref\net8.0\System.Collections.Immutable.dll /reference:C:\Users\koosh\.nuget\packages\microsoft.netcore.app.ref\8.0.24\ref\net8.0\System.Collections.NonGeneric.dll /reference:C:\Users\koosh\.nuget\packages\microsoft.netcore.app.ref\8.0.24\ref\net8.0\System.Collections.Specialized.dll /reference:C:\Users\koosh\.nuget\packages\microsoft.netcore.app.ref\8.0.24\ref\net8.0\System.ComponentModel.Annotations.dll /reference:C:\Users\koosh\.nuget\packages\microsoft.netcore.app.ref\8.0.24\ref\net8.0\System.ComponentModel.DataAnnotations.dll /reference:C:\Users\koosh\.nuget\packages\microsoft.netcore.app.ref\8.0.24\ref\net8.0\System.ComponentModel.dll /reference:C:\Users\koosh\.nuget\packages\microsoft.netcore.app.ref\8.0.24\ref\net8.0\System.ComponentModel.EventBasedAsync.dll /reference:C:\Users\koosh\.nuget\packages\microsoft.netcore.app.ref\8.0.24\ref\net8.0\System.ComponentModel.Primitives.dll /reference:C:\Users\koosh\.nuget\packages\microsoft.netcore.app.ref\8.0.24\ref\net8.0\System.ComponentModel.TypeConverter.dll /reference:C:\Users\koosh\.nuget\packages\system.configuration.configurationmanager\4.4.0\ref\netstandard2.0\System.Configuration.ConfigurationManager.dll /reference:C:\Users\koosh\.nuget\packages\microsoft.netcore.app.ref\8.0.24\ref\net8.0\System.Configuration.dll /reference:C:\Users\koosh\.nuget\packages\microsoft.netcore.app.ref\8.0.24\ref\net8.0\System.Console.dll /reference:C:\Users\koosh\.nuget\packages\microsoft.netcore.app.ref\8.0.24\ref\net8.0\System.Core.dll /reference:C:\Users\koosh\.nuget\packages\microsoft.netcore.app.ref\8.0.24\ref\net8.0\System.Data.Common.dll /reference:C:\Users\koosh\.nuget\packages\microsoft.netcore.app.ref\8.0.24\ref\net8.0\System.Data.DataSetExtensions.dll /reference:C:\Users\koosh\.nuget\packages\microsoft.netcore.app.ref\8.0.24\ref\net8.0\System.Data.dll /reference:C:\Users\koosh\.nuget\packages\microsoft.netcore.app.ref\8.0.24\ref\net8.0\System.Diagnostics.Contracts.dll /reference:C:\Users\koosh\.nuget\packages\microsoft.netcore.app.ref\8.0.24\ref\net8.0\System.Diagnostics.Debug.dll /reference:C:\Users\koosh\.nuget\packages\microsoft.netcore.app.ref\8.0.24\ref\net8.0\System.Diagnostics.DiagnosticSource.dll /reference:C:\Users\koosh\.nuget\packages\microsoft.netcore.app.ref\8.0.24\ref\net8.0\System.Diagnostics.FileVersionInfo.dll /reference:C:\Users\koosh\.nuget\packages\microsoft.netcore.app.ref\8.0.24\ref\net8.0\System.Diagnostics.Process.dll /reference:C:\Users\koosh\.nuget\packages\microsoft.netcore.app.ref\8.0.24\ref\net8.0\System.Diagnostics.StackTrace.dll /reference:C:\Users\koosh\.nuget\packages\microsoft.netcore.app.ref\8.0.24\ref\net8.0\System.Diagnostics.TextWriterTraceListener.dll /reference:C:\Users\koosh\.nuget\packages\microsoft.netcore.app.ref\8.0.24\ref\net8.0\System.Diagnostics.Tools.dll /reference:C:\Users\koosh\.nuget\packages\microsoft.netcore.app.ref\8.0.24\ref\net8.0\System.Diagnostics.TraceSource.dll /reference:C:\Users\koosh\.nuget\packages\microsoft.netcore.app.ref\8.0.24\ref\net8.0\System.Diagnostics.Tracing.dll /reference:C:\Users\koosh\.nuget\packages\microsoft.netcore.app.ref\8.0.24\ref\net8.0\System.dll /reference:C:\Users\koosh\.nuget\packages\microsoft.netcore.app.ref\8.0.24\ref\net8.0\System.Drawing.dll /reference:C:\Users\koosh\.nuget\packages\microsoft.netcore.app.ref\8.0.24\ref\net8.0\System.Drawing.Primitives.dll /reference:C:\Users\koosh\.nuget\packages\microsoft.netcore.app.ref\8.0.24\ref\net8.0\System.Dynamic.Runtime.dll /reference:C:\Users\koosh\.nuget\packages\microsoft.netcore.app.ref\8.0.24\ref\net8.0\System.Formats.Asn1.dll /reference:C:\Users\koosh\.nuget\packages\microsoft.netcore.app.ref\8.0.24\ref\net8.0\System.Formats.Tar.dll /reference:C:\Users\koosh\.nuget\packages\microsoft.netcore.app.ref\8.0.24\ref\net8.0\System.Globalization.Calendars.dll /reference:C:\Users\koosh\.nuget\packages\microsoft.netcore.app.ref\8.0.24\ref\net8.0\System.Globalization.dll /reference:C:\Users\koosh\.nuget\packages\microsoft.netcore.app.ref\8.0.24\ref\net8.0\System.Globalization.Extensions.dll /reference:C:\Users\koosh\.nuget\packages\microsoft.netcore.app.ref\8.0.24\ref\net8.0\System.IO.Compression.Brotli.dll /reference:C:\Users\koosh\.nuget\packages\microsoft.netcore.app.ref\8.0.24\ref\net8.0\System.IO.Compression.dll /reference:C:\Users\koosh\.nuget\packages\microsoft.netcore.app.ref\8.0.24\ref\net8.0\System.IO.Compression.FileSystem.dll /reference:C:\Users\koosh\.nuget\packages\microsoft.netcore.app.ref\8.0.24\ref\net8.0\System.IO.Compression.ZipFile.dll /reference:C:\Users\koosh\.nuget\packages\microsoft.netcore.app.ref\8.0.24\ref\net8.0\System.IO.dll /reference:C:\Users\koosh\.nuget\packages\microsoft.netcore.app.ref\8.0.24\ref\net8.0\System.IO.FileSystem.AccessControl.dll /reference:C:\Users\koosh\.nuget\packages\microsoft.netcore.app.ref\8.0.24\ref\net8.0\System.IO.FileSystem.dll /reference:C:\Users\koosh\.nuget\packages\microsoft.netcore.app.ref\8.0.24\ref\net8.0\System.IO.FileSystem.DriveInfo.dll /reference:C:\Users\koosh\.nuget\packages\microsoft.netcore.app.ref\8.0.24\ref\net8.0\System.IO.FileSystem.Primitives.dll /reference:C:\Users\koosh\.nuget\packages\microsoft.netcore.app.ref\8.0.24\ref\net8.0\System.IO.FileSystem.Watcher.dll /reference:C:\Users\koosh\.nuget\packages\microsoft.netcore.app.ref\8.0.24\ref\net8.0\System.IO.IsolatedStorage.dll /reference:C:\Users\koosh\.nuget\packages\microsoft.netcore.app.ref\8.0.24\ref\net8.0\System.IO.MemoryMappedFiles.dll /reference:C:\Users\koosh\.nuget\packages\system.io.pipelines\10.0.5\lib\net8.0\System.IO.Pipelines.dll /reference:C:\Users\koosh\.nuget\packages\microsoft.netcore.app.ref\8.0.24\ref\net8.0\System.IO.Pipes.AccessControl.dll /reference:C:\Users\koosh\.nuget\packages\microsoft.netcore.app.ref\8.0.24\ref\net8.0\System.IO.Pipes.dll /reference:C:\Users\koosh\.nuget\packages\microsoft.netcore.app.ref\8.0.24\ref\net8.0\System.IO.UnmanagedMemoryStream.dll /reference:C:\Users\koosh\.nuget\packages\microsoft.netcore.app.ref\8.0.24\ref\net8.0\System.Linq.dll /reference:C:\Users\koosh\.nuget\packages\microsoft.netcore.app.ref\8.0.24\ref\net8.0\System.Linq.Expressions.dll /reference:C:\Users\koosh\.nuget\packages\microsoft.netcore.app.ref\8.0.24\ref\net8.0\System.Linq.Parallel.dll /reference:C:\Users\koosh\.nuget\packages\microsoft.netcore.app.ref\8.0.24\ref\net8.0\System.Linq.Queryable.dll /reference:C:\Users\koosh\.nuget\packages\microsoft.netcore.app.ref\8.0.24\ref\net8.0\System.Memory.dll /reference:C:\Users\koosh\.nuget\packages\microsoft.netcore.app.ref\8.0.24\ref\net8.0\System.Net.dll /reference:C:\Users\koosh\.nuget\packages\microsoft.netcore.app.ref\8.0.24\ref\net8.0\System.Net.Http.dll /reference:C:\Users\koosh\.nuget\packages\microsoft.netcore.app.ref\8.0.24\ref\net8.0\System.Net.Http.Json.dll /reference:C:\Users\koosh\.nuget\packages\microsoft.netcore.app.ref\8.0.24\ref\net8.0\System.Net.HttpListener.dll /reference:C:\Users\koosh\.nuget\packages\microsoft.netcore.app.ref\8.0.24\ref\net8.0\System.Net.Mail.dll /reference:C:\Users\koosh\.nuget\packages\microsoft.netcore.app.ref\8.0.24\ref\net8.0\System.Net.NameResolution.dll /reference:C:\Users\koosh\.nuget\packages\microsoft.netcore.app.ref\8.0.24\ref\net8.0\System.Net.NetworkInformation.dll /reference:C:\Users\koosh\.nuget\packages\microsoft.netcore.app.ref\8.0.24\ref\net8.0\System.Net.Ping.dll /reference:C:\Users\koosh\.nuget\packages\microsoft.netcore.app.ref\8.0.24\ref\net8.0\System.Net.Primitives.dll /reference:C:\Users\koosh\.nuget\packages\microsoft.netcore.app.ref\8.0.24\ref\net8.0\System.Net.Quic.dll /reference:C:\Users\koosh\.nuget\packages\microsoft.netcore.app.ref\8.0.24\ref\net8.0\System.Net.Requests.dll /reference:C:\Users\koosh\.nuget\packages\microsoft.netcore.app.ref\8.0.24\ref\net8.0\System.Net.Security.dll /reference:C:\Users\koosh\.nuget\packages\microsoft.netcore.app.ref\8.0.24\ref\net8.0\System.Net.ServicePoint.dll /reference:C:\Users\koosh\.nuget\packages\microsoft.netcore.app.ref\8.0.24\ref\net8.0\System.Net.Sockets.dll /reference:C:\Users\koosh\.nuget\packages\microsoft.netcore.app.ref\8.0.24\ref\net8.0\System.Net.WebClient.dll /reference:C:\Users\koosh\.nuget\packages\microsoft.netcore.app.ref\8.0.24\ref\net8.0\System.Net.WebHeaderCollection.dll /reference:C:\Users\koosh\.nuget\packages\microsoft.netcore.app.ref\8.0.24\ref\net8.0\System.Net.WebProxy.dll /reference:C:\Users\koosh\.nuget\packages\microsoft.netcore.app.ref\8.0.24\ref\net8.0\System.Net.WebSockets.Client.dll /reference:C:\Users\koosh\.nuget\packages\microsoft.netcore.app.ref\8.0.24\ref\net8.0\System.Net.WebSockets.dll /reference:C:\Users\koosh\.nuget\packages\microsoft.netcore.app.ref\8.0.24\ref\net8.0\System.Numerics.dll /reference:C:\Users\koosh\.nuget\packages\microsoft.netcore.app.ref\8.0.24\ref\net8.0\System.Numerics.Vectors.dll /reference:C:\Users\koosh\.nuget\packages\microsoft.netcore.app.ref\8.0.24\ref\net8.0\System.ObjectModel.dll /reference:C:\Users\koosh\.nuget\packages\microsoft.netcore.app.ref\8.0.24\ref\net8.0\System.Reflection.DispatchProxy.dll /reference:C:\Users\koosh\.nuget\packages\microsoft.netcore.app.ref\8.0.24\ref\net8.0\System.Reflection.dll /reference:C:\Users\koosh\.nuget\packages\microsoft.netcore.app.ref\8.0.24\ref\net8.0\System.Reflection.Emit.dll /reference:C:\Users\koosh\.nuget\packages\microsoft.netcore.app.ref\8.0.24\ref\net8.0\System.Reflection.Emit.ILGeneration.dll /reference:C:\Users\koosh\.nuget\packages\microsoft.netcore.app.ref\8.0.24\ref\net8.0\System.Reflection.Emit.Lightweight.dll /reference:C:\Users\koosh\.nuget\packages\microsoft.netcore.app.ref\8.0.24\ref\net8.0\System.Reflection.Extensions.dll /reference:C:\Users\koosh\.nuget\packages\microsoft.netcore.app.ref\8.0.24\ref\net8.0\System.Reflection.Metadata.dll /reference:C:\Users\koosh\.nuget\packages\microsoft.netcore.app.ref\8.0.24\ref\net8.0\System.Reflection.Primitives.dll /reference:C:\Users\koosh\.nuget\packages\microsoft.netcore.app.ref\8.0.24\ref\net8.0\System.Reflection.TypeExtensions.dll /reference:C:\Users\koosh\.nuget\packages\microsoft.netcore.app.ref\8.0.24\ref\net8.0\System.Resources.Reader.dll /reference:C:\Users\koosh\.nuget\packages\microsoft.netcore.app.ref\8.0.24\ref\net8.0\System.Resources.ResourceManager.dll /reference:C:\Users\koosh\.nuget\packages\microsoft.netcore.app.ref\8.0.24\ref\net8.0\System.Resources.Writer.dll /reference:C:\Users\koosh\.nuget\packages\microsoft.netcore.app.ref\8.0.24\ref\net8.0\System.Runtime.CompilerServices.Unsafe.dll /reference:C:\Users\koosh\.nuget\packages\microsoft.netcore.app.ref\8.0.24\ref\net8.0\System.Runtime.CompilerServices.VisualC.dll /reference:C:\Users\koosh\.nuget\packages\microsoft.netcore.app.ref\8.0.24\ref\net8.0\System.Runtime.dll /reference:C:\Users\koosh\.nuget\packages\microsoft.netcore.app.ref\8.0.24\ref\net8.0\System.Runtime.Extensions.dll /reference:C:\Users\koosh\.nuget\packages\microsoft.netcore.app.ref\8.0.24\ref\net8.0\System.Runtime.Handles.dll /reference:C:\Users\koosh\.nuget\packages\microsoft.netcore.app.ref\8.0.24\ref\net8.0\System.Runtime.InteropServices.dll /reference:C:\Users\koosh\.nuget\packages\microsoft.netcore.app.ref\8.0.24\ref\net8.0\System.Runtime.InteropServices.JavaScript.dll /reference:C:\Users\koosh\.nuget\packages\microsoft.netcore.app.ref\8.0.24\ref\net8.0\System.Runtime.InteropServices.RuntimeInformation.dll /reference:C:\Users\koosh\.nuget\packages\microsoft.netcore.app.ref\8.0.24\ref\net8.0\System.Runtime.Intrinsics.dll /reference:C:\Users\koosh\.nuget\packages\microsoft.netcore.app.ref\8.0.24\ref\net8.0\System.Runtime.Loader.dll /reference:C:\Users\koosh\.nuget\packages\microsoft.netcore.app.ref\8.0.24\ref\net8.0\System.Runtime.Numerics.dll /reference:C:\Users\koosh\.nuget\packages\microsoft.netcore.app.ref\8.0.24\ref\net8.0\System.Runtime.Serialization.dll /reference:C:\Users\koosh\.nuget\packages\microsoft.netcore.app.ref\8.0.24\ref\net8.0\System.Runtime.Serialization.Formatters.dll /reference:C:\Users\koosh\.nuget\packages\microsoft.netcore.app.ref\8.0.24\ref\net8.0\System.Runtime.Serialization.Json.dll /reference:C:\Users\koosh\.nuget\packages\microsoft.netcore.app.ref\8.0.24\ref\net8.0\System.Runtime.Serialization.Primitives.dll /reference:C:\Users\koosh\.nuget\packages\microsoft.netcore.app.ref\8.0.24\ref\net8.0\System.Runtime.Serialization.Xml.dll /reference:C:\Users\koosh\.nuget\packages\microsoft.netcore.app.ref\8.0.24\ref\net8.0\System.Security.AccessControl.dll /reference:C:\Users\koosh\.nuget\packages\microsoft.netcore.app.ref\8.0.24\ref\net8.0\System.Security.Claims.dll /reference:C:\Users\koosh\.nuget\packages\microsoft.netcore.app.ref\8.0.24\ref\net8.0\System.Security.Cryptography.Algorithms.dll /reference:C:\Users\koosh\.nuget\packages\microsoft.netcore.app.ref\8.0.24\ref\net8.0\System.Security.Cryptography.Cng.dll /reference:C:\Users\koosh\.nuget\packages\microsoft.netcore.app.ref\8.0.24\ref\net8.0\System.Security.Cryptography.Csp.dll /reference:C:\Users\koosh\.nuget\packages\microsoft.netcore.app.ref\8.0.24\ref\net8.0\System.Security.Cryptography.dll /reference:C:\Users\koosh\.nuget\packages\microsoft.netcore.app.ref\8.0.24\ref\net8.0\System.Security.Cryptography.Encoding.dll /reference:C:\Users\koosh\.nuget\packages\microsoft.netcore.app.ref\8.0.24\ref\net8.0\System.Security.Cryptography.OpenSsl.dll /reference:C:\Users\koosh\.nuget\packages\microsoft.netcore.app.ref\8.0.24\ref\net8.0\System.Security.Cryptography.Primitives.dll /reference:C:\Users\koosh\.nuget\packages\microsoft.netcore.app.ref\8.0.24\ref\net8.0\System.Security.Cryptography.X509Certificates.dll /reference:C:\Users\koosh\.nuget\packages\microsoft.netcore.app.ref\8.0.24\ref\net8.0\System.Security.dll /reference:C:\Users\koosh\.nuget\packages\microsoft.netcore.app.ref\8.0.24\ref\net8.0\System.Security.Principal.dll /reference:C:\Users\koosh\.nuget\packages\microsoft.netcore.app.ref\8.0.24\ref\net8.0\System.Security.Principal.Windows.dll /reference:C:\Users\koosh\.nuget\packages\microsoft.netcore.app.ref\8.0.24\ref\net8.0\System.Security.SecureString.dll /reference:C:\Users\koosh\.nuget\packages\microsoft.netcore.app.ref\8.0.24\ref\net8.0\System.ServiceModel.Web.dll /reference:C:\Users\koosh\.nuget\packages\microsoft.netcore.app.ref\8.0.24\ref\net8.0\System.ServiceProcess.dll /reference:C:\Users\koosh\.nuget\packages\microsoft.netcore.app.ref\8.0.24\ref\net8.0\System.Text.Encoding.CodePages.dll /reference:C:\Users\koosh\.nuget\packages\microsoft.netcore.app.ref\8.0.24\ref\net8.0\System.Text.Encoding.dll /reference:C:\Users\koosh\.nuget\packages\microsoft.netcore.app.ref\8.0.24\ref\net8.0\System.Text.Encoding.Extensions.dll /reference:C:\Users\koosh\.nuget\packages\system.text.encodings.web\10.0.5\lib\net8.0\System.Text.Encodings.Web.dll /reference:C:\Users\koosh\.nuget\packages\system.text.json\10.0.5\lib\net8.0\System.Text.Json.dll /reference:C:\Users\koosh\.nuget\packages\microsoft.netcore.app.ref\8.0.24\ref\net8.0\System.Text.RegularExpressions.dll /reference:C:\Users\koosh\.nuget\packages\microsoft.netcore.app.ref\8.0.24\ref\net8.0\System.Threading.Channels.dll /reference:C:\Users\koosh\.nuget\packages\microsoft.netcore.app.ref\8.0.24\ref\net8.0\System.Threading.dll /reference:C:\Users\koosh\.nuget\packages\microsoft.netcore.app.ref\8.0.24\ref\net8.0\System.Threading.Overlapped.dll /reference:C:\Users\koosh\.nuget\packages\microsoft.netcore.app.ref\8.0.24\ref\net8.0\System.Threading.Tasks.Dataflow.dll /reference:C:\Users\koosh\.nuget\packages\microsoft.netcore.app.ref\8.0.24\ref\net8.0\System.Threading.Tasks.dll /reference:C:\Users\koosh\.nuget\packages\microsoft.netcore.app.ref\8.0.24\ref\net8.0\System.Threading.Tasks.Extensions.dll /reference:C:\Users\koosh\.nuget\packages\microsoft.netcore.app.ref\8.0.24\ref\net8.0\System.Threading.Tasks.Parallel.dll /reference:C:\Users\koosh\.nuget\packages\microsoft.netcore.app.ref\8.0.24\ref\net8.0\System.Threading.Thread.dll /reference:C:\Users\koosh\.nuget\packages\microsoft.netcore.app.ref\8.0.24\ref\net8.0\System.Threading.ThreadPool.dll /reference:C:\Users\koosh\.nuget\packages\microsoft.netcore.app.ref\8.0.24\ref\net8.0\System.Threading.Timer.dll /reference:C:\Users\koosh\.nuget\packages\microsoft.netcore.app.ref\8.0.24\ref\net8.0\System.Transactions.dll /reference:C:\Users\koosh\.nuget\packages\microsoft.netcore.app.ref\8.0.24\ref\net8.0\System.Transactions.Local.dll /reference:C:\Users\koosh\.nuget\packages\microsoft.netcore.app.ref\8.0.24\ref\net8.0\System.ValueTuple.dll /reference:C:\Users\koosh\.nuget\packages\microsoft.netcore.app.ref\8.0.24\ref\net8.0\System.Web.dll /reference:C:\Users\koosh\.nuget\packages\microsoft.netcore.app.ref\8.0.24\ref\net8.0\System.Web.HttpUtility.dll /reference:C:\Users\koosh\.nuget\packages\microsoft.netcore.app.ref\8.0.24\ref\net8.0\System.Windows.dll /reference:C:\Users\koosh\.nuget\packages\microsoft.netcore.app.ref\8.0.24\ref\net8.0\System.Xml.dll /reference:C:\Users\koosh\.nuget\packages\microsoft.netcore.app.ref\8.0.24\ref\net8.0\System.Xml.Linq.dll /reference:C:\Users\koosh\.nuget\packages\microsoft.netcore.app.ref\8.0.24\ref\net8.0\System.Xml.ReaderWriter.dll /reference:C:\Users\koosh\.nuget\packages\microsoft.netcore.app.ref\8.0.24\ref\net8.0\System.Xml.Serialization.dll /reference:C:\Users\koosh\.nuget\packages\microsoft.netcore.app.ref\8.0.24\ref\net8.0\System.Xml.XDocument.dll /reference:C:\Users\koosh\.nuget\packages\microsoft.netcore.app.ref\8.0.24\ref\net8.0\System.Xml.XmlDocument.dll /reference:C:\Users\koosh\.nuget\packages\microsoft.netcore.app.ref\8.0.24\ref\net8.0\System.Xml.XmlSerializer.dll /reference:C:\Users\koosh\.nuget\packages\microsoft.netcore.app.ref\8.0.24\ref\net8.0\System.Xml.XPath.dll /reference:C:\Users\koosh\.nuget\packages\microsoft.netcore.app.ref\8.0.24\ref\net8.0\System.Xml.XPath.XDocument.dll /reference:C:\Users\koosh\.nuget\packages\microsoft.testplatform.testhost\17.14.1\lib\net8.0\testhost.dll /reference:C:\Users\koosh\.nuget\packages\microsoft.netcore.app.ref\8.0.24\ref\net8.0\WindowsBase.dll /reference:C:\Users\koosh\.nuget\packages\xunit.abstractions\2.0.3\lib\netstandard2.0\xunit.abstractions.dll /reference:C:\Users\koosh\.nuget\packages\xunit.assert\2.9.3\lib\net6.0\xunit.assert.dll /reference:C:\Users\koosh\.nuget\packages\xunit.extensibility.core\2.9.3\lib\netstandard1.1\xunit.core.dll /reference:C:\Users\koosh\.nuget\packages\xunit.extensibility.execution\2.9.3\lib\netstandard1.1\xunit.execution.dotnet.dll /reference:C:\Users\koosh\.nuget\packages\yamldotnet\16.3.0\lib\net8.0\YamlDotNet.dll /debug+ /debug:portable /filealign:512 /optimize- /out:obj\Debug\net8.0\DINOForge.Tests.Integration.dll /refout:obj\Debug\net8.0\refint\DINOForge.Tests.Integration.dll /target:exe /warnaserror- /utf8output /deterministic+ /sourcelink:obj\Debug\net8.0\DINOForge.Tests.Integration.sourcelink.json /langversion:latest /embed:C:\Users\koosh\.nuget\packages\microsoft.net.test.sdk\17.14.1\build\net8.0\Microsoft.NET.Test.Sdk.Program.cs /embed:obj\Debug\net8.0\DINOForge.Tests.Integration.GlobalUsings.g.cs /embed:"obj\Debug\net8.0\.NETCoreApp,Version=v8.0.AssemblyAttributes.cs" /embed:obj\Debug\net8.0\Sentry.Attributes.cs /embed:obj\Debug\net8.0\DINOForge.Tests.Integration.AssemblyInfo.cs /analyzerconfig:C:\Users\koosh\Dino\.editorconfig /analyzerconfig:obj\Debug\net8.0\DINOForge.Tests.Integration.GeneratedMSBuildEditorConfig.editorconfig /analyzerconfig:"C:\program files\dotnet\sdk\11.0.100-preview.2.26159.112\Sdks\Microsoft.NET.Sdk\analyzers\build\config\analysislevel_8_default.globalconfig" /analyzer:"C:\program files\dotnet\sdk\11.0.100-preview.2.26159.112\Sdks\Microsoft.NET.Sdk\targets\..\analyzers\Microsoft.CodeAnalysis.CSharp.NetAnalyzers.dll" /analyzer:"C:\program files\dotnet\sdk\11.0.100-preview.2.26159.112\Sdks\Microsoft.NET.Sdk\targets\..\analyzers\Microsoft.CodeAnalysis.NetAnalyzers.dll" /analyzer:C:\Users\koosh\.nuget\packages\system.text.json\10.0.5\analyzers\dotnet\roslyn4.4\cs\System.Text.Json.SourceGeneration.dll /analyzer:C:\Users\koosh\.nuget\packages\xunit.analyzers\1.18.0\analyzers\dotnet\cs\xunit.analyzers.dll /analyzer:C:\Users\koosh\.nuget\packages\xunit.analyzers\1.18.0\analyzers\dotnet\cs\xunit.analyzers.fixes.dll /analyzer:C:\Users\koosh\.nuget\packages\microsoft.netcore.app.ref\8.0.24\analyzers/dotnet/cs/Microsoft.Interop.ComInterfaceGenerator.dll /analyzer:C:\Users\koosh\.nuget\packages\microsoft.netcore.app.ref\8.0.24\analyzers/dotnet/cs/Microsoft.Interop.JavaScript.JSImportGenerator.dll /analyzer:C:\Users\koosh\.nuget\packages\microsoft.netcore.app.ref\8.0.24\analyzers/dotnet/cs/Microsoft.Interop.LibraryImportGenerator.dll /analyzer:C:\Users\koosh\.nuget\packages\microsoft.netcore.app.ref\8.0.24\analyzers/dotnet/cs/Microsoft.Interop.SourceGeneration.dll /analyzer:C:\Users\koosh\.nuget\packages\microsoft.netcore.app.ref\8.0.24\analyzers/dotnet/cs/System.Text.RegularExpressions.Generator.dll Assertions\EntityAssertions.cs BridgeLatencyTests.cs Fixtures\GameCollection.cs Fixtures\GameFixture.cs GameTestRunner.cs Tests\AssetSwapTests.cs Tests\BridgeCoverageTests.cs Tests\BridgeLifecycleTests.cs Tests\BridgeRoundTripTests.cs Tests\CatalogMockIntegrationTests.cs Tests\GameSandboxIntegrationTests.cs Tests\GameWorkflowTests.cs Tests\InGameAutomationTests.cs Tests\LiveGameIntegrationTests.cs Tests\MockBridgeIntegrationTests.cs Tests\ParallelGameE2ETests.cs Tests\WorkflowE2ETests.cs C:\Users\koosh\.nuget\packages\microsoft.net.test.sdk\17.14.1\build\net8.0\Microsoft.NET.Test.Sdk.Program.cs obj\Debug\net8.0\DINOForge.Tests.Integration.GlobalUsings.g.cs "obj\Debug\net8.0\.NETCoreApp,Version=v8.0.AssemblyAttributes.cs" obj\Debug\net8.0\Sentry.Attributes.cs obj\Debug\net8.0\DINOForge.Tests.Integration.AssemblyInfo.cs /warnaserror+:NU1605,SYSLIB0011'
         Attempting to create process 'C:\program files\dotnet\sdk\11.0.100-preview.2.26159.112\Roslyn\bincore\VBCSCompiler.exe' "-pipename:KWpPKXCiYKenKkWgfNYOOqo2VP_eto_HePnKm1ziwnk"
         Setting DOTNET_ROOT to 'C:\program files\dotnet'
         Successfully created process with process id 262264
         Attempt to open named pipe 'KWpPKXCiYKenKkWgfNYOOqo2VP_eto_HePnKm1ziwnk'
         Attempt to connect named pipe 'KWpPKXCiYKenKkWgfNYOOqo2VP_eto_HePnKm1ziwnk'
         Named pipe 'KWpPKXCiYKenKkWgfNYOOqo2VP_eto_HePnKm1ziwnk' connected
         Begin writing request for DINOForge.Tests.Integration (net8.0)
         End writing request for DINOForge.Tests.Integration (net8.0)
         Begin reading response for DINOForge.Tests.Integration (net8.0)
     5>_GenerateSourceLinkFile:
         Updating Source Link file 'obj\Debug\net8.0\DINOForge.Tests.sourcelink.json'.
       CoreCompile:
         Setting DOTNET_ROOT to 'C:\program files\dotnet'
         C:\program files\dotnet\sdk\11.0.100-preview.2.26159.112\Roslyn\bincore\csc.exe /noconfig /unsafe- /checked- /nowarn:1701,1702,1701,1702,8002 /fullpaths /nostdlib+ /errorreport:prompt /warn:8 /define:TRACE;DEBUG;NET;NET8_0;NETCOREAPP;NET5_0_OR_GREATER;NET6_0_OR_GREATER;NET7_0_OR_GREATER;NET8_0_OR_GREATER;NETCOREAPP1_0_OR_GREATER;NETCOREAPP1_1_OR_GREATER;NETCOREAPP2_0_OR_GREATER;NETCOREAPP2_1_OR_GREATER;NETCOREAPP2_2_OR_GREATER;NETCOREAPP3_0_OR_GREATER;NETCOREAPP3_1_OR_GREATER /highentropyva+ /nullable:enable /reference:C:\Users\koosh\.nuget\packages\assetstools.net\3.0.4\lib\netstandard2.0\AssetsTools.NET.dll /reference:C:\Users\koosh\.nuget\packages\autofixture\4.18.1\lib\netstandard2.0\AutoFixture.dll /reference:C:\Users\koosh\.nuget\packages\autofixture.xunit2\4.18.1\lib\netstandard2.0\AutoFixture.Xunit2.dll /reference:C:\Users\koosh\Dino\src\Bridge\Client\obj\Debug\net6.0\ref\DINOForge.Bridge.Client.dll /reference:C:\Users\koosh\Dino\src\Bridge\Protocol\bin\Debug\netstandard2.0\DINOForge.Bridge.Protocol.dll /reference:C:\Users\koosh\Dino\src\Domains\Economy\bin\Debug\netstandard2.0\DINOForge.Domains.Economy.dll /reference:C:\Users\koosh\Dino\src\Domains\Scenario\bin\Debug\netstandard2.0\DINOForge.Domains.Scenario.dll /reference:C:\Users\koosh\Dino\src\Domains\UI\bin\Debug\netstandard2.0\DINOForge.Domains.UI.dll /reference:C:\Users\koosh\Dino\src\Domains\Warfare\bin\Debug\netstandard2.0\DINOForge.Domains.Warfare.dll /reference:C:\Users\koosh\Dino\src\SDK\bin\Debug\netstandard2.0\DINOForge.SDK.dll /reference:C:\Users\koosh\Dino\src\Tools\Installer\InstallerLib\obj\Debug\net6.0\ref\DINOForge.Tools.Installer.dll /reference:C:\Users\koosh\.nuget\packages\dnlib\4.4.0\lib\net6.0\dnlib.dll /reference:C:\Users\koosh\.nuget\packages\fare\2.1.1\lib\netstandard1.1\Fare.dll /reference:C:\Users\koosh\.nuget\packages\fluentassertions\6.12.2\lib\net6.0\FluentAssertions.dll /reference:C:\Users\koosh\.nuget\packages\fscheck\3.3.2\lib\netstandard2.0\FsCheck.dll /reference:C:\Users\koosh\.nuget\packages\fscheck.xunit\3.3.2\lib\netstandard2.0\FsCheck.Xunit.dll /reference:C:\Users\koosh\.nuget\packages\fsharp.core\5.0.2\lib\netstandard2.0\FSharp.Core.dll /reference:C:\Users\koosh\.nuget\packages\microsoft.netcore.app.ref\8.0.24\ref\net8.0\Microsoft.CSharp.dll /reference:C:\Users\koosh\.nuget\packages\microsoft.testplatform.testhost\17.14.1\lib\net8.0\Microsoft.TestPlatform.CommunicationUtilities.dll /reference:C:\Users\koosh\.nuget\packages\microsoft.testplatform.testhost\17.14.1\lib\net8.0\Microsoft.TestPlatform.CoreUtilities.dll /reference:C:\Users\koosh\.nuget\packages\microsoft.testplatform.testhost\17.14.1\lib\net8.0\Microsoft.TestPlatform.CrossPlatEngine.dll /reference:C:\Users\koosh\.nuget\packages\microsoft.testplatform.testhost\17.14.1\lib\net8.0\Microsoft.TestPlatform.PlatformAbstractions.dll /reference:C:\Users\koosh\.nuget\packages\microsoft.testplatform.testhost\17.14.1\lib\net8.0\Microsoft.TestPlatform.Utilities.dll /reference:C:\Users\koosh\.nuget\packages\microsoft.netcore.app.ref\8.0.24\ref\net8.0\Microsoft.VisualBasic.Core.dll /reference:C:\Users\koosh\.nuget\packages\microsoft.netcore.app.ref\8.0.24\ref\net8.0\Microsoft.VisualBasic.dll /reference:C:\Users\koosh\.nuget\packages\microsoft.codecoverage\17.14.1\lib\net8.0\Microsoft.VisualStudio.CodeCoverage.Shim.dll /reference:C:\Users\koosh\.nuget\packages\microsoft.testplatform.testhost\17.14.1\lib\net8.0\Microsoft.VisualStudio.TestPlatform.Common.dll /reference:C:\Users\koosh\.nuget\packages\microsoft.testplatform.testhost\17.14.1\lib\net8.0\Microsoft.VisualStudio.TestPlatform.ObjectModel.dll /reference:C:\Users\koosh\.nuget\packages\microsoft.netcore.app.ref\8.0.24\ref\net8.0\Microsoft.Win32.Primitives.dll /reference:C:\Users\koosh\.nuget\packages\microsoft.netcore.app.ref\8.0.24\ref\net8.0\Microsoft.Win32.Registry.dll /reference:C:\Users\koosh\.nuget\packages\mono.cecil\0.11.3\lib\netstandard2.0\Mono.Cecil.dll /reference:C:\Users\koosh\.nuget\packages\mono.cecil\0.11.3\lib\netstandard2.0\Mono.Cecil.Mdb.dll /reference:C:\Users\koosh\.nuget\packages\mono.cecil\0.11.3\lib\netstandard2.0\Mono.Cecil.Pdb.dll /reference:C:\Users\koosh\.nuget\packages\mono.cecil\0.11.3\lib\netstandard2.0\Mono.Cecil.Rocks.dll /reference:C:\Users\koosh\.nuget\packages\microsoft.netcore.app.ref\8.0.24\ref\net8.0\mscorlib.dll /reference:C:\Users\koosh\.nuget\packages\namotion.reflection\2.1.2\lib\netstandard2.0\Namotion.Reflection.dll /reference:C:\Users\koosh\.nuget\packages\netarchtest.rules\1.3.2\lib\netstandard2.0\NetArchTest.Rules.dll /reference:C:\Users\koosh\.nuget\packages\microsoft.netcore.app.ref\8.0.24\ref\net8.0\netstandard.dll /reference:C:\Users\koosh\.nuget\packages\newtonsoft.json\13.0.4\lib\net6.0\Newtonsoft.Json.dll /reference:C:\Users\koosh\.nuget\packages\njsonschema\10.9.0\lib\netstandard2.0\NJsonSchema.dll /reference:C:\Users\koosh\.nuget\packages\sentry\4.11.0\lib\net8.0\Sentry.dll /reference:C:\Users\koosh\.nuget\packages\sharpfuzz.common\2.2.0\lib\netstandard2.0\SharpFuzz.Common.dll /reference:C:\Users\koosh\.nuget\packages\sharpfuzz\2.2.0\lib\netstandard2.0\SharpFuzz.dll /reference:C:\Users\koosh\.nuget\packages\microsoft.netcore.app.ref\8.0.24\ref\net8.0\System.AppContext.dll /reference:C:\Users\koosh\.nuget\packages\microsoft.netcore.app.ref\8.0.24\ref\net8.0\System.Buffers.dll /reference:C:\Users\koosh\.nuget\packages\microsoft.netcore.app.ref\8.0.24\ref\net8.0\System.Collections.Concurrent.dll /reference:C:\Users\koosh\.nuget\packages\microsoft.netcore.app.ref\8.0.24\ref\net8.0\System.Collections.dll /reference:C:\Users\koosh\.nuget\packages\microsoft.netcore.app.ref\8.0.24\ref\net8.0\System.Collections.Immutable.dll /reference:C:\Users\koosh\.nuget\packages\microsoft.netcore.app.ref\8.0.24\ref\net8.0\System.Collections.NonGeneric.dll /reference:C:\Users\koosh\.nuget\packages\microsoft.netcore.app.ref\8.0.24\ref\net8.0\System.Collections.Specialized.dll /reference:C:\Users\koosh\.nuget\packages\microsoft.netcore.app.ref\8.0.24\ref\net8.0\System.ComponentModel.Annotations.dll /reference:C:\Users\koosh\.nuget\packages\microsoft.netcore.app.ref\8.0.24\ref\net8.0\System.ComponentModel.DataAnnotations.dll /reference:C:\Users\koosh\.nuget\packages\microsoft.netcore.app.ref\8.0.24\ref\net8.0\System.ComponentModel.dll /reference:C:\Users\koosh\.nuget\packages\microsoft.netcore.app.ref\8.0.24\ref\net8.0\System.ComponentModel.EventBasedAsync.dll /reference:C:\Users\koosh\.nuget\packages\microsoft.netcore.app.ref\8.0.24\ref\net8.0\System.ComponentModel.Primitives.dll /reference:C:\Users\koosh\.nuget\packages\microsoft.netcore.app.ref\8.0.24\ref\net8.0\System.ComponentModel.TypeConverter.dll /reference:C:\Users\koosh\.nuget\packages\system.configuration.configurationmanager\4.4.0\ref\netstandard2.0\System.Configuration.ConfigurationManager.dll /reference:C:\Users\koosh\.nuget\packages\microsoft.netcore.app.ref\8.0.24\ref\net8.0\System.Configuration.dll /reference:C:\Users\koosh\.nuget\packages\microsoft.netcore.app.ref\8.0.24\ref\net8.0\System.Console.dll /reference:C:\Users\koosh\.nuget\packages\microsoft.netcore.app.ref\8.0.24\ref\net8.0\System.Core.dll /reference:C:\Users\koosh\.nuget\packages\microsoft.netcore.app.ref\8.0.24\ref\net8.0\System.Data.Common.dll /reference:C:\Users\koosh\.nuget\packages\microsoft.netcore.app.ref\8.0.24\ref\net8.0\System.Data.DataSetExtensions.dll /reference:C:\Users\koosh\.nuget\packages\microsoft.netcore.app.ref\8.0.24\ref\net8.0\System.Data.dll /reference:C:\Users\koosh\.nuget\packages\microsoft.netcore.app.ref\8.0.24\ref\net8.0\System.Diagnostics.Contracts.dll /reference:C:\Users\koosh\.nuget\packages\microsoft.netcore.app.ref\8.0.24\ref\net8.0\System.Diagnostics.Debug.dll /reference:C:\Users\koosh\.nuget\packages\microsoft.netcore.app.ref\8.0.24\ref\net8.0\System.Diagnostics.DiagnosticSource.dll /reference:C:\Users\koosh\.nuget\packages\microsoft.netcore.app.ref\8.0.24\ref\net8.0\System.Diagnostics.FileVersionInfo.dll /reference:C:\Users\koosh\.nuget\packages\microsoft.netcore.app.ref\8.0.24\ref\net8.0\System.Diagnostics.Process.dll /reference:C:\Users\koosh\.nuget\packages\microsoft.netcore.app.ref\8.0.24\ref\net8.0\System.Diagnostics.StackTrace.dll /reference:C:\Users\koosh\.nuget\packages\microsoft.netcore.app.ref\8.0.24\ref\net8.0\System.Diagnostics.TextWriterTraceListener.dll /reference:C:\Users\koosh\.nuget\packages\microsoft.netcore.app.ref\8.0.24\ref\net8.0\System.Diagnostics.Tools.dll /reference:C:\Users\koosh\.nuget\packages\microsoft.netcore.app.ref\8.0.24\ref\net8.0\System.Diagnostics.TraceSource.dll /reference:C:\Users\koosh\.nuget\packages\microsoft.netcore.app.ref\8.0.24\ref\net8.0\System.Diagnostics.Tracing.dll /reference:C:\Users\koosh\.nuget\packages\microsoft.netcore.app.ref\8.0.24\ref\net8.0\System.dll /reference:C:\Users\koosh\.nuget\packages\microsoft.netcore.app.ref\8.0.24\ref\net8.0\System.Drawing.dll /reference:C:\Users\koosh\.nuget\packages\microsoft.netcore.app.ref\8.0.24\ref\net8.0\System.Drawing.Primitives.dll /reference:C:\Users\koosh\.nuget\packages\microsoft.netcore.app.ref\8.0.24\ref\net8.0\System.Dynamic.Runtime.dll /reference:C:\Users\koosh\.nuget\packages\microsoft.netcore.app.ref\8.0.24\ref\net8.0\System.Formats.Asn1.dll /reference:C:\Users\koosh\.nuget\packages\microsoft.netcore.app.ref\8.0.24\ref\net8.0\System.Formats.Tar.dll /reference:C:\Users\koosh\.nuget\packages\microsoft.netcore.app.ref\8.0.24\ref\net8.0\System.Globalization.Calendars.dll /reference:C:\Users\koosh\.nuget\packages\microsoft.netcore.app.ref\8.0.24\ref\net8.0\System.Globalization.dll /reference:C:\Users\koosh\.nuget\packages\microsoft.netcore.app.ref\8.0.24\ref\net8.0\System.Globalization.Extensions.dll /reference:C:\Users\koosh\.nuget\packages\microsoft.netcore.app.ref\8.0.24\ref\net8.0\System.IO.Compression.Brotli.dll /reference:C:\Users\koosh\.nuget\packages\microsoft.netcore.app.ref\8.0.24\ref\net8.0\System.IO.Compression.dll /reference:C:\Users\koosh\.nuget\packages\microsoft.netcore.app.ref\8.0.24\ref\net8.0\System.IO.Compression.FileSystem.dll /reference:C:\Users\koosh\.nuget\packages\microsoft.netcore.app.ref\8.0.24\ref\net8.0\System.IO.Compression.ZipFile.dll /reference:C:\Users\koosh\.nuget\packages\microsoft.netcore.app.ref\8.0.24\ref\net8.0\System.IO.dll /reference:C:\Users\koosh\.nuget\packages\microsoft.netcore.app.ref\8.0.24\ref\net8.0\System.IO.FileSystem.AccessControl.dll /reference:C:\Users\koosh\.nuget\packages\microsoft.netcore.app.ref\8.0.24\ref\net8.0\System.IO.FileSystem.dll /reference:C:\Users\koosh\.nuget\packages\microsoft.netcore.app.ref\8.0.24\ref\net8.0\System.IO.FileSystem.DriveInfo.dll /reference:C:\Users\koosh\.nuget\packages\microsoft.netcore.app.ref\8.0.24\ref\net8.0\System.IO.FileSystem.Primitives.dll /reference:C:\Users\koosh\.nuget\packages\microsoft.netcore.app.ref\8.0.24\ref\net8.0\System.IO.FileSystem.Watcher.dll /reference:C:\Users\koosh\.nuget\packages\microsoft.netcore.app.ref\8.0.24\ref\net8.0\System.IO.IsolatedStorage.dll /reference:C:\Users\koosh\.nuget\packages\microsoft.netcore.app.ref\8.0.24\ref\net8.0\System.IO.MemoryMappedFiles.dll /reference:C:\Users\koosh\.nuget\packages\system.io.pipelines\10.0.5\lib\net8.0\System.IO.Pipelines.dll /reference:C:\Users\koosh\.nuget\packages\microsoft.netcore.app.ref\8.0.24\ref\net8.0\System.IO.Pipes.AccessControl.dll /reference:C:\Users\koosh\.nuget\packages\microsoft.netcore.app.ref\8.0.24\ref\net8.0\System.IO.Pipes.dll /reference:C:\Users\koosh\.nuget\packages\microsoft.netcore.app.ref\8.0.24\ref\net8.0\System.IO.UnmanagedMemoryStream.dll /reference:C:\Users\koosh\.nuget\packages\microsoft.netcore.app.ref\8.0.24\ref\net8.0\System.Linq.dll /reference:C:\Users\koosh\.nuget\packages\microsoft.netcore.app.ref\8.0.24\ref\net8.0\System.Linq.Expressions.dll /reference:C:\Users\koosh\.nuget\packages\microsoft.netcore.app.ref\8.0.24\ref\net8.0\System.Linq.Parallel.dll /reference:C:\Users\koosh\.nuget\packages\microsoft.netcore.app.ref\8.0.24\ref\net8.0\System.Linq.Queryable.dll /reference:C:\Users\koosh\.nuget\packages\microsoft.netcore.app.ref\8.0.24\ref\net8.0\System.Memory.dll /reference:C:\Users\koosh\.nuget\packages\microsoft.netcore.app.ref\8.0.24\ref\net8.0\System.Net.dll /reference:C:\Users\koosh\.nuget\packages\microsoft.netcore.app.ref\8.0.24\ref\net8.0\System.Net.Http.dll /reference:C:\Users\koosh\.nuget\packages\microsoft.netcore.app.ref\8.0.24\ref\net8.0\System.Net.Http.Json.dll /reference:C:\Users\koosh\.nuget\packages\microsoft.netcore.app.ref\8.0.24\ref\net8.0\System.Net.HttpListener.dll /reference:C:\Users\koosh\.nuget\packages\microsoft.netcore.app.ref\8.0.24\ref\net8.0\System.Net.Mail.dll /reference:C:\Users\koosh\.nuget\packages\microsoft.netcore.app.ref\8.0.24\ref\net8.0\System.Net.NameResolution.dll /reference:C:\Users\koosh\.nuget\packages\microsoft.netcore.app.ref\8.0.24\ref\net8.0\System.Net.NetworkInformation.dll /reference:C:\Users\koosh\.nuget\packages\microsoft.netcore.app.ref\8.0.24\ref\net8.0\System.Net.Ping.dll /reference:C:\Users\koosh\.nuget\packages\microsoft.netcore.app.ref\8.0.24\ref\net8.0\System.Net.Primitives.dll /reference:C:\Users\koosh\.nuget\packages\microsoft.netcore.app.ref\8.0.24\ref\net8.0\System.Net.Quic.dll /reference:C:\Users\koosh\.nuget\packages\microsoft.netcore.app.ref\8.0.24\ref\net8.0\System.Net.Requests.dll /reference:C:\Users\koosh\.nuget\packages\microsoft.netcore.app.ref\8.0.24\ref\net8.0\System.Net.Security.dll /reference:C:\Users\koosh\.nuget\packages\microsoft.netcore.app.ref\8.0.24\ref\net8.0\System.Net.ServicePoint.dll /reference:C:\Users\koosh\.nuget\packages\microsoft.netcore.app.ref\8.0.24\ref\net8.0\System.Net.Sockets.dll /reference:C:\Users\koosh\.nuget\packages\microsoft.netcore.app.ref\8.0.24\ref\net8.0\System.Net.WebClient.dll /reference:C:\Users\koosh\.nuget\packages\microsoft.netcore.app.ref\8.0.24\ref\net8.0\System.Net.WebHeaderCollection.dll /reference:C:\Users\koosh\.nuget\packages\microsoft.netcore.app.ref\8.0.24\ref\net8.0\System.Net.WebProxy.dll /reference:C:\Users\koosh\.nuget\packages\microsoft.netcore.app.ref\8.0.24\ref\net8.0\System.Net.WebSockets.Client.dll /reference:C:\Users\koosh\.nuget\packages\microsoft.netcore.app.ref\8.0.24\ref\net8.0\System.Net.WebSockets.dll /reference:C:\Users\koosh\.nuget\packages\microsoft.netcore.app.ref\8.0.24\ref\net8.0\System.Numerics.dll /reference:C:\Users\koosh\.nuget\packages\microsoft.netcore.app.ref\8.0.24\ref\net8.0\System.Numerics.Vectors.dll /reference:C:\Users\koosh\.nuget\packages\microsoft.netcore.app.ref\8.0.24\ref\net8.0\System.ObjectModel.dll /reference:C:\Users\koosh\.nuget\packages\microsoft.netcore.app.ref\8.0.24\ref\net8.0\System.Reflection.DispatchProxy.dll /reference:C:\Users\koosh\.nuget\packages\microsoft.netcore.app.ref\8.0.24\ref\net8.0\System.Reflection.dll /reference:C:\Users\koosh\.nuget\packages\microsoft.netcore.app.ref\8.0.24\ref\net8.0\System.Reflection.Emit.dll /reference:C:\Users\koosh\.nuget\packages\microsoft.netcore.app.ref\8.0.24\ref\net8.0\System.Reflection.Emit.ILGeneration.dll /reference:C:\Users\koosh\.nuget\packages\microsoft.netcore.app.ref\8.0.24\ref\net8.0\System.Reflection.Emit.Lightweight.dll /reference:C:\Users\koosh\.nuget\packages\microsoft.netcore.app.ref\8.0.24\ref\net8.0\System.Reflection.Extensions.dll /reference:C:\Users\koosh\.nuget\packages\microsoft.netcore.app.ref\8.0.24\ref\net8.0\System.Reflection.Metadata.dll /reference:C:\Users\koosh\.nuget\packages\microsoft.netcore.app.ref\8.0.24\ref\net8.0\System.Reflection.Primitives.dll /reference:C:\Users\koosh\.nuget\packages\microsoft.netcore.app.ref\8.0.24\ref\net8.0\System.Reflection.TypeExtensions.dll /reference:C:\Users\koosh\.nuget\packages\microsoft.netcore.app.ref\8.0.24\ref\net8.0\System.Resources.Reader.dll /reference:C:\Users\koosh\.nuget\packages\microsoft.netcore.app.ref\8.0.24\ref\net8.0\System.Resources.ResourceManager.dll /reference:C:\Users\koosh\.nuget\packages\microsoft.netcore.app.ref\8.0.24\ref\net8.0\System.Resources.Writer.dll /reference:C:\Users\koosh\.nuget\packages\microsoft.netcore.app.ref\8.0.24\ref\net8.0\System.Runtime.CompilerServices.Unsafe.dll /reference:C:\Users\koosh\.nuget\packages\microsoft.netcore.app.ref\8.0.24\ref\net8.0\System.Runtime.CompilerServices.VisualC.dll /reference:C:\Users\koosh\.nuget\packages\microsoft.netcore.app.ref\8.0.24\ref\net8.0\System.Runtime.dll /reference:C:\Users\koosh\.nuget\packages\microsoft.netcore.app.ref\8.0.24\ref\net8.0\System.Runtime.Extensions.dll /reference:C:\Users\koosh\.nuget\packages\microsoft.netcore.app.ref\8.0.24\ref\net8.0\System.Runtime.Handles.dll /reference:C:\Users\koosh\.nuget\packages\microsoft.netcore.app.ref\8.0.24\ref\net8.0\System.Runtime.InteropServices.dll /reference:C:\Users\koosh\.nuget\packages\microsoft.netcore.app.ref\8.0.24\ref\net8.0\System.Runtime.InteropServices.JavaScript.dll /reference:C:\Users\koosh\.nuget\packages\microsoft.netcore.app.ref\8.0.24\ref\net8.0\System.Runtime.InteropServices.RuntimeInformation.dll /reference:C:\Users\koosh\.nuget\packages\microsoft.netcore.app.ref\8.0.24\ref\net8.0\System.Runtime.Intrinsics.dll /reference:C:\Users\koosh\.nuget\packages\microsoft.netcore.app.ref\8.0.24\ref\net8.0\System.Runtime.Loader.dll /reference:C:\Users\koosh\.nuget\packages\microsoft.netcore.app.ref\8.0.24\ref\net8.0\System.Runtime.Numerics.dll /reference:C:\Users\koosh\.nuget\packages\microsoft.netcore.app.ref\8.0.24\ref\net8.0\System.Runtime.Serialization.dll /reference:C:\Users\koosh\.nuget\packages\microsoft.netcore.app.ref\8.0.24\ref\net8.0\System.Runtime.Serialization.Formatters.dll /reference:C:\Users\koosh\.nuget\packages\microsoft.netcore.app.ref\8.0.24\ref\net8.0\System.Runtime.Serialization.Json.dll /reference:C:\Users\koosh\.nuget\packages\microsoft.netcore.app.ref\8.0.24\ref\net8.0\System.Runtime.Serialization.Primitives.dll /reference:C:\Users\koosh\.nuget\packages\microsoft.netcore.app.ref\8.0.24\ref\net8.0\System.Runtime.Serialization.Xml.dll /reference:C:\Users\koosh\.nuget\packages\microsoft.netcore.app.ref\8.0.24\ref\net8.0\System.Security.AccessControl.dll /reference:C:\Users\koosh\.nuget\packages\microsoft.netcore.app.ref\8.0.24\ref\net8.0\System.Security.Claims.dll /reference:C:\Users\koosh\.nuget\packages\microsoft.netcore.app.ref\8.0.24\ref\net8.0\System.Security.Cryptography.Algorithms.dll /reference:C:\Users\koosh\.nuget\packages\microsoft.netcore.app.ref\8.0.24\ref\net8.0\System.Security.Cryptography.Cng.dll /reference:C:\Users\koosh\.nuget\packages\microsoft.netcore.app.ref\8.0.24\ref\net8.0\System.Security.Cryptography.Csp.dll /reference:C:\Users\koosh\.nuget\packages\microsoft.netcore.app.ref\8.0.24\ref\net8.0\System.Security.Cryptography.dll /reference:C:\Users\koosh\.nuget\packages\microsoft.netcore.app.ref\8.0.24\ref\net8.0\System.Security.Cryptography.Encoding.dll /reference:C:\Users\koosh\.nuget\packages\microsoft.netcore.app.ref\8.0.24\ref\net8.0\System.Security.Cryptography.OpenSsl.dll /reference:C:\Users\koosh\.nuget\packages\microsoft.netcore.app.ref\8.0.24\ref\net8.0\System.Security.Cryptography.Primitives.dll /reference:C:\Users\koosh\.nuget\packages\microsoft.netcore.app.ref\8.0.24\ref\net8.0\System.Security.Cryptography.X509Certificates.dll /reference:C:\Users\koosh\.nuget\packages\microsoft.netcore.app.ref\8.0.24\ref\net8.0\System.Security.dll /reference:C:\Users\koosh\.nuget\packages\microsoft.netcore.app.ref\8.0.24\ref\net8.0\System.Security.Principal.dll /reference:C:\Users\koosh\.nuget\packages\microsoft.netcore.app.ref\8.0.24\ref\net8.0\System.Security.Principal.Windows.dll /reference:C:\Users\koosh\.nuget\packages\microsoft.netcore.app.ref\8.0.24\ref\net8.0\System.Security.SecureString.dll /reference:C:\Users\koosh\.nuget\packages\microsoft.netcore.app.ref\8.0.24\ref\net8.0\System.ServiceModel.Web.dll /reference:C:\Users\koosh\.nuget\packages\microsoft.netcore.app.ref\8.0.24\ref\net8.0\System.ServiceProcess.dll /reference:C:\Users\koosh\.nuget\packages\microsoft.netcore.app.ref\8.0.24\ref\net8.0\System.Text.Encoding.CodePages.dll /reference:C:\Users\koosh\.nuget\packages\microsoft.netcore.app.ref\8.0.24\ref\net8.0\System.Text.Encoding.dll /reference:C:\Users\koosh\.nuget\packages\microsoft.netcore.app.ref\8.0.24\ref\net8.0\System.Text.Encoding.Extensions.dll /reference:C:\Users\koosh\.nuget\packages\system.text.encodings.web\10.0.5\lib\net8.0\System.Text.Encodings.Web.dll /reference:C:\Users\koosh\.nuget\packages\system.text.json\10.0.5\lib\net8.0\System.Text.Json.dll /reference:C:\Users\koosh\.nuget\packages\microsoft.netcore.app.ref\8.0.24\ref\net8.0\System.Text.RegularExpressions.dll /reference:C:\Users\koosh\.nuget\packages\microsoft.netcore.app.ref\8.0.24\ref\net8.0\System.Threading.Channels.dll /reference:C:\Users\koosh\.nuget\packages\microsoft.netcore.app.ref\8.0.24\ref\net8.0\System.Threading.dll /reference:C:\Users\koosh\.nuget\packages\microsoft.netcore.app.ref\8.0.24\ref\net8.0\System.Threading.Overlapped.dll /reference:C:\Users\koosh\.nuget\packages\microsoft.netcore.app.ref\8.0.24\ref\net8.0\System.Threading.Tasks.Dataflow.dll /reference:C:\Users\koosh\.nuget\packages\microsoft.netcore.app.ref\8.0.24\ref\net8.0\System.Threading.Tasks.dll /reference:C:\Users\koosh\.nuget\packages\microsoft.netcore.app.ref\8.0.24\ref\net8.0\System.Threading.Tasks.Extensions.dll /reference:C:\Users\koosh\.nuget\packages\microsoft.netcore.app.ref\8.0.24\ref\net8.0\System.Threading.Tasks.Parallel.dll /reference:C:\Users\koosh\.nuget\packages\microsoft.netcore.app.ref\8.0.24\ref\net8.0\System.Threading.Thread.dll /reference:C:\Users\koosh\.nuget\packages\microsoft.netcore.app.ref\8.0.24\ref\net8.0\System.Threading.ThreadPool.dll /reference:C:\Users\koosh\.nuget\packages\microsoft.netcore.app.ref\8.0.24\ref\net8.0\System.Threading.Timer.dll /reference:C:\Users\koosh\.nuget\packages\microsoft.netcore.app.ref\8.0.24\ref\net8.0\System.Transactions.dll /reference:C:\Users\koosh\.nuget\packages\microsoft.netcore.app.ref\8.0.24\ref\net8.0\System.Transactions.Local.dll /reference:C:\Users\koosh\.nuget\packages\microsoft.netcore.app.ref\8.0.24\ref\net8.0\System.ValueTuple.dll /reference:C:\Users\koosh\.nuget\packages\microsoft.netcore.app.ref\8.0.24\ref\net8.0\System.Web.dll /reference:C:\Users\koosh\.nuget\packages\microsoft.netcore.app.ref\8.0.24\ref\net8.0\System.Web.HttpUtility.dll /reference:C:\Users\koosh\.nuget\packages\microsoft.netcore.app.ref\8.0.24\ref\net8.0\System.Windows.dll /reference:C:\Users\koosh\.nuget\packages\microsoft.netcore.app.ref\8.0.24\ref\net8.0\System.Xml.dll /reference:C:\Users\koosh\.nuget\packages\microsoft.netcore.app.ref\8.0.24\ref\net8.0\System.Xml.Linq.dll /reference:C:\Users\koosh\.nuget\packages\microsoft.netcore.app.ref\8.0.24\ref\net8.0\System.Xml.ReaderWriter.dll /reference:C:\Users\koosh\.nuget\packages\microsoft.netcore.app.ref\8.0.24\ref\net8.0\System.Xml.Serialization.dll /reference:C:\Users\koosh\.nuget\packages\microsoft.netcore.app.ref\8.0.24\ref\net8.0\System.Xml.XDocument.dll /reference:C:\Users\koosh\.nuget\packages\microsoft.netcore.app.ref\8.0.24\ref\net8.0\System.Xml.XmlDocument.dll /reference:C:\Users\koosh\.nuget\packages\microsoft.netcore.app.ref\8.0.24\ref\net8.0\System.Xml.XmlSerializer.dll /reference:C:\Users\koosh\.nuget\packages\microsoft.netcore.app.ref\8.0.24\ref\net8.0\System.Xml.XPath.dll /reference:C:\Users\koosh\.nuget\packages\microsoft.netcore.app.ref\8.0.24\ref\net8.0\System.Xml.XPath.XDocument.dll /reference:C:\Users\koosh\.nuget\packages\microsoft.testplatform.testhost\17.14.1\lib\net8.0\testhost.dll /reference:C:\Users\koosh\.nuget\packages\microsoft.netcore.app.ref\8.0.24\ref\net8.0\WindowsBase.dll /reference:C:\Users\koosh\.nuget\packages\xunit.abstractions\2.0.3\lib\netstandard2.0\xunit.abstractions.dll /reference:C:\Users\koosh\.nuget\packages\xunit.assert\2.9.3\lib\net6.0\xunit.assert.dll /reference:C:\Users\koosh\.nuget\packages\xunit.extensibility.core\2.9.3\lib\netstandard1.1\xunit.core.dll /reference:C:\Users\koosh\.nuget\packages\xunit.extensibility.execution\2.9.3\lib\netstandard1.1\xunit.execution.dotnet.dll /reference:C:\Users\koosh\.nuget\packages\yamldotnet\16.3.0\lib\net8.0\YamlDotNet.dll /debug+ /debug:portable /filealign:512 /optimize- /out:obj\Debug\net8.0\DINOForge.Tests.dll /refout:obj\Debug\net8.0\refint\DINOForge.Tests.dll /target:exe /warnaserror- /utf8output /deterministic+ /sourcelink:obj\Debug\net8.0\DINOForge.Tests.sourcelink.json /langversion:latest /embed:C:\Users\koosh\.nuget\packages\microsoft.net.test.sdk\17.14.1\build\net8.0\Microsoft.NET.Test.Sdk.Program.cs /embed:"obj\Debug\net8.0\.NETCoreApp,Version=v8.0.AssemblyAttributes.cs" /embed:obj\Debug\net8.0\Sentry.Attributes.cs /analyzerconfig:C:\Users\koosh\Dino\.editorconfig /analyzerconfig:obj\Debug\net8.0\DINOForge.Tests.GeneratedMSBuildEditorConfig.editorconfig /analyzerconfig:"C:\program files\dotnet\sdk\11.0.100-preview.2.26159.112\Sdks\Microsoft.NET.Sdk\analyzers\build\config\analysislevel_8_default.globalconfig" /analyzer:"C:\program files\dotnet\sdk\11.0.100-preview.2.26159.112\Sdks\Microsoft.NET.Sdk\targets\..\analyzers\Microsoft.CodeAnalysis.CSharp.NetAnalyzers.dll" /analyzer:"C:\program files\dotnet\sdk\11.0.100-preview.2.26159.112\Sdks\Microsoft.NET.Sdk\targets\..\analyzers\Microsoft.CodeAnalysis.NetAnalyzers.dll" /analyzer:C:\Users\koosh\.nuget\packages\system.text.json\10.0.5\analyzers\dotnet\roslyn4.4\cs\System.Text.Json.SourceGeneration.dll /analyzer:C:\Users\koosh\.nuget\packages\xunit.analyzers\1.18.0\analyzers\dotnet\cs\xunit.analyzers.dll /analyzer:C:\Users\koosh\.nuget\packages\xunit.analyzers\1.18.0\analyzers\dotnet\cs\xunit.analyzers.fixes.dll /analyzer:C:\Users\koosh\.nuget\packages\microsoft.netcore.app.ref\8.0.24\analyzers/dotnet/cs/Microsoft.Interop.ComInterfaceGenerator.dll /analyzer:C:\Users\koosh\.nuget\packages\microsoft.netcore.app.ref\8.0.24\analyzers/dotnet/cs/Microsoft.Interop.JavaScript.JSImportGenerator.dll /analyzer:C:\Users\koosh\.nuget\packages\microsoft.netcore.app.ref\8.0.24\analyzers/dotnet/cs/Microsoft.Interop.LibraryImportGenerator.dll /analyzer:C:\Users\koosh\.nuget\packages\microsoft.netcore.app.ref\8.0.24\analyzers/dotnet/cs/Microsoft.Interop.SourceGeneration.dll /analyzer:C:\Users\koosh\.nuget\packages\microsoft.netcore.app.ref\8.0.24\analyzers/dotnet/cs/System.Text.RegularExpressions.Generator.dll AddressablesCatalogTests.cs ArchitectureTests.cs AssetServiceTests.cs AssetSwapLatencyTests.cs AssetSwapRegistryCollection.cs AssetSwapRegistryTests.cs AviationStarWarsTests.cs BddSpecs.cs BridgeClientTests.cs CompatibilityCheckerTests.cs ContentLoaderArrayTests.cs ContentLoaderEdgeCaseTests.cs ContentLoaderIntegrationTests.cs ContentLoaderTests.cs DependencyResolverTests.cs DisabledPacksPersistenceTests.cs EconomyCoverageTests.cs EconomyDomainExpandedTests.cs EconomyTests.cs EconomyUiCoverageTests.cs ECS\EntityQueryBuilder.cs ECS\MockComponentRegistry.cs ECS\MockComponentType.cs ECS\MockEntity.cs ECS\MockEntityManager.cs ECS\MockEntityManagerTests.cs ECS\MockEntityQuery.cs ECS\MockWorld.cs EndToEndUserJourneysTests.cs EnvironmentMatrixTests.cs FactionPatchDefinitionTests.cs FuzzTargets\AssetCatalogFuzzTarget.cs FuzzTargets\JsonFuzzTarget.cs FuzzTargets\PackManifestFuzzTarget.cs FuzzTargets\SchemaValidationFuzzTarget.cs FuzzTargets\SemverFuzzTarget.cs FuzzTargets\YamlFuzzTarget.cs GameClientCoverageTests.cs GameClientPipelineTests.cs GlobalUsings.cs HotReloadTests.cs InstallerCoverageTests.cs InstallerTests.cs LoadingServicesTests.cs LODCalculationTests.cs ModelCoverageTests.cs ModelSerializationTests.cs ModelSnapshotTests.cs ModMenuTests.cs NativeInteropIntegrationTests.cs NativeInteropTests.cs OverrideApplicatorTests.cs PackCompilerCliTests.cs PackFileWatcherTests.cs PackLoaderTests.cs PackRegistryClientCoverageTests.cs PackRegistryClientTests.cs PackRegistryTests.cs PackSubmoduleTests.cs PerformanceBenchmarkTests.cs PerformanceRegressionTests.cs Phase3ACloneInfantryLODTests.cs Phase3BDroidLODTests.cs Phase4BuildingLODTests.cs Phase5BuildingExpansionTests.cs Phase7VisualAssetIntegrationTests.cs PropertyTests.cs PropertyTests.Extended.cs PropertyTests\RegistryPropertyTests.cs PropertyTests\SemVerPropertyTests.cs PropertyTests\YamlFuzzTests.cs ProtocolSerializationTests.cs RegistryEdgeCaseTests.cs RegistryStressTests.cs RegistryTests.cs ResourceReaderTests.cs RuntimeExtractionTests.cs ScenarioContentLoaderTests.cs ScenarioDomainCoverageTests.cs ScenarioRegistryTests.cs ScenarioRunnerTests.cs ScenarioTests.cs SchemaValidationTests.cs SDKCoverageTests.cs SDKCovGapTests.cs SdkEdgeCaseTests.cs SdkPolyglotIntegrationTests.cs SkillWaveSquadTests.cs TestEnvironment.cs TotalConversionTests.cs TradeEngineCoverageTests.cs UiDomainCoverageTests.cs UIDomainTests.cs UniverseBibleTests.cs VFXIntegrationTests.cs VFXPoolLogicTests.cs VFXSystemTests.cs WarfareComprehensiveTests.cs WarfareTests.cs ..\Runtime\Bridge\PackStatMappings.cs ..\Runtime\Bridge\VanillaArchetypeMapper.cs ..\Runtime\Bridge\ComponentMapping.cs ..\Runtime\Bridge\ComponentMap.cs ..\Runtime\RustAssetPipelineInterop.cs C:\Users\koosh\.nuget\packages\microsoft.net.test.sdk\17.14.1\build\net8.0\Microsoft.NET.Test.Sdk.Program.cs "obj\Debug\net8.0\.NETCoreApp,Version=v8.0.AssemblyAttributes.cs" obj\Debug\net8.0\Sentry.Attributes.cs /warnaserror+:NU1605,SYSLIB0011
         Compilation request DINOForge.Tests (net8.0), PathToTool=C:\program files\dotnet\sdk\11.0.100-preview.2.26159.112\Roslyn\bincore\csc.exe
         CommandLine = ' /noconfig'
         BuildResponseFile = '/unsafe- /checked- /nowarn:1701,1702,1701,1702,8002 /fullpaths /nostdlib+ /errorreport:prompt /warn:8 /define:TRACE;DEBUG;NET;NET8_0;NETCOREAPP;NET5_0_OR_GREATER;NET6_0_OR_GREATER;NET7_0_OR_GREATER;NET8_0_OR_GREATER;NETCOREAPP1_0_OR_GREATER;NETCOREAPP1_1_OR_GREATER;NETCOREAPP2_0_OR_GREATER;NETCOREAPP2_1_OR_GREATER;NETCOREAPP2_2_OR_GREATER;NETCOREAPP3_0_OR_GREATER;NETCOREAPP3_1_OR_GREATER /highentropyva+ /nullable:enable /reference:C:\Users\koosh\.nuget\packages\assetstools.net\3.0.4\lib\netstandard2.0\AssetsTools.NET.dll /reference:C:\Users\koosh\.nuget\packages\autofixture\4.18.1\lib\netstandard2.0\AutoFixture.dll /reference:C:\Users\koosh\.nuget\packages\autofixture.xunit2\4.18.1\lib\netstandard2.0\AutoFixture.Xunit2.dll /reference:C:\Users\koosh\Dino\src\Bridge\Client\obj\Debug\net6.0\ref\DINOForge.Bridge.Client.dll /reference:C:\Users\koosh\Dino\src\Bridge\Protocol\bin\Debug\netstandard2.0\DINOForge.Bridge.Protocol.dll /reference:C:\Users\koosh\Dino\src\Domains\Economy\bin\Debug\netstandard2.0\DINOForge.Domains.Economy.dll /reference:C:\Users\koosh\Dino\src\Domains\Scenario\bin\Debug\netstandard2.0\DINOForge.Domains.Scenario.dll /reference:C:\Users\koosh\Dino\src\Domains\UI\bin\Debug\netstandard2.0\DINOForge.Domains.UI.dll /reference:C:\Users\koosh\Dino\src\Domains\Warfare\bin\Debug\netstandard2.0\DINOForge.Domains.Warfare.dll /reference:C:\Users\koosh\Dino\src\SDK\bin\Debug\netstandard2.0\DINOForge.SDK.dll /reference:C:\Users\koosh\Dino\src\Tools\Installer\InstallerLib\obj\Debug\net6.0\ref\DINOForge.Tools.Installer.dll /reference:C:\Users\koosh\.nuget\packages\dnlib\4.4.0\lib\net6.0\dnlib.dll /reference:C:\Users\koosh\.nuget\packages\fare\2.1.1\lib\netstandard1.1\Fare.dll /reference:C:\Users\koosh\.nuget\packages\fluentassertions\6.12.2\lib\net6.0\FluentAssertions.dll /reference:C:\Users\koosh\.nuget\packages\fscheck\3.3.2\lib\netstandard2.0\FsCheck.dll /reference:C:\Users\koosh\.nuget\packages\fscheck.xunit\3.3.2\lib\netstandard2.0\FsCheck.Xunit.dll /reference:C:\Users\koosh\.nuget\packages\fsharp.core\5.0.2\lib\netstandard2.0\FSharp.Core.dll /reference:C:\Users\koosh\.nuget\packages\microsoft.netcore.app.ref\8.0.24\ref\net8.0\Microsoft.CSharp.dll /reference:C:\Users\koosh\.nuget\packages\microsoft.testplatform.testhost\17.14.1\lib\net8.0\Microsoft.TestPlatform.CommunicationUtilities.dll /reference:C:\Users\koosh\.nuget\packages\microsoft.testplatform.testhost\17.14.1\lib\net8.0\Microsoft.TestPlatform.CoreUtilities.dll /reference:C:\Users\koosh\.nuget\packages\microsoft.testplatform.testhost\17.14.1\lib\net8.0\Microsoft.TestPlatform.CrossPlatEngine.dll /reference:C:\Users\koosh\.nuget\packages\microsoft.testplatform.testhost\17.14.1\lib\net8.0\Microsoft.TestPlatform.PlatformAbstractions.dll /reference:C:\Users\koosh\.nuget\packages\microsoft.testplatform.testhost\17.14.1\lib\net8.0\Microsoft.TestPlatform.Utilities.dll /reference:C:\Users\koosh\.nuget\packages\microsoft.netcore.app.ref\8.0.24\ref\net8.0\Microsoft.VisualBasic.Core.dll /reference:C:\Users\koosh\.nuget\packages\microsoft.netcore.app.ref\8.0.24\ref\net8.0\Microsoft.VisualBasic.dll /reference:C:\Users\koosh\.nuget\packages\microsoft.codecoverage\17.14.1\lib\net8.0\Microsoft.VisualStudio.CodeCoverage.Shim.dll /reference:C:\Users\koosh\.nuget\packages\microsoft.testplatform.testhost\17.14.1\lib\net8.0\Microsoft.VisualStudio.TestPlatform.Common.dll /reference:C:\Users\koosh\.nuget\packages\microsoft.testplatform.testhost\17.14.1\lib\net8.0\Microsoft.VisualStudio.TestPlatform.ObjectModel.dll /reference:C:\Users\koosh\.nuget\packages\microsoft.netcore.app.ref\8.0.24\ref\net8.0\Microsoft.Win32.Primitives.dll /reference:C:\Users\koosh\.nuget\packages\microsoft.netcore.app.ref\8.0.24\ref\net8.0\Microsoft.Win32.Registry.dll /reference:C:\Users\koosh\.nuget\packages\mono.cecil\0.11.3\lib\netstandard2.0\Mono.Cecil.dll /reference:C:\Users\koosh\.nuget\packages\mono.cecil\0.11.3\lib\netstandard2.0\Mono.Cecil.Mdb.dll /reference:C:\Users\koosh\.nuget\packages\mono.cecil\0.11.3\lib\netstandard2.0\Mono.Cecil.Pdb.dll /reference:C:\Users\koosh\.nuget\packages\mono.cecil\0.11.3\lib\netstandard2.0\Mono.Cecil.Rocks.dll /reference:C:\Users\koosh\.nuget\packages\microsoft.netcore.app.ref\8.0.24\ref\net8.0\mscorlib.dll /reference:C:\Users\koosh\.nuget\packages\namotion.reflection\2.1.2\lib\netstandard2.0\Namotion.Reflection.dll /reference:C:\Users\koosh\.nuget\packages\netarchtest.rules\1.3.2\lib\netstandard2.0\NetArchTest.Rules.dll /reference:C:\Users\koosh\.nuget\packages\microsoft.netcore.app.ref\8.0.24\ref\net8.0\netstandard.dll /reference:C:\Users\koosh\.nuget\packages\newtonsoft.json\13.0.4\lib\net6.0\Newtonsoft.Json.dll /reference:C:\Users\koosh\.nuget\packages\njsonschema\10.9.0\lib\netstandard2.0\NJsonSchema.dll /reference:C:\Users\koosh\.nuget\packages\sentry\4.11.0\lib\net8.0\Sentry.dll /reference:C:\Users\koosh\.nuget\packages\sharpfuzz.common\2.2.0\lib\netstandard2.0\SharpFuzz.Common.dll /reference:C:\Users\koosh\.nuget\packages\sharpfuzz\2.2.0\lib\netstandard2.0\SharpFuzz.dll /reference:C:\Users\koosh\.nuget\packages\microsoft.netcore.app.ref\8.0.24\ref\net8.0\System.AppContext.dll /reference:C:\Users\koosh\.nuget\packages\microsoft.netcore.app.ref\8.0.24\ref\net8.0\System.Buffers.dll /reference:C:\Users\koosh\.nuget\packages\microsoft.netcore.app.ref\8.0.24\ref\net8.0\System.Collections.Concurrent.dll /reference:C:\Users\koosh\.nuget\packages\microsoft.netcore.app.ref\8.0.24\ref\net8.0\System.Collections.dll /reference:C:\Users\koosh\.nuget\packages\microsoft.netcore.app.ref\8.0.24\ref\net8.0\System.Collections.Immutable.dll /reference:C:\Users\koosh\.nuget\packages\microsoft.netcore.app.ref\8.0.24\ref\net8.0\System.Collections.NonGeneric.dll /reference:C:\Users\koosh\.nuget\packages\microsoft.netcore.app.ref\8.0.24\ref\net8.0\System.Collections.Specialized.dll /reference:C:\Users\koosh\.nuget\packages\microsoft.netcore.app.ref\8.0.24\ref\net8.0\System.ComponentModel.Annotations.dll /reference:C:\Users\koosh\.nuget\packages\microsoft.netcore.app.ref\8.0.24\ref\net8.0\System.ComponentModel.DataAnnotations.dll /reference:C:\Users\koosh\.nuget\packages\microsoft.netcore.app.ref\8.0.24\ref\net8.0\System.ComponentModel.dll /reference:C:\Users\koosh\.nuget\packages\microsoft.netcore.app.ref\8.0.24\ref\net8.0\System.ComponentModel.EventBasedAsync.dll /reference:C:\Users\koosh\.nuget\packages\microsoft.netcore.app.ref\8.0.24\ref\net8.0\System.ComponentModel.Primitives.dll /reference:C:\Users\koosh\.nuget\packages\microsoft.netcore.app.ref\8.0.24\ref\net8.0\System.ComponentModel.TypeConverter.dll /reference:C:\Users\koosh\.nuget\packages\system.configuration.configurationmanager\4.4.0\ref\netstandard2.0\System.Configuration.ConfigurationManager.dll /reference:C:\Users\koosh\.nuget\packages\microsoft.netcore.app.ref\8.0.24\ref\net8.0\System.Configuration.dll /reference:C:\Users\koosh\.nuget\packages\microsoft.netcore.app.ref\8.0.24\ref\net8.0\System.Console.dll /reference:C:\Users\koosh\.nuget\packages\microsoft.netcore.app.ref\8.0.24\ref\net8.0\System.Core.dll /reference:C:\Users\koosh\.nuget\packages\microsoft.netcore.app.ref\8.0.24\ref\net8.0\System.Data.Common.dll /reference:C:\Users\koosh\.nuget\packages\microsoft.netcore.app.ref\8.0.24\ref\net8.0\System.Data.DataSetExtensions.dll /reference:C:\Users\koosh\.nuget\packages\microsoft.netcore.app.ref\8.0.24\ref\net8.0\System.Data.dll /reference:C:\Users\koosh\.nuget\packages\microsoft.netcore.app.ref\8.0.24\ref\net8.0\System.Diagnostics.Contracts.dll /reference:C:\Users\koosh\.nuget\packages\microsoft.netcore.app.ref\8.0.24\ref\net8.0\System.Diagnostics.Debug.dll /reference:C:\Users\koosh\.nuget\packages\microsoft.netcore.app.ref\8.0.24\ref\net8.0\System.Diagnostics.DiagnosticSource.dll /reference:C:\Users\koosh\.nuget\packages\microsoft.netcore.app.ref\8.0.24\ref\net8.0\System.Diagnostics.FileVersionInfo.dll /reference:C:\Users\koosh\.nuget\packages\microsoft.netcore.app.ref\8.0.24\ref\net8.0\System.Diagnostics.Process.dll /reference:C:\Users\koosh\.nuget\packages\microsoft.netcore.app.ref\8.0.24\ref\net8.0\System.Diagnostics.StackTrace.dll /reference:C:\Users\koosh\.nuget\packages\microsoft.netcore.app.ref\8.0.24\ref\net8.0\System.Diagnostics.TextWriterTraceListener.dll /reference:C:\Users\koosh\.nuget\packages\microsoft.netcore.app.ref\8.0.24\ref\net8.0\System.Diagnostics.Tools.dll /reference:C:\Users\koosh\.nuget\packages\microsoft.netcore.app.ref\8.0.24\ref\net8.0\System.Diagnostics.TraceSource.dll /reference:C:\Users\koosh\.nuget\packages\microsoft.netcore.app.ref\8.0.24\ref\net8.0\System.Diagnostics.Tracing.dll /reference:C:\Users\koosh\.nuget\packages\microsoft.netcore.app.ref\8.0.24\ref\net8.0\System.dll /reference:C:\Users\koosh\.nuget\packages\microsoft.netcore.app.ref\8.0.24\ref\net8.0\System.Drawing.dll /reference:C:\Users\koosh\.nuget\packages\microsoft.netcore.app.ref\8.0.24\ref\net8.0\System.Drawing.Primitives.dll /reference:C:\Users\koosh\.nuget\packages\microsoft.netcore.app.ref\8.0.24\ref\net8.0\System.Dynamic.Runtime.dll /reference:C:\Users\koosh\.nuget\packages\microsoft.netcore.app.ref\8.0.24\ref\net8.0\System.Formats.Asn1.dll /reference:C:\Users\koosh\.nuget\packages\microsoft.netcore.app.ref\8.0.24\ref\net8.0\System.Formats.Tar.dll /reference:C:\Users\koosh\.nuget\packages\microsoft.netcore.app.ref\8.0.24\ref\net8.0\System.Globalization.Calendars.dll /reference:C:\Users\koosh\.nuget\packages\microsoft.netcore.app.ref\8.0.24\ref\net8.0\System.Globalization.dll /reference:C:\Users\koosh\.nuget\packages\microsoft.netcore.app.ref\8.0.24\ref\net8.0\System.Globalization.Extensions.dll /reference:C:\Users\koosh\.nuget\packages\microsoft.netcore.app.ref\8.0.24\ref\net8.0\System.IO.Compression.Brotli.dll /reference:C:\Users\koosh\.nuget\packages\microsoft.netcore.app.ref\8.0.24\ref\net8.0\System.IO.Compression.dll /reference:C:\Users\koosh\.nuget\packages\microsoft.netcore.app.ref\8.0.24\ref\net8.0\System.IO.Compression.FileSystem.dll /reference:C:\Users\koosh\.nuget\packages\microsoft.netcore.app.ref\8.0.24\ref\net8.0\System.IO.Compression.ZipFile.dll /reference:C:\Users\koosh\.nuget\packages\microsoft.netcore.app.ref\8.0.24\ref\net8.0\System.IO.dll /reference:C:\Users\koosh\.nuget\packages\microsoft.netcore.app.ref\8.0.24\ref\net8.0\System.IO.FileSystem.AccessControl.dll /reference:C:\Users\koosh\.nuget\packages\microsoft.netcore.app.ref\8.0.24\ref\net8.0\System.IO.FileSystem.dll /reference:C:\Users\koosh\.nuget\packages\microsoft.netcore.app.ref\8.0.24\ref\net8.0\System.IO.FileSystem.DriveInfo.dll /reference:C:\Users\koosh\.nuget\packages\microsoft.netcore.app.ref\8.0.24\ref\net8.0\System.IO.FileSystem.Primitives.dll /reference:C:\Users\koosh\.nuget\packages\microsoft.netcore.app.ref\8.0.24\ref\net8.0\System.IO.FileSystem.Watcher.dll /reference:C:\Users\koosh\.nuget\packages\microsoft.netcore.app.ref\8.0.24\ref\net8.0\System.IO.IsolatedStorage.dll /reference:C:\Users\koosh\.nuget\packages\microsoft.netcore.app.ref\8.0.24\ref\net8.0\System.IO.MemoryMappedFiles.dll /reference:C:\Users\koosh\.nuget\packages\system.io.pipelines\10.0.5\lib\net8.0\System.IO.Pipelines.dll /reference:C:\Users\koosh\.nuget\packages\microsoft.netcore.app.ref\8.0.24\ref\net8.0\System.IO.Pipes.AccessControl.dll /reference:C:\Users\koosh\.nuget\packages\microsoft.netcore.app.ref\8.0.24\ref\net8.0\System.IO.Pipes.dll /reference:C:\Users\koosh\.nuget\packages\microsoft.netcore.app.ref\8.0.24\ref\net8.0\System.IO.UnmanagedMemoryStream.dll /reference:C:\Users\koosh\.nuget\packages\microsoft.netcore.app.ref\8.0.24\ref\net8.0\System.Linq.dll /reference:C:\Users\koosh\.nuget\packages\microsoft.netcore.app.ref\8.0.24\ref\net8.0\System.Linq.Expressions.dll /reference:C:\Users\koosh\.nuget\packages\microsoft.netcore.app.ref\8.0.24\ref\net8.0\System.Linq.Parallel.dll /reference:C:\Users\koosh\.nuget\packages\microsoft.netcore.app.ref\8.0.24\ref\net8.0\System.Linq.Queryable.dll /reference:C:\Users\koosh\.nuget\packages\microsoft.netcore.app.ref\8.0.24\ref\net8.0\System.Memory.dll /reference:C:\Users\koosh\.nuget\packages\microsoft.netcore.app.ref\8.0.24\ref\net8.0\System.Net.dll /reference:C:\Users\koosh\.nuget\packages\microsoft.netcore.app.ref\8.0.24\ref\net8.0\System.Net.Http.dll /reference:C:\Users\koosh\.nuget\packages\microsoft.netcore.app.ref\8.0.24\ref\net8.0\System.Net.Http.Json.dll /reference:C:\Users\koosh\.nuget\packages\microsoft.netcore.app.ref\8.0.24\ref\net8.0\System.Net.HttpListener.dll /reference:C:\Users\koosh\.nuget\packages\microsoft.netcore.app.ref\8.0.24\ref\net8.0\System.Net.Mail.dll /reference:C:\Users\koosh\.nuget\packages\microsoft.netcore.app.ref\8.0.24\ref\net8.0\System.Net.NameResolution.dll /reference:C:\Users\koosh\.nuget\packages\microsoft.netcore.app.ref\8.0.24\ref\net8.0\System.Net.NetworkInformation.dll /reference:C:\Users\koosh\.nuget\packages\microsoft.netcore.app.ref\8.0.24\ref\net8.0\System.Net.Ping.dll /reference:C:\Users\koosh\.nuget\packages\microsoft.netcore.app.ref\8.0.24\ref\net8.0\System.Net.Primitives.dll /reference:C:\Users\koosh\.nuget\packages\microsoft.netcore.app.ref\8.0.24\ref\net8.0\System.Net.Quic.dll /reference:C:\Users\koosh\.nuget\packages\microsoft.netcore.app.ref\8.0.24\ref\net8.0\System.Net.Requests.dll /reference:C:\Users\koosh\.nuget\packages\microsoft.netcore.app.ref\8.0.24\ref\net8.0\System.Net.Security.dll /reference:C:\Users\koosh\.nuget\packages\microsoft.netcore.app.ref\8.0.24\ref\net8.0\System.Net.ServicePoint.dll /reference:C:\Users\koosh\.nuget\packages\microsoft.netcore.app.ref\8.0.24\ref\net8.0\System.Net.Sockets.dll /reference:C:\Users\koosh\.nuget\packages\microsoft.netcore.app.ref\8.0.24\ref\net8.0\System.Net.WebClient.dll /reference:C:\Users\koosh\.nuget\packages\microsoft.netcore.app.ref\8.0.24\ref\net8.0\System.Net.WebHeaderCollection.dll /reference:C:\Users\koosh\.nuget\packages\microsoft.netcore.app.ref\8.0.24\ref\net8.0\System.Net.WebProxy.dll /reference:C:\Users\koosh\.nuget\packages\microsoft.netcore.app.ref\8.0.24\ref\net8.0\System.Net.WebSockets.Client.dll /reference:C:\Users\koosh\.nuget\packages\microsoft.netcore.app.ref\8.0.24\ref\net8.0\System.Net.WebSockets.dll /reference:C:\Users\koosh\.nuget\packages\microsoft.netcore.app.ref\8.0.24\ref\net8.0\System.Numerics.dll /reference:C:\Users\koosh\.nuget\packages\microsoft.netcore.app.ref\8.0.24\ref\net8.0\System.Numerics.Vectors.dll /reference:C:\Users\koosh\.nuget\packages\microsoft.netcore.app.ref\8.0.24\ref\net8.0\System.ObjectModel.dll /reference:C:\Users\koosh\.nuget\packages\microsoft.netcore.app.ref\8.0.24\ref\net8.0\System.Reflection.DispatchProxy.dll /reference:C:\Users\koosh\.nuget\packages\microsoft.netcore.app.ref\8.0.24\ref\net8.0\System.Reflection.dll /reference:C:\Users\koosh\.nuget\packages\microsoft.netcore.app.ref\8.0.24\ref\net8.0\System.Reflection.Emit.dll /reference:C:\Users\koosh\.nuget\packages\microsoft.netcore.app.ref\8.0.24\ref\net8.0\System.Reflection.Emit.ILGeneration.dll /reference:C:\Users\koosh\.nuget\packages\microsoft.netcore.app.ref\8.0.24\ref\net8.0\System.Reflection.Emit.Lightweight.dll /reference:C:\Users\koosh\.nuget\packages\microsoft.netcore.app.ref\8.0.24\ref\net8.0\System.Reflection.Extensions.dll /reference:C:\Users\koosh\.nuget\packages\microsoft.netcore.app.ref\8.0.24\ref\net8.0\System.Reflection.Metadata.dll /reference:C:\Users\koosh\.nuget\packages\microsoft.netcore.app.ref\8.0.24\ref\net8.0\System.Reflection.Primitives.dll /reference:C:\Users\koosh\.nuget\packages\microsoft.netcore.app.ref\8.0.24\ref\net8.0\System.Reflection.TypeExtensions.dll /reference:C:\Users\koosh\.nuget\packages\microsoft.netcore.app.ref\8.0.24\ref\net8.0\System.Resources.Reader.dll /reference:C:\Users\koosh\.nuget\packages\microsoft.netcore.app.ref\8.0.24\ref\net8.0\System.Resources.ResourceManager.dll /reference:C:\Users\koosh\.nuget\packages\microsoft.netcore.app.ref\8.0.24\ref\net8.0\System.Resources.Writer.dll /reference:C:\Users\koosh\.nuget\packages\microsoft.netcore.app.ref\8.0.24\ref\net8.0\System.Runtime.CompilerServices.Unsafe.dll /reference:C:\Users\koosh\.nuget\packages\microsoft.netcore.app.ref\8.0.24\ref\net8.0\System.Runtime.CompilerServices.VisualC.dll /reference:C:\Users\koosh\.nuget\packages\microsoft.netcore.app.ref\8.0.24\ref\net8.0\System.Runtime.dll /reference:C:\Users\koosh\.nuget\packages\microsoft.netcore.app.ref\8.0.24\ref\net8.0\System.Runtime.Extensions.dll /reference:C:\Users\koosh\.nuget\packages\microsoft.netcore.app.ref\8.0.24\ref\net8.0\System.Runtime.Handles.dll /reference:C:\Users\koosh\.nuget\packages\microsoft.netcore.app.ref\8.0.24\ref\net8.0\System.Runtime.InteropServices.dll /reference:C:\Users\koosh\.nuget\packages\microsoft.netcore.app.ref\8.0.24\ref\net8.0\System.Runtime.InteropServices.JavaScript.dll /reference:C:\Users\koosh\.nuget\packages\microsoft.netcore.app.ref\8.0.24\ref\net8.0\System.Runtime.InteropServices.RuntimeInformation.dll /reference:C:\Users\koosh\.nuget\packages\microsoft.netcore.app.ref\8.0.24\ref\net8.0\System.Runtime.Intrinsics.dll /reference:C:\Users\koosh\.nuget\packages\microsoft.netcore.app.ref\8.0.24\ref\net8.0\System.Runtime.Loader.dll /reference:C:\Users\koosh\.nuget\packages\microsoft.netcore.app.ref\8.0.24\ref\net8.0\System.Runtime.Numerics.dll /reference:C:\Users\koosh\.nuget\packages\microsoft.netcore.app.ref\8.0.24\ref\net8.0\System.Runtime.Serialization.dll /reference:C:\Users\koosh\.nuget\packages\microsoft.netcore.app.ref\8.0.24\ref\net8.0\System.Runtime.Serialization.Formatters.dll /reference:C:\Users\koosh\.nuget\packages\microsoft.netcore.app.ref\8.0.24\ref\net8.0\System.Runtime.Serialization.Json.dll /reference:C:\Users\koosh\.nuget\packages\microsoft.netcore.app.ref\8.0.24\ref\net8.0\System.Runtime.Serialization.Primitives.dll /reference:C:\Users\koosh\.nuget\packages\microsoft.netcore.app.ref\8.0.24\ref\net8.0\System.Runtime.Serialization.Xml.dll /reference:C:\Users\koosh\.nuget\packages\microsoft.netcore.app.ref\8.0.24\ref\net8.0\System.Security.AccessControl.dll /reference:C:\Users\koosh\.nuget\packages\microsoft.netcore.app.ref\8.0.24\ref\net8.0\System.Security.Claims.dll /reference:C:\Users\koosh\.nuget\packages\microsoft.netcore.app.ref\8.0.24\ref\net8.0\System.Security.Cryptography.Algorithms.dll /reference:C:\Users\koosh\.nuget\packages\microsoft.netcore.app.ref\8.0.24\ref\net8.0\System.Security.Cryptography.Cng.dll /reference:C:\Users\koosh\.nuget\packages\microsoft.netcore.app.ref\8.0.24\ref\net8.0\System.Security.Cryptography.Csp.dll /reference:C:\Users\koosh\.nuget\packages\microsoft.netcore.app.ref\8.0.24\ref\net8.0\System.Security.Cryptography.dll /reference:C:\Users\koosh\.nuget\packages\microsoft.netcore.app.ref\8.0.24\ref\net8.0\System.Security.Cryptography.Encoding.dll /reference:C:\Users\koosh\.nuget\packages\microsoft.netcore.app.ref\8.0.24\ref\net8.0\System.Security.Cryptography.OpenSsl.dll /reference:C:\Users\koosh\.nuget\packages\microsoft.netcore.app.ref\8.0.24\ref\net8.0\System.Security.Cryptography.Primitives.dll /reference:C:\Users\koosh\.nuget\packages\microsoft.netcore.app.ref\8.0.24\ref\net8.0\System.Security.Cryptography.X509Certificates.dll /reference:C:\Users\koosh\.nuget\packages\microsoft.netcore.app.ref\8.0.24\ref\net8.0\System.Security.dll /reference:C:\Users\koosh\.nuget\packages\microsoft.netcore.app.ref\8.0.24\ref\net8.0\System.Security.Principal.dll /reference:C:\Users\koosh\.nuget\packages\microsoft.netcore.app.ref\8.0.24\ref\net8.0\System.Security.Principal.Windows.dll /reference:C:\Users\koosh\.nuget\packages\microsoft.netcore.app.ref\8.0.24\ref\net8.0\System.Security.SecureString.dll /reference:C:\Users\koosh\.nuget\packages\microsoft.netcore.app.ref\8.0.24\ref\net8.0\System.ServiceModel.Web.dll /reference:C:\Users\koosh\.nuget\packages\microsoft.netcore.app.ref\8.0.24\ref\net8.0\System.ServiceProcess.dll /reference:C:\Users\koosh\.nuget\packages\microsoft.netcore.app.ref\8.0.24\ref\net8.0\System.Text.Encoding.CodePages.dll /reference:C:\Users\koosh\.nuget\packages\microsoft.netcore.app.ref\8.0.24\ref\net8.0\System.Text.Encoding.dll /reference:C:\Users\koosh\.nuget\packages\microsoft.netcore.app.ref\8.0.24\ref\net8.0\System.Text.Encoding.Extensions.dll /reference:C:\Users\koosh\.nuget\packages\system.text.encodings.web\10.0.5\lib\net8.0\System.Text.Encodings.Web.dll /reference:C:\Users\koosh\.nuget\packages\system.text.json\10.0.5\lib\net8.0\System.Text.Json.dll /reference:C:\Users\koosh\.nuget\packages\microsoft.netcore.app.ref\8.0.24\ref\net8.0\System.Text.RegularExpressions.dll /reference:C:\Users\koosh\.nuget\packages\microsoft.netcore.app.ref\8.0.24\ref\net8.0\System.Threading.Channels.dll /reference:C:\Users\koosh\.nuget\packages\microsoft.netcore.app.ref\8.0.24\ref\net8.0\System.Threading.dll /reference:C:\Users\koosh\.nuget\packages\microsoft.netcore.app.ref\8.0.24\ref\net8.0\System.Threading.Overlapped.dll /reference:C:\Users\koosh\.nuget\packages\microsoft.netcore.app.ref\8.0.24\ref\net8.0\System.Threading.Tasks.Dataflow.dll /reference:C:\Users\koosh\.nuget\packages\microsoft.netcore.app.ref\8.0.24\ref\net8.0\System.Threading.Tasks.dll /reference:C:\Users\koosh\.nuget\packages\microsoft.netcore.app.ref\8.0.24\ref\net8.0\System.Threading.Tasks.Extensions.dll /reference:C:\Users\koosh\.nuget\packages\microsoft.netcore.app.ref\8.0.24\ref\net8.0\System.Threading.Tasks.Parallel.dll /reference:C:\Users\koosh\.nuget\packages\microsoft.netcore.app.ref\8.0.24\ref\net8.0\System.Threading.Thread.dll /reference:C:\Users\koosh\.nuget\packages\microsoft.netcore.app.ref\8.0.24\ref\net8.0\System.Threading.ThreadPool.dll /reference:C:\Users\koosh\.nuget\packages\microsoft.netcore.app.ref\8.0.24\ref\net8.0\System.Threading.Timer.dll /reference:C:\Users\koosh\.nuget\packages\microsoft.netcore.app.ref\8.0.24\ref\net8.0\System.Transactions.dll /reference:C:\Users\koosh\.nuget\packages\microsoft.netcore.app.ref\8.0.24\ref\net8.0\System.Transactions.Local.dll /reference:C:\Users\koosh\.nuget\packages\microsoft.netcore.app.ref\8.0.24\ref\net8.0\System.ValueTuple.dll /reference:C:\Users\koosh\.nuget\packages\microsoft.netcore.app.ref\8.0.24\ref\net8.0\System.Web.dll /reference:C:\Users\koosh\.nuget\packages\microsoft.netcore.app.ref\8.0.24\ref\net8.0\System.Web.HttpUtility.dll /reference:C:\Users\koosh\.nuget\packages\microsoft.netcore.app.ref\8.0.24\ref\net8.0\System.Windows.dll /reference:C:\Users\koosh\.nuget\packages\microsoft.netcore.app.ref\8.0.24\ref\net8.0\System.Xml.dll /reference:C:\Users\koosh\.nuget\packages\microsoft.netcore.app.ref\8.0.24\ref\net8.0\System.Xml.Linq.dll /reference:C:\Users\koosh\.nuget\packages\microsoft.netcore.app.ref\8.0.24\ref\net8.0\System.Xml.ReaderWriter.dll /reference:C:\Users\koosh\.nuget\packages\microsoft.netcore.app.ref\8.0.24\ref\net8.0\System.Xml.Serialization.dll /reference:C:\Users\koosh\.nuget\packages\microsoft.netcore.app.ref\8.0.24\ref\net8.0\System.Xml.XDocument.dll /reference:C:\Users\koosh\.nuget\packages\microsoft.netcore.app.ref\8.0.24\ref\net8.0\System.Xml.XmlDocument.dll /reference:C:\Users\koosh\.nuget\packages\microsoft.netcore.app.ref\8.0.24\ref\net8.0\System.Xml.XmlSerializer.dll /reference:C:\Users\koosh\.nuget\packages\microsoft.netcore.app.ref\8.0.24\ref\net8.0\System.Xml.XPath.dll /reference:C:\Users\koosh\.nuget\packages\microsoft.netcore.app.ref\8.0.24\ref\net8.0\System.Xml.XPath.XDocument.dll /reference:C:\Users\koosh\.nuget\packages\microsoft.testplatform.testhost\17.14.1\lib\net8.0\testhost.dll /reference:C:\Users\koosh\.nuget\packages\microsoft.netcore.app.ref\8.0.24\ref\net8.0\WindowsBase.dll /reference:C:\Users\koosh\.nuget\packages\xunit.abstractions\2.0.3\lib\netstandard2.0\xunit.abstractions.dll /reference:C:\Users\koosh\.nuget\packages\xunit.assert\2.9.3\lib\net6.0\xunit.assert.dll /reference:C:\Users\koosh\.nuget\packages\xunit.extensibility.core\2.9.3\lib\netstandard1.1\xunit.core.dll /reference:C:\Users\koosh\.nuget\packages\xunit.extensibility.execution\2.9.3\lib\netstandard1.1\xunit.execution.dotnet.dll /reference:C:\Users\koosh\.nuget\packages\yamldotnet\16.3.0\lib\net8.0\YamlDotNet.dll /debug+ /debug:portable /filealign:512 /optimize- /out:obj\Debug\net8.0\DINOForge.Tests.dll /refout:obj\Debug\net8.0\refint\DINOForge.Tests.dll /target:exe /warnaserror- /utf8output /deterministic+ /sourcelink:obj\Debug\net8.0\DINOForge.Tests.sourcelink.json /langversion:latest /embed:C:\Users\koosh\.nuget\packages\microsoft.net.test.sdk\17.14.1\build\net8.0\Microsoft.NET.Test.Sdk.Program.cs /embed:"obj\Debug\net8.0\.NETCoreApp,Version=v8.0.AssemblyAttributes.cs" /embed:obj\Debug\net8.0\Sentry.Attributes.cs /analyzerconfig:C:\Users\koosh\Dino\.editorconfig /analyzerconfig:obj\Debug\net8.0\DINOForge.Tests.GeneratedMSBuildEditorConfig.editorconfig /analyzerconfig:"C:\program files\dotnet\sdk\11.0.100-preview.2.26159.112\Sdks\Microsoft.NET.Sdk\analyzers\build\config\analysislevel_8_default.globalconfig" /analyzer:"C:\program files\dotnet\sdk\11.0.100-preview.2.26159.112\Sdks\Microsoft.NET.Sdk\targets\..\analyzers\Microsoft.CodeAnalysis.CSharp.NetAnalyzers.dll" /analyzer:"C:\program files\dotnet\sdk\11.0.100-preview.2.26159.112\Sdks\Microsoft.NET.Sdk\targets\..\analyzers\Microsoft.CodeAnalysis.NetAnalyzers.dll" /analyzer:C:\Users\koosh\.nuget\packages\system.text.json\10.0.5\analyzers\dotnet\roslyn4.4\cs\System.Text.Json.SourceGeneration.dll /analyzer:C:\Users\koosh\.nuget\packages\xunit.analyzers\1.18.0\analyzers\dotnet\cs\xunit.analyzers.dll /analyzer:C:\Users\koosh\.nuget\packages\xunit.analyzers\1.18.0\analyzers\dotnet\cs\xunit.analyzers.fixes.dll /analyzer:C:\Users\koosh\.nuget\packages\microsoft.netcore.app.ref\8.0.24\analyzers/dotnet/cs/Microsoft.Interop.ComInterfaceGenerator.dll /analyzer:C:\Users\koosh\.nuget\packages\microsoft.netcore.app.ref\8.0.24\analyzers/dotnet/cs/Microsoft.Interop.JavaScript.JSImportGenerator.dll /analyzer:C:\Users\koosh\.nuget\packages\microsoft.netcore.app.ref\8.0.24\analyzers/dotnet/cs/Microsoft.Interop.LibraryImportGenerator.dll /analyzer:C:\Users\koosh\.nuget\packages\microsoft.netcore.app.ref\8.0.24\analyzers/dotnet/cs/Microsoft.Interop.SourceGeneration.dll /analyzer:C:\Users\koosh\.nuget\packages\microsoft.netcore.app.ref\8.0.24\analyzers/dotnet/cs/System.Text.RegularExpressions.Generator.dll AddressablesCatalogTests.cs ArchitectureTests.cs AssetServiceTests.cs AssetSwapLatencyTests.cs AssetSwapRegistryCollection.cs AssetSwapRegistryTests.cs AviationStarWarsTests.cs BddSpecs.cs BridgeClientTests.cs CompatibilityCheckerTests.cs ContentLoaderArrayTests.cs ContentLoaderEdgeCaseTests.cs ContentLoaderIntegrationTests.cs ContentLoaderTests.cs DependencyResolverTests.cs DisabledPacksPersistenceTests.cs EconomyCoverageTests.cs EconomyDomainExpandedTests.cs EconomyTests.cs EconomyUiCoverageTests.cs ECS\EntityQueryBuilder.cs ECS\MockComponentRegistry.cs ECS\MockComponentType.cs ECS\MockEntity.cs ECS\MockEntityManager.cs ECS\MockEntityManagerTests.cs ECS\MockEntityQuery.cs ECS\MockWorld.cs EndToEndUserJourneysTests.cs EnvironmentMatrixTests.cs FactionPatchDefinitionTests.cs FuzzTargets\AssetCatalogFuzzTarget.cs FuzzTargets\JsonFuzzTarget.cs FuzzTargets\PackManifestFuzzTarget.cs FuzzTargets\SchemaValidationFuzzTarget.cs FuzzTargets\SemverFuzzTarget.cs FuzzTargets\YamlFuzzTarget.cs GameClientCoverageTests.cs GameClientPipelineTests.cs GlobalUsings.cs HotReloadTests.cs InstallerCoverageTests.cs InstallerTests.cs LoadingServicesTests.cs LODCalculationTests.cs ModelCoverageTests.cs ModelSerializationTests.cs ModelSnapshotTests.cs ModMenuTests.cs NativeInteropIntegrationTests.cs NativeInteropTests.cs OverrideApplicatorTests.cs PackCompilerCliTests.cs PackFileWatcherTests.cs PackLoaderTests.cs PackRegistryClientCoverageTests.cs PackRegistryClientTests.cs PackRegistryTests.cs PackSubmoduleTests.cs PerformanceBenchmarkTests.cs PerformanceRegressionTests.cs Phase3ACloneInfantryLODTests.cs Phase3BDroidLODTests.cs Phase4BuildingLODTests.cs Phase5BuildingExpansionTests.cs Phase7VisualAssetIntegrationTests.cs PropertyTests.cs PropertyTests.Extended.cs PropertyTests\RegistryPropertyTests.cs PropertyTests\SemVerPropertyTests.cs PropertyTests\YamlFuzzTests.cs ProtocolSerializationTests.cs RegistryEdgeCaseTests.cs RegistryStressTests.cs RegistryTests.cs ResourceReaderTests.cs RuntimeExtractionTests.cs ScenarioContentLoaderTests.cs ScenarioDomainCoverageTests.cs ScenarioRegistryTests.cs ScenarioRunnerTests.cs ScenarioTests.cs SchemaValidationTests.cs SDKCoverageTests.cs SDKCovGapTests.cs SdkEdgeCaseTests.cs SdkPolyglotIntegrationTests.cs SkillWaveSquadTests.cs TestEnvironment.cs TotalConversionTests.cs TradeEngineCoverageTests.cs UiDomainCoverageTests.cs UIDomainTests.cs UniverseBibleTests.cs VFXIntegrationTests.cs VFXPoolLogicTests.cs VFXSystemTests.cs WarfareComprehensiveTests.cs WarfareTests.cs ..\Runtime\Bridge\PackStatMappings.cs ..\Runtime\Bridge\VanillaArchetypeMapper.cs ..\Runtime\Bridge\ComponentMapping.cs ..\Runtime\Bridge\ComponentMap.cs ..\Runtime\RustAssetPipelineInterop.cs C:\Users\koosh\.nuget\packages\microsoft.net.test.sdk\17.14.1\build\net8.0\Microsoft.NET.Test.Sdk.Program.cs "obj\Debug\net8.0\.NETCoreApp,Version=v8.0.AssemblyAttributes.cs" obj\Debug\net8.0\Sentry.Attributes.cs /warnaserror+:NU1605,SYSLIB0011'
         Attempt to open named pipe 'KWpPKXCiYKenKkWgfNYOOqo2VP_eto_HePnKm1ziwnk'
         Attempt to connect named pipe 'KWpPKXCiYKenKkWgfNYOOqo2VP_eto_HePnKm1ziwnk'
         Named pipe 'KWpPKXCiYKenKkWgfNYOOqo2VP_eto_HePnKm1ziwnk' connected
         Begin writing request for DINOForge.Tests (net8.0)
         End writing request for DINOForge.Tests (net8.0)
         Begin reading response for DINOForge.Tests (net8.0)
    14>CoreCompile:
         End reading response for DINOForge.Tests.Integration (net8.0)
    14>C:\Users\koosh\Dino\src\Tests\Integration\Tests\ParallelGameE2ETests.cs(746,18): warning CS0414: The field 'FreshInstallTests._isDisposed' is assigned but its value is never used [C:\Users\koosh\Dino\src\Tests\Integration\DINOForge.Tests.Integration.csproj]
         CompilerServer: server - server processed compilation - DINOForge.Tests.Integration (net8.0)
       _CopyOutOfDateSourceItemsToOutputDirectory:
       Skipping target "_CopyOutOfDateSourceItemsToOutputDirectory" because all output files are up-to-date with respect to the input files.
       CopyFilesToOutputDirectory:
         Copying file from "C:\Users\koosh\Dino\src\Tests\Integration\obj\Debug\net8.0\DINOForge.Tests.Integration.dll" to "C:\Users\koosh\Dino\src\Tests\Integration\bin\Debug\net8.0\DINOForge.Tests.Integration.dll".
         Copying reference assembly from "obj\Debug\net8.0\refint\DINOForge.Tests.Integration.dll" to "C:\Users\koosh\Dino\src\Tests\Integration\obj\Debug\net8.0\ref\DINOForge.Tests.Integration.dll".
         DINOForge.Tests.Integration -> C:\Users\koosh\Dino\src\Tests\Integration\bin\Debug\net8.0\DINOForge.Tests.Integration.dll
         Copying file from "C:\Users\koosh\Dino\src\Tests\Integration\obj\Debug\net8.0\DINOForge.Tests.Integration.pdb" to "C:\Users\koosh\Dino\src\Tests\Integration\bin\Debug\net8.0\DINOForge.Tests.Integration.pdb".
    14>Done Building Project "C:\Users\koosh\Dino\src\Tests\Integration\DINOForge.Tests.Integration.csproj" (default targets).
    14>BuildProject:
         Build completed.
         
Test run for C:\Users\koosh\Dino\src\Tests\Integration\bin\Debug\net8.0\DINOForge.Tests.Integration.dll (.NETCoreApp,Version=v8.0)
A total of 1 test files matched the specified pattern.
     5>CoreCompile:
         End reading response for DINOForge.Tests (net8.0)
     5>C:\Users\koosh\Dino\src\Tests\ECS\MockEntityManager.cs(115,44): warning CS8625: Cannot convert null literal to non-nullable reference type. [C:\Users\koosh\Dino\src\Tests\DINOForge.Tests.csproj]
     5>C:\Users\koosh\Dino\src\Tests\RuntimeExtractionTests.cs(150,77): warning CS8625: Cannot convert null literal to non-nullable reference type. [C:\Users\koosh\Dino\src\Tests\DINOForge.Tests.csproj]
     5>C:\Users\koosh\Dino\src\Tests\RuntimeExtractionTests.cs(235,58): warning CS8625: Cannot convert null literal to non-nullable reference type. [C:\Users\koosh\Dino\src\Tests\DINOForge.Tests.csproj]
     5>C:\Users\koosh\Dino\src\Tests\GameClientCoverageTests.cs(2255,18): warning CS8602: Dereference of a possibly null reference. [C:\Users\koosh\Dino\src\Tests\DINOForge.Tests.csproj]
     5>C:\Users\koosh\Dino\src\Tests\NativeInteropIntegrationTests.cs(27,21): warning CS0649: Field 'NativeInteropIntegrationTests._originalResolverPath' is never assigned to, and will always have its default value null [C:\Users\koosh\Dino\src\Tests\DINOForge.Tests.csproj]
         CompilerServer: server - server processed compilation - DINOForge.Tests (net8.0)
Data collection : Unable to find a datacollector with friendly name 'XPlat Code Coverage'.
Data collection : Could not find data collector 'XPlat Code Coverage'
       _CopyOutOfDateSourceItemsToOutputDirectory:
       Skipping target "_CopyOutOfDateSourceItemsToOutputDirectory" because all output files are up-to-date with respect to the input files.
       CopyFilesToOutputDirectory:
         Copying file from "C:\Users\koosh\Dino\src\Tests\obj\Debug\net8.0\DINOForge.Tests.dll" to "C:\Users\koosh\Dino\src\Tests\bin\Debug\net8.0\DINOForge.Tests.dll".
         DINOForge.Tests -> C:\Users\koosh\Dino\src\Tests\bin\Debug\net8.0\DINOForge.Tests.dll
         Copying file from "C:\Users\koosh\Dino\src\Tests\obj\Debug\net8.0\DINOForge.Tests.pdb" to "C:\Users\koosh\Dino\src\Tests\bin\Debug\net8.0\DINOForge.Tests.pdb".
     5>Done Building Project "C:\Users\koosh\Dino\src\Tests\DINOForge.Tests.csproj" (default targets).
     5>BuildProject:
         Build completed.
         
       InstrumentModules:
         [coverlet] _mapping file name: 'CoverletSourceRootsMapping_DINOForge.Tests'
Test run for C:\Users\koosh\Dino\src\Tests\bin\Debug\net8.0\DINOForge.Tests.dll (.NETCoreApp,Version=v8.0)
A total of 1 test files matched the specified pattern.

Passed!  - Failed:     0, Passed:  2112, Skipped:     0, Total:  2112, Duration: 47 s - DINOForge.Tests.dll (net8.0)
       GenerateCoverageResult:
         [coverlet] 
         Calculating coverage result...
          Generating report 'C:\Users\koosh\Dino\src\Tests\coverage.cobertura.xml'

+----------------------------+--------+--------+--------+
| Module                     | Line   | Branch | Method |
+----------------------------+--------+--------+--------+
| DINOForge.Bridge.Client    | 80.71% | 85.22% | 94.73% |
+----------------------------+--------+--------+--------+
| DINOForge.Bridge.Protocol  | 100%   | 100%   | 100%   |
+----------------------------+--------+--------+--------+
| DINOForge.Domains.Economy  | 85.61% | 70.15% | 98.64% |
+----------------------------+--------+--------+--------+
| DINOForge.Domains.Scenario | 92.67% | 85.15% | 97.19% |
+----------------------------+--------+--------+--------+
| DINOForge.Domains.UI       | 89.13% | 71.94% | 87.41% |
+----------------------------+--------+--------+--------+
| DINOForge.Domains.Warfare  | 93.53% | 74.51% | 83.05% |
+----------------------------+--------+--------+--------+
| DINOForge.SDK              | 93.97% | 84.47% | 98.61% |
+----------------------------+--------+--------+--------+
| DINOForge.Tools.Installer  | 88.29% | 81.25% | 98.33% |
+----------------------------+--------+--------+--------+

+---------+--------+--------+--------+
|         | Line   | Branch | Method |
+---------+--------+--------+--------+
| Total   | 90.75% | 78.8%  | 96.38% |
+---------+--------+--------+--------+
| Average | 90.48% | 81.58% | 94.74% |
+---------+--------+--------+--------+

     5>Done Building Project "C:\Users\koosh\Dino\src\Tests\DINOForge.Tests.csproj" (VSTest target(s)).

Passed!  - Failed:     0, Passed:   138, Skipped:     0, Total:   138, Duration: 1 m 10 s - DINOForge.Tests.Integration.dll (net8.0)
    14>Done Building Project "C:\Users\koosh\Dino\src\Tests\Integration\DINOForge.Tests.Integration.csproj" (VSTest target(s)).
     1>Done Building Project "C:\Users\koosh\Dino\src\DINOForge.sln" (VSTest target(s)).

Build succeeded.

       "C:\Users\koosh\Dino\src\DINOForge.sln" (VSTest target) (1:2) ->
       "C:\Users\koosh\Dino\src\Tests\Integration\DINOForge.Tests.Integration.csproj" (VSTest target) (14:6) ->
       "C:\Users\koosh\Dino\src\Tests\Integration\DINOForge.Tests.Integration.csproj" (default target) (14:7) ->
       (CoreCompile target) -> 
         C:\Users\koosh\Dino\src\Tests\Integration\Tests\ParallelGameE2ETests.cs(746,18): warning CS0414: The field 'FreshInstallTests._isDisposed' is assigned but its value is never used [C:\Users\koosh\Dino\src\Tests\Integration\DINOForge.Tests.Integration.csproj]


       "C:\Users\koosh\Dino\src\DINOForge.sln" (VSTest target) (1:2) ->
       "C:\Users\koosh\Dino\src\Tests\DINOForge.Tests.csproj" (VSTest target) (5:6) ->
       "C:\Users\koosh\Dino\src\Tests\DINOForge.Tests.csproj" (default target) (5:7) ->
         C:\Users\koosh\Dino\src\Tests\ECS\MockEntityManager.cs(115,44): warning CS8625: Cannot convert null literal to non-nullable reference type. [C:\Users\koosh\Dino\src\Tests\DINOForge.Tests.csproj]
         C:\Users\koosh\Dino\src\Tests\RuntimeExtractionTests.cs(150,77): warning CS8625: Cannot convert null literal to non-nullable reference type. [C:\Users\koosh\Dino\src\Tests\DINOForge.Tests.csproj]
         C:\Users\koosh\Dino\src\Tests\RuntimeExtractionTests.cs(235,58): warning CS8625: Cannot convert null literal to non-nullable reference type. [C:\Users\koosh\Dino\src\Tests\DINOForge.Tests.csproj]
         C:\Users\koosh\Dino\src\Tests\GameClientCoverageTests.cs(2255,18): warning CS8602: Dereference of a possibly null reference. [C:\Users\koosh\Dino\src\Tests\DINOForge.Tests.csproj]
         C:\Users\koosh\Dino\src\Tests\NativeInteropIntegrationTests.cs(27,21): warning CS0649: Field 'NativeInteropIntegrationTests._originalResolverPath' is never assigned to, and will always have its default value null [C:\Users\koosh\Dino\src\Tests\DINOForge.Tests.csproj]

    6 Warning(s)
    0 Error(s)

Time Elapsed 00:01:27.51

Attachments:
  C:\Users\koosh\Dino\src\Tests\TestResults\6a302e87-14de-4b1d-9474-ba770a0c28ac\coverage.cobertura.xml
