<?xml version="1.0" encoding="utf-8"?>
<TestRun id="1f22d123-962c-4cb9-b476-effd9ae1b801" name="koosh@KOOSHAPARI-DESK 2026-05-24 17:05:55" runUser="KOOSHAPARI-DESK\koosh" xmlns="http://microsoft.com/schemas/VisualStudio/TeamTest/2010">
  <Times creation="2026-05-24T17:05:55.0559144-07:00" queuing="2026-05-24T17:05:55.0559148-07:00" start="2026-05-24T17:05:52.9153309-07:00" finish="2026-05-24T17:07:10.1793863-07:00" />
  <TestSettings name="default" id="595b854c-5176-43a6-a21b-50eb5250ded2">
    <Deployment runDeploymentRoot="koosh_KOOSHAPARI-DESK_2026-05-24_17_05_55" />
  </TestSettings>
  <Results>
    <UnitTestResult executionId="927cc493-d2a4-49f5-89b1-ef5c647828bf" testId="9c5bfdf4-7756-938f-fc92-7ca5a8bae788" testName="DINOForge.Tests.GameLaunch.GameLaunchOverlayTests.Overlay_F10_ModMenuToggle_PreservesRuntime" computerName="KOOSHAPARI-DESK" duration="00:00:01.6607932" startTime="2026-05-24T17:06:51.5535030-07:00" endTime="2026-05-24T17:06:51.5535048-07:00" testType="13cdc9d9-ddb5-4fa4-a97d-d965ccfc6d4b" outcome="Passed" testListId="8c84fa94-04c1-424b-9868-57a2d4851a1d" relativeResultsDirectory="927cc493-d2a4-49f5-89b1-ef5c647828bf" />
    <UnitTestResult executionId="9ea6a8b4-e025-431d-9a91-94077064e2c7" testId="e4b094bf-8b5e-f27c-7d5f-39ffe4bf89f1" testName="DINOForge.Tests.GameLaunch.GameLaunchNativeMenuTests.MainMenu_HasModsButton_AfterInjection" computerName="KOOSHAPARI-DESK" duration="00:00:00.2172714" startTime="2026-05-24T17:06:38.0342116-07:00" endTime="2026-05-24T17:06:38.0342119-07:00" testType="13cdc9d9-ddb5-4fa4-a97d-d965ccfc6d4b" outcome="Failed" testListId="8c84fa94-04c1-424b-9868-57a2d4851a1d" relativeResultsDirectory="9ea6a8b4-e025-431d-9a91-94077064e2c7">
      <Output>
        <ErrorInfo>
          <Message>Expected result.MatchCount to be greater than 0 because UI should contain a 'Mods' button or element in the main menu, but found 0.</Message>
          <StackTrace>   at FluentAssertions.Execution.XUnit2TestFramework.Throw(String message)&#xD;
   at FluentAssertions.Execution.TestFrameworkProvider.Throw(String message)&#xD;
   at FluentAssertions.Execution.DefaultAssertionStrategy.HandleFailure(String message)&#xD;
   at FluentAssertions.Execution.AssertionScope.FailWith(Func`1 failReasonFunc)&#xD;
   at FluentAssertions.Execution.AssertionScope.FailWith(Func`1 failReasonFunc)&#xD;
   at FluentAssertions.Execution.AssertionScope.FailWith(String message, Object[] args)&#xD;
   at FluentAssertions.Numeric.NumericAssertions`2.BeGreaterThan(T expected, String because, Object[] becauseArgs)&#xD;
   at DINOForge.Tests.GameLaunch.GameLaunchNativeMenuTests.MainMenu_HasModsButton_AfterInjection() in C:\Users\koosh\Dino\src\Tests\GameLaunch\GameLaunchNativeMenuTests.cs:line 33&#xD;
--- End of stack trace from previous location ---</StackTrace>
        </ErrorInfo>
      </Output>
    </UnitTestResult>
    <UnitTestResult executionId="3baab99f-c7a5-4848-b90c-cec7659ee436" testId="835fe2be-04c6-6e60-06ab-7b9f2fdd1446" testName="DINOForge.Tests.GameLaunch.GameLaunchOverlayTests.Overlay_F9_SecondToggle_ClosesDebugPanel_AtMainMenu" computerName="KOOSHAPARI-DESK" duration="00:00:01.7073779" startTime="2026-05-24T17:06:53.2614259-07:00" endTime="2026-05-24T17:06:53.2614262-07:00" testType="13cdc9d9-ddb5-4fa4-a97d-d965ccfc6d4b" outcome="Passed" testListId="8c84fa94-04c1-424b-9868-57a2d4851a1d" relativeResultsDirectory="3baab99f-c7a5-4848-b90c-cec7659ee436" />
    <UnitTestResult executionId="6f120f8a-9160-4621-8cbf-42a27a3a9eff" testId="a29646bf-bdca-cb17-3e31-d42c71764a91" testName="DINOForge.Tests.GameLaunch.GameLaunchNativeMenuTests.MainMenu_ModsButton_StyleMatchesSettings_AfterInjection" computerName="KOOSHAPARI-DESK" duration="00:00:00.2175941" startTime="2026-05-24T17:06:37.8167920-07:00" endTime="2026-05-24T17:06:37.8167924-07:00" testType="13cdc9d9-ddb5-4fa4-a97d-d965ccfc6d4b" outcome="Failed" testListId="8c84fa94-04c1-424b-9868-57a2d4851a1d" relativeResultsDirectory="6f120f8a-9160-4621-8cbf-42a27a3a9eff">
      <Output>
        <ErrorInfo>
          <Message>Expected modsQuery.MatchCount to be greater than 0 because Mods button must be injected before comparing visual style, but found 0.</Message>
          <StackTrace>   at FluentAssertions.Execution.XUnit2TestFramework.Throw(String message)&#xD;
   at FluentAssertions.Execution.TestFrameworkProvider.Throw(String message)&#xD;
   at FluentAssertions.Execution.DefaultAssertionStrategy.HandleFailure(String message)&#xD;
   at FluentAssertions.Execution.AssertionScope.FailWith(Func`1 failReasonFunc)&#xD;
   at FluentAssertions.Execution.AssertionScope.FailWith(Func`1 failReasonFunc)&#xD;
   at FluentAssertions.Execution.AssertionScope.FailWith(String message, Object[] args)&#xD;
   at FluentAssertions.Numeric.NumericAssertions`2.BeGreaterThan(T expected, String because, Object[] becauseArgs)&#xD;
   at DINOForge.Tests.GameLaunch.GameLaunchNativeMenuTests.MainMenu_ModsButton_StyleMatchesSettings_AfterInjection() in C:\Users\koosh\Dino\src\Tests\GameLaunch\GameLaunchNativeMenuTests.cs:line 129&#xD;
--- End of stack trace from previous location ---</StackTrace>
        </ErrorInfo>
      </Output>
    </UnitTestResult>
    <UnitTestResult executionId="146c0e74-960a-46c4-9daa-0dbffe779059" testId="5dfefce0-c114-bf77-84fb-68d86603ef0e" testName="DINOForge.Tests.GameLaunch.GameLaunchEconomyTests.EconomyPack_ManifestIsValid_AndLoadable" computerName="KOOSHAPARI-DESK" duration="00:00:00.4487494" startTime="2026-05-24T17:06:28.1798696-07:00" endTime="2026-05-24T17:06:28.1798698-07:00" testType="13cdc9d9-ddb5-4fa4-a97d-d965ccfc6d4b" outcome="Passed" testListId="8c84fa94-04c1-424b-9868-57a2d4851a1d" relativeResultsDirectory="146c0e74-960a-46c4-9daa-0dbffe779059" />
    <UnitTestResult executionId="003eed2f-25f3-44b7-a765-75b15739f471" testId="7b432cb4-f1e7-b862-0787-9dcb46b88290" testName="DINOForge.Tests.GameLaunch.GameLaunchEconomyTests.EconomyPack_Resources_AvailableViaSnapshot" computerName="KOOSHAPARI-DESK" duration="00:00:00.2121613" startTime="2026-05-24T17:06:27.5128233-07:00" endTime="2026-05-24T17:06:27.5128235-07:00" testType="13cdc9d9-ddb5-4fa4-a97d-d965ccfc6d4b" outcome="Passed" testListId="8c84fa94-04c1-424b-9868-57a2d4851a1d" relativeResultsDirectory="003eed2f-25f3-44b7-a765-75b15739f471" />
    <UnitTestResult executionId="f1d660a3-f7e5-4a19-94ec-4b2eaa257e1c" testId="efc7a406-2729-c5a8-f5cc-522f7395bfe9" testName="DINOForge.Tests.GameLaunch.GameLaunchSmokeTests.Bridge_Ping_RoundTripUnder500Ms" computerName="KOOSHAPARI-DESK" duration="00:00:00.2190092" startTime="2026-05-24T17:07:04.9795274-07:00" endTime="2026-05-24T17:07:04.9795277-07:00" testType="13cdc9d9-ddb5-4fa4-a97d-d965ccfc6d4b" outcome="Passed" testListId="8c84fa94-04c1-424b-9868-57a2d4851a1d" relativeResultsDirectory="f1d660a3-f7e5-4a19-94ec-4b2eaa257e1c" />
    <UnitTestResult executionId="ec3ed94d-ec87-4a6c-9d29-439e151513bf" testId="71a673b5-8c85-5a4e-3137-ade452d40135" testName="DINOForge.Tests.GameLaunch.GameLaunchNativeMenuTests.MainMenu_ModsButton_PersistsAcrossSceneChanges" computerName="KOOSHAPARI-DESK" duration="00:00:00.2174949" startTime="2026-05-24T17:06:37.5980969-07:00" endTime="2026-05-24T17:06:37.5980973-07:00" testType="13cdc9d9-ddb5-4fa4-a97d-d965ccfc6d4b" outcome="Failed" testListId="8c84fa94-04c1-424b-9868-57a2d4851a1d" relativeResultsDirectory="ec3ed94d-ec87-4a6c-9d29-439e151513bf">
      <Output>
        <ErrorInfo>
          <Message>Expected initialQuery.MatchCount to be greater than 0 because Mods button should exist in main menu initially, but found 0.</Message>
          <StackTrace>   at FluentAssertions.Execution.XUnit2TestFramework.Throw(String message)&#xD;
   at FluentAssertions.Execution.TestFrameworkProvider.Throw(String message)&#xD;
   at FluentAssertions.Execution.DefaultAssertionStrategy.HandleFailure(String message)&#xD;
   at FluentAssertions.Execution.AssertionScope.FailWith(Func`1 failReasonFunc)&#xD;
   at FluentAssertions.Execution.AssertionScope.FailWith(Func`1 failReasonFunc)&#xD;
   at FluentAssertions.Execution.AssertionScope.FailWith(String message, Object[] args)&#xD;
   at FluentAssertions.Numeric.NumericAssertions`2.BeGreaterThan(T expected, String because, Object[] becauseArgs)&#xD;
   at DINOForge.Tests.GameLaunch.GameLaunchNativeMenuTests.MainMenu_ModsButton_PersistsAcrossSceneChanges() in C:\Users\koosh\Dino\src\Tests\GameLaunch\GameLaunchNativeMenuTests.cs:line 101&#xD;
--- End of stack trace from previous location ---</StackTrace>
        </ErrorInfo>
      </Output>
    </UnitTestResult>
    <UnitTestResult executionId="08333009-80cd-4151-9c26-b2fb24ededd9" testId="4af19047-0b7e-8929-dcb6-3d2422e56b5e" testName="DINOForge.Tests.GameLaunch.GameLaunchOverlayTests.Overlay_F9_TogglesPersistentDebugOverlay" computerName="KOOSHAPARI-DESK" duration="00:00:01.4501363" startTime="2026-05-24T17:06:39.4843997-07:00" endTime="2026-05-24T17:06:39.4844000-07:00" testType="13cdc9d9-ddb5-4fa4-a97d-d965ccfc6d4b" outcome="Passed" testListId="8c84fa94-04c1-424b-9868-57a2d4851a1d" relativeResultsDirectory="08333009-80cd-4151-9c26-b2fb24ededd9" />
    <UnitTestResult executionId="914cdad4-dc9e-470b-94f8-675462f310d5" testId="b9963d05-2ae1-701b-9a3e-7c1aae8b21fb" testName="DINOForge.Tests.GameLaunch.GameLaunchEconomyTests.EconomyPack_ResourceValues_AreReasonable" computerName="KOOSHAPARI-DESK" duration="00:00:00.2195390" startTime="2026-05-24T17:06:28.3998679-07:00" endTime="2026-05-24T17:06:28.3998681-07:00" testType="13cdc9d9-ddb5-4fa4-a97d-d965ccfc6d4b" outcome="Passed" testListId="8c84fa94-04c1-424b-9868-57a2d4851a1d" relativeResultsDirectory="914cdad4-dc9e-470b-94f8-675462f310d5" />
    <UnitTestResult executionId="c3c05c8a-1f0a-406b-bacc-dec204baea98" testId="ad2fd79d-022a-14da-8ae5-6bbc0c32c254" testName="DINOForge.Tests.GameLaunch.GameLaunchPackTests.Bootstrap_LoadedPackCount_IsGreaterThanZero_ViaStatusAndHud" computerName="KOOSHAPARI-DESK" duration="00:00:00.4494267" startTime="2026-05-24T17:07:04.5520302-07:00" endTime="2026-05-24T17:07:04.5520306-07:00" testType="13cdc9d9-ddb5-4fa4-a97d-d965ccfc6d4b" outcome="Passed" testListId="8c84fa94-04c1-424b-9868-57a2d4851a1d" relativeResultsDirectory="c3c05c8a-1f0a-406b-bacc-dec204baea98" />
    <UnitTestResult executionId="5f00709a-41e0-4d78-ad94-2d6e9c80d405" testId="49ee8b7d-b16a-841b-1627-2be00de2e14f" testName="DINOForge.Tests.GameLaunch.GameLaunchPackTests.WarfareStarwars_IsListedInLoadedPacks" computerName="KOOSHAPARI-DESK" duration="00:00:00.2071078" startTime="2026-05-24T17:07:04.7596855-07:00" endTime="2026-05-24T17:07:04.7596858-07:00" testType="13cdc9d9-ddb5-4fa4-a97d-d965ccfc6d4b" outcome="Passed" testListId="8c84fa94-04c1-424b-9868-57a2d4851a1d" relativeResultsDirectory="5f00709a-41e0-4d78-ad94-2d6e9c80d405" />
    <UnitTestResult executionId="fc375da4-01ea-4076-9fc5-6b2f93de056f" testId="b722a10b-7812-6586-879d-5715017a358f" testName="DINOForge.Tests.GameLaunch.GameLaunchStatTests.StatOverride_HP_PersistsAfterReload" computerName="KOOSHAPARI-DESK" duration="00:00:03.6555903" startTime="2026-05-24T17:07:08.8515043-07:00" endTime="2026-05-24T17:07:08.8515047-07:00" testType="13cdc9d9-ddb5-4fa4-a97d-d965ccfc6d4b" outcome="Failed" testListId="8c84fa94-04c1-424b-9868-57a2d4851a1d" relativeResultsDirectory="fc375da4-01ea-4076-9fc5-6b2f93de056f">
      <Output>
        <ErrorInfo>
          <Message>Expected overrideResult.ModifiedCount to be greater than 0 because at least one rep_clone_trooper entity should be modified in gameplay, but found 0.</Message>
          <StackTrace>   at FluentAssertions.Execution.XUnit2TestFramework.Throw(String message)&#xD;
   at FluentAssertions.Execution.TestFrameworkProvider.Throw(String message)&#xD;
   at FluentAssertions.Execution.AssertionScope.FailWith(String message, Object[] args)&#xD;
   at FluentAssertions.Numeric.NumericAssertions`2.BeGreaterThan(T expected, String because, Object[] becauseArgs)&#xD;
   at DINOForge.Tests.GameLaunch.GameLaunchStatTests.StatOverride_HP_PersistsAfterReload() in C:\Users\koosh\Dino\src\Tests\GameLaunch\GameLaunchStatTests.cs:line 41&#xD;
--- End of stack trace from previous location ---</StackTrace>
        </ErrorInfo>
      </Output>
    </UnitTestResult>
    <UnitTestResult executionId="efbf5b48-830a-43f0-80be-61db5bf8d635" testId="f9b55eea-e6de-e4e9-5ab2-2666b69616e0" testName="DINOForge.Tests.GameLaunch.GameLaunchOverlayTests.Overlay_F9_F10_ToggleDuringGameplay" computerName="KOOSHAPARI-DESK" duration="00:00:07.1327259" startTime="2026-05-24T17:07:03.5051597-07:00" endTime="2026-05-24T17:07:03.5051603-07:00" testType="13cdc9d9-ddb5-4fa4-a97d-d965ccfc6d4b" outcome="Failed" testListId="8c84fa94-04c1-424b-9868-57a2d4851a1d" relativeResultsDirectory="efbf5b48-830a-43f0-80be-61db5bf8d635">
      <Output>
        <ErrorInfo>
          <Message>Expected debugWait.Ready to be True because debug panel should be visible after F9 toggle during gameplay, but found False.</Message>
          <StackTrace>   at FluentAssertions.Execution.XUnit2TestFramework.Throw(String message)&#xD;
   at FluentAssertions.Execution.TestFrameworkProvider.Throw(String message)&#xD;
   at FluentAssertions.Execution.DefaultAssertionStrategy.HandleFailure(String message)&#xD;
   at FluentAssertions.Execution.AssertionScope.FailWith(Func`1 failReasonFunc)&#xD;
   at FluentAssertions.Execution.AssertionScope.FailWith(Func`1 failReasonFunc)&#xD;
   at FluentAssertions.Execution.AssertionScope.FailWith(String message, Object[] args)&#xD;
   at FluentAssertions.Primitives.BooleanAssertions`1.BeTrue(String because, Object[] becauseArgs)&#xD;
   at DINOForge.Tests.GameLaunch.GameLaunchOverlayTests.Overlay_F9_F10_ToggleDuringGameplay() in C:\Users\koosh\Dino\src\Tests\GameLaunch\GameLaunchOverlayTests.cs:line 143&#xD;
--- End of stack trace from previous location ---</StackTrace>
        </ErrorInfo>
      </Output>
    </UnitTestResult>
    <UnitTestResult executionId="6b397049-1e5a-4ab5-a9a0-ae092ee2285c" testId="530b0340-3d20-7373-b082-1bffafff12a8" testName="DINOForge.Tests.GameLaunch.GameLaunchPackTests.WarfareStarwars_Loads28Units_InLiveCatalog" computerName="KOOSHAPARI-DESK" duration="00:00:00.5975740" startTime="2026-05-24T17:07:04.1021071-07:00" endTime="2026-05-24T17:07:04.1021074-07:00" testType="13cdc9d9-ddb5-4fa4-a97d-d965ccfc6d4b" outcome="Passed" testListId="8c84fa94-04c1-424b-9868-57a2d4851a1d" relativeResultsDirectory="6b397049-1e5a-4ab5-a9a0-ae092ee2285c" />
    <UnitTestResult executionId="45d741f1-679c-4ced-a974-affd3f750bb5" testId="d71bf745-158c-0c17-1282-3dceacaf8565" testName="DINOForge.Tests.GameLaunch.GameLaunchAssetSwapTests.AssetVisualAcceptance_WarfareStarwarsLoaded_CapturesScreenshotWithReceipt" computerName="KOOSHAPARI-DESK" duration="00:00:00.9060220" startTime="2026-05-24T17:05:55.5634109-07:00" endTime="2026-05-24T17:05:55.5634111-07:00" testType="13cdc9d9-ddb5-4fa4-a97d-d965ccfc6d4b" outcome="Passed" testListId="8c84fa94-04c1-424b-9868-57a2d4851a1d" relativeResultsDirectory="45d741f1-679c-4ced-a974-affd3f750bb5" />
    <UnitTestResult executionId="dfbf7a22-a0e4-4076-858e-1e7df543597b" testId="856eabde-ce66-bb7d-3490-db0a9500ccfe" testName="DINOForge.Tests.GameLaunch.GameLaunchOverlayTests.Overlay_F9_AssertDebugPanelVisible_AtMainMenu" computerName="KOOSHAPARI-DESK" duration="00:00:00.8959534" startTime="2026-05-24T17:06:56.3700776-07:00" endTime="2026-05-24T17:06:56.3700780-07:00" testType="13cdc9d9-ddb5-4fa4-a97d-d965ccfc6d4b" outcome="Passed" testListId="8c84fa94-04c1-424b-9868-57a2d4851a1d" relativeResultsDirectory="dfbf7a22-a0e4-4076-858e-1e7df543597b" />
    <UnitTestResult executionId="5f2c7425-6a52-47e5-8301-0003a6749993" testId="7dcd5b9b-09fa-98c7-3371-d8fa7a7d0fc1" testName="DINOForge.Tests.GameLaunch.GameLaunchAssetSwapTests.Phase1_PatchedBundleExistsOnDisk_BeforeEntityLoad" computerName="KOOSHAPARI-DESK" duration="00:00:31.7264467" startTime="2026-05-24T17:06:27.3054180-07:00" endTime="2026-05-24T17:06:27.3054183-07:00" testType="13cdc9d9-ddb5-4fa4-a97d-d965ccfc6d4b" outcome="Failed" testListId="8c84fa94-04c1-424b-9868-57a2d4851a1d" relativeResultsDirectory="5f2c7425-6a52-47e5-8301-0003a6749993">
      <Output>
        <ErrorInfo>
          <Message>Expected patchExists to be True because AssetSwapSystem phase 1 should write patched bundles to G:\SteamLibrary\steamapps\common\Diplomacy is Not an Option\BepInEx\dinoforge_patched_bundles or log swap success after frame 600, but found False.</Message>
          <StackTrace>   at FluentAssertions.Execution.XUnit2TestFramework.Throw(String message)&#xD;
   at FluentAssertions.Execution.TestFrameworkProvider.Throw(String message)&#xD;
   at FluentAssertions.Execution.DefaultAssertionStrategy.HandleFailure(String message)&#xD;
   at FluentAssertions.Execution.AssertionScope.FailWith(Func`1 failReasonFunc)&#xD;
   at FluentAssertions.Execution.AssertionScope.FailWith(Func`1 failReasonFunc)&#xD;
   at FluentAssertions.Execution.AssertionScope.FailWith(String message, Object[] args)&#xD;
   at FluentAssertions.Primitives.BooleanAssertions`1.BeTrue(String because, Object[] becauseArgs)&#xD;
   at DINOForge.Tests.GameLaunch.GameLaunchAssetSwapTests.Phase1_PatchedBundleExistsOnDisk_BeforeEntityLoad() in C:\Users\koosh\Dino\src\Tests\GameLaunch\GameLaunchAssetSwapTests.cs:line 55&#xD;
--- End of stack trace from previous location ---</StackTrace>
        </ErrorInfo>
      </Output>
    </UnitTestResult>
    <UnitTestResult executionId="882a93b3-c801-4985-8003-e4263a028ccd" testId="c7eecb30-0708-9d50-e9a6-7d415a46b1a2" testName="DINOForge.Tests.GameLaunch.GameLaunchNativeMenuTests.PauseMenu_HasModsButton_WhenOpened" computerName="KOOSHAPARI-DESK" duration="00:00:00.0010000" startTime="2026-05-24T17:06:37.3798887-07:00" endTime="2026-05-24T17:06:37.3798892-07:00" testType="13cdc9d9-ddb5-4fa4-a97d-d965ccfc6d4b" outcome="NotExecuted" testListId="8c84fa94-04c1-424b-9868-57a2d4851a1d" relativeResultsDirectory="882a93b3-c801-4985-8003-e4263a028ccd">
      <Output>
        <ErrorInfo>
          <Message>Could not open pause menu via bridge invokeMethod (no ESC/simulateKey); run manual AC #7 or MCP pause_menu scenario.</Message>
        </ErrorInfo>
      </Output>
    </UnitTestResult>
    <UnitTestResult executionId="b7c5ba10-2f5b-4461-bc20-ad0d273d739c" testId="c1d8318d-3c22-3a50-4750-578c9bc25ada" testName="DINOForge.Tests.GameLaunch.GameLaunchEconomyTests.EconomyPack_IsLoaded_AfterBootstrap" computerName="KOOSHAPARI-DESK" duration="00:00:00.2170720" startTime="2026-05-24T17:06:27.7305450-07:00" endTime="2026-05-24T17:06:27.7305454-07:00" testType="13cdc9d9-ddb5-4fa4-a97d-d965ccfc6d4b" outcome="Passed" testListId="8c84fa94-04c1-424b-9868-57a2d4851a1d" relativeResultsDirectory="b7c5ba10-2f5b-4461-bc20-ad0d273d739c" />
    <UnitTestResult executionId="ebee4f8d-2354-46ce-8b08-62d9452df7a1" testId="8a733c79-5976-37fb-6d66-5dccf67e3f9b" testName="DINOForge.Tests.GameLaunch.GameLaunchSmokeTests.Bridge_IsHealthy_AfterBootstrap" computerName="KOOSHAPARI-DESK" duration="00:00:00.2141481" startTime="2026-05-24T17:07:05.1942531-07:00" endTime="2026-05-24T17:07:05.1942534-07:00" testType="13cdc9d9-ddb5-4fa4-a97d-d965ccfc6d4b" outcome="Passed" testListId="8c84fa94-04c1-424b-9868-57a2d4851a1d" relativeResultsDirectory="ebee4f8d-2354-46ce-8b08-62d9452df7a1" />
    <UnitTestResult executionId="24efdfe9-d36c-4510-b662-363a16b50b16" testId="dc113434-9dfb-f205-15cc-79f2acb2b0eb" testName="DINOForge.Tests.GameLaunch.GameLaunchOverlayTests.Overlay_Panels_HiddenByDefault_AtMainMenu" computerName="KOOSHAPARI-DESK" duration="00:00:02.2107406" startTime="2026-05-24T17:06:55.4747811-07:00" endTime="2026-05-24T17:06:55.4747817-07:00" testType="13cdc9d9-ddb5-4fa4-a97d-d965ccfc6d4b" outcome="Failed" testListId="8c84fa94-04c1-424b-9868-57a2d4851a1d" relativeResultsDirectory="24efdfe9-d36c-4510-b662-363a16b50b16">
      <Output>
        <ErrorInfo>
          <Message>Expected modMenuPanel.Success to be True because ModMenuPanel should exist on DFCanvas at main menu, but found False.</Message>
          <StackTrace>   at FluentAssertions.Execution.XUnit2TestFramework.Throw(String message)&#xD;
   at FluentAssertions.Execution.TestFrameworkProvider.Throw(String message)&#xD;
   at FluentAssertions.Execution.DefaultAssertionStrategy.HandleFailure(String message)&#xD;
   at FluentAssertions.Execution.AssertionScope.FailWith(Func`1 failReasonFunc)&#xD;
   at FluentAssertions.Execution.AssertionScope.FailWith(Func`1 failReasonFunc)&#xD;
   at FluentAssertions.Execution.AssertionScope.FailWith(String message, Object[] args)&#xD;
   at FluentAssertions.Primitives.BooleanAssertions`1.BeTrue(String because, Object[] becauseArgs)&#xD;
   at DINOForge.Tests.GameLaunch.GameLaunchOverlayTests.Overlay_Panels_HiddenByDefault_AtMainMenu() in C:\Users\koosh\Dino\src\Tests\GameLaunch\GameLaunchOverlayTests.cs:line 43&#xD;
--- End of stack trace from previous location ---</StackTrace>
        </ErrorInfo>
      </Output>
    </UnitTestResult>
    <UnitTestResult executionId="15fc6397-5173-422b-a573-ece3d6e14885" testId="51156138-f581-0063-c5f2-316a88ee88e2" testName="DINOForge.Tests.GameLaunch.GameLaunchNativeMenuTests.MainMenu_ModsButton_OpensOverlay" computerName="KOOSHAPARI-DESK" duration="00:00:00.2109118" startTime="2026-05-24T17:06:32.2875935-07:00" endTime="2026-05-24T17:06:32.2875938-07:00" testType="13cdc9d9-ddb5-4fa4-a97d-d965ccfc6d4b" outcome="Failed" testListId="8c84fa94-04c1-424b-9868-57a2d4851a1d" relativeResultsDirectory="15fc6397-5173-422b-a573-ece3d6e14885">
      <Output>
        <ErrorInfo>
          <Message>Expected result.MatchCount to be greater than 0 because Mods button should match the selector, but found 0.</Message>
          <StackTrace>   at FluentAssertions.Execution.XUnit2TestFramework.Throw(String message)&#xD;
   at FluentAssertions.Execution.TestFrameworkProvider.Throw(String message)&#xD;
   at FluentAssertions.Execution.DefaultAssertionStrategy.HandleFailure(String message)&#xD;
   at FluentAssertions.Execution.AssertionScope.FailWith(Func`1 failReasonFunc)&#xD;
   at FluentAssertions.Execution.AssertionScope.FailWith(Func`1 failReasonFunc)&#xD;
   at FluentAssertions.Execution.AssertionScope.FailWith(String message, Object[] args)&#xD;
   at FluentAssertions.Numeric.NumericAssertions`2.BeGreaterThan(T expected, String because, Object[] becauseArgs)&#xD;
   at DINOForge.Tests.GameLaunch.GameLaunchNativeMenuTests.MainMenu_ModsButton_OpensOverlay() in C:\Users\koosh\Dino\src\Tests\GameLaunch\GameLaunchNativeMenuTests.cs:line 47&#xD;
--- End of stack trace from previous location ---</StackTrace>
        </ErrorInfo>
      </Output>
    </UnitTestResult>
    <UnitTestResult executionId="77725bcd-5616-4fcd-bb8c-26420a8c25f2" testId="3abab9ce-a256-a605-5686-93aa7e4ad07f" testName="DINOForge.Tests.GameLaunch.GameLaunchUiTests.Overlay_SecondToggle_ClosesModMenu" computerName="KOOSHAPARI-DESK" duration="00:00:00.4202905" startTime="2026-05-24T17:07:09.2717843-07:00" endTime="2026-05-24T17:07:09.2717846-07:00" testType="13cdc9d9-ddb5-4fa4-a97d-d965ccfc6d4b" outcome="Passed" testListId="8c84fa94-04c1-424b-9868-57a2d4851a1d" relativeResultsDirectory="77725bcd-5616-4fcd-bb8c-26420a8c25f2" />
    <UnitTestResult executionId="89591693-1c82-4ede-ab3e-b633ce78a61b" testId="7d950aa4-56ce-eec7-a542-de896a7d306f" testName="DINOForge.Tests.GameLaunch.GameLaunchOverlayTests.RuntimeDriver_Survives600FramesAndBeyond" computerName="KOOSHAPARI-DESK" duration="00:00:10.4070070" startTime="2026-05-24T17:06:49.8921589-07:00" endTime="2026-05-24T17:06:49.8921592-07:00" testType="13cdc9d9-ddb5-4fa4-a97d-d965ccfc6d4b" outcome="Passed" testListId="8c84fa94-04c1-424b-9868-57a2d4851a1d" relativeResultsDirectory="89591693-1c82-4ede-ab3e-b633ce78a61b" />
    <UnitTestResult executionId="e8d03d9a-ab9a-4451-b623-e7e684e895ed" testId="0be5e9e0-f0f0-669c-5348-b2a8d12861bf" testName="DINOForge.Tests.GameLaunch.GameLaunchUiTests.Overlay_F10_TogglesModMenu" computerName="KOOSHAPARI-DESK" duration="00:00:00.7853049" startTime="2026-05-24T17:07:10.0576354-07:00" endTime="2026-05-24T17:07:10.0576357-07:00" testType="13cdc9d9-ddb5-4fa4-a97d-d965ccfc6d4b" outcome="Passed" testListId="8c84fa94-04c1-424b-9868-57a2d4851a1d" relativeResultsDirectory="e8d03d9a-ab9a-4451-b623-e7e684e895ed" />
    <UnitTestResult executionId="62e58baa-297b-4cee-a36d-1e3b8be3bec7" testId="00f9c59a-87a0-bd94-b1fb-a5b8f2cba9fb" testName="DINOForge.Tests.GameLaunch.GameLaunchAssetSwapTests.Phase2_CloneTrooper_EntityRegistered" computerName="KOOSHAPARI-DESK" duration="00:00:00.2524731" startTime="2026-05-24T17:05:54.6552677-07:00" endTime="2026-05-24T17:05:54.6553098-07:00" testType="13cdc9d9-ddb5-4fa4-a97d-d965ccfc6d4b" outcome="Passed" testListId="8c84fa94-04c1-424b-9868-57a2d4851a1d" relativeResultsDirectory="62e58baa-297b-4cee-a36d-1e3b8be3bec7" />
    <UnitTestResult executionId="9b5289ef-4ed0-4543-8bcc-7cec7a35da24" testId="8a8109e2-72a2-1b3a-d1a3-0733baee50dd" testName="DINOForge.Tests.GameLaunch.GameLaunchHotReloadTests.HotReload_PackYamlChange_TriggersReloadWithin5Seconds" computerName="KOOSHAPARI-DESK" duration="00:00:03.6736645" startTime="2026-05-24T17:06:32.0746955-07:00" endTime="2026-05-24T17:06:32.0746957-07:00" testType="13cdc9d9-ddb5-4fa4-a97d-d965ccfc6d4b" outcome="Passed" testListId="8c84fa94-04c1-424b-9868-57a2d4851a1d" relativeResultsDirectory="9b5289ef-4ed0-4543-8bcc-7cec7a35da24" />
  </Results>
  <TestDefinitions>
    <UnitTest name="DINOForge.Tests.GameLaunch.GameLaunchPackTests.Bootstrap_LoadedPackCount_IsGreaterThanZero_ViaStatusAndHud" storage="c:\users\koosh\dino\src\tests\gamelaunch\bin\release\net11.0\dinoforge.tests.gamelaunch.dll" id="ad2fd79d-022a-14da-8ae5-6bbc0c32c254">
      <Execution id="c3c05c8a-1f0a-406b-bacc-dec204baea98" />
      <TestMethod codeBase="C:\Users\koosh\Dino\src\Tests\GameLaunch\bin\Release\net11.0\DINOForge.Tests.GameLaunch.dll" adapterTypeName="executor://xunit/VsTestRunner2/netcoreapp" className="DINOForge.Tests.GameLaunch.GameLaunchPackTests" name="Bootstrap_LoadedPackCount_IsGreaterThanZero_ViaStatusAndHud" />
    </UnitTest>
    <UnitTest name="DINOForge.Tests.GameLaunch.GameLaunchNativeMenuTests.MainMenu_ModsButton_StyleMatchesSettings_AfterInjection" storage="c:\users\koosh\dino\src\tests\gamelaunch\bin\release\net11.0\dinoforge.tests.gamelaunch.dll" id="a29646bf-bdca-cb17-3e31-d42c71764a91">
      <Execution id="6f120f8a-9160-4621-8cbf-42a27a3a9eff" />
      <TestMethod codeBase="C:\Users\koosh\Dino\src\Tests\GameLaunch\bin\Release\net11.0\DINOForge.Tests.GameLaunch.dll" adapterTypeName="executor://xunit/VsTestRunner2/netcoreapp" className="DINOForge.Tests.GameLaunch.GameLaunchNativeMenuTests" name="MainMenu_ModsButton_StyleMatchesSettings_AfterInjection" />
    </UnitTest>
    <UnitTest name="DINOForge.Tests.GameLaunch.GameLaunchNativeMenuTests.MainMenu_ModsButton_OpensOverlay" storage="c:\users\koosh\dino\src\tests\gamelaunch\bin\release\net11.0\dinoforge.tests.gamelaunch.dll" id="51156138-f581-0063-c5f2-316a88ee88e2">
      <Execution id="15fc6397-5173-422b-a573-ece3d6e14885" />
      <TestMethod codeBase="C:\Users\koosh\Dino\src\Tests\GameLaunch\bin\Release\net11.0\DINOForge.Tests.GameLaunch.dll" adapterTypeName="executor://xunit/VsTestRunner2/netcoreapp" className="DINOForge.Tests.GameLaunch.GameLaunchNativeMenuTests" name="MainMenu_ModsButton_OpensOverlay" />
    </UnitTest>
    <UnitTest name="DINOForge.Tests.GameLaunch.GameLaunchPackTests.WarfareStarwars_Loads28Units_InLiveCatalog" storage="c:\users\koosh\dino\src\tests\gamelaunch\bin\release\net11.0\dinoforge.tests.gamelaunch.dll" id="530b0340-3d20-7373-b082-1bffafff12a8">
      <Execution id="6b397049-1e5a-4ab5-a9a0-ae092ee2285c" />
      <TestMethod codeBase="C:\Users\koosh\Dino\src\Tests\GameLaunch\bin\Release\net11.0\DINOForge.Tests.GameLaunch.dll" adapterTypeName="executor://xunit/VsTestRunner2/netcoreapp" className="DINOForge.Tests.GameLaunch.GameLaunchPackTests" name="WarfareStarwars_Loads28Units_InLiveCatalog" />
    </UnitTest>
    <UnitTest name="DINOForge.Tests.GameLaunch.GameLaunchNativeMenuTests.MainMenu_ModsButton_PersistsAcrossSceneChanges" storage="c:\users\koosh\dino\src\tests\gamelaunch\bin\release\net11.0\dinoforge.tests.gamelaunch.dll" id="71a673b5-8c85-5a4e-3137-ade452d40135">
      <Execution id="ec3ed94d-ec87-4a6c-9d29-439e151513bf" />
      <TestMethod codeBase="C:\Users\koosh\Dino\src\Tests\GameLaunch\bin\Release\net11.0\DINOForge.Tests.GameLaunch.dll" adapterTypeName="executor://xunit/VsTestRunner2/netcoreapp" className="DINOForge.Tests.GameLaunch.GameLaunchNativeMenuTests" name="MainMenu_ModsButton_PersistsAcrossSceneChanges" />
    </UnitTest>
    <UnitTest name="DINOForge.Tests.GameLaunch.GameLaunchOverlayTests.Overlay_F9_SecondToggle_ClosesDebugPanel_AtMainMenu" storage="c:\users\koosh\dino\src\tests\gamelaunch\bin\release\net11.0\dinoforge.tests.gamelaunch.dll" id="835fe2be-04c6-6e60-06ab-7b9f2fdd1446">
      <Execution id="3baab99f-c7a5-4848-b90c-cec7659ee436" />
      <TestMethod codeBase="C:\Users\koosh\Dino\src\Tests\GameLaunch\bin\Release\net11.0\DINOForge.Tests.GameLaunch.dll" adapterTypeName="executor://xunit/VsTestRunner2/netcoreapp" className="DINOForge.Tests.GameLaunch.GameLaunchOverlayTests" name="Overlay_F9_SecondToggle_ClosesDebugPanel_AtMainMenu" />
    </UnitTest>
    <UnitTest name="DINOForge.Tests.GameLaunch.GameLaunchEconomyTests.EconomyPack_IsLoaded_AfterBootstrap" storage="c:\users\koosh\dino\src\tests\gamelaunch\bin\release\net11.0\dinoforge.tests.gamelaunch.dll" id="c1d8318d-3c22-3a50-4750-578c9bc25ada">
      <Execution id="b7c5ba10-2f5b-4461-bc20-ad0d273d739c" />
      <TestMethod codeBase="C:\Users\koosh\Dino\src\Tests\GameLaunch\bin\Release\net11.0\DINOForge.Tests.GameLaunch.dll" adapterTypeName="executor://xunit/VsTestRunner2/netcoreapp" className="DINOForge.Tests.GameLaunch.GameLaunchEconomyTests" name="EconomyPack_IsLoaded_AfterBootstrap" />
    </UnitTest>
    <UnitTest name="DINOForge.Tests.GameLaunch.GameLaunchAssetSwapTests.Phase1_PatchedBundleExistsOnDisk_BeforeEntityLoad" storage="c:\users\koosh\dino\src\tests\gamelaunch\bin\release\net11.0\dinoforge.tests.gamelaunch.dll" id="7dcd5b9b-09fa-98c7-3371-d8fa7a7d0fc1">
      <Execution id="5f2c7425-6a52-47e5-8301-0003a6749993" />
      <TestMethod codeBase="C:\Users\koosh\Dino\src\Tests\GameLaunch\bin\Release\net11.0\DINOForge.Tests.GameLaunch.dll" adapterTypeName="executor://xunit/VsTestRunner2/netcoreapp" className="DINOForge.Tests.GameLaunch.GameLaunchAssetSwapTests" name="Phase1_PatchedBundleExistsOnDisk_BeforeEntityLoad" />
    </UnitTest>
    <UnitTest name="DINOForge.Tests.GameLaunch.GameLaunchEconomyTests.EconomyPack_ManifestIsValid_AndLoadable" storage="c:\users\koosh\dino\src\tests\gamelaunch\bin\release\net11.0\dinoforge.tests.gamelaunch.dll" id="5dfefce0-c114-bf77-84fb-68d86603ef0e">
      <Execution id="146c0e74-960a-46c4-9daa-0dbffe779059" />
      <TestMethod codeBase="C:\Users\koosh\Dino\src\Tests\GameLaunch\bin\Release\net11.0\DINOForge.Tests.GameLaunch.dll" adapterTypeName="executor://xunit/VsTestRunner2/netcoreapp" className="DINOForge.Tests.GameLaunch.GameLaunchEconomyTests" name="EconomyPack_ManifestIsValid_AndLoadable" />
    </UnitTest>
    <UnitTest name="DINOForge.Tests.GameLaunch.GameLaunchUiTests.Overlay_F10_TogglesModMenu" storage="c:\users\koosh\dino\src\tests\gamelaunch\bin\release\net11.0\dinoforge.tests.gamelaunch.dll" id="0be5e9e0-f0f0-669c-5348-b2a8d12861bf">
      <Execution id="e8d03d9a-ab9a-4451-b623-e7e684e895ed" />
      <TestMethod codeBase="C:\Users\koosh\Dino\src\Tests\GameLaunch\bin\Release\net11.0\DINOForge.Tests.GameLaunch.dll" adapterTypeName="executor://xunit/VsTestRunner2/netcoreapp" className="DINOForge.Tests.GameLaunch.GameLaunchUiTests" name="Overlay_F10_TogglesModMenu" />
    </UnitTest>
    <UnitTest name="DINOForge.Tests.GameLaunch.GameLaunchUiTests.Overlay_SecondToggle_ClosesModMenu" storage="c:\users\koosh\dino\src\tests\gamelaunch\bin\release\net11.0\dinoforge.tests.gamelaunch.dll" id="3abab9ce-a256-a605-5686-93aa7e4ad07f">
      <Execution id="77725bcd-5616-4fcd-bb8c-26420a8c25f2" />
      <TestMethod codeBase="C:\Users\koosh\Dino\src\Tests\GameLaunch\bin\Release\net11.0\DINOForge.Tests.GameLaunch.dll" adapterTypeName="executor://xunit/VsTestRunner2/netcoreapp" className="DINOForge.Tests.GameLaunch.GameLaunchUiTests" name="Overlay_SecondToggle_ClosesModMenu" />
    </UnitTest>
    <UnitTest name="DINOForge.Tests.GameLaunch.GameLaunchSmokeTests.Bridge_Ping_RoundTripUnder500Ms" storage="c:\users\koosh\dino\src\tests\gamelaunch\bin\release\net11.0\dinoforge.tests.gamelaunch.dll" id="efc7a406-2729-c5a8-f5cc-522f7395bfe9">
      <Execution id="f1d660a3-f7e5-4a19-94ec-4b2eaa257e1c" />
      <TestMethod codeBase="C:\Users\koosh\Dino\src\Tests\GameLaunch\bin\Release\net11.0\DINOForge.Tests.GameLaunch.dll" adapterTypeName="executor://xunit/VsTestRunner2/netcoreapp" className="DINOForge.Tests.GameLaunch.GameLaunchSmokeTests" name="Bridge_Ping_RoundTripUnder500Ms" />
    </UnitTest>
    <UnitTest name="DINOForge.Tests.GameLaunch.GameLaunchHotReloadTests.HotReload_PackYamlChange_TriggersReloadWithin5Seconds" storage="c:\users\koosh\dino\src\tests\gamelaunch\bin\release\net11.0\dinoforge.tests.gamelaunch.dll" id="8a8109e2-72a2-1b3a-d1a3-0733baee50dd">
      <Execution id="9b5289ef-4ed0-4543-8bcc-7cec7a35da24" />
      <TestMethod codeBase="C:\Users\koosh\Dino\src\Tests\GameLaunch\bin\Release\net11.0\DINOForge.Tests.GameLaunch.dll" adapterTypeName="executor://xunit/VsTestRunner2/netcoreapp" className="DINOForge.Tests.GameLaunch.GameLaunchHotReloadTests" name="HotReload_PackYamlChange_TriggersReloadWithin5Seconds" />
    </UnitTest>
    <UnitTest name="DINOForge.Tests.GameLaunch.GameLaunchEconomyTests.EconomyPack_Resources_AvailableViaSnapshot" storage="c:\users\koosh\dino\src\tests\gamelaunch\bin\release\net11.0\dinoforge.tests.gamelaunch.dll" id="7b432cb4-f1e7-b862-0787-9dcb46b88290">
      <Execution id="003eed2f-25f3-44b7-a765-75b15739f471" />
      <TestMethod codeBase="C:\Users\koosh\Dino\src\Tests\GameLaunch\bin\Release\net11.0\DINOForge.Tests.GameLaunch.dll" adapterTypeName="executor://xunit/VsTestRunner2/netcoreapp" className="DINOForge.Tests.GameLaunch.GameLaunchEconomyTests" name="EconomyPack_Resources_AvailableViaSnapshot" />
    </UnitTest>
    <UnitTest name="DINOForge.Tests.GameLaunch.GameLaunchNativeMenuTests.PauseMenu_HasModsButton_WhenOpened" storage="c:\users\koosh\dino\src\tests\gamelaunch\bin\release\net11.0\dinoforge.tests.gamelaunch.dll" id="c7eecb30-0708-9d50-e9a6-7d415a46b1a2">
      <Execution id="882a93b3-c801-4985-8003-e4263a028ccd" />
      <TestMethod codeBase="C:\Users\koosh\Dino\src\Tests\GameLaunch\bin\Release\net11.0\DINOForge.Tests.GameLaunch.dll" adapterTypeName="executor://xunit/VsTestRunner2/netcoreapp" className="DINOForge.Tests.GameLaunch.GameLaunchNativeMenuTests" name="PauseMenu_HasModsButton_WhenOpened" />
    </UnitTest>
    <UnitTest name="DINOForge.Tests.GameLaunch.GameLaunchOverlayTests.RuntimeDriver_Survives600FramesAndBeyond" storage="c:\users\koosh\dino\src\tests\gamelaunch\bin\release\net11.0\dinoforge.tests.gamelaunch.dll" id="7d950aa4-56ce-eec7-a542-de896a7d306f">
      <Execution id="89591693-1c82-4ede-ab3e-b633ce78a61b" />
      <TestMethod codeBase="C:\Users\koosh\Dino\src\Tests\GameLaunch\bin\Release\net11.0\DINOForge.Tests.GameLaunch.dll" adapterTypeName="executor://xunit/VsTestRunner2/netcoreapp" className="DINOForge.Tests.GameLaunch.GameLaunchOverlayTests" name="RuntimeDriver_Survives600FramesAndBeyond" />
    </UnitTest>
    <UnitTest name="DINOForge.Tests.GameLaunch.GameLaunchNativeMenuTests.MainMenu_HasModsButton_AfterInjection" storage="c:\users\koosh\dino\src\tests\gamelaunch\bin\release\net11.0\dinoforge.tests.gamelaunch.dll" id="e4b094bf-8b5e-f27c-7d5f-39ffe4bf89f1">
      <Execution id="9ea6a8b4-e025-431d-9a91-94077064e2c7" />
      <TestMethod codeBase="C:\Users\koosh\Dino\src\Tests\GameLaunch\bin\Release\net11.0\DINOForge.Tests.GameLaunch.dll" adapterTypeName="executor://xunit/VsTestRunner2/netcoreapp" className="DINOForge.Tests.GameLaunch.GameLaunchNativeMenuTests" name="MainMenu_HasModsButton_AfterInjection" />
    </UnitTest>
    <UnitTest name="DINOForge.Tests.GameLaunch.GameLaunchAssetSwapTests.AssetVisualAcceptance_WarfareStarwarsLoaded_CapturesScreenshotWithReceipt" storage="c:\users\koosh\dino\src\tests\gamelaunch\bin\release\net11.0\dinoforge.tests.gamelaunch.dll" id="d71bf745-158c-0c17-1282-3dceacaf8565">
      <Execution id="45d741f1-679c-4ced-a974-affd3f750bb5" />
      <TestMethod codeBase="C:\Users\koosh\Dino\src\Tests\GameLaunch\bin\Release\net11.0\DINOForge.Tests.GameLaunch.dll" adapterTypeName="executor://xunit/VsTestRunner2/netcoreapp" className="DINOForge.Tests.GameLaunch.GameLaunchAssetSwapTests" name="AssetVisualAcceptance_WarfareStarwarsLoaded_CapturesScreenshotWithReceipt" />
    </UnitTest>
    <UnitTest name="DINOForge.Tests.GameLaunch.GameLaunchOverlayTests.Overlay_F9_AssertDebugPanelVisible_AtMainMenu" storage="c:\users\koosh\dino\src\tests\gamelaunch\bin\release\net11.0\dinoforge.tests.gamelaunch.dll" id="856eabde-ce66-bb7d-3490-db0a9500ccfe">
      <Execution id="dfbf7a22-a0e4-4076-858e-1e7df543597b" />
      <TestMethod codeBase="C:\Users\koosh\Dino\src\Tests\GameLaunch\bin\Release\net11.0\DINOForge.Tests.GameLaunch.dll" adapterTypeName="executor://xunit/VsTestRunner2/netcoreapp" className="DINOForge.Tests.GameLaunch.GameLaunchOverlayTests" name="Overlay_F9_AssertDebugPanelVisible_AtMainMenu" />
    </UnitTest>
    <UnitTest name="DINOForge.Tests.GameLaunch.GameLaunchStatTests.StatOverride_HP_PersistsAfterReload" storage="c:\users\koosh\dino\src\tests\gamelaunch\bin\release\net11.0\dinoforge.tests.gamelaunch.dll" id="b722a10b-7812-6586-879d-5715017a358f">
      <Execution id="fc375da4-01ea-4076-9fc5-6b2f93de056f" />
      <TestMethod codeBase="C:\Users\koosh\Dino\src\Tests\GameLaunch\bin\Release\net11.0\DINOForge.Tests.GameLaunch.dll" adapterTypeName="executor://xunit/VsTestRunner2/netcoreapp" className="DINOForge.Tests.GameLaunch.GameLaunchStatTests" name="StatOverride_HP_PersistsAfterReload" />
    </UnitTest>
    <UnitTest name="DINOForge.Tests.GameLaunch.GameLaunchAssetSwapTests.Phase2_CloneTrooper_EntityRegistered" storage="c:\users\koosh\dino\src\tests\gamelaunch\bin\release\net11.0\dinoforge.tests.gamelaunch.dll" id="00f9c59a-87a0-bd94-b1fb-a5b8f2cba9fb">
      <Execution id="62e58baa-297b-4cee-a36d-1e3b8be3bec7" />
      <TestMethod codeBase="C:\Users\koosh\Dino\src\Tests\GameLaunch\bin\Release\net11.0\DINOForge.Tests.GameLaunch.dll" adapterTypeName="executor://xunit/VsTestRunner2/netcoreapp" className="DINOForge.Tests.GameLaunch.GameLaunchAssetSwapTests" name="Phase2_CloneTrooper_EntityRegistered" />
    </UnitTest>
    <UnitTest name="DINOForge.Tests.GameLaunch.GameLaunchPackTests.WarfareStarwars_IsListedInLoadedPacks" storage="c:\users\koosh\dino\src\tests\gamelaunch\bin\release\net11.0\dinoforge.tests.gamelaunch.dll" id="49ee8b7d-b16a-841b-1627-2be00de2e14f">
      <Execution id="5f00709a-41e0-4d78-ad94-2d6e9c80d405" />
      <TestMethod codeBase="C:\Users\koosh\Dino\src\Tests\GameLaunch\bin\Release\net11.0\DINOForge.Tests.GameLaunch.dll" adapterTypeName="executor://xunit/VsTestRunner2/netcoreapp" className="DINOForge.Tests.GameLaunch.GameLaunchPackTests" name="WarfareStarwars_IsListedInLoadedPacks" />
    </UnitTest>
    <UnitTest name="DINOForge.Tests.GameLaunch.GameLaunchOverlayTests.Overlay_F10_ModMenuToggle_PreservesRuntime" storage="c:\users\koosh\dino\src\tests\gamelaunch\bin\release\net11.0\dinoforge.tests.gamelaunch.dll" id="9c5bfdf4-7756-938f-fc92-7ca5a8bae788">
      <Execution id="927cc493-d2a4-49f5-89b1-ef5c647828bf" />
      <TestMethod codeBase="C:\Users\koosh\Dino\src\Tests\GameLaunch\bin\Release\net11.0\DINOForge.Tests.GameLaunch.dll" adapterTypeName="executor://xunit/VsTestRunner2/netcoreapp" className="DINOForge.Tests.GameLaunch.GameLaunchOverlayTests" name="Overlay_F10_ModMenuToggle_PreservesRuntime" />
    </UnitTest>
    <UnitTest name="DINOForge.Tests.GameLaunch.GameLaunchOverlayTests.Overlay_Panels_HiddenByDefault_AtMainMenu" storage="c:\users\koosh\dino\src\tests\gamelaunch\bin\release\net11.0\dinoforge.tests.gamelaunch.dll" id="dc113434-9dfb-f205-15cc-79f2acb2b0eb">
      <Execution id="24efdfe9-d36c-4510-b662-363a16b50b16" />
      <TestMethod codeBase="C:\Users\koosh\Dino\src\Tests\GameLaunch\bin\Release\net11.0\DINOForge.Tests.GameLaunch.dll" adapterTypeName="executor://xunit/VsTestRunner2/netcoreapp" className="DINOForge.Tests.GameLaunch.GameLaunchOverlayTests" name="Overlay_Panels_HiddenByDefault_AtMainMenu" />
    </UnitTest>
    <UnitTest name="DINOForge.Tests.GameLaunch.GameLaunchSmokeTests.Bridge_IsHealthy_AfterBootstrap" storage="c:\users\koosh\dino\src\tests\gamelaunch\bin\release\net11.0\dinoforge.tests.gamelaunch.dll" id="8a733c79-5976-37fb-6d66-5dccf67e3f9b">
      <Execution id="ebee4f8d-2354-46ce-8b08-62d9452df7a1" />
      <TestMethod codeBase="C:\Users\koosh\Dino\src\Tests\GameLaunch\bin\Release\net11.0\DINOForge.Tests.GameLaunch.dll" adapterTypeName="executor://xunit/VsTestRunner2/netcoreapp" className="DINOForge.Tests.GameLaunch.GameLaunchSmokeTests" name="Bridge_IsHealthy_AfterBootstrap" />
    </UnitTest>
    <UnitTest name="DINOForge.Tests.GameLaunch.GameLaunchOverlayTests.Overlay_F9_TogglesPersistentDebugOverlay" storage="c:\users\koosh\dino\src\tests\gamelaunch\bin\release\net11.0\dinoforge.tests.gamelaunch.dll" id="4af19047-0b7e-8929-dcb6-3d2422e56b5e">
      <Execution id="08333009-80cd-4151-9c26-b2fb24ededd9" />
      <TestMethod codeBase="C:\Users\koosh\Dino\src\Tests\GameLaunch\bin\Release\net11.0\DINOForge.Tests.GameLaunch.dll" adapterTypeName="executor://xunit/VsTestRunner2/netcoreapp" className="DINOForge.Tests.GameLaunch.GameLaunchOverlayTests" name="Overlay_F9_TogglesPersistentDebugOverlay" />
    </UnitTest>
    <UnitTest name="DINOForge.Tests.GameLaunch.GameLaunchEconomyTests.EconomyPack_ResourceValues_AreReasonable" storage="c:\users\koosh\dino\src\tests\gamelaunch\bin\release\net11.0\dinoforge.tests.gamelaunch.dll" id="b9963d05-2ae1-701b-9a3e-7c1aae8b21fb">
      <Execution id="914cdad4-dc9e-470b-94f8-675462f310d5" />
      <TestMethod codeBase="C:\Users\koosh\Dino\src\Tests\GameLaunch\bin\Release\net11.0\DINOForge.Tests.GameLaunch.dll" adapterTypeName="executor://xunit/VsTestRunner2/netcoreapp" className="DINOForge.Tests.GameLaunch.GameLaunchEconomyTests" name="EconomyPack_ResourceValues_AreReasonable" />
    </UnitTest>
    <UnitTest name="DINOForge.Tests.GameLaunch.GameLaunchOverlayTests.Overlay_F9_F10_ToggleDuringGameplay" storage="c:\users\koosh\dino\src\tests\gamelaunch\bin\release\net11.0\dinoforge.tests.gamelaunch.dll" id="f9b55eea-e6de-e4e9-5ab2-2666b69616e0">
      <Execution id="efbf5b48-830a-43f0-80be-61db5bf8d635" />
      <TestMethod codeBase="C:\Users\koosh\Dino\src\Tests\GameLaunch\bin\Release\net11.0\DINOForge.Tests.GameLaunch.dll" adapterTypeName="executor://xunit/VsTestRunner2/netcoreapp" className="DINOForge.Tests.GameLaunch.GameLaunchOverlayTests" name="Overlay_F9_F10_ToggleDuringGameplay" />
    </UnitTest>
  </TestDefinitions>
  <TestEntries>
    <TestEntry testId="9c5bfdf4-7756-938f-fc92-7ca5a8bae788" executionId="927cc493-d2a4-49f5-89b1-ef5c647828bf" testListId="8c84fa94-04c1-424b-9868-57a2d4851a1d" />
    <TestEntry testId="e4b094bf-8b5e-f27c-7d5f-39ffe4bf89f1" executionId="9ea6a8b4-e025-431d-9a91-94077064e2c7" testListId="8c84fa94-04c1-424b-9868-57a2d4851a1d" />
    <TestEntry testId="835fe2be-04c6-6e60-06ab-7b9f2fdd1446" executionId="3baab99f-c7a5-4848-b90c-cec7659ee436" testListId="8c84fa94-04c1-424b-9868-57a2d4851a1d" />
    <TestEntry testId="a29646bf-bdca-cb17-3e31-d42c71764a91" executionId="6f120f8a-9160-4621-8cbf-42a27a3a9eff" testListId="8c84fa94-04c1-424b-9868-57a2d4851a1d" />
    <TestEntry testId="5dfefce0-c114-bf77-84fb-68d86603ef0e" executionId="146c0e74-960a-46c4-9daa-0dbffe779059" testListId="8c84fa94-04c1-424b-9868-57a2d4851a1d" />
    <TestEntry testId="7b432cb4-f1e7-b862-0787-9dcb46b88290" executionId="003eed2f-25f3-44b7-a765-75b15739f471" testListId="8c84fa94-04c1-424b-9868-57a2d4851a1d" />
    <TestEntry testId="efc7a406-2729-c5a8-f5cc-522f7395bfe9" executionId="f1d660a3-f7e5-4a19-94ec-4b2eaa257e1c" testListId="8c84fa94-04c1-424b-9868-57a2d4851a1d" />
    <TestEntry testId="71a673b5-8c85-5a4e-3137-ade452d40135" executionId="ec3ed94d-ec87-4a6c-9d29-439e151513bf" testListId="8c84fa94-04c1-424b-9868-57a2d4851a1d" />
    <TestEntry testId="4af19047-0b7e-8929-dcb6-3d2422e56b5e" executionId="08333009-80cd-4151-9c26-b2fb24ededd9" testListId="8c84fa94-04c1-424b-9868-57a2d4851a1d" />
    <TestEntry testId="b9963d05-2ae1-701b-9a3e-7c1aae8b21fb" executionId="914cdad4-dc9e-470b-94f8-675462f310d5" testListId="8c84fa94-04c1-424b-9868-57a2d4851a1d" />
    <TestEntry testId="ad2fd79d-022a-14da-8ae5-6bbc0c32c254" executionId="c3c05c8a-1f0a-406b-bacc-dec204baea98" testListId="8c84fa94-04c1-424b-9868-57a2d4851a1d" />
    <TestEntry testId="49ee8b7d-b16a-841b-1627-2be00de2e14f" executionId="5f00709a-41e0-4d78-ad94-2d6e9c80d405" testListId="8c84fa94-04c1-424b-9868-57a2d4851a1d" />
    <TestEntry testId="b722a10b-7812-6586-879d-5715017a358f" executionId="fc375da4-01ea-4076-9fc5-6b2f93de056f" testListId="8c84fa94-04c1-424b-9868-57a2d4851a1d" />
    <TestEntry testId="f9b55eea-e6de-e4e9-5ab2-2666b69616e0" executionId="efbf5b48-830a-43f0-80be-61db5bf8d635" testListId="8c84fa94-04c1-424b-9868-57a2d4851a1d" />
    <TestEntry testId="530b0340-3d20-7373-b082-1bffafff12a8" executionId="6b397049-1e5a-4ab5-a9a0-ae092ee2285c" testListId="8c84fa94-04c1-424b-9868-57a2d4851a1d" />
    <TestEntry testId="d71bf745-158c-0c17-1282-3dceacaf8565" executionId="45d741f1-679c-4ced-a974-affd3f750bb5" testListId="8c84fa94-04c1-424b-9868-57a2d4851a1d" />
    <TestEntry testId="856eabde-ce66-bb7d-3490-db0a9500ccfe" executionId="dfbf7a22-a0e4-4076-858e-1e7df543597b" testListId="8c84fa94-04c1-424b-9868-57a2d4851a1d" />
    <TestEntry testId="7dcd5b9b-09fa-98c7-3371-d8fa7a7d0fc1" executionId="5f2c7425-6a52-47e5-8301-0003a6749993" testListId="8c84fa94-04c1-424b-9868-57a2d4851a1d" />
    <TestEntry testId="c7eecb30-0708-9d50-e9a6-7d415a46b1a2" executionId="882a93b3-c801-4985-8003-e4263a028ccd" testListId="8c84fa94-04c1-424b-9868-57a2d4851a1d" />
    <TestEntry testId="c1d8318d-3c22-3a50-4750-578c9bc25ada" executionId="b7c5ba10-2f5b-4461-bc20-ad0d273d739c" testListId="8c84fa94-04c1-424b-9868-57a2d4851a1d" />
    <TestEntry testId="8a733c79-5976-37fb-6d66-5dccf67e3f9b" executionId="ebee4f8d-2354-46ce-8b08-62d9452df7a1" testListId="8c84fa94-04c1-424b-9868-57a2d4851a1d" />
    <TestEntry testId="dc113434-9dfb-f205-15cc-79f2acb2b0eb" executionId="24efdfe9-d36c-4510-b662-363a16b50b16" testListId="8c84fa94-04c1-424b-9868-57a2d4851a1d" />
    <TestEntry testId="51156138-f581-0063-c5f2-316a88ee88e2" executionId="15fc6397-5173-422b-a573-ece3d6e14885" testListId="8c84fa94-04c1-424b-9868-57a2d4851a1d" />
    <TestEntry testId="3abab9ce-a256-a605-5686-93aa7e4ad07f" executionId="77725bcd-5616-4fcd-bb8c-26420a8c25f2" testListId="8c84fa94-04c1-424b-9868-57a2d4851a1d" />
    <TestEntry testId="7d950aa4-56ce-eec7-a542-de896a7d306f" executionId="89591693-1c82-4ede-ab3e-b633ce78a61b" testListId="8c84fa94-04c1-424b-9868-57a2d4851a1d" />
    <TestEntry testId="0be5e9e0-f0f0-669c-5348-b2a8d12861bf" executionId="e8d03d9a-ab9a-4451-b623-e7e684e895ed" testListId="8c84fa94-04c1-424b-9868-57a2d4851a1d" />
    <TestEntry testId="00f9c59a-87a0-bd94-b1fb-a5b8f2cba9fb" executionId="62e58baa-297b-4cee-a36d-1e3b8be3bec7" testListId="8c84fa94-04c1-424b-9868-57a2d4851a1d" />
    <TestEntry testId="8a8109e2-72a2-1b3a-d1a3-0733baee50dd" executionId="9b5289ef-4ed0-4543-8bcc-7cec7a35da24" testListId="8c84fa94-04c1-424b-9868-57a2d4851a1d" />
  </TestEntries>
  <TestLists>
    <TestList name="Results Not in a List" id="8c84fa94-04c1-424b-9868-57a2d4851a1d" />
    <TestList name="All Loaded Results" id="19431567-8539-422a-85d7-44ee4e166bda" />
  </TestLists>
  <ResultSummary outcome="Failed">
    <Counters total="28" executed="27" passed="19" failed="8" error="0" timeout="0" aborted="0" inconclusive="0" passedButRunAborted="0" notRunnable="0" notExecuted="0" disconnected="0" warning="0" completed="0" inProgress="0" pending="0" />
    <Output>
      <StdOut>[xUnit.net 00:00:00.00] xUnit.net VSTest Adapter v2.8.2+699d445a1a (64-bit .NET 11.0.0-preview.2.26159.112)&#xD;
[xUnit.net 00:00:00.11]   Discovering: DINOForge.Tests.GameLaunch&#xD;
[xUnit.net 00:00:00.19]   Discovered:  DINOForge.Tests.GameLaunch&#xD;
[xUnit.net 00:00:00.21]   Starting:    DINOForge.Tests.GameLaunch&#xD;
[17:05:53 INF] Connecting to pipe 'dinoforge-game-bridge' with timeout 10000ms&#xD;
[17:05:53 INF] Successfully connected to pipe 'dinoforge-game-bridge'&#xD;
[17:05:53 DBG] Sending request 'connect' to pipe 'dinoforge-game-bridge' (attempt 1/4)&#xD;
[17:05:54 INF] Request 'connect' completed successfully in 227ms&#xD;
[17:05:54 INF] Captured session_id d300ae76abf3459285f34b11d5732404 from connect handshake&#xD;
[17:05:54 DBG] Sending request 'waitForWorld' to pipe 'dinoforge-game-bridge' (attempt 1/4)&#xD;
[17:05:54 INF] Request 'waitForWorld' completed successfully in 205ms&#xD;
[17:05:54 DBG] Sending request 'queryEntities' to pipe 'dinoforge-game-bridge' (attempt 1/4)&#xD;
[17:05:54 INF] Request 'queryEntities' completed successfully in 227ms&#xD;
[17:05:54 DBG] Sending request 'status' to pipe 'dinoforge-game-bridge' (attempt 1/4)&#xD;
[17:05:54 INF] Request 'status' completed successfully in 205ms&#xD;
[17:05:54 DBG] Sending request 'status' to pipe 'dinoforge-game-bridge' (attempt 1/4)&#xD;
[17:05:55 INF] Request 'status' completed successfully in 212ms&#xD;
[17:05:55 DBG] Sending request 'queryEntities' to pipe 'dinoforge-game-bridge' (attempt 1/4)&#xD;
[17:05:55 INF] Request 'queryEntities' completed successfully in 210ms&#xD;
[17:05:55 DBG] Sending request 'screenshot' to pipe 'dinoforge-game-bridge' (attempt 1/4)&#xD;
[17:05:55 INF] Request 'screenshot' completed successfully in 211ms&#xD;
[17:05:55 DBG] Sending request 'reloadPacks' to pipe 'dinoforge-game-bridge' (attempt 1/4)&#xD;
[17:05:56 INF] Request 'reloadPacks' completed successfully in 610ms&#xD;
[17:06:27 DBG] Sending request 'getResources' to pipe 'dinoforge-game-bridge' (attempt 1/4)&#xD;
[xUnit.net 00:00:33.75]       Expected patchExists to be True because AssetSwapSystem phase 1 should write patched bundles to G:\SteamLibrary\steamapps\common\Diplomacy is Not an Option\BepInEx\dinoforge_patched_bundles or log swap success after frame 600, but found False.&#xD;
[xUnit.net 00:00:33.75]       Stack Trace:&#xD;
[xUnit.net 00:00:33.75]            at FluentAssertions.Execution.XUnit2TestFramework.Throw(String message)&#xD;
[xUnit.net 00:00:33.75]            at FluentAssertions.Execution.TestFrameworkProvider.Throw(String message)&#xD;
[xUnit.net 00:00:33.75]            at FluentAssertions.Execution.DefaultAssertionStrategy.HandleFailure(String message)&#xD;
[xUnit.net 00:00:33.75]            at FluentAssertions.Execution.AssertionScope.FailWith(Func`1 failReasonFunc)&#xD;
[xUnit.net 00:00:33.75]            at FluentAssertions.Execution.AssertionScope.FailWith(Func`1 failReasonFunc)&#xD;
[xUnit.net 00:00:33.75]            at FluentAssertions.Execution.AssertionScope.FailWith(String message, Object[] args)&#xD;
[xUnit.net 00:00:33.75]            at FluentAssertions.Primitives.BooleanAssertions`1.BeTrue(String because, Object[] becauseArgs)&#xD;
[xUnit.net 00:00:33.75]         C:\Users\koosh\Dino\src\Tests\GameLaunch\GameLaunchAssetSwapTests.cs(55,0): at DINOForge.Tests.GameLaunch.GameLaunchAssetSwapTests.Phase1_PatchedBundleExistsOnDisk_BeforeEntityLoad()&#xD;
[xUnit.net 00:00:33.75]         --- End of stack trace from previous location ---&#xD;
[17:06:27 INF] Request 'getResources' completed successfully in 209ms&#xD;
[17:06:27 DBG] Sending request 'status' to pipe 'dinoforge-game-bridge' (attempt 1/4)&#xD;
[17:06:27 INF] Request 'status' completed successfully in 211ms&#xD;
[17:06:27 DBG] Sending request 'getCatalog' to pipe 'dinoforge-game-bridge' (attempt 1/4)&#xD;
[17:06:27 INF] Request 'getCatalog' completed successfully in 231ms&#xD;
[17:06:27 DBG] Sending request 'status' to pipe 'dinoforge-game-bridge' (attempt 1/4)&#xD;
[17:06:28 INF] Request 'status' completed successfully in 213ms&#xD;
[17:06:28 DBG] Sending request 'getResources' to pipe 'dinoforge-game-bridge' (attempt 1/4)&#xD;
[17:06:28 INF] Request 'getResources' completed successfully in 216ms&#xD;
[17:06:28 DBG] Sending request 'status' to pipe 'dinoforge-game-bridge' (attempt 1/4)&#xD;
[17:06:28 INF] Request 'status' completed successfully in 213ms&#xD;
[17:06:29 DBG] Sending request 'status' to pipe 'dinoforge-game-bridge' (attempt 1/4)&#xD;
[17:06:29 INF] Request 'status' completed successfully in 215ms&#xD;
[17:06:29 DBG] Sending request 'status' to pipe 'dinoforge-game-bridge' (attempt 1/4)&#xD;
[17:06:30 INF] Request 'status' completed successfully in 202ms&#xD;
[17:06:30 DBG] Sending request 'status' to pipe 'dinoforge-game-bridge' (attempt 1/4)&#xD;
[17:06:30 INF] Request 'status' completed successfully in 216ms&#xD;
[17:06:31 DBG] Sending request 'status' to pipe 'dinoforge-game-bridge' (attempt 1/4)&#xD;
[17:06:31 INF] Request 'status' completed successfully in 202ms&#xD;
[17:06:32 DBG] Sending request 'queryUi' to pipe 'dinoforge-game-bridge' (attempt 1/4)&#xD;
[17:06:32 INF] Request 'queryUi' completed successfully in 205ms&#xD;
[xUnit.net 00:00:38.73]       Expected result.MatchCount to be greater than 0 because Mods button should match the selector, but found 0.&#xD;
[xUnit.net 00:00:38.73]       Stack Trace:&#xD;
[xUnit.net 00:00:38.73]            at FluentAssertions.Execution.XUnit2TestFramework.Throw(String message)&#xD;
[xUnit.net 00:00:38.73]            at FluentAssertions.Execution.TestFrameworkProvider.Throw(String message)&#xD;
[xUnit.net 00:00:38.73]            at FluentAssertions.Execution.DefaultAssertionStrategy.HandleFailure(String message)&#xD;
[xUnit.net 00:00:38.73]            at FluentAssertions.Execution.AssertionScope.FailWith(Func`1 failReasonFunc)&#xD;
[xUnit.net 00:00:38.73]            at FluentAssertions.Execution.AssertionScope.FailWith(Func`1 failReasonFunc)&#xD;
[xUnit.net 00:00:38.73]            at FluentAssertions.Execution.AssertionScope.FailWith(String message, Object[] args)&#xD;
[xUnit.net 00:00:38.73]            at FluentAssertions.Numeric.NumericAssertions`2.BeGreaterThan(T expected, String because, Object[] becauseArgs)&#xD;
[xUnit.net 00:00:38.73]         C:\Users\koosh\Dino\src\Tests\GameLaunch\GameLaunchNativeMenuTests.cs(47,0): at DINOForge.Tests.GameLaunch.GameLaunchNativeMenuTests.MainMenu_ModsButton_OpensOverlay()&#xD;
[xUnit.net 00:00:38.73]         --- End of stack trace from previous location ---&#xD;
[17:06:32 DBG] Sending request 'startGame' to pipe 'dinoforge-game-bridge' (attempt 1/4)&#xD;
[17:06:32 INF] Request 'startGame' completed successfully in 212ms&#xD;
[17:06:35 DBG] Sending request 'status' to pipe 'dinoforge-game-bridge' (attempt 1/4)&#xD;
[17:06:35 INF] Request 'status' completed successfully in 202ms&#xD;
[17:06:35 DBG] Sending request 'invokeMethod' to pipe 'dinoforge-game-bridge' (attempt 1/4)&#xD;
[17:06:35 INF] Request 'invokeMethod' completed successfully in 213ms&#xD;
[17:06:35 DBG] Sending request 'invokeMethod' to pipe 'dinoforge-game-bridge' (attempt 1/4)&#xD;
[17:06:36 INF] Request 'invokeMethod' completed successfully in 215ms&#xD;
[17:06:36 DBG] Sending request 'invokeMethod' to pipe 'dinoforge-game-bridge' (attempt 1/4)&#xD;
[17:06:36 INF] Request 'invokeMethod' completed successfully in 202ms&#xD;
[17:06:36 DBG] Sending request 'invokeMethod' to pipe 'dinoforge-game-bridge' (attempt 1/4)&#xD;
[17:06:36 INF] Request 'invokeMethod' completed successfully in 202ms&#xD;
[17:06:36 DBG] Sending request 'invokeMethod' to pipe 'dinoforge-game-bridge' (attempt 1/4)&#xD;
[17:06:36 INF] Request 'invokeMethod' completed successfully in 203ms&#xD;
[17:06:36 DBG] Sending request 'invokeMethod' to pipe 'dinoforge-game-bridge' (attempt 1/4)&#xD;
[17:06:36 INF] Request 'invokeMethod' completed successfully in 202ms&#xD;
[17:06:36 DBG] Sending request 'invokeMethod' to pipe 'dinoforge-game-bridge' (attempt 1/4)&#xD;
[17:06:37 INF] Request 'invokeMethod' completed successfully in 218ms&#xD;
[17:06:37 DBG] Sending request 'invokeMethod' to pipe 'dinoforge-game-bridge' (attempt 1/4)&#xD;
[17:06:37 INF] Request 'invokeMethod' completed successfully in 202ms&#xD;
[xUnit.net 00:00:43.83]       Could not open pause menu via bridge invokeMethod (no ESC/simulateKey); run manual AC #7 or MCP pause_menu scenario.&#xD;
[17:06:37 DBG] Sending request 'queryUi' to pipe 'dinoforge-game-bridge' (attempt 1/4)&#xD;
Test 'DINOForge.Tests.GameLaunch.GameLaunchNativeMenuTests.PauseMenu_HasModsButton_WhenOpened' was skipped in the test run.&#xD;
[17:06:37 INF] Request 'queryUi' completed successfully in 212ms&#xD;
[xUnit.net 00:00:44.04]       Expected initialQuery.MatchCount to be greater than 0 because Mods button should exist in main menu initially, but found 0.&#xD;
[xUnit.net 00:00:44.04]       Stack Trace:&#xD;
[xUnit.net 00:00:44.04]            at FluentAssertions.Execution.XUnit2TestFramework.Throw(String message)&#xD;
[xUnit.net 00:00:44.04]            at FluentAssertions.Execution.TestFrameworkProvider.Throw(String message)&#xD;
[xUnit.net 00:00:44.04]            at FluentAssertions.Execution.DefaultAssertionStrategy.HandleFailure(String message)&#xD;
[xUnit.net 00:00:44.04]            at FluentAssertions.Execution.AssertionScope.FailWith(Func`1 failReasonFunc)&#xD;
[xUnit.net 00:00:44.04]            at FluentAssertions.Execution.AssertionScope.FailWith(Func`1 failReasonFunc)&#xD;
[xUnit.net 00:00:44.04]            at FluentAssertions.Execution.AssertionScope.FailWith(String message, Object[] args)&#xD;
[xUnit.net 00:00:44.04]            at FluentAssertions.Numeric.NumericAssertions`2.BeGreaterThan(T expected, String because, Object[] becauseArgs)&#xD;
[xUnit.net 00:00:44.04]         C:\Users\koosh\Dino\src\Tests\GameLaunch\GameLaunchNativeMenuTests.cs(101,0): at DINOForge.Tests.GameLaunch.GameLaunchNativeMenuTests.MainMenu_ModsButton_PersistsAcrossSceneChanges()&#xD;
[xUnit.net 00:00:44.04]         --- End of stack trace from previous location ---&#xD;
[17:06:37 DBG] Sending request 'queryUi' to pipe 'dinoforge-game-bridge' (attempt 1/4)&#xD;
[17:06:37 INF] Request 'queryUi' completed successfully in 212ms&#xD;
[xUnit.net 00:00:44.26]       Expected modsQuery.MatchCount to be greater than 0 because Mods button must be injected before comparing visual style, but found 0.&#xD;
[xUnit.net 00:00:44.26]       Stack Trace:&#xD;
[xUnit.net 00:00:44.26]            at FluentAssertions.Execution.XUnit2TestFramework.Throw(String message)&#xD;
[xUnit.net 00:00:44.26]            at FluentAssertions.Execution.TestFrameworkProvider.Throw(String message)&#xD;
[xUnit.net 00:00:44.26]            at FluentAssertions.Execution.DefaultAssertionStrategy.HandleFailure(String message)&#xD;
[xUnit.net 00:00:44.26]            at FluentAssertions.Execution.AssertionScope.FailWith(Func`1 failReasonFunc)&#xD;
[xUnit.net 00:00:44.26]            at FluentAssertions.Execution.AssertionScope.FailWith(Func`1 failReasonFunc)&#xD;
[xUnit.net 00:00:44.26]            at FluentAssertions.Execution.AssertionScope.FailWith(String message, Object[] args)&#xD;
[xUnit.net 00:00:44.26]            at FluentAssertions.Numeric.NumericAssertions`2.BeGreaterThan(T expected, String because, Object[] becauseArgs)&#xD;
[17:06:37 DBG] Sending request 'queryUi' to pipe 'dinoforge-game-bridge' (attempt 1/4)&#xD;
[xUnit.net 00:00:44.26]         C:\Users\koosh\Dino\src\Tests\GameLaunch\GameLaunchNativeMenuTests.cs(129,0): at DINOForge.Tests.GameLaunch.GameLaunchNativeMenuTests.MainMenu_ModsButton_StyleMatchesSettings_AfterInjection()&#xD;
[xUnit.net 00:00:44.26]         --- End of stack trace from previous location ---&#xD;
[17:06:38 INF] Request 'queryUi' completed successfully in 213ms&#xD;
[xUnit.net 00:00:44.48]       Expected result.MatchCount to be greater than 0 because UI should contain a 'Mods' button or element in the main menu, but found 0.&#xD;
[xUnit.net 00:00:44.48]       Stack Trace:&#xD;
[xUnit.net 00:00:44.48]            at FluentAssertions.Execution.XUnit2TestFramework.Throw(String message)&#xD;
[xUnit.net 00:00:44.48]            at FluentAssertions.Execution.TestFrameworkProvider.Throw(String message)&#xD;
[xUnit.net 00:00:44.48]            at FluentAssertions.Execution.DefaultAssertionStrategy.HandleFailure(String message)&#xD;
[xUnit.net 00:00:44.48]            at FluentAssertions.Execution.AssertionScope.FailWith(Func`1 failReasonFunc)&#xD;
[xUnit.net 00:00:44.48]            at FluentAssertions.Execution.AssertionScope.FailWith(Func`1 failReasonFunc)&#xD;
[xUnit.net 00:00:44.48]            at FluentAssertions.Execution.AssertionScope.FailWith(String message, Object[] args)&#xD;
[xUnit.net 00:00:44.48]            at FluentAssertions.Numeric.NumericAssertions`2.BeGreaterThan(T expected, String because, Object[] becauseArgs)&#xD;
[xUnit.net 00:00:44.48]         C:\Users\koosh\Dino\src\Tests\GameLaunch\GameLaunchNativeMenuTests.cs(33,0): at DINOForge.Tests.GameLaunch.GameLaunchNativeMenuTests.MainMenu_HasModsButton_AfterInjection()&#xD;
[xUnit.net 00:00:44.48]         --- End of stack trace from previous location ---&#xD;
[17:06:38 DBG] Sending request 'toggleUi' to pipe 'dinoforge-game-bridge' (attempt 1/4)&#xD;
[17:06:38 INF] Request 'toggleUi' completed successfully in 213ms&#xD;
[17:06:38 DBG] Sending request 'status' to pipe 'dinoforge-game-bridge' (attempt 1/4)&#xD;
[17:06:38 INF] Request 'status' completed successfully in 203ms&#xD;
[17:06:38 DBG] Sending request 'toggleUi' to pipe 'dinoforge-game-bridge' (attempt 1/4)&#xD;
[17:06:38 INF] Request 'toggleUi' completed successfully in 201ms&#xD;
[17:06:39 DBG] Sending request 'status' to pipe 'dinoforge-game-bridge' (attempt 1/4)&#xD;
[17:06:39 INF] Request 'status' completed successfully in 203ms&#xD;
[17:06:39 DBG] Sending request 'status' to pipe 'dinoforge-game-bridge' (attempt 1/4)&#xD;
[17:06:39 INF] Request 'status' completed successfully in 202ms&#xD;
[17:06:39 DBG] Sending request 'status' to pipe 'dinoforge-game-bridge' (attempt 1/4)&#xD;
[17:06:39 INF] Request 'status' completed successfully in 203ms&#xD;
[17:06:40 DBG] Sending request 'status' to pipe 'dinoforge-game-bridge' (attempt 1/4)&#xD;
[17:06:40 INF] Request 'status' completed successfully in 201ms&#xD;
[17:06:41 DBG] Sending request 'status' to pipe 'dinoforge-game-bridge' (attempt 1/4)&#xD;
[17:06:41 INF] Request 'status' completed successfully in 203ms&#xD;
[17:06:41 DBG] Sending request 'status' to pipe 'dinoforge-game-bridge' (attempt 1/4)&#xD;
[17:06:42 INF] Request 'status' completed successfully in 205ms&#xD;
[17:06:42 DBG] Sending request 'status' to pipe 'dinoforge-game-bridge' (attempt 1/4)&#xD;
[17:06:42 INF] Request 'status' completed successfully in 203ms&#xD;
[17:06:43 DBG] Sending request 'status' to pipe 'dinoforge-game-bridge' (attempt 1/4)&#xD;
[17:06:43 INF] Request 'status' completed successfully in 202ms&#xD;
[17:06:43 DBG] Sending request 'status' to pipe 'dinoforge-game-bridge' (attempt 1/4)&#xD;
[17:06:44 INF] Request 'status' completed successfully in 201ms&#xD;
[17:06:44 DBG] Sending request 'status' to pipe 'dinoforge-game-bridge' (attempt 1/4)&#xD;
[17:06:44 INF] Request 'status' completed successfully in 204ms&#xD;
[17:06:45 DBG] Sending request 'status' to pipe 'dinoforge-game-bridge' (attempt 1/4)&#xD;
[17:06:45 INF] Request 'status' completed successfully in 202ms&#xD;
[17:06:46 DBG] Sending request 'status' to pipe 'dinoforge-game-bridge' (attempt 1/4)&#xD;
[17:06:46 INF] Request 'status' completed successfully in 217ms&#xD;
[17:06:46 DBG] Sending request 'status' to pipe 'dinoforge-game-bridge' (attempt 1/4)&#xD;
[17:06:47 INF] Request 'status' completed successfully in 201ms&#xD;
[17:06:47 DBG] Sending request 'status' to pipe 'dinoforge-game-bridge' (attempt 1/4)&#xD;
[17:06:47 INF] Request 'status' completed successfully in 203ms&#xD;
[17:06:48 DBG] Sending request 'status' to pipe 'dinoforge-game-bridge' (attempt 1/4)&#xD;
[17:06:48 INF] Request 'status' completed successfully in 203ms&#xD;
[17:06:48 DBG] Sending request 'status' to pipe 'dinoforge-game-bridge' (attempt 1/4)&#xD;
[17:06:49 INF] Request 'status' completed successfully in 203ms&#xD;
[17:06:49 DBG] Sending request 'status' to pipe 'dinoforge-game-bridge' (attempt 1/4)&#xD;
[17:06:49 INF] Request 'status' completed successfully in 203ms&#xD;
[17:06:49 DBG] Sending request 'status' to pipe 'dinoforge-game-bridge' (attempt 1/4)&#xD;
[17:06:50 INF] Request 'status' completed successfully in 216ms&#xD;
[17:06:50 DBG] Sending request 'toggleUi' to pipe 'dinoforge-game-bridge' (attempt 1/4)&#xD;
[17:06:50 INF] Request 'toggleUi' completed successfully in 202ms&#xD;
[17:06:50 DBG] Sending request 'status' to pipe 'dinoforge-game-bridge' (attempt 1/4)&#xD;
[17:06:50 INF] Request 'status' completed successfully in 204ms&#xD;
[17:06:50 DBG] Sending request 'toggleUi' to pipe 'dinoforge-game-bridge' (attempt 1/4)&#xD;
[17:06:51 INF] Request 'toggleUi' completed successfully in 203ms&#xD;
[17:06:51 DBG] Sending request 'status' to pipe 'dinoforge-game-bridge' (attempt 1/4)&#xD;
[17:06:51 INF] Request 'status' completed successfully in 203ms&#xD;
[17:06:51 DBG] Sending request 'toggleUi' to pipe 'dinoforge-game-bridge' (attempt 1/4)&#xD;
[17:06:51 INF] Request 'toggleUi' completed successfully in 419ms&#xD;
[17:06:51 DBG] Sending request 'waitForUi' to pipe 'dinoforge-game-bridge' (attempt 1/4)&#xD;
[17:06:52 INF] Request 'waitForUi' completed successfully in 494ms&#xD;
[17:06:52 DBG] Sending request 'toggleUi' to pipe 'dinoforge-game-bridge' (attempt 1/4)&#xD;
[17:06:52 INF] Request 'toggleUi' completed successfully in 204ms&#xD;
[17:06:52 DBG] Sending request 'waitForUi' to pipe 'dinoforge-game-bridge' (attempt 1/4)&#xD;
[17:06:53 INF] Request 'waitForUi' completed successfully in 272ms&#xD;
[17:06:53 DBG] Sending request 'loadScene' to pipe 'dinoforge-game-bridge' (attempt 1/4)&#xD;
[17:06:53 INF] Request 'loadScene' completed successfully in 213ms&#xD;
[17:06:54 DBG] Sending request 'queryUi' to pipe 'dinoforge-game-bridge' (attempt 1/4)&#xD;
[17:06:55 INF] Request 'queryUi' completed successfully in 275ms&#xD;
[17:06:55 DBG] Sending request 'queryUi' to pipe 'dinoforge-game-bridge' (attempt 1/4)&#xD;
[17:06:55 INF] Request 'queryUi' completed successfully in 207ms&#xD;
[xUnit.net 00:01:01.92]       Expected modMenuPanel.Success to be True because ModMenuPanel should exist on DFCanvas at main menu, but found False.&#xD;
[xUnit.net 00:01:01.92]       Stack Trace:&#xD;
[xUnit.net 00:01:01.92]            at FluentAssertions.Execution.XUnit2TestFramework.Throw(String message)&#xD;
[xUnit.net 00:01:01.92]            at FluentAssertions.Execution.TestFrameworkProvider.Throw(String message)&#xD;
[xUnit.net 00:01:01.92]            at FluentAssertions.Execution.DefaultAssertionStrategy.HandleFailure(String message)&#xD;
[xUnit.net 00:01:01.92]            at FluentAssertions.Execution.AssertionScope.FailWith(Func`1 failReasonFunc)&#xD;
[xUnit.net 00:01:01.92]            at FluentAssertions.Execution.AssertionScope.FailWith(Func`1 failReasonFunc)&#xD;
[xUnit.net 00:01:01.92]            at FluentAssertions.Execution.AssertionScope.FailWith(String message, Object[] args)&#xD;
[xUnit.net 00:01:01.92]            at FluentAssertions.Primitives.BooleanAssertions`1.BeTrue(String because, Object[] becauseArgs)&#xD;
[xUnit.net 00:01:01.92]         C:\Users\koosh\Dino\src\Tests\GameLaunch\GameLaunchOverlayTests.cs(43,0): at DINOForge.Tests.GameLaunch.GameLaunchOverlayTests.Overlay_Panels_HiddenByDefault_AtMainMenu()&#xD;
[xUnit.net 00:01:01.92]         --- End of stack trace from previous location ---&#xD;
[17:06:55 DBG] Sending request 'toggleUi' to pipe 'dinoforge-game-bridge' (attempt 1/4)&#xD;
[17:06:55 INF] Request 'toggleUi' completed successfully in 415ms&#xD;
[17:06:55 DBG] Sending request 'waitForUi' to pipe 'dinoforge-game-bridge' (attempt 1/4)&#xD;
[17:06:56 INF] Request 'waitForUi' completed successfully in 477ms&#xD;
[17:06:56 DBG] Sending request 'startGame' to pipe 'dinoforge-game-bridge' (attempt 1/4)&#xD;
[17:06:56 INF] Request 'startGame' completed successfully in 204ms&#xD;
[17:06:59 DBG] Sending request 'status' to pipe 'dinoforge-game-bridge' (attempt 1/4)&#xD;
[17:06:59 INF] Request 'status' completed successfully in 202ms&#xD;
[17:06:59 DBG] Sending request 'toggleUi' to pipe 'dinoforge-game-bridge' (attempt 1/4)&#xD;
[17:06:59 INF] Request 'toggleUi' completed successfully in 201ms&#xD;
[17:06:59 DBG] Sending request 'waitForUi' to pipe 'dinoforge-game-bridge' (attempt 1/4)&#xD;
[17:07:03 INF] Request 'waitForUi' completed successfully in 3515ms&#xD;
[xUnit.net 00:01:09.95]       Expected debugWait.Ready to be True because debug panel should be visible after F9 toggle during gameplay, but found False.&#xD;
[xUnit.net 00:01:09.95]       Stack Trace:&#xD;
[xUnit.net 00:01:09.95]            at FluentAssertions.Execution.XUnit2TestFramework.Throw(String message)&#xD;
[xUnit.net 00:01:09.95]            at FluentAssertions.Execution.TestFrameworkProvider.Throw(String message)&#xD;
[xUnit.net 00:01:09.95]            at FluentAssertions.Execution.DefaultAssertionStrategy.HandleFailure(String message)&#xD;
[xUnit.net 00:01:09.95]            at FluentAssertions.Execution.AssertionScope.FailWith(Func`1 failReasonFunc)&#xD;
[xUnit.net 00:01:09.95]            at FluentAssertions.Execution.AssertionScope.FailWith(Func`1 failReasonFunc)&#xD;
[xUnit.net 00:01:09.95]            at FluentAssertions.Execution.AssertionScope.FailWith(String message, Object[] args)&#xD;
[xUnit.net 00:01:09.95]            at FluentAssertions.Primitives.BooleanAssertions`1.BeTrue(String because, Object[] becauseArgs)&#xD;
[xUnit.net 00:01:09.95]         C:\Users\koosh\Dino\src\Tests\GameLaunch\GameLaunchOverlayTests.cs(143,0): at DINOForge.Tests.GameLaunch.GameLaunchOverlayTests.Overlay_F9_F10_ToggleDuringGameplay()&#xD;
[xUnit.net 00:01:09.95]         --- End of stack trace from previous location ---&#xD;
[17:07:03 DBG] Sending request 'status' to pipe 'dinoforge-game-bridge' (attempt 1/4)&#xD;
[17:07:03 INF] Request 'status' completed successfully in 201ms&#xD;
[17:07:03 DBG] Sending request 'getCatalog' to pipe 'dinoforge-game-bridge' (attempt 1/4)&#xD;
[17:07:03 INF] Request 'getCatalog' completed successfully in 204ms&#xD;
[17:07:04 DBG] Sending request 'status' to pipe 'dinoforge-game-bridge' (attempt 1/4)&#xD;
[17:07:04 INF] Request 'status' completed successfully in 214ms&#xD;
[17:07:04 DBG] Sending request 'queryUi' to pipe 'dinoforge-game-bridge' (attempt 1/4)&#xD;
[17:07:04 INF] Request 'queryUi' completed successfully in 229ms&#xD;
[17:07:04 DBG] Sending request 'status' to pipe 'dinoforge-game-bridge' (attempt 1/4)&#xD;
[17:07:04 INF] Request 'status' completed successfully in 204ms&#xD;
[17:07:04 DBG] Sending request 'ping' to pipe 'dinoforge-game-bridge' (attempt 1/4)&#xD;
[17:07:04 INF] Request 'ping' completed successfully in 216ms&#xD;
[17:07:04 DBG] Sending request 'status' to pipe 'dinoforge-game-bridge' (attempt 1/4)&#xD;
[17:07:05 INF] Request 'status' completed successfully in 211ms&#xD;
[17:07:05 DBG] Sending request 'startGame' to pipe 'dinoforge-game-bridge' (attempt 1/4)&#xD;
[17:07:05 INF] Request 'startGame' completed successfully in 214ms&#xD;
[17:07:08 DBG] Sending request 'status' to pipe 'dinoforge-game-bridge' (attempt 1/4)&#xD;
[17:07:08 INF] Request 'status' completed successfully in 202ms&#xD;
[17:07:08 DBG] Sending request 'applyOverride' to pipe 'dinoforge-game-bridge' (attempt 1/4)&#xD;
[17:07:08 INF] Request 'applyOverride' completed successfully in 219ms&#xD;
[xUnit.net 00:01:15.30]       Expected overrideResult.ModifiedCount to be greater than 0 because at least one rep_clone_trooper entity should be modified in gameplay, but found 0.&#xD;
[xUnit.net 00:01:15.30]       Stack Trace:&#xD;
[xUnit.net 00:01:15.30]            at FluentAssertions.Execution.XUnit2TestFramework.Throw(String message)&#xD;
[xUnit.net 00:01:15.30]            at FluentAssertions.Execution.TestFrameworkProvider.Throw(String message)&#xD;
[xUnit.net 00:01:15.30]            at FluentAssertions.Execution.AssertionScope.FailWith(String message, Object[] args)&#xD;
[xUnit.net 00:01:15.30]            at FluentAssertions.Numeric.NumericAssertions`2.BeGreaterThan(T expected, String because, Object[] becauseArgs)&#xD;
[xUnit.net 00:01:15.30]         C:\Users\koosh\Dino\src\Tests\GameLaunch\GameLaunchStatTests.cs(41,0): at DINOForge.Tests.GameLaunch.GameLaunchStatTests.StatOverride_HP_PersistsAfterReload()&#xD;
[xUnit.net 00:01:15.30]         --- End of stack trace from previous location ---&#xD;
[17:07:08 DBG] Sending request 'toggleUi' to pipe 'dinoforge-game-bridge' (attempt 1/4)&#xD;
[17:07:09 INF] Request 'toggleUi' completed successfully in 213ms&#xD;
[17:07:09 DBG] Sending request 'toggleUi' to pipe 'dinoforge-game-bridge' (attempt 1/4)&#xD;
[17:07:09 INF] Request 'toggleUi' completed successfully in 204ms&#xD;
[17:07:09 DBG] Sending request 'toggleUi' to pipe 'dinoforge-game-bridge' (attempt 1/4)&#xD;
[17:07:09 INF] Request 'toggleUi' completed successfully in 216ms&#xD;
[17:07:09 DBG] Sending request 'getUiTree' to pipe 'dinoforge-game-bridge' (attempt 1/4)&#xD;
[17:07:10 INF] Request 'getUiTree' completed successfully in 564ms&#xD;
[xUnit.net 00:01:16.51]   Finished:    DINOForge.Tests.GameLaunch&#xD;
</StdOut>
    </Output>
    <RunInfos>
      <RunInfo computerName="KOOSHAPARI-DESK" outcome="Error" timestamp="2026-05-24T17:06:27.3015110-07:00">
        <Text>[xUnit.net 00:00:33.75]     DINOForge.Tests.GameLaunch.GameLaunchAssetSwapTests.Phase1_PatchedBundleExistsOnDisk_BeforeEntityLoad [FAIL]</Text>
      </RunInfo>
      <RunInfo computerName="KOOSHAPARI-DESK" outcome="Error" timestamp="2026-05-24T17:06:32.2870417-07:00">
        <Text>[xUnit.net 00:00:38.73]     DINOForge.Tests.GameLaunch.GameLaunchNativeMenuTests.MainMenu_ModsButton_OpensOverlay [FAIL]</Text>
      </RunInfo>
      <RunInfo computerName="KOOSHAPARI-DESK" outcome="Warning" timestamp="2026-05-24T17:06:37.3793468-07:00">
        <Text>[xUnit.net 00:00:43.82]     DINOForge.Tests.GameLaunch.GameLaunchNativeMenuTests.PauseMenu_HasModsButton_WhenOpened [SKIP]</Text>
      </RunInfo>
      <RunInfo computerName="KOOSHAPARI-DESK" outcome="Error" timestamp="2026-05-24T17:06:37.5973140-07:00">
        <Text>[xUnit.net 00:00:44.04]     DINOForge.Tests.GameLaunch.GameLaunchNativeMenuTests.MainMenu_ModsButton_PersistsAcrossSceneChanges [FAIL]</Text>
      </RunInfo>
      <RunInfo computerName="KOOSHAPARI-DESK" outcome="Error" timestamp="2026-05-24T17:06:37.8159196-07:00">
        <Text>[xUnit.net 00:00:44.26]     DINOForge.Tests.GameLaunch.GameLaunchNativeMenuTests.MainMenu_ModsButton_StyleMatchesSettings_AfterInjection [FAIL]</Text>
      </RunInfo>
      <RunInfo computerName="KOOSHAPARI-DESK" outcome="Error" timestamp="2026-05-24T17:06:38.0338742-07:00">
        <Text>[xUnit.net 00:00:44.48]     DINOForge.Tests.GameLaunch.GameLaunchNativeMenuTests.MainMenu_HasModsButton_AfterInjection [FAIL]</Text>
      </RunInfo>
      <RunInfo computerName="KOOSHAPARI-DESK" outcome="Error" timestamp="2026-05-24T17:06:55.4737647-07:00">
        <Text>[xUnit.net 00:01:01.92]     DINOForge.Tests.GameLaunch.GameLaunchOverlayTests.Overlay_Panels_HiddenByDefault_AtMainMenu [FAIL]</Text>
      </RunInfo>
      <RunInfo computerName="KOOSHAPARI-DESK" outcome="Error" timestamp="2026-05-24T17:07:03.5041359-07:00">
        <Text>[xUnit.net 00:01:09.95]     DINOForge.Tests.GameLaunch.GameLaunchOverlayTests.Overlay_F9_F10_ToggleDuringGameplay [FAIL]</Text>
      </RunInfo>
      <RunInfo computerName="KOOSHAPARI-DESK" outcome="Error" timestamp="2026-05-24T17:07:08.8511711-07:00">
        <Text>[xUnit.net 00:01:15.30]     DINOForge.Tests.GameLaunch.GameLaunchStatTests.StatOverride_HP_PersistsAfterReload [FAIL]</Text>
      </RunInfo>
    </RunInfos>
  </ResultSummary>
</TestRun>